 gtdata

 Timestamp is 3af82923 (Tue May 08 19:13:07 2001)

 Preferred load address is 10000000

 Start         Length     Name                   Class
 0001:00000000 00000270H .text                   CODE
 0002:00000000 00011e61H .rdata                  DATA
 0002:00011e70 000002c5H .edata                  DATA
 0003:00000000 0000457cH .data                   DATA

  Address         Publics by Value              Rva+Base     Lib:Object

 0001:00000000       _GT_GetVersion             10001000 f   gt_comparedata.obj
 0001:00000010       _GT_C2E_Count              10001010 f   gt_comparedata.obj
 0001:00000020       _GT_C2E_Index              10001020 f   gt_comparedata.obj
 0001:00000050       _GT_SYS_Count              10001050 f   gt_comparedata.obj
 0001:00000050       _GT_NE_0J_Count            10001050 f   gt_comparedata.obj
 0001:00000060       _GT_NE_0J_Index            10001060 f   gt_comparedata.obj
 0001:00000080       _GT_PE_0J_Count            10001080 f   gt_comparedata.obj
 0001:00000090       _GT_PE_0J_Index            10001090 f   gt_comparedata.obj
 0001:000000c0       _GT_EXT_PE_Count           100010c0 f   gt_comparedata.obj
 0001:000000d0       _GT_EXT_PE_Index           100010d0 f   gt_comparedata.obj
 0001:000000f0       _GT_EXE_0J_Count           100010f0 f   gt_comparedata.obj
 0001:00000100       _GT_EXE_0J_Index           10001100 f   gt_comparedata.obj
 0001:00000130       _GT_EXE_1J_Count           10001130 f   gt_comparedata.obj
 0001:00000140       _GT_EXE_1J_Index           10001140 f   gt_comparedata.obj
 0001:00000160       _GT_EXE_2J_Count           10001160 f   gt_comparedata.obj
 0001:00000170       _GT_EXE_2J_Index           10001170 f   gt_comparedata.obj
 0001:00000190       _GT_EXE_1LJ_Count          10001190 f   gt_comparedata.obj
 0001:000001a0       _GT_EXE_1LJ_Index          100011a0 f   gt_comparedata.obj
 0001:000001c0       _GT_EXT_EXE_Count          100011c0 f   gt_comparedata.obj
 0001:000001d0       _GT_EXT_EXE_Index          100011d0 f   gt_comparedata.obj
 0001:000001f0       _GT_SYS_Index              100011f0 f   gt_comparedata.obj
 0001:00000210       _GT_FixedName_Count        10001210 f   gt_comparedata.obj
 0001:00000220       _GT_FixedName_Index        10001220 f   gt_comparedata.obj
 0001:00000240       _GT_FixedExtension_Count   10001240 f   gt_comparedata.obj
 0001:00000250       _GT_FixedExtension_Index   10001250 f   gt_comparedata.obj
 0002:00000000       ??_C@_03OALF@?$HO$?$HO?$AA@ 10002000     gt_comparedata.obj
 0002:00000004       ??_C@_0BA@MFJI@ZyXEL?5Voicefile?$AA@ 10002004     gt_comparedata.obj
 0002:00000014       ??_C@_03ONFA@zvd?$AA@      10002014     gt_comparedata.obj
 0002:00000018       ??_C@_0BA@EBKF@WinZipNT?5Arhive?$AA@ 10002018     gt_comparedata.obj
 0002:00000028       ??_C@_03CKPB@zuv?$AA@      10002028     gt_comparedata.obj
 0002:0000002c       ??_C@_0M@DMJE@ZOO?5archive?$AA@ 1000202c     gt_comparedata.obj
 0002:00000038       ??_C@_03IPAG@zoo?$AA@      10002038     gt_comparedata.obj
 0002:0000003c       ??_C@_0BC@LAJP@Amiga?5ZOOM?5Arhive?$AA@ 1000203c     gt_comparedata.obj
 0002:00000050       ??_C@_03NKCI@zom?$AA@      10002050     gt_comparedata.obj
 0002:00000054       ??_C@_0O@ILEO@PKZIP?5archive?$AA@ 10002054     gt_comparedata.obj
 0002:00000064       ??_C@_03FANE@zip?$AA@      10002064     gt_comparedata.obj
 0002:00000068       ??_C@_0CB@DDK@Compressed?5ZiffNet?5text?5document@ 10002068     gt_comparedata.obj
 0002:0000008c       ??_C@_03FFBF@zdg?$AA@      1000208c     gt_comparedata.obj
 0002:00000090       ??_C@_0BK@DHKC@ZFAX?5Digitized?5voice?5file?$AA@ 10002090     gt_comparedata.obj
 0002:000000ac       ??_C@_03OGKM@zad?$AA@      100020ac     gt_comparedata.obj
 0002:000000b0       ??_C@_0DA@NMGH@ZX?5Spectrum?5Emulator?5by?5g?4a?4Lunt@ 100020b0     gt_comparedata.obj
 0002:000000e0       ??_C@_03CDLC@z80?$AA@      100020e0     gt_comparedata.obj
 0002:000000e4       ??_C@_0L@FKMO@YAC?5Arhive?$AA@ 100020e4     gt_comparedata.obj
 0002:000000f0       ??_C@_03KBLL@yzf?$AA@      100020f0     gt_comparedata.obj
 0002:000000f4       ??_C@_0BC@IJJF@YUV?5graphics?5file?$AA@ 100020f4     gt_comparedata.obj
 0002:00000108       ??_C@_03NMMK@yuv?$AA@      10002108     gt_comparedata.obj
 0002:0000010c       ??_C@_0M@EGPK@YAC?5archive?$AA@ 1000210c     gt_comparedata.obj
 0002:00000118       ??_C@_02LODJ@yc?$AA@       10002118     gt_comparedata.obj
 0002:0000011c       ??_C@_0O@BBNB@YABBA?5archive?$AA@ 1000211c     gt_comparedata.obj
 0002:0000012c       ??_C@_01KAHP@y?$AA@        1000212c     gt_comparedata.obj
 0002:00000130       ??_C@_0BG@KPAN@XYWrite?5III?5Text?5file?$AA@ 10002130     gt_comparedata.obj
 0002:00000148       ??_C@_03MECJ@xy3?$AA@      10002148     gt_comparedata.obj
 0002:0000014c       ??_C@_0BO@DOBC@XXENCODE?5Encoded?5file?5?$CIASCII?$CJ?$AA@ 1000214c     gt_comparedata.obj
 0002:0000016c       ??_C@_03NOPI@xxf?$AA@      1000216c     gt_comparedata.obj
 0002:00000170       ??_C@_0BL@DMBA@XXENCODE?5Compressed?5Arhive?$AA@ 10002170     gt_comparedata.obj
 0002:0000018c       ??_C@_03CBEB@xxe?$AA@      1000218c     gt_comparedata.obj
 0002:00000190       ??_C@_0BI@JBHL@Xerox?5Writter?5text?5file?$AA@ 10002190     gt_comparedata.obj
 0002:000001a8       ??_C@_03FMPL@xwp?$AA@      100021a8     gt_comparedata.obj
 0002:000001ac       ??_C@_0M@LACJ@XWK?5Archive?$AA@ 100021ac     gt_comparedata.obj
 0002:000001b8       ??_C@_0BF@ILAD@LEX?5source?5code?5file?$AA@ 100021b8     gt_comparedata.obj
 0002:000001d0       ??_C@_0M@KMGK@AVS?5X?5Image?$AA@ 100021d0     gt_comparedata.obj
 0002:000001dc       ??_C@_03FOIK@xwk?$AA@      100021dc     gt_comparedata.obj
 0002:000001e0       ??_C@_0BC@JBHE@XWD?5graphics?5file?$AA@ 100021e0     gt_comparedata.obj
 0002:000001f4       ??_C@_03FPNH@xwd?$AA@      100021f4     gt_comparedata.obj
 0002:000001f8       ??_C@_0DF@INIC@XML?5user?5interface?5definition?5fi@ 100021f8     gt_comparedata.obj
 0002:00000230       ??_C@_03CGDK@xul?$AA@      10002230     gt_comparedata.obj
 0002:00000234       ??_C@_0BC@CBEB@XTreeGold?5Overlay?$AA@ 10002234     gt_comparedata.obj
 0002:00000248       ??_C@_03GHAE@xtp?$AA@      10002248     gt_comparedata.obj
 0002:0000024c       ??_C@_0BF@HBLM@Cross?9reference?5file?$AA@ 1000224c     gt_comparedata.obj
 0002:00000264       ??_C@_03EGPJ@xrf?$AA@      10002264     gt_comparedata.obj
 0002:00000268       ??_C@_0BG@DBLK@SuperCalc?5Macro?5sheet?$AA@ 10002268     gt_comparedata.obj
 0002:00000280       ??_C@_03IBFI@xqt?$AA@      10002280     gt_comparedata.obj
 0002:00000284       ??_C@_0BH@ICK@X?5PixMap?5graphics?5file?$AA@ 10002284     gt_comparedata.obj
 0002:0000029c       ??_C@_03MAKN@xpm?$AA@      1000229c     gt_comparedata.obj
 0002:000002a0       ??_C@_0BG@CFDL@Standard?5Network?5file?$AA@ 100022a0     gt_comparedata.obj
 0002:000002b8       ??_C@_03MDKO@xnf?$AA@      100022b8     gt_comparedata.obj
 0002:000002bc       ??_C@_0BH@MAA@FastTracker?5Music?5file?$AA@ 100022bc     gt_comparedata.obj
 0002:000002d4       ??_C@_03PLLG@xmw?$AA@      100022d4     gt_comparedata.obj
 0002:000002d8       ??_C@_0CJ@MBNJ@XML?5?$CIeXtended?5Markup?5Language?$CJ?5t@ 100022d8     gt_comparedata.obj
 0002:00000304       ??_C@_03PJMH@xml?$AA@      10002304     gt_comparedata.obj
 0002:00000308       ??_C@_0P@FAFB@XMI?5music?5file?$AA@ 10002308     gt_comparedata.obj
 0002:00000318       ??_C@_03PJAM@xmi?$AA@      10002318     gt_comparedata.obj
 0002:0000031c       ??_C@_0O@PGDJ@XM?5music?5file?$AA@ 1000231c     gt_comparedata.obj
 0002:0000032c       ??_C@_02DFJ@xm?$AA@        1000232c     gt_comparedata.obj
 0002:00000330       ??_C@_0BJ@KIMG@Microsoft?5Excel?5Workbook?$AA@ 10002330     gt_comparedata.obj
 0002:0000034c       ??_C@_03ONBM@xlw?$AA@      1000234c     gt_comparedata.obj
 0002:00000350       ??_C@_0BH@GFPE@Microsoft?5Excel?5Module?$AA@ 10002350     gt_comparedata.obj
 0002:00000368       ??_C@_03EHIL@xlv?$AA@      10002368     gt_comparedata.obj
 0002:00000370       ??_C@_0EF@GCKG@Microsoft?5Excel?5Template?5file?5or@ 10002370     gt_comparedata.obj
 0002:000003b8       ??_C@_03BCKF@xlt?$AA@      100023b8     gt_comparedata.obj
 0002:000003bc       ??_C@_0CA@LLFG@Microsoft?5Excel?5spreadseet?5file?$AA@ 100023bc     gt_comparedata.obj
 0002:000003dc       ??_C@_03EHEA@xls?$AA@      100023dc     gt_comparedata.obj
 0002:000003e0       ??_C@_0BL@PFHA@Microsoft?5Excel?5Macro?5file?$AA@ 100023e0     gt_comparedata.obj
 0002:000003fc       ??_C@_03EFPK@xlm?$AA@      100023fc     gt_comparedata.obj
 0002:00000400       ??_C@_0BG@LJM@Microsoft?5Excel?5Addin?$AA@ 10002400     gt_comparedata.obj
 0002:00000418       ??_C@_03OPGN@xll?$AA@      10002418     gt_comparedata.obj
 0002:0000041c       ??_C@_0BI@LOBN@Microsoft?5Excel?5Archive?$AA@ 1000241c     gt_comparedata.obj
 0002:00000434       ??_C@_03LKII@xlk?$AA@      10002434     gt_comparedata.obj
 0002:00000438       ??_C@_0BH@KAII@Microsoft?5Excel?5Dialog?$AA@ 10002438     gt_comparedata.obj
 0002:00000450       ??_C@_03LLNF@xld?$AA@      10002450     gt_comparedata.obj
 0002:00000454       ??_C@_0BG@KCKG@Microsoft?5Excel?5Chart?$AA@ 10002454     gt_comparedata.obj
 0002:0000046c       ??_C@_03OODA@xlc?$AA@      1000246c     gt_comparedata.obj
 0002:00000470       ??_C@_0BI@HCLH@Microsoft?5Excel?5Toolbar?$AA@ 10002470     gt_comparedata.obj
 0002:00000488       ??_C@_03EEKH@xlb?$AA@      10002488     gt_comparedata.obj
 0002:0000048c       ??_C@_0BO@EJBB@Microsoft?5Excel?5Document?5file?$AA@ 1000248c     gt_comparedata.obj
 0002:000004ac       ??_C@_03LLBO@xla?$AA@      100024ac     gt_comparedata.obj
 0002:000004b0       ??_C@_0CA@LANF@FastTracker?52?40?5Instrument?5file?$AA@ 100024b0     gt_comparedata.obj
 0002:000004d0       ??_C@_03FOKF@xit?$AA@      100024d0     gt_comparedata.obj
 0002:000004d4       ??_C@_0BO@ENHF@ChiWriter?524?5pin?5printer?5font?$AA@ 100024d4     gt_comparedata.obj
 0002:000004f4       ??_C@_03IKKE@xft?$AA@      100024f4     gt_comparedata.obj
 0002:000004f8       ??_C@_0CK@BMKO@Ventura?5Publisher?5Bitmap?5Editor?5@ 100024f8     gt_comparedata.obj
 0002:00000524       ??_C@_03HFNG@xfr?$AA@      10002524     gt_comparedata.obj
 0002:00000528       ??_C@_0CK@JPOO@Xerox?54045?9Ventura?5Publisher?5Pri@ 10002528     gt_comparedata.obj
 0002:00000554       ??_C@_03CCEC@xfn?$AA@      10002554     gt_comparedata.obj
 0002:00000558       ??_C@_0CA@ODBO@OS?12?5Extended?5disk?5format?5image?$AA@ 10002558     gt_comparedata.obj
 0002:00000578       ??_C@_03FLKP@xdf?$AA@      10002578     gt_comparedata.obj
 0002:0000057c       ??_C@_0BO@PEPD@Xtree?5for?5Windows?5Script?5file?$AA@ 1000257c     gt_comparedata.obj
 0002:0000059c       ??_C@_03DLGM@xcl?$AA@      1000259c     gt_comparedata.obj
 0002:000005a0       ??_C@_0BJ@BELI@X11?5BitMap?5graphics?5file?$AA@ 100025a0     gt_comparedata.obj
 0002:000005bc       ??_C@_03IHFB@xbm?$AA@      100025bc     gt_comparedata.obj
 0002:000005c0       ??_C@_0CO@ODOP@Winamp?5extension?5package?5?9?5shoul@ 100025c0     gt_comparedata.obj
 0002:000005f0       ??_C@_03CJBD@wsz?$AA@      100025f0     gt_comparedata.obj
 0002:000005f4       ??_C@_0CI@PLC@Wavelet?9packet?5Scalar?5Quantizati@ 100025f4     gt_comparedata.obj
 0002:0000061c       ??_C@_03ICBC@wsq?$AA@      1000261c     gt_comparedata.obj
 0002:00000620       ??_C@_0O@GIEF@APL?5Worksheet?$AA@ 10002620     gt_comparedata.obj
 0002:00000630       ??_C@_02NFOC@ws?$AA@       10002630     gt_comparedata.obj
 0002:00000634       ??_C@_0BD@OHLI@Amiga?5WARP?5Archive?$AA@ 10002634     gt_comparedata.obj
 0002:00000648       ??_C@_03DOCP@wrp?$AA@      10002648     gt_comparedata.obj
 0002:0000064c       ??_C@_0BL@BCLO@Lotus?5symphony?5Spreadsheet?$AA@ 1000264c     gt_comparedata.obj
 0002:00000668       ??_C@_03DMFO@wrk?$AA@      10002668     gt_comparedata.obj
 0002:0000066c       ??_C@_0CG@KJDI@Windows?5Write?5?$CIWordPad?$CJ?5document@ 1000266c     gt_comparedata.obj
 0002:00000694       ??_C@_03GJHA@wri?$AA@      10002694     gt_comparedata.obj
 0002:00000698       ??_C@_0BD@BAFM@Windows?5Write?5file?$AA@ 10002698     gt_comparedata.obj
 0002:000006ac       ??_C@_03DBHI@wr1?$AA@      100026ac     gt_comparedata.obj
 0002:000006b0       ??_C@_03PFDO@wq2?$AA@      100026b0     gt_comparedata.obj
 0002:000006b4       ??_C@_0BH@BLMJ@Quattro?5Pro?5table?5file?$AA@ 100026b4     gt_comparedata.obj
 0002:000006cc       ??_C@_0CA@HLOK@Quattro?5Pro?5for?5DOS?5spreadsheet?$AA@ 100026cc     gt_comparedata.obj
 0002:000006ec       ??_C@_03KIH@wq1?$AA@       100026ec     gt_comparedata.obj
 0002:000006f0       ??_C@_0CB@IDPA@WordPerfect?5vector?5graphics?5file@ 100026f0     gt_comparedata.obj
 0002:00000714       ??_C@_03OPOP@wpg?$AA@      10002714     gt_comparedata.obj
 0002:00000718       ??_C@_0BE@JJC@Word?5Perfect?5Format?$AA@ 10002718     gt_comparedata.obj
 0002:0000072c       ??_C@_02CKFL@wp?$AA@       1000272c     gt_comparedata.obj
 0002:00000730       ??_C@_0BI@MEML@Music?5?$CI8?5channels?$CJ?5file?$AA@ 10002730     gt_comparedata.obj
 0002:00000748       ??_C@_03PIDH@wow?$AA@      10002748     gt_comparedata.obj
 0002:0000074c       ??_C@_0BF@ONDI@Corel?5Draw?5Font?5file?$AA@ 1000274c     gt_comparedata.obj
 0002:00000764       ??_C@_03ONHK@wnf?$AA@      10002764     gt_comparedata.obj
 0002:00000768       ??_C@_0BL@EBNL@Windows?5Magic?5Icon?5Palette?$AA@ 10002768     gt_comparedata.obj
 0002:00000784       ??_C@_03IAIH@wmp?$AA@      10002784     gt_comparedata.obj
 0002:00000788       ??_C@_0CE@FHKO@WML?5?$CIWAP?5Markup?5Language?$CJ?5text?5f@ 10002788     gt_comparedata.obj
 0002:000007ac       ??_C@_03NHBD@wml?$AA@      100027ac     gt_comparedata.obj
 0002:000007b0       ??_C@_0BB@PING@Windows?5Metafile?$AA@ 100027b0     gt_comparedata.obj
 0002:000007c4       ??_C@_03NGIF@wmf?$AA@      100027c4     gt_comparedata.obj
 0002:000007c8       ??_C@_0BJ@NKOF@Windows?5Media?5audio?5file?$AA@ 100027c8     gt_comparedata.obj
 0002:000007e4       ??_C@_03IDGA@wma?$AA@      100027e4     gt_comparedata.obj
 0002:000007e8       ??_C@_0BH@MGLN@Doctor?5Watson?5LOG?5file?$AA@ 100027e8     gt_comparedata.obj
 0002:00000800       ??_C@_03GKLI@wlg?$AA@      10002800     gt_comparedata.obj
 0002:00000804       ??_C@_0BG@FIGE@Wolfenstein?5data?5file?$AA@ 10002804     gt_comparedata.obj
 0002:0000081c       ??_C@_03MMJP@wl6?$AA@      1000281c     gt_comparedata.obj
 0002:00000820       ??_C@_0BK@MCAC@Lotus?5124?51?4x?5spreadsheet?$AA@ 10002820     gt_comparedata.obj
 0002:0000083c       ??_C@_03IMB@wks?$AA@       1000283c     gt_comparedata.obj
 0002:00000840       ??_C@_0BE@OADD@Quattro?5spreadsheet?$AA@ 10002840     gt_comparedata.obj
 0002:00000854       ??_C@_03FNOP@wkq?$AA@      10002854     gt_comparedata.obj
 0002:00000858       ??_C@_0BJ@LCNH@Lotus?5123?52x?5spreadsheet?$AA@ 10002858     gt_comparedata.obj
 0002:00000874       ??_C@_03KACH@wki?$AA@      10002874     gt_comparedata.obj
 0002:00000878       ??_C@_0DC@IPHJ@Lotus?5123?54x?5spreadsheet?5or?5MS?5W@ 10002878     gt_comparedata.obj
 0002:000008ac       ??_C@_03PIOE@wk4?$AA@      100028ac     gt_comparedata.obj
 0002:000008b0       ??_C@_0DC@LNNE@Lotus?5123?53x?5spreadsheet?5or?5MS?5W@ 100028b0     gt_comparedata.obj
 0002:000008e4       ??_C@_03KNAB@wk3?$AA@      100028e4     gt_comparedata.obj
 0002:000008e8       ??_C@_0M@EGDD@Wizard?5file?$AA@ 100028e8     gt_comparedata.obj
 0002:000008f4       ??_C@_03NLLL@wiz?$AA@      100028f4     gt_comparedata.obj
 0002:000008f8       ??_C@_0BP@FIBP@Wavelet?5compressed?5bitmap?5file?$AA@ 100028f8     gt_comparedata.obj
 0002:00000918       ??_C@_02HNAE@wi?$AA@       10002918     gt_comparedata.obj
 0002:0000091c       ??_C@_0BF@FCM@InfoSelect?5Data?5file?$AA@ 1000291c     gt_comparedata.obj
 0002:00000934       ??_C@_02CJHH@wd?$AA@       10002934     gt_comparedata.obj
 0002:00000938       ??_C@_0CM@HJMA@WordPerfect?5Product?5Information?5@ 10002938     gt_comparedata.obj
 0002:00000964       ??_C@_03ECCM@wcp?$AA@      10002964     gt_comparedata.obj
 0002:00000968       ??_C@_0BH@KDDL@WordPerfect?5Macro?5file?$AA@ 10002968     gt_comparedata.obj
 0002:00000980       ??_C@_03LPCP@wcm?$AA@      10002980     gt_comparedata.obj
 0002:00000984       ??_C@_0BL@JGEN@WordPerfect?5Macro?5Facility?$AA@ 10002984     gt_comparedata.obj
 0002:000009a0       ??_C@_03LPOE@wch?$AA@      100029a0     gt_comparedata.obj
 0002:000009a4       ??_C@_0BN@DGCA@WordPerfect?5Macro?5token?5List?$AA@ 100029a4     gt_comparedata.obj
 0002:000009c4       ??_C@_03EBAA@wcd?$AA@      100029c4     gt_comparedata.obj
 0002:000009c8       ??_C@_0CI@JGHI@Wilsonware?5Batch?5file?5or?5Norton?5@ 100029c8     gt_comparedata.obj
 0002:000009f0       ??_C@_03PONK@wbt?$AA@      100029f0     gt_comparedata.obj
 0002:000009f4       ??_C@_0CN@FIPO@Quattro?5Pro?5for?5Windows?5Spreadsh@ 100029f4     gt_comparedata.obj
 0002:00000a24       ??_C@_03FLNB@wb1?$AA@      10002a24     gt_comparedata.obj
 0002:00000a28       ??_C@_0BI@CMFD@ProComm?5compiled?5script?$AA@ 10002a28     gt_comparedata.obj
 0002:00000a40       ??_C@_03DLMB@wax?$AA@      10002a40     gt_comparedata.obj
 0002:00000a44       ??_C@_0DC@KJIF@Windows?5digitized?5sound?5file?5?9?5s@ 10002a44     gt_comparedata.obj
 0002:00000a78       ??_C@_03JAAL@wav?$AA@      10002a78     gt_comparedata.obj
 0002:00000a7c       ??_C@_0CC@MOKK@ProComm?5Script?5file?5?$CIsource?5code@ 10002a7c     gt_comparedata.obj
 0002:00000aa0       ??_C@_03JAMA@was?$AA@      10002aa0     gt_comparedata.obj
 0002:00000aa4       ??_C@_0CK@GHGE@WAD?5?9?5War?5Allocation?5Daemon?5?$CI?5Ga@ 10002aa4     gt_comparedata.obj
 0002:00000ad0       ??_C@_03GMFF@wad?$AA@      10002ad0     gt_comparedata.obj
 0002:00000ad4       ??_C@_0CH@HAPP@DBASE?5Temporary?5file?5for?5Sort?5or@ 10002ad4     gt_comparedata.obj
 0002:00000afc       ??_C@_03OMOJ@w44?$AA@      10002afc     gt_comparedata.obj
 0002:00000b00       ??_C@_0CL@KILF@TBAV?5modified?5EXE?5file?5?9?5may?5be?5@ 10002b00     gt_comparedata.obj
 0002:00000b2c       ??_C@_03FNID@vxe?$AA@      10002b2c     gt_comparedata.obj
 0002:00000b30       ??_C@_0BO@BGOP@Windows?5virtual?5device?5driver?$AA@ 10002b30     gt_comparedata.obj
 0002:00000b50       ??_C@_03PHBE@vxd?$AA@      10002b50     gt_comparedata.obj
 0002:00000b54       ??_C@_03NAMP@vst?$AA@      10002b54     gt_comparedata.obj
 0002:00000b58       ??_C@_0P@JEHH@Visio?5Template?$AA@ 10002b58     gt_comparedata.obj
 0002:00000b68       ??_C@_03IFCK@vss?$AA@      10002b68     gt_comparedata.obj
 0002:00000b6c       ??_C@_0O@CEDJ@Visio?5Drawing?$AA@ 10002b6c     gt_comparedata.obj
 0002:00000b7c       ??_C@_03HJLP@vsd?$AA@      10002b7c     gt_comparedata.obj
 0002:00000b80       ??_C@_0CL@FMKJ@TBAV?5modified?5COM?5file?5?9?5may?5be?5@ 10002b80     gt_comparedata.obj
 0002:00000bac       ??_C@_03CMH@vom?$AA@       10002bac     gt_comparedata.obj
 0002:00000bb0       ??_C@_0BH@NBJF@Sierra?5games?5data?5file?$AA@ 10002bb0     gt_comparedata.obj
 0002:00000bc8       ??_C@_03KIFA@vol?$AA@      10002bc8     gt_comparedata.obj
 0002:00000bcc       ??_C@_0CG@KLPD@Creative?5Audio?5digitized?5sound?5f@ 10002bcc     gt_comparedata.obj
 0002:00000bf4       ??_C@_03KJAN@voc?$AA@      10002bf4     gt_comparedata.obj
 0002:00000bf8       ??_C@_0CC@PCOA@Virtual?5Image?5Maker?5Graphics?5fil@ 10002bf8     gt_comparedata.obj
 0002:00000c1c       ??_C@_03HKLM@vmo?$AA@      10002c1c     gt_comparedata.obj
 0002:00000c20       ??_C@_0BN@BBJJ@Virtual?5Machines?5file?5?$CIHIEW?$CJ?$AA@ 10002c20     gt_comparedata.obj
 0002:00000c40       ??_C@_03CPJC@vmm?$AA@      10002c40     gt_comparedata.obj
 0002:00000c44       ??_C@_0BA@JNKD@Sierra?5VMD?5file?$AA@ 10002c44     gt_comparedata.obj
 0002:00000c54       ??_C@_03NBLN@vmd?$AA@      10002c54     gt_comparedata.obj
 0002:00000c58       ??_C@_0P@GGOD@VIV?5music?5file?$AA@ 10002c58     gt_comparedata.obj
 0002:00000c68       ??_C@_03HHEJ@viv?$AA@      10002c68     gt_comparedata.obj
 0002:00000c6c       ??_C@_0BE@DJGO@VITec?5graphics?5file?$AA@ 10002c6c     gt_comparedata.obj
 0002:00000c80       ??_C@_03CCGH@vit?$AA@      10002c80     gt_comparedata.obj
 0002:00000c84       ??_C@_0CC@BHNG@Verity?5Image?5Format?5graphics?5fil@ 10002c84     gt_comparedata.obj
 0002:00000ca8       ??_C@_03NODJ@vif?$AA@      10002ca8     gt_comparedata.obj
 0002:00000cac       ??_C@_0BI@FNM@Word$Deed?5graphics?5file?$AA@ 10002cac     gt_comparedata.obj
 0002:00000cc4       ??_C@_03ILBH@vid?$AA@      10002cc4     gt_comparedata.obj
 0002:00000cc8       ??_C@_0BI@CNM@Jovian?5VI?5graphics?5file?$AA@ 10002cc8     gt_comparedata.obj
 0002:00000ce0       ??_C@_02GLKO@vi?$AA@       10002ce0     gt_comparedata.obj
 0002:00000ce4       ??_C@_0BF@INKI@DdWeb?5Virus?5Database?$AA@ 10002ce4     gt_comparedata.obj
 0002:00000cfc       ??_C@_03INDB@vdb?$AA@      10002cfc     gt_comparedata.obj
 0002:00000d00       ??_C@_0CB@IPPC@Visual?5Basic?5custom?5control?5file@ 10002d00     gt_comparedata.obj
 0002:00000d24       ??_C@_03FCCI@vbx?$AA@      10002d24     gt_comparedata.obj
 0002:00000d28       ??_C@_0BE@HPHB@Covox?5V8?5Audio?5file?$AA@ 10002d28     gt_comparedata.obj
 0002:00000d3c       ??_C@_02MNIJ@v8?$AA@       10002d3c     gt_comparedata.obj
 0002:00000d40       ??_C@_0M@PGCG@UUE?5archive?$AA@ 10002d40     gt_comparedata.obj
 0002:00000d4c       ??_C@_03FCOM@uue?$AA@      10002d4c     gt_comparedata.obj
 0002:00000d50       ??_C@_0BI@BIPD@Ulead?5PhotoImpact?5Image?$AA@ 10002d50     gt_comparedata.obj
 0002:00000d68       ??_C@_03OAAI@upi?$AA@      10002d68     gt_comparedata.obj
 0002:00000d6c       ??_C@_0BN@MIIC@Unreal?5Tournament?5level?5file?$AA@ 10002d6c     gt_comparedata.obj
 0002:00000d8c       ??_C@_04KAPA@umod?$AA@     10002d8c     gt_comparedata.obj
 0002:00000d94       ??_C@_0BJ@LFOA@Ulead?5Image?5with?5Objects?$AA@ 10002d94     gt_comparedata.obj
 0002:00000db0       ??_C@_03CCM@ufo?$AA@       10002db0     gt_comparedata.obj
 0002:00000db4       ??_C@_0CB@DADI@UFA?5archive?5?9?5should?5be?5detected@ 10002db4     gt_comparedata.obj
 0002:00000dd8       ??_C@_03KJOG@ufa?$AA@      10002dd8     gt_comparedata.obj
 0002:00000ddc       ??_C@_0DB@MANB@Ultra?5Compressor?5?$FN?$FL?5archive?5?9?5sh@ 10002ddc     gt_comparedata.obj
 0002:00000e10       ??_C@_03BGOP@uc2?$AA@      10002e10     gt_comparedata.obj
 0002:00000e14       ??_C@_09KEFB@Text?5file?$AA@ 10002e14     gt_comparedata.obj
 0002:00000e20       ??_C@_03PKEJ@txt?$AA@      10002e20     gt_comparedata.obj
 0002:00000e24       ??_C@_0CB@HEAK@Paint?5Shop?5Pro?5picture?5tube?5file@ 10002e24     gt_comparedata.obj
 0002:00000e48       ??_C@_03FFBP@tub?$AA@      10002e48     gt_comparedata.obj
 0002:00000e4c       ??_C@_0BD@HOFM@TrueType?5font?5file?$AA@ 10002e4c     gt_comparedata.obj
 0002:00000e60       ??_C@_03OJOJ@ttf?$AA@      10002e60     gt_comparedata.obj
 0002:00000e64       ??_C@_0BH@MENF@Textpad?5workspace?5file?$AA@ 10002e64     gt_comparedata.obj
 0002:00000e7c       ??_C@_03ILFL@tsw?$AA@      10002e7c     gt_comparedata.obj
 0002:00000e80       ??_C@_0BH@DIH@True?5Basic?5source?5file?$AA@ 10002e80     gt_comparedata.obj
 0002:00000e98       ??_C@_03MINP@tru?$AA@      10002e98     gt_comparedata.obj
 0002:00000e9c       ??_C@_0BL@KNKI@Windows?5Terminal?5data?5file?$AA@ 10002e9c     gt_comparedata.obj
 0002:00000eb8       ??_C@_03DFBH@trm?$AA@      10002eb8     gt_comparedata.obj
 0002:00000ebc       ??_C@_0BC@CIKO@Turbo?5Pascal?5Unit?$AA@ 10002ebc     gt_comparedata.obj
 0002:00000ed0       ??_C@_03OFIK@tpu?$AA@      10002ed0     gt_comparedata.obj
 0002:00000ed4       ??_C@_0DA@JHO@Turbo?5Pascal?5library?5file?5or?5som@ 10002ed4     gt_comparedata.obj
 0002:00000f04       ??_C@_03LCNF@tpl?$AA@      10002f04     gt_comparedata.obj
 0002:00000f08       ??_C@_0BH@EEDF@Turbo?5Pascal?5Help?5file?$AA@ 10002f08     gt_comparedata.obj
 0002:00000f20       ??_C@_03BIIJ@tph?$AA@      10002f20     gt_comparedata.obj
 0002:00000f24       ??_C@_0CA@PLDL@Turbo?5Pascal?5Configuration?5file?$AA@ 10002f24     gt_comparedata.obj
 0002:00000f44       ??_C@_02BBKE@tp?$AA@       10002f44     gt_comparedata.obj
 0002:00000f48       ??_C@_0BH@PCDA@Table?5of?5contents?5file?$AA@ 10002f48     gt_comparedata.obj
 0002:00000f60       ??_C@_03NCA@toc?$AA@       10002f60     gt_comparedata.obj
 0002:00000f64       ??_C@_03HGLM@tmp?$AA@      10002f64     gt_comparedata.obj
 0002:00000f68       ??_C@_0BF@BCJG@MS?5Type?5library?5file?$AA@ 10002f68     gt_comparedata.obj
 0002:00000f80       ??_C@_03JMEI@tlb?$AA@      10002f80     gt_comparedata.obj
 0002:00000f84       ??_C@_0BD@OKHL@TIFF?5graphics?5file?$AA@ 10002f84     gt_comparedata.obj
 0002:00000f98       ??_C@_03HKBE@tif?$AA@      10002f98     gt_comparedata.obj
 0002:00000f9c       ??_C@_0CK@IAGH@Picture?5Publisher?5or?5PhotoMagic?5@ 10002f9c     gt_comparedata.obj
 0002:00000fc8       ??_C@_03MHLP@thm?$AA@      10002fc8     gt_comparedata.obj
 0002:00000fcc       ??_C@_0BP@KPPK@TrueVision?5Targa?5graphics?5file?$AA@ 10002fcc     gt_comparedata.obj
 0002:00000fec       ??_C@_03ONFK@tga?$AA@      10002fec     gt_comparedata.obj
 0002:00000ff0       ??_C@_0O@CANC@TeX?5font?5file?$AA@ 10002ff0     gt_comparedata.obj
 0002:00001000       ??_C@_03FBE@tfm?$AA@       10003000     gt_comparedata.obj
 0002:00001004       ??_C@_0BK@EBAA@Turbo?5Profiler?5areas?5file?$AA@ 10003004     gt_comparedata.obj
 0002:00001020       ??_C@_03PLPA@tfa?$AA@      10003020     gt_comparedata.obj
 0002:00001024       ??_C@_0BJ@ELIB@TEX?5language?5source?5file?$AA@ 10003024     gt_comparedata.obj
 0002:00001040       ??_C@_0BD@INJN@CorelTEXTURE?5image?$AA@ 10003040     gt_comparedata.obj
 0002:00001054       ??_C@_03JHFA@tex?$AA@      10003054     gt_comparedata.obj
 0002:00001058       ??_C@_0P@NJPP@Arvid?5TDR?5file?$AA@ 10003058     gt_comparedata.obj
 0002:00001068       ??_C@_03IAGM@tdr?$AA@      10003068     gt_comparedata.obj
 0002:0000106c       ??_C@_0BB@KMCB@Speedo?5font?5file?$AA@ 1000306c     gt_comparedata.obj
 0002:00001080       ??_C@_03IDEA@tdf?$AA@      10003080     gt_comparedata.obj
 0002:00001084       ??_C@_0BI@GHME@Turbo?5C?5v?42?40?5Help?5file?$AA@ 10003084     gt_comparedata.obj
 0002:0000109c       ??_C@_03EJNP@tch?$AA@      1000309c     gt_comparedata.obj
 0002:000010a0       ??_C@_0BL@CLNK@Turbo?5C?5Configuration?5file?$AA@ 100030a0     gt_comparedata.obj
 0002:000010bc       ??_C@_02EHGN@tc?$AA@       100030bc     gt_comparedata.obj
 0002:000010c0       ??_C@_0CH@MGBB@Short?5for?5Table?$DL?5used?5by?5many?5pr@ 100030c0     gt_comparedata.obj
 0002:000010e8       ??_C@_03PFCJ@tbl?$AA@      100030e8     gt_comparedata.obj
 0002:000010ec       ??_C@_0BD@GPNK@FOXPRO?5backup?5file?$AA@ 100030ec     gt_comparedata.obj
 0002:00001100       ??_C@_03KAMM@tbk?$AA@      10003100     gt_comparedata.obj
 0002:00001104       ??_C@_0M@LEPO@TAR?5archive?$AA@ 10003104     gt_comparedata.obj
 0002:00001110       ??_C@_03MMGM@tar?$AA@      10003110     gt_comparedata.obj
 0002:00001114       ??_C@_0BB@MNFM@Text?5chords?5file?$AA@ 10003114     gt_comparedata.obj
 0002:00001128       ??_C@_03GFBM@tab?$AA@      10003128     gt_comparedata.obj
 0002:0000112c       ??_C@_0CK@HCME@dBASE?5IV?5Temporary?5file?5for?5Sort@ 1000312c     gt_comparedata.obj
 0002:00001158       ??_C@_03BKNC@t44?$AA@      10003158     gt_comparedata.obj
 0002:0000115c       ??_C@_0BK@GJFH@DOS?1Windows?5device?5driver?$AA@ 1000315c     gt_comparedata.obj
 0002:00001178       ??_C@_0BC@MIHM@DOS?5Device?5Driver?$AA@ 10003178     gt_comparedata.obj
 0002:0000118c       ??_C@_03HGH@sys?$AA@       1000318c     gt_comparedata.obj
 0002:00001190       ??_C@_0BC@PDOI@Grapher?5font?5file?$AA@ 10003190     gt_comparedata.obj
 0002:000011a4       ??_C@_03FNN@sym?$AA@       100031a4     gt_comparedata.obj
 0002:000011a8       ??_C@_0BE@MPBE@Sysedit?5backup?5file?$AA@ 100031a8     gt_comparedata.obj
 0002:000011bc       ??_C@_03PLPC@syd?$AA@      100031bc     gt_comparedata.obj
 0002:000011c0       ??_C@_0BI@JNMK@Harvard?5Graphics?5format?$AA@ 100031c0     gt_comparedata.obj
 0002:000011d8       ??_C@_03KCKH@sy3?$AA@      100031d8     gt_comparedata.obj
 0002:000011dc       ??_C@_03OOHE@sxp?$AA@      100031dc     gt_comparedata.obj
 0002:000011e0       ??_C@_09BMPP@Swap?5file?$AA@ 100031e0     gt_comparedata.obj
 0002:000011ec       ??_C@_03DKHF@swp?$AA@      100031ec     gt_comparedata.obj
 0002:000011f0       ??_C@_0BP@FKP@SWAG?5Pascal?5Snippets?5data?5file?$AA@ 100031f0     gt_comparedata.obj
 0002:00001210       ??_C@_03MGOA@swg?$AA@      10003210     gt_comparedata.obj
 0002:00001214       ??_C@_0CA@CCBI@MacroMedia?5ShockWave?5movie?5file?$AA@ 10003214     gt_comparedata.obj
 0002:00001234       ??_C@_03GMHH@swf?$AA@      10003234     gt_comparedata.obj
 0002:00001238       ??_C@_0BL@LLAE@Amiga?5AIFF?58SFX?5Audio?5file?$AA@ 10003238     gt_comparedata.obj
 0002:00001254       ??_C@_03HIGH@svx?$AA@      10003254     gt_comparedata.obj
 0002:00001258       ??_C@_03BFJK@sun?$AA@      10003258     gt_comparedata.obj
 0002:0000125c       ??_C@_0BC@DBPJ@TypeSet?5font?5file?$AA@ 1000325c     gt_comparedata.obj
 0002:00001270       ??_C@_0BB@MBCC@Ami?5Pro?5Template?$AA@ 10003270     gt_comparedata.obj
 0002:00001284       ??_C@_03PPKF@sty?$AA@      10003284     gt_comparedata.obj
 0002:00001288       ??_C@_0BB@IBEF@STO?5storage?5file?$AA@ 10003288     gt_comparedata.obj
 0002:0000129c       ??_C@_03KJKH@sto?$AA@      1000329c     gt_comparedata.obj
 0002:000012a0       ??_C@_0BC@NOBN@STN?5graphics?5file?$AA@ 100032a0     gt_comparedata.obj
 0002:000012b4       ??_C@_03DDA@stn?$AA@       100032b4     gt_comparedata.obj
 0002:000012b8       ??_C@_0BK@HHPD@Scream?5Tracker?5music?5file?$AA@ 100032b8     gt_comparedata.obj
 0002:000012d4       ??_C@_03PMIJ@stm?$AA@      100032d4     gt_comparedata.obj
 0002:000012d8       ??_C@_0BE@PFHO@AVHRR?5graphics?5file?$AA@ 100032d8     gt_comparedata.obj
 0002:000012ec       ??_C@_03MKID@sst?$AA@      100032ec     gt_comparedata.obj
 0002:000012f0       ??_C@_0BF@ELDB@Surfer?5graphics?5file?$AA@ 100032f0     gt_comparedata.obj
 0002:00001308       ??_C@_03CAHH@srf?$AA@      10003308     gt_comparedata.obj
 0002:0000130c       ??_C@_0BM@LBEM@MutliEdit?5macro?5source?5file?$AA@ 1000330c     gt_comparedata.obj
 0002:00001328       ??_C@_03CALM@src?$AA@      10003328     gt_comparedata.obj
 0002:0000132c       ??_C@_0P@DIKB@Squeez?5archive?$AA@ 1000332c     gt_comparedata.obj
 0002:0000133c       ??_C@_03EMBM@sqz?$AA@      1000333c     gt_comparedata.obj
 0002:00001340       ??_C@_0P@IODO@SQL?5batch?5file?$AA@ 10003340     gt_comparedata.obj
 0002:00001350       ??_C@_03BKBO@sql?$AA@      10003350     gt_comparedata.obj
 0002:00001354       ??_C@_0CE@FGF@Bitstream?5font?5file?5?9?5speedo?5for@ 10003354     gt_comparedata.obj
 0002:00001378       ??_C@_03FIAM@spd?$AA@      10003378     gt_comparedata.obj
 0002:0000137c       ??_C@_03NOJ@spc?$AA@       1000337c     gt_comparedata.obj
 0002:00001380       ??_C@_0BA@JLFM@Song?5music?5file?$AA@ 10003380     gt_comparedata.obj
 0002:00001390       ??_C@_03PLH@sng?$AA@       10003390     gt_comparedata.obj
 0002:00001394       ??_C@_0BP@ILPJ@Mac?1Amiga?5digitized?5sound?5file?$AA@ 10003394     gt_comparedata.obj
 0002:000013b4       ??_C@_03PAAO@snd?$AA@      100033b4     gt_comparedata.obj
 0002:000013b8       ??_C@_0BI@OMOE@Adlib?5Sample?5Audio?5file?$AA@ 100033b8     gt_comparedata.obj
 0002:000013d0       ??_C@_03MINN@smp?$AA@      100033d0     gt_comparedata.obj
 0002:000013d4       ??_C@_0BD@JFAO@Ami?5Pro?5Macro?5file?$AA@ 100033d4     gt_comparedata.obj
 0002:000013e8       ??_C@_03DFNO@smm?$AA@      100033e8     gt_comparedata.obj
 0002:000013ec       ??_C@_0P@MOPL@SMK?5movie?5file?$AA@ 100033ec     gt_comparedata.obj
 0002:000013fc       ??_C@_03MKKM@smk?$AA@      100033fc     gt_comparedata.obj
 0002:00001400       ??_C@_0CK@DLJE@SYLK?5Spreadsheet?5file?5?$CIused?5by?5M@ 10003400     gt_comparedata.obj
 0002:0000142c       ??_C@_03EBAN@sky?$AA@      1000342c     gt_comparedata.obj
 0002:00001430       ??_C@_0BE@KPEO@Mac?5StuffIt?5archive?$AA@ 10003430     gt_comparedata.obj
 0002:00001444       ??_C@_03DICL@sit?$AA@      10003444     gt_comparedata.obj
 0002:00001448       ??_C@_0BO@MNGL@StoryBoard?5project?5movie?5file?$AA@ 10003448     gt_comparedata.obj
 0002:00001468       ??_C@_03CPBH@sh?$HO?$AA@   10003468     gt_comparedata.obj
 0002:0000146c       ??_C@_0BK@DAOE@UNIX?5ShellArchive?5archive?$AA@ 1000346c     gt_comparedata.obj
 0002:00001488       ??_C@_03IHDK@sha?$AA@      10003488     gt_comparedata.obj
 0002:0000148c       ??_C@_04DCGJ@sgml?$AA@     1000348c     gt_comparedata.obj
 0002:00001494       ??_C@_0P@JLNO@SGML?5text?5file?$AA@ 10003494     gt_comparedata.obj
 0002:000014a4       ??_C@_03KNNP@sgm?$AA@      100034a4     gt_comparedata.obj
 0002:000014a8       ??_C@_0BI@CGIH@SGI?5Image?5graphics?5file?$AA@ 100034a8     gt_comparedata.obj
 0002:000014c0       ??_C@_03HID@sgi?$AA@       100034c0     gt_comparedata.obj
 0002:000014c4       ??_C@_0CA@JKPJ@Self?5Extracting?5Archive?5?$CI?5SFX?5?$CJ?$AA@ 100034c4     gt_comparedata.obj
 0002:000014e4       ??_C@_03BCMO@sfx?$AA@      100034e4     gt_comparedata.obj
 0002:000014e8       ??_C@_0CG@MFIG@Bitstream?5font?5file?5?9?5fontware?5f@ 100034e8     gt_comparedata.obj
 0002:00001510       ??_C@_03OOFL@sfo?$AA@      10003510     gt_comparedata.obj
 0002:00001514       ??_C@_0CG@KIFM@HP?5Soft?5font?5?$CIobsolete?5under?5Win@ 10003514     gt_comparedata.obj
 0002:0000153c       ??_C@_03LKCI@sfb?$AA@      1000353c     gt_comparedata.obj
 0002:00001540       ??_C@_0BF@KAIG@Sound?5Font?52?40?5Banks?$AA@ 10003540     gt_comparedata.obj
 0002:00001558       ??_C@_03LGJI@sf2?$AA@      10003558     gt_comparedata.obj
 0002:00001560       ??_C@_0EI@CODA@Extension?5used?5by?5Norton?5Backup?5@ 10003560     gt_comparedata.obj
 0002:000015a8       ??_C@_03NHNF@set?$AA@      100035a8     gt_comparedata.obj
 0002:000015ac       ??_C@_0BF@IGDH@Ami?5Draw?5Symbol?5file?$AA@ 100035ac     gt_comparedata.obj
 0002:000015c4       ??_C@_03DOMG@sdw?$AA@      100035c4     gt_comparedata.obj
 0002:000015c8       ??_C@_0BO@MFCA@Sourcer?5first?5definition?5file?$AA@ 100035c8     gt_comparedata.obj
 0002:000015e8       ??_C@_03DNCB@sdf?$AA@      100035e8     gt_comparedata.obj
 0002:000015ec       ??_C@_0CK@KHFN@RIX?5graphics?5file?5or?5Scitex?5grap@ 100035ec     gt_comparedata.obj
 0002:00001618       ??_C@_03FOMO@scx?$AA@      10003618     gt_comparedata.obj
 0002:0000161c       ??_C@_0BF@FKPA@Scitex?5graphics?5file?$AA@ 1000361c     gt_comparedata.obj
 0002:00001634       ??_C@_03KACK@sct?$AA@      10003634     gt_comparedata.obj
 0002:00001638       ??_C@_0CE@JKKF@Windows?5Screen?5Saver?5or?5WinCIM?5f@ 10003638     gt_comparedata.obj
 0002:0000165c       ??_C@_03FPFI@scr?$AA@      1000365c     gt_comparedata.obj
 0002:00001660       ??_C@_0BF@PDJN@SciFax?5graphics?5file?$AA@ 10003660     gt_comparedata.obj
 0002:00001678       ??_C@_03FNCJ@sci?$AA@      10003678     gt_comparedata.obj
 0002:0000167c       ??_C@_0CM@KCHL@Scodl?5graphics?5file?5or?5SCODOL?5fi@ 1000367c     gt_comparedata.obj
 0002:000016a8       ??_C@_03JFK@scd?$AA@       100036a8     gt_comparedata.obj
 0002:000016ac       ??_C@_09JHGB@Save?5file?$AA@ 100036ac     gt_comparedata.obj
 0002:000016b8       ??_C@_03NIFB@sav?$AA@      100036b8     gt_comparedata.obj
 0002:000016bc       ??_C@_0BC@MHOP@Ami?5Pro?5data?5file?$AA@ 100036bc     gt_comparedata.obj
 0002:000016d0       ??_C@_03NKCA@sam?$AA@      100036d0     gt_comparedata.obj
 0002:000016d4       ??_C@_0P@LIIM@SETI?$EAHome?5file?$AA@ 100036d4     gt_comparedata.obj
 0002:000016e4       ??_C@_03NKOL@sah?$AA@      100036e4     gt_comparedata.obj
 0002:000016e8       ??_C@_0BM@IAHO@SA2?5Adlib?5Module?5music?5file?$AA@ 100036e8     gt_comparedata.obj
 0002:00001704       ??_C@_03NHMN@sa2?$AA@      10003704     gt_comparedata.obj
 0002:00001708       ??_C@_0P@JJJ@S3M?5music?5file?$AA@ 10003708     gt_comparedata.obj
 0002:00001718       ??_C@_03DHHJ@s3m?$AA@      10003718     gt_comparedata.obj
 0002:0000171c       ??_C@_0BC@GMPI@Reflex?51?5datafile?$AA@ 1000371c     gt_comparedata.obj
 0002:00001730       ??_C@_03LPEO@rxd?$AA@      10003730     gt_comparedata.obj
 0002:00001734       ??_C@_0CA@DMML@PC?5Tools?5for?5Windows?5batch?5file?$AA@ 10003734     gt_comparedata.obj
 0002:00001754       ??_C@_03EHIM@run?$AA@      10003754     gt_comparedata.obj
 0002:00001758       ??_C@_0BJ@MFIH@Realizer?5executable?5file?$AA@ 10003758     gt_comparedata.obj
 0002:00001774       ??_C@_03KMCF@rts?$AA@      10003774     gt_comparedata.obj
 0002:00001778       ??_C@_0CK@DBCG@RTPatch?5software?5update?5package?5@ 10003778     gt_comparedata.obj
 0002:000017a4       ??_C@_03FDJM@rtp?$AA@      100037a4     gt_comparedata.obj
 0002:000017a8       ??_C@_0BG@IMOB@Rich?5Text?5Format?5file?$AA@ 100037a8     gt_comparedata.obj
 0002:000017c0       ??_C@_03FJO@rtf?$AA@       100037c0     gt_comparedata.obj
 0002:000017c4       ??_C@_0CO@HOJ@Resource?5Library?5used?5by?5PC?5Tool@ 100037c4     gt_comparedata.obj
 0002:000017f4       ??_C@_03GFFN@rsl?$AA@      100037f4     gt_comparedata.obj
 0002:000017f8       ??_C@_03KDGK@rpt?$AA@      100037f8     gt_comparedata.obj
 0002:000017fc       ??_C@_0CD@EONM@Data?5report?5file?5used?5by?5CP?5Back@ 100037fc     gt_comparedata.obj
 0002:00001820       ??_C@_03PFGI@rpb?$AA@      10003820     gt_comparedata.obj
 0002:00001824       ??_C@_0BP@GMPN@Read?5Only?5Memory?5?$CI?5ROM?5?$CJ?5image?$AA@ 10003824     gt_comparedata.obj
 0002:00001844       ??_C@_03EKJN@rom?$AA@      10003844     gt_comparedata.obj
 0002:00001848       ??_C@_0CD@NLBM@Adlib?5format?5syntesized?5music?5fi@ 10003848     gt_comparedata.obj
 0002:0000186c       ??_C@_03OAAK@rol?$AA@      1000386c     gt_comparedata.obj
 0002:00001870       ??_C@_0CL@IPJJ@Windows?5alternate?5synthesized?5so@ 10003870     gt_comparedata.obj
 0002:0000189c       ??_C@_03MNJE@rmi?$AA@      1000389c     gt_comparedata.obj
 0002:000018a0       ??_C@_0BP@CKAH@Real?5Networks?5Video?1Audio?5file?$AA@ 100038a0     gt_comparedata.obj
 0002:000018c0       ??_C@_02JLFI@rm?$AA@       100038c0     gt_comparedata.obj
 0002:000018c4       ??_C@_0CH@DEIH@Run?5Length?5Encoded?5compressed?5BM@ 100038c4     gt_comparedata.obj
 0002:000018ec       ??_C@_03CFNK@rle?$AA@      100038ec     gt_comparedata.obj
 0002:000018f0       ??_C@_0CH@EHII@Image?5Systems?5Technology?5graphic@ 100038f0     gt_comparedata.obj
 0002:00001918       ??_C@_03NKKI@rlc?$AA@      10003918     gt_comparedata.obj
 0002:0000191c       ??_C@_0O@HMGK@RKIVE?5archive?$AA@ 1000391c     gt_comparedata.obj
 0002:0000192c       ??_C@_03BCEG@rkv?$AA@      1000392c     gt_comparedata.obj
 0002:00001930       ??_C@_0BP@PENH@Fractal?5painter?5bitmapped?5file?$AA@ 10003930     gt_comparedata.obj
 0002:00001950       ??_C@_03JGGD@rif?$AA@      10003950     gt_comparedata.obj
 0002:00001954       ??_C@_0BJ@DMFO@Intergraph?5graphics?5file?$AA@ 10003954     gt_comparedata.obj
 0002:00001970       ??_C@_03POJE@rgb?$AA@      10003970     gt_comparedata.obj
 0002:00001974       ??_C@_0BK@DNAA@Rexx?5language?5source?5file?$AA@ 10003974     gt_comparedata.obj
 0002:00001990       ??_C@_03HLCH@rex?$AA@      10003990     gt_comparedata.obj
 0002:00001994       ??_C@_0BH@FEAC@Compiled?5resource?5file?$AA@ 10003994     gt_comparedata.obj
 0002:000019ac       ??_C@_03NACG@res?$AA@      100039ac     gt_comparedata.obj
 0002:000019b0       ??_C@_0CG@GMBM@Report?5file?5used?5by?5many?5applica@ 100039b0     gt_comparedata.obj
 0002:000019d8       ??_C@_03CPJP@rep?$AA@      100039d8     gt_comparedata.obj
 0002:000019e0       ??_C@_0EB@GBOE@Program?5registration?5file?5or?5Win@ 100039e0     gt_comparedata.obj
 0002:00001a24       ??_C@_03NDAK@reg?$AA@      10003a24     gt_comparedata.obj
 0002:00001a28       ??_C@_0BM@ICFK@Windows?5Recorder?5Macro?5file?$AA@ 10003a28     gt_comparedata.obj
 0002:00001a44       ??_C@_03HJFG@rec?$AA@      10003a44     gt_comparedata.obj
 0002:00001a48       ??_C@_0CJ@IKCG@Resource?5script?5used?5by?5Windows?5@ 10003a48     gt_comparedata.obj
 0002:00001a74       ??_C@_02DAJC@rc?$AA@       10003a74     gt_comparedata.obj
 0002:00001a78       ??_C@_0CE@LGHG@RAW?5graphics?5file?5or?5RAW?5music?5f@ 10003a78     gt_comparedata.obj
 0002:00001a9c       ??_C@_03CANA@raw?$AA@      10003a9c     gt_comparedata.obj
 0002:00001aa0       ??_C@_0BJ@KGOI@Sun?5Raster?5graphics?5file?$AA@ 10003aa0     gt_comparedata.obj
 0002:00001abc       ??_C@_03IKIM@ras?$AA@      10003abc     gt_comparedata.obj
 0002:00001ac0       ??_C@_0CB@HNAI@RAR?5archive?5?9?5should?5be?5detected@ 10003ac0     gt_comparedata.obj
 0002:00001ae4       ??_C@_03CABL@rar?$AA@      10003ae4     gt_comparedata.obj
 0002:00001ae8       ??_C@_0BO@IOHG@Real?5Player?5audio?1video?5file?5?$AA@ 10003ae8     gt_comparedata.obj
 0002:00001b08       ??_C@_02GFLM@ra?$AA@       10003b08     gt_comparedata.obj
 0002:00001b0c       ??_C@_0CK@GOKN@CubiComp?5PictureMaker?5graphics?5f@ 10003b0c     gt_comparedata.obj
 0002:00001b38       ??_C@_02JHCD@r8?$AA@       10003b38     gt_comparedata.obj
 0002:00001b3c       ??_C@_0BC@PMLO@Reflex?52?5datafile?$AA@ 10003b3c     gt_comparedata.obj
 0002:00001b50       ??_C@_03INOK@r2d?$AA@      10003b50     gt_comparedata.obj
 0002:00001b54       ??_C@_0BC@JEHJ@FOXPRO?5query?5file?$AA@ 10003b54     gt_comparedata.obj
 0002:00001b68       ??_C@_03CMHH@qry?$AA@      10003b68     gt_comparedata.obj
 0002:00001b6c       ??_C@_0BP@EOIP@QuickLink?5II?5Fax?5graphics?5file?$AA@ 10003b6c     gt_comparedata.obj
 0002:00001b8c       ??_C@_03LGOD@qfx?$AA@      10003b8c     gt_comparedata.obj
 0002:00001b90       ??_C@_0BC@BFHD@QDV?5graphics?5file?$AA@ 10003b90     gt_comparedata.obj
 0002:00001ba4       ??_C@_03DAHM@qdv?$AA@      10003ba4     gt_comparedata.obj
 0002:00001ba8       ??_C@_0BJ@PBDK@Norton?5Destop?5Group?5file?$AA@ 10003ba8     gt_comparedata.obj
 0002:00001bc4       ??_C@_03HPJL@qag?$AA@      10003bc4     gt_comparedata.obj
 0002:00001bc8       ??_C@_0BB@GCAD@Q0?5graphics?5file?$AA@ 10003bc8     gt_comparedata.obj
 0002:00001bdc       ??_C@_02PIGE@q0?$AA@       10003bdc     gt_comparedata.obj
 0002:00001be0       ??_C@_03MKKD@pzs?$AA@      10003be0     gt_comparedata.obj
 0002:00001be4       ??_C@_0BF@HDPM@PIZAZZ?5graphics?5file?$AA@ 10003be4     gt_comparedata.obj
 0002:00001bfc       ??_C@_03GCEF@pzi?$AA@      10003bfc     gt_comparedata.obj
 0002:00001c00       ??_C@_0BE@EPGK@PIXAR?5graphics?5file?$AA@ 10003c00     gt_comparedata.obj
 0002:00001c14       ??_C@_03ENGB@pxr?$AA@      10003c14     gt_comparedata.obj
 0002:00001c18       ??_C@_0BG@JJNP@3DStudio?5process?5file?$AA@ 10003c18     gt_comparedata.obj
 0002:00001c30       ??_C@_03BIEP@pxp?$AA@      10003c30     gt_comparedata.obj
 0002:00001c34       ??_C@_0M@DIJI@Paradox?53?40?$AA@ 10003c34     gt_comparedata.obj
 0002:00001c40       ??_C@_02BPLG@px?$AA@       10003c40     gt_comparedata.obj
 0002:00001c44       ??_C@_0BO@CKEJ@Windows?59x?5User?5password?5file?$AA@ 10003c44     gt_comparedata.obj
 0002:00001c64       ??_C@_03JLNK@pwl?$AA@      10003c64     gt_comparedata.obj
 0002:00001c68       ??_C@_0BK@OMIN@Adobe?5Premiere?5Title?5file?$AA@ 10003c68     gt_comparedata.obj
 0002:00001c84       ??_C@_03KACF@ptl?$AA@      10003c84     gt_comparedata.obj
 0002:00001c88       ??_C@_0BN@PPGF@Adobe?5Premiere?5Sequence?5file?$AA@ 10003c88     gt_comparedata.obj
 0002:00001ca8       ??_C@_03DMHD@psq?$AA@      10003ca8     gt_comparedata.obj
 0002:00001cac       ??_C@_0BN@LCAJ@Paint?5Shop?5Pro?5graphics?5file?$AA@ 10003cac     gt_comparedata.obj
 0002:00001ccc       ??_C@_03JGOE@psp?$AA@      10003ccc     gt_comparedata.obj
 0002:00001cd0       ??_C@_0CA@GGJ@Borland?5precompiled?5header?5file?$AA@ 10003cd0     gt_comparedata.obj
 0002:00001cf0       ??_C@_03GLOH@psm?$AA@      10003cf0     gt_comparedata.obj
 0002:00001cf4       ??_C@_0BO@FINE@Adobe?5PhotoShop?5graphics?5file?$AA@ 10003cf4     gt_comparedata.obj
 0002:00001d14       ??_C@_03JFMI@psd?$AA@      10003d14     gt_comparedata.obj
 0002:00001d18       ??_C@_0BG@CBFL@Adobe?5PostScript?5file?$AA@ 10003d18     gt_comparedata.obj
 0002:00001d30       ??_C@_02LELH@ps?$AA@       10003d30     gt_comparedata.obj
 0002:00001d34       ??_C@_0DH@GAIG@Norton?5Viewer?5DLL?5file?5or?5Sierra@ 10003d34     gt_comparedata.obj
 0002:00001d6c       ??_C@_03HPPH@prs?$AA@      10003d6c     gt_comparedata.obj
 0002:00001d70       ??_C@_0CP@NGDE@Profile?$DL?5used?5by?5many?5?4?4?4re?5conf@ 10003d70     gt_comparedata.obj
 0002:00001da0       ??_C@_03CIGD@pro?$AA@      10003da0     gt_comparedata.obj
 0002:00001da4       ??_C@_0CC@KAKP@Spreadsheet?5output?5?$CIprinter?5file@ 10003da4     gt_comparedata.obj
 0002:00001dc8       ??_C@_03ICPE@prn?$AA@      10003dc8     gt_comparedata.obj
 0002:00001dcc       ??_C@_0BL@IMPF@?$CITurbo?5C?$FL?$CL?$CL?$FN?$CJ?5Project?5file?$AA@ 10003dcc     gt_comparedata.obj
 0002:00001de8       ??_C@_03CIKI@prj?$AA@      10003de8     gt_comparedata.obj
 0002:00001dec       ??_C@_0BE@ILNG@FOXPRO?5program?5file?$AA@ 10003dec     gt_comparedata.obj
 0002:00001e00       ??_C@_03HMNL@prg?$AA@      10003e00     gt_comparedata.obj
 0002:00001e04       ??_C@_0BE@KEEC@Stork?5graphics?5file?$AA@ 10003e04     gt_comparedata.obj
 0002:00001e18       ??_C@_03CJPF@pre?$AA@      10003e18     gt_comparedata.obj
 0002:00001e1c       ??_C@_0BG@NBPD@Packrat?54?4x?5data?5file?$AA@ 10003e1c     gt_comparedata.obj
 0002:00001e34       ??_C@_03HAKA@pr2?$AA@      10003e34     gt_comparedata.obj
 0002:00001e38       ??_C@_0BG@CGHN@Packrat?54?40?5data?5file?$AA@ 10003e38     gt_comparedata.obj
 0002:00001e50       ??_C@_03IPBJ@pr1?$AA@      10003e50     gt_comparedata.obj
 0002:00001e54       ??_C@_0CC@HJBE@Adobe?5Premiere?5Movie?5Project?5fil@ 10003e54     gt_comparedata.obj
 0002:00001e78       ??_C@_03FPN@ppj?$AA@       10003e78     gt_comparedata.obj
 0002:00001e7c       ??_C@_0BI@DDDL@Cuted?5PCX?5graphics?5file?$AA@ 10003e7c     gt_comparedata.obj
 0002:00001e94       ??_C@_03PLNC@ppc?$AA@      10003e94     gt_comparedata.obj
 0002:00001e98       ??_C@_0CE@IFED@Portable?5BitMap?5?$CIPBM?$CJ?5graphics?5f@ 10003e98     gt_comparedata.obj
 0002:00001ebc       ??_C@_03PIBK@pnm?$AA@      10003ebc     gt_comparedata.obj
 0002:00001ec0       ??_C@_0CH@BGIH@PNG?5graphics?5file?5?9?5should?5be?5de@ 10003ec0     gt_comparedata.obj
 0002:00001ee8       ??_C@_03PJIM@png?$AA@      10003ee8     gt_comparedata.obj
 0002:00001eec       ??_C@_0BH@HEMK@Image?972?5graphics?5file?$AA@ 10003eec     gt_comparedata.obj
 0002:00001f04       ??_C@_03JELK@pmt?$AA@      10003f04     gt_comparedata.obj
 0002:00001f08       ??_C@_0BI@CIFG@PageMaker?53?40?5data?5file?$AA@ 10003f08     gt_comparedata.obj
 0002:00001f20       ??_C@_03GEJP@pm3?$AA@      10003f20     gt_comparedata.obj
 0002:00001f24       ??_C@_0DB@BHFL@Grapher?5vector?5or?5HP?5Plotter?5747@ 10003f24     gt_comparedata.obj
 0002:00001f58       ??_C@_03ICBA@plt?$AA@      10003f58     gt_comparedata.obj
 0002:00001f5c       ??_C@_0BM@GKK@Adobe?5Premiere?5Library?5file?$AA@ 10003f5c     gt_comparedata.obj
 0002:00001f78       ??_C@_03NEBC@plb?$AA@      10003f78     gt_comparedata.obj
 0002:00001f7c       ??_C@_0BF@COMA@SimEarth?5planet?5file?$AA@ 10003f7c     gt_comparedata.obj
 0002:00001f94       ??_C@_03CLKL@pla?$AA@      10003f94     gt_comparedata.obj
 0002:00001f98       ??_C@_0BB@NPLH@Perl?5Script?5file?$AA@ 10003f98     gt_comparedata.obj
 0002:00001fac       ??_C@_02BMJK@pl?$AA@       10003fac     gt_comparedata.obj
 0002:00001fb0       ??_C@_0BB@IOPA@FIDO?5mail?5packet?$AA@ 10003fb0     gt_comparedata.obj
 0002:00001fc4       ??_C@_03ODEF@pkt?$AA@      10003fc4     gt_comparedata.obj
 0002:00001fc8       ??_C@_0CA@KBCI@Inset?5Systems?5PIX?5graphics?5file?$AA@ 10003fc8     gt_comparedata.obj
 0002:00001fe8       ??_C@_03DAPE@pix?$AA@      10003fe8     gt_comparedata.obj
 0002:00001fec       ??_C@_0BD@OHPD@Mac?5PackIt?5archive?$AA@ 10003fec     gt_comparedata.obj
 0002:00002000       ??_C@_03MOBA@pit?$AA@      10004000     gt_comparedata.obj
 0002:00002004       ??_C@_0BF@CJLF@Microsoft?5Pifex?5file?$AA@ 10004004     gt_comparedata.obj
 0002:0000201c       ??_C@_03DCEO@pif?$AA@      1000401c     gt_comparedata.obj
 0002:00002020       ??_C@_0BJ@MJPL@123?5vector?5graphics?5file?$AA@ 10004020     gt_comparedata.obj
 0002:0000203c       ??_C@_03DCIF@pic?$AA@      1000403c     gt_comparedata.obj
 0002:00002040       ??_C@_0BE@JIIB@GODS?5game?5data?5file?$AA@ 10004040     gt_comparedata.obj
 0002:00002054       ??_C@_03GLBL@pi1?$AA@      10004054     gt_comparedata.obj
 0002:00002058       ??_C@_0CG@BFGC@HP?5Plotter?57475A?5vector?5graphics@ 10004058     gt_comparedata.obj
 0002:00002080       ??_C@_03PBHD@pgl?$AA@      10004080     gt_comparedata.obj
 0002:00002084       ??_C@_0CJ@CDFD@ChiWritter?5font?5for?5matrix?5print@ 10004084     gt_comparedata.obj
 0002:000020b0       ??_C@_03BKBB@pft?$AA@      100040b0     gt_comparedata.obj
 0002:000020b4       ??_C@_0CA@JNLE@Windows?5Type?51?5font?5metric?5file?$AA@ 100040b4     gt_comparedata.obj
 0002:000020d4       ??_C@_0BM@JKJC@PostScript?5Font?5Metric?5file?$AA@ 100040d4     gt_comparedata.obj
 0002:000020f0       ??_C@_03ENEO@pfm?$AA@      100040f0     gt_comparedata.obj
 0002:000020f4       ??_C@_03EMBD@pfb?$AA@      100040f4     gt_comparedata.obj
 0002:000020f8       ??_C@_0BF@LJMJ@PostScript?5Font?5file?$AA@ 100040f8     gt_comparedata.obj
 0002:00002110       ??_C@_03LDKK@pfa?$AA@      10004110     gt_comparedata.obj
 0002:00002114       ??_C@_0CA@GJIN@HiJaak?5Image?5Draw?5graphics?5file?$AA@ 10004114     gt_comparedata.obj
 0002:00002134       ??_C@_03MIPN@pdw?$AA@      10004134     gt_comparedata.obj
 0002:00002138       ??_C@_0BJ@FCHP@StoryBoard?5graphics?5file?$AA@ 10004138     gt_comparedata.obj
 0002:00002154       ??_C@_03MIDG@pdr?$AA@      10004154     gt_comparedata.obj
 0002:00002158       ??_C@_0BM@LNEL@Print?5Shop?5Deluxe?5data?5file?$AA@ 10004158     gt_comparedata.obj
 0002:00002174       ??_C@_03GBIN@pdg?$AA@      10004174     gt_comparedata.obj
 0002:00002178       ??_C@_0DI@EMAB@Adobe?5PDF?5?$CIPortable?5document?$CJ?5fi@ 10004178     gt_comparedata.obj
 0002:000021b0       ??_C@_03MLBK@pdf?$AA@      100041b0     gt_comparedata.obj
 0002:000021b4       ??_C@_0BG@HHBA@Packrat?55?40?5data?5file?$AA@ 100041b4     gt_comparedata.obj
 0002:000021cc       ??_C@_03GBEG@pdb?$AA@      100041cc     gt_comparedata.obj
 0002:000021d0       ??_C@_0CH@FMAB@PCX?5graphics?5file?5?9?5should?5be?5de@ 100041d0     gt_comparedata.obj
 0002:000021f8       ??_C@_03KIPF@pcx?$AA@      100041f8     gt_comparedata.obj
 0002:000021fc       ??_C@_0BN@NJFG@Macintosh?5PICT?5graphics?5file?$AA@ 100041fc     gt_comparedata.obj
 0002:0000221c       ??_C@_03FGBB@pct?$AA@      1000421c     gt_comparedata.obj
 0002:00002220       ??_C@_0BG@JIJB@PCS?9EGA?5graphics?5file?$AA@ 10004220     gt_comparedata.obj
 0002:00002238       ??_C@_03DPE@pcs?$AA@       10004238     gt_comparedata.obj
 0002:0000223c       ??_C@_0CM@DDIL@PCX?5library?5or?5HP?5LaserJet?5II?5gr@ 1000423c     gt_comparedata.obj
 0002:00002268       ??_C@_03KLNJ@pcl?$AA@      10004268     gt_comparedata.obj
 0002:0000226c       ??_C@_0BG@NFPN@Linkway?5graphics?5file?$AA@ 1000426c     gt_comparedata.obj
 0002:00002284       ??_C@_03FFPG@pce?$AA@      10004284     gt_comparedata.obj
 0002:00002288       ??_C@_0BM@LBM@Kodak?5PhotoCD?5graphics?5file?$AA@ 10004288     gt_comparedata.obj
 0002:000022a4       ??_C@_03PPGB@pcd?$AA@      100042a4     gt_comparedata.obj
 0002:000022a8       ??_C@_0BP@NHDN@Adobe?5Premiere?5Batch?5List?5file?$AA@ 100042a8     gt_comparedata.obj
 0002:000022c8       ??_C@_03LNHD@pbl?$AA@      100042c8     gt_comparedata.obj
 0002:000022cc       ??_C@_0CP@MBLP@PCIllustrator?5or?5US?5Patent?5Image@ 100042cc     gt_comparedata.obj
 0002:000022fc       ??_C@_03HLEE@pat?$AA@      100042fc     gt_comparedata.obj
 0002:00002300       ??_C@_0BD@GLOG@PASCAL?5source?5file?$AA@ 10004300     gt_comparedata.obj
 0002:00002314       ??_C@_03COKB@pas?$AA@      10004314     gt_comparedata.obj
 0002:00002318       ??_C@_0BD@DJEL@Color?5palette?5file?$AA@ 10004318     gt_comparedata.obj
 0002:0000232c       ??_C@_03IGIM@pal?$AA@      1000432c     gt_comparedata.obj
 0002:00002330       ??_C@_0M@OKEK@PAK?5archive?$AA@ 10004330     gt_comparedata.obj
 0002:0000233c       ??_C@_03NDGJ@pak?$AA@      1000433c     gt_comparedata.obj
 0002:00002340       ??_C@_0O@MJBB@TPACK?5Archive?$AA@ 10004340     gt_comparedata.obj
 0002:00002350       ??_C@_03IHNB@pac?$AA@      10004350     gt_comparedata.obj
 0002:00002354       ??_C@_0CA@COMC@Tektronix?5Plot?510?5graphics?5file?$AA@ 10004354     gt_comparedata.obj
 0002:00002374       ??_C@_03LENE@p10?$AA@      10004374     gt_comparedata.obj
 0002:00002378       ??_C@_03CLHF@ovy?$AA@      10004378     gt_comparedata.obj
 0002:0000237c       ??_C@_03IAHE@ovr?$AA@      1000437c     gt_comparedata.obj
 0002:00002380       ??_C@_0BC@CKMB@Overlay?5data?5file?$AA@ 10004380     gt_comparedata.obj
 0002:00002394       ??_C@_03ICMO@ovl?$AA@      10004394     gt_comparedata.obj
 0002:00002398       ??_C@_0BH@BFJD@ObjectVision?5data?5file?$AA@ 10004398     gt_comparedata.obj
 0002:000023b0       ??_C@_03NGHG@ovd?$AA@      100043b0     gt_comparedata.obj
 0002:000023b4       ??_C@_0CA@HHG@Grapher?5optimized?5graphics?5file?$AA@ 100043b4     gt_comparedata.obj
 0002:000023d4       ??_C@_03IPJ@opt?$AA@       100043d4     gt_comparedata.obj
 0002:000023d8       ??_C@_0BH@OFCA@ObjectVision?5meta?5file?$AA@ 100043d8     gt_comparedata.obj
 0002:000023f0       ??_C@_03GHFK@omf?$AA@      100043f0     gt_comparedata.obj
 0002:000023f4       ??_C@_0CG@PHPF@Altered?5file?5?$CI?5It?5may?5have?5new?5c@ 100043f4     gt_comparedata.obj
 0002:0000241c       ??_C@_03CENO@old?$AA@      1000441c     gt_comparedata.obj
 0002:00002420       ??_C@_0P@CHIG@Object?5Library?$AA@ 10004420     gt_comparedata.obj
 0002:00002430       ??_C@_03NLKM@olb?$AA@      10004430     gt_comparedata.obj
 0002:00002434       ??_C@_0BL@COEB@OCT?5?$CIoctalizer?$CJ?5music?5file?$AA@ 10004434     gt_comparedata.obj
 0002:00002450       ??_C@_03FJKP@oct?$AA@      10004450     gt_comparedata.obj
 0002:00002454       ??_C@_0BB@BKKH@Object?5code?5file?$AA@ 10004454     gt_comparedata.obj
 0002:00002468       ??_C@_03ENLP@obj?$AA@      10004468     gt_comparedata.obj
 0002:0000246c       ??_C@_0BG@MCKN@OAZ?5Fax?5graphics?5file?$AA@ 1000446c     gt_comparedata.obj
 0002:00002484       ??_C@_03NPDA@oaz?$AA@      10004484     gt_comparedata.obj
 0002:00002488       ??_C@_0BE@IOOJ@NEWS?8?5graphics?5file?$AA@ 10004488     gt_comparedata.obj
 0002:0000249c       ??_C@_03GOFP@nws?$AA@      1000449c     gt_comparedata.obj
 0002:000024a0       ??_C@_0BP@IBD@file?5from?5Norton?5Utilities?53?4x?$AA@ 100044a0     gt_comparedata.obj
 0002:000024c0       ??_C@_03OGMK@nu3?$AA@      100044c0     gt_comparedata.obj
 0002:000024c4       ??_C@_0BL@ODDF@Norton?5Screen?5Saver?5module?$AA@ 100044c4     gt_comparedata.obj
 0002:000024e0       ??_C@_03DEPF@nss?$AA@      100044e0     gt_comparedata.obj
 0002:000024e4       ??_C@_0BI@GHIP@MasterMouse?5inside?5file?$AA@ 100044e4     gt_comparedata.obj
 0002:000024fc       ??_C@_03OEEH@not?$AA@      100044fc     gt_comparedata.obj
 0002:00002500       ??_C@_0BN@OIFL@Novell?5NetWare?5programm?5file?$AA@ 10004500     gt_comparedata.obj
 0002:00002520       ??_C@_03IIOH@nlm?$AA@      10004520     gt_comparedata.obj
 0002:00002524       ??_C@_0BM@JPNG@Norton?5Desktop?5Icon?5Library?$AA@ 10004524     gt_comparedata.obj
 0002:00002540       ??_C@_02LEJI@nl?$AA@       10004540     gt_comparedata.obj
 0002:00002544       ??_C@_0BK@OGHC@Software?5information?5file?$AA@ 10004544     gt_comparedata.obj
 0002:00002560       ??_C@_03EFMI@nfo?$AA@      10004560     gt_comparedata.obj
 0002:00002564       ??_C@_0CB@NGAC@Info?5about?5new?5things?5in?5program@ 10004564     gt_comparedata.obj
 0002:00002588       ??_C@_03IDPP@new?$AA@      10004588     gt_comparedata.obj
 0002:0000258c       ??_C@_0BB@FDG@dBASE?5index?5file?$AA@ 1000458c     gt_comparedata.obj
 0002:000025a0       ??_C@_03JEAI@ndx?$AA@      100045a0     gt_comparedata.obj
 0002:000025a4       ??_C@_0CL@ECJN@Norton?5Change?5Directory?5?$CI?5direct@ 100045a4     gt_comparedata.obj
 0002:000025d0       ??_C@_03KCMJ@ncd?$AA@      100045d0     gt_comparedata.obj
 0002:000025d4       ??_C@_0BJ@PCKP@PackRat?55?40?5support?5DLLs?$AA@ 100045d4     gt_comparedata.obj
 0002:000025f0       ??_C@_03OEEI@mxl?$AA@      100045f0     gt_comparedata.obj
 0002:000025f4       ??_C@_0BJ@KBEF@MechWarrior?5II?5data?5file?$AA@ 100045f4     gt_comparedata.obj
 0002:00002610       ??_C@_03JHDD@mw2?$AA@      10004610     gt_comparedata.obj
 0002:00002614       ??_C@_0L@JLK@movie?5file?$AA@ 10004614     gt_comparedata.obj
 0002:00002620       ??_C@_03NIMM@mve?$AA@      10004620     gt_comparedata.obj
 0002:00002624       ??_C@_0CJ@OAB@Quattro?5pro?5for?5DOS?5Menu?5definit@ 10004624     gt_comparedata.obj
 0002:00002650       ??_C@_02NIDI@mu?$AA@       10004650     gt_comparedata.obj
 0002:00002654       ??_C@_0BC@DKMM@MTV?5graphics?5file?$AA@ 10004654     gt_comparedata.obj
 0002:00002668       ??_C@_03KDFA@mtv?$AA@      10004668     gt_comparedata.obj
 0002:0000266c       ??_C@_0P@PCF@MTM?5music?5file?$AA@ 1000466c     gt_comparedata.obj
 0002:0000267c       ??_C@_03KBCB@mtm?$AA@      1000467c     gt_comparedata.obj
 0002:00002680       ??_C@_0BB@FHPC@CP?1M?5MSX?5archive?$AA@ 10004680     gt_comparedata.obj
 0002:00002694       ??_C@_03GJMP@msx?$AA@      10004694     gt_comparedata.obj
 0002:00002698       ??_C@_0CL@HONH@Microsoft?5Paint?5format?5?$CIfrom?5Win@ 10004698     gt_comparedata.obj
 0002:000026c4       ??_C@_03DNHH@msp?$AA@      100046c4     gt_comparedata.obj
 0002:000026c8       ??_C@_0N@BN@Message?5file?$AA@ 100046c8     gt_comparedata.obj
 0002:000026d8       ??_C@_03MBOC@msg?$AA@      100046d8     gt_comparedata.obj
 0002:000026dc       ??_C@_03PKBN@mpg?$AA@      100046dc     gt_comparedata.obj
 0002:000026e0       ??_C@_0BA@DFCJ@MPEG?5Video?5file?$AA@ 100046e0     gt_comparedata.obj
 0002:000026f0       ??_C@_04BDGK@mpeg?$AA@     100046f0     gt_comparedata.obj
 0002:000026f8       ??_C@_0BK@PKGB@MPEG?5Layer?5III?5music?5file?$AA@ 100046f8     gt_comparedata.obj
 0002:00002714       ??_C@_03FMPB@mp3?$AA@      10004714     gt_comparedata.obj
 0002:00002718       ??_C@_0BJ@MGFK@MPEG?5Layer?5II?5music?5file?$AA@ 10004718     gt_comparedata.obj
 0002:00002734       ??_C@_03PGGG@mp2?$AA@      10004734     gt_comparedata.obj
 0002:00002738       ??_C@_0BF@HGKH@QuickTime?5movie?5file?$AA@ 10004738     gt_comparedata.obj
 0002:00002750       ??_C@_03EHFC@mov?$AA@      10004750     gt_comparedata.obj
 0002:00002754       ??_C@_0CE@PHD@Amiga?5musical?5module?5or?5Some?5mod@ 10004754     gt_comparedata.obj
 0002:00002778       ??_C@_03LLAM@mod?$AA@      10004778     gt_comparedata.obj
 0002:0000277c       ??_C@_03PKDC@mnx?$AA@      1000477c     gt_comparedata.obj
 0002:00002780       ??_C@_09MLFN@Menu?5file?$AA@ 10004780     gt_comparedata.obj
 0002:0000278c       ??_C@_03KOEB@mnu?$AA@      1000478c     gt_comparedata.obj
 0002:00002790       ??_C@_0BG@DIOB@MultiMedia?5Movie?5file?$AA@ 10004790     gt_comparedata.obj
 0002:000027a8       ??_C@_03GIHG@mmm?$AA@      100047a8     gt_comparedata.obj
 0002:000027ac       ??_C@_03MMPD@mid?$AA@      100047ac     gt_comparedata.obj
 0002:000027b0       ??_C@_0BI@OCGB@DBase?5master?5index?5file?$AA@ 100047b0     gt_comparedata.obj
 0002:000027c8       ??_C@_03GCDD@mdx?$AA@      100047c8     gt_comparedata.obj
 0002:000027cc       ??_C@_0BA@FKCD@MIDI?5music?5file?$AA@ 100047cc     gt_comparedata.obj
 0002:000027dc       ??_C@_03GBNE@mdi?$AA@      100047dc     gt_comparedata.obj
 0002:000027e0       ??_C@_03MKNF@mdb?$AA@      100047e0     gt_comparedata.obj
 0002:000027e4       ??_C@_0BP@DLJC@Microsoft?5Access?5Database?5file?$AA@ 100047e4     gt_comparedata.obj
 0002:00002804       ??_C@_03DFGM@mda?$AA@      10004804     gt_comparedata.obj
 0002:00002808       ??_C@_0BG@EFC@MathCAD?5graphics?5file?$AA@ 10004808     gt_comparedata.obj
 0002:00002820       ??_C@_03KIGH@mcs?$AA@      10004820     gt_comparedata.obj
 0002:00002824       ??_C@_0BE@EHPG@Mathcad?5inside?5file?$AA@ 10004824     gt_comparedata.obj
 0002:00002838       ??_C@_03BNM@mcf?$AA@       10004838     gt_comparedata.obj
 0002:0000283c       ??_C@_0BC@HOAI@Mathcad?5task?5file?$AA@ 1000483c     gt_comparedata.obj
 0002:00002850       ??_C@_03FEPC@mcd?$AA@      10004850     gt_comparedata.obj
 0002:00002854       ??_C@_0BI@LGFO@3DStudio?5Max?5scene?5file?$AA@ 10004854     gt_comparedata.obj
 0002:0000286c       ??_C@_03CODD@max?$AA@      1000486c     gt_comparedata.obj
 0002:00002870       ??_C@_08LKLM@Map?5file?$AA@ 10004870     gt_comparedata.obj
 0002:0000287c       ??_C@_03HKIL@map?$AA@      1000487c     gt_comparedata.obj
 0002:00002880       ??_C@_0BA@LEJP@Makefile?5?$CIpart?$CJ?$AA@ 10004880     gt_comparedata.obj
 0002:00002890       ??_C@_03HIPK@mak?$AA@      10004890     gt_comparedata.obj
 0002:00002894       ??_C@_0CB@HOBB@Macros?5or?5MacPaint?5graphics?5file@ 10004894     gt_comparedata.obj
 0002:000028b8       ??_C@_03CMEC@mac?$AA@      100048b8     gt_comparedata.obj
 0002:000028bc       ??_C@_0CI@MPEP@Used?5by?5Mathematica?5App?5executab@ 100048bc     gt_comparedata.obj
 0002:000028e4       ??_C@_02NLBE@ma?$AA@       100048e4     gt_comparedata.obj
 0002:000028e8       ??_C@_0BA@MAAC@WinAMP?5playlist?$AA@ 100048e8     gt_comparedata.obj
 0002:000028f8       ??_C@_03JHBJ@m3u?$AA@      100048f8     gt_comparedata.obj
 0002:000028fc       ??_C@_0CH@PNPD@Source?5file?5for?5MatLab?5and?5Mathe@ 100048fc     gt_comparedata.obj
 0002:00002924       ??_C@_01KDFD@m?$AA@        10004924     gt_comparedata.obj
 0002:00002928       ??_C@_0BF@FPEL@Amiga?5LHWARP?5archive?$AA@ 10004928     gt_comparedata.obj
 0002:00002940       ??_C@_03JJHK@lzw?$AA@      10004940     gt_comparedata.obj
 0002:00002944       ??_C@_0N@HEEH@LARC?5archive?$AA@ 10004944     gt_comparedata.obj
 0002:00002954       ??_C@_03DDCG@lzs?$AA@      10004954     gt_comparedata.obj
 0002:00002958       ??_C@_0CB@EMJK@LHA?5archive?5?9?5should?5be?5detected@ 10004958     gt_comparedata.obj
 0002:0000297c       ??_C@_03DBFH@lzh?$AA@      1000497c     gt_comparedata.obj
 0002:00002980       ??_C@_0BN@FMCH@Lotus?5Word?5Pro?5document?5file?$AA@ 10004980     gt_comparedata.obj
 0002:000029a0       ??_C@_03DFML@lwp?$AA@      100049a0     gt_comparedata.obj
 0002:000029a4       ??_C@_09PEEP@List?5file?$AA@ 100049a4     gt_comparedata.obj
 0002:000029b0       ??_C@_03MFDN@lst?$AA@      100049b0     gt_comparedata.obj
 0002:000029b4       ??_C@_0BB@EPHP@LISP?5source?5file?$AA@ 100049b4     gt_comparedata.obj
 0002:000029c8       ??_C@_03GPGB@lsp?$AA@      100049c8     gt_comparedata.obj
 0002:000029cc       ??_C@_08LFJA@LOG?5file?$AA@ 100049cc     gt_comparedata.obj
 0002:000029d8       ??_C@_03BGKD@log?$AA@      100049d8     gt_comparedata.obj
 0002:000029dc       ??_C@_0CA@NDLM@Microsoft?5WIndows?5Shortcut?5file?$AA@ 100049dc     gt_comparedata.obj
 0002:000029fc       ??_C@_03POON@lnk?$AA@      100049fc     gt_comparedata.obj
 0002:00002a00       ??_C@_0BG@JOJH@AutoCAD?5graphics?5file?$AA@ 10004a00     gt_comparedata.obj
 0002:00002a18       ??_C@_03JPHD@lin?$AA@      10004a18     gt_comparedata.obj
 0002:00002a1c       ??_C@_0O@OBAL@Limit?5archive?$AA@ 10004a1c     gt_comparedata.obj
 0002:00002a2c       ??_C@_03GAMK@lim?$AA@      10004a2c     gt_comparedata.obj
 0002:00002a30       ??_C@_0CL@BEFC@license?5file?5used?5by?5their?5licen@ 10004a30     gt_comparedata.obj
 0002:00002a5c       ??_C@_03MLAA@lic?$AA@      10004a5c     gt_comparedata.obj
 0002:00002a60       ??_C@_0BG@LCNF@C?0?5C?$CL?$CL?5libraries?5file?$AA@ 10004a60     gt_comparedata.obj
 0002:00002a78       ??_C@_03GBJH@lib?$AA@      10004a78     gt_comparedata.obj
 0002:00002a7c       ??_C@_0BB@DOII@Amiga?5LZ?5archive?$AA@ 10004a7c     gt_comparedata.obj
 0002:00002a90       ??_C@_03IIIE@lha?$AA@      10004a90     gt_comparedata.obj
 0002:00002a94       ??_C@_0CH@EGL@Windows?5Logo?5file?5shown?5during?5s@ 10004a94     gt_comparedata.obj
 0002:00002abc       ??_C@_03PHEP@lgo?$AA@      10004abc     gt_comparedata.obj
 0002:00002ac0       ??_C@_0CJ@KPAC@ChiWritters?5font?5for?5laser?5print@ 10004ac0     gt_comparedata.obj
 0002:00002aec       ??_C@_03ODJE@lft?$AA@      10004aec     gt_comparedata.obj
 0002:00002af0       ??_C@_0BC@KLNK@XWING?5inside?5file?$AA@ 10004af0     gt_comparedata.obj
 0002:00002b04       ??_C@_03EKOE@lfd?$AA@      10004b04     gt_comparedata.obj
 0002:00002b08       ??_C@_0CP@GICF@short?5for?5lexigographi?4?4?4gram?5de@ 10004b08     gt_comparedata.obj
 0002:00002b38       ??_C@_03CGIP@lex?$AA@      10004b38     gt_comparedata.obj
 0002:00002b3c       ??_C@_0CD@LCJP@Story?5Board?5picture?5libraries?5fi@ 10004b3c     gt_comparedata.obj
 0002:00002b60       ??_C@_03EGEM@lbr?$AA@      10004b60     gt_comparedata.obj
 0002:00002b64       ??_C@_03OOGB@lbm?$AA@      10004b64     gt_comparedata.obj
 0002:00002b68       ??_C@_0BC@MKHP@FOXPRO?5label?5file?$AA@ 10004b68     gt_comparedata.obj
 0002:00002b7c       ??_C@_03EEPG@lbl?$AA@      10004b7c     gt_comparedata.obj
 0002:00002b80       ??_C@_0CC@NBOA@Erdas?5LAN?1GIS?5Image?5graphics?5fil@ 10004b80     gt_comparedata.obj
 0002:00002ba4       ??_C@_03CKCH@lan?$AA@      10004ba4     gt_comparedata.obj
 0002:00002ba8       ??_C@_0BG@GJGJ@Lotus?51?92?93?5data?5file?$AA@ 10004ba8     gt_comparedata.obj
 0002:00002bc0       ??_C@_03IEOF@ksw?$AA@      10004bc0     gt_comparedata.obj
 0002:00002bc4       ??_C@_0BE@POJC@Kedit?5Macro?5Library?$AA@ 10004bc4     gt_comparedata.obj
 0002:00002bd8       ??_C@_03COJG@kml?$AA@      10004bd8     gt_comparedata.obj
 0002:00002bdc       ??_C@_0BM@DLEF@Kofax?5Group?54?5graphics?5file?$AA@ 10004bdc     gt_comparedata.obj
 0002:00002bf8       ??_C@_03KDBB@kfx?$AA@      10004bf8     gt_comparedata.obj
 0002:00002bfc       ??_C@_0DC@FKEO@Key?5file?5?$CI?5This?5file?5has?5program@ 10004bfc     gt_comparedata.obj
 0002:00002c30       ??_C@_03DCHJ@key?$AA@      10004c30     gt_comparedata.obj
 0002:00002c34       ??_C@_0BB@IEM@Kedit?5Macro?5file?$AA@ 10004c34     gt_comparedata.obj
 0002:00002c48       ??_C@_03JIOO@kex?$AA@      10004c48     gt_comparedata.obj
 0002:00002c4c       ??_C@_08BDNH@KBD?5file?$AA@ 10004c4c     gt_comparedata.obj
 0002:00002c58       ??_C@_03KOCP@kbd?$AA@      10004c58     gt_comparedata.obj
 0002:00002c5c       ??_C@_0BF@ENLC@Jovian?5graphics?5file?$AA@ 10004c5c     gt_comparedata.obj
 0002:00002c74       ??_C@_02EGNE@jv?$AA@       10004c74     gt_comparedata.obj
 0002:00002c78       ??_C@_0BH@GJME@JavaScript?5Source?5file?$AA@ 10004c78     gt_comparedata.obj
 0002:00002c90       ??_C@_02EGBP@js?$AA@       10004c90     gt_comparedata.obj
 0002:00002c94       ??_C@_0BD@NBHE@JPEG?5graphics?5file?$AA@ 10004c94     gt_comparedata.obj
 0002:00002ca8       ??_C@_03EEHM@jpg?$AA@      10004ca8     gt_comparedata.obj
 0002:00002cac       ??_C@_04DEIM@java?$AA@     10004cac     gt_comparedata.obj
 0002:00002cb4       ??_C@_0CD@KHPL@Java?5source?5code?5?9?5can?5be?5detect@ 10004cb4     gt_comparedata.obj
 0002:00002cd8       ??_C@_03DLJI@jav?$AA@      10004cd8     gt_comparedata.obj
 0002:00002cdc       ??_C@_0CB@PJLP@JAR?5Archive?5?9?5should?5be?5detected@ 10004cdc     gt_comparedata.obj
 0002:00002d00       ??_C@_01PGLG@j?$AA@        10004d00     gt_comparedata.obj
 0002:00002d04       ??_C@_0CB@HBKH@Uninstallation?5file?5from?5Windows@ 10004d04     gt_comparedata.obj
 0002:00002d28       ??_C@_03HFOG@isu?$AA@      10004d28     gt_comparedata.obj
 0002:00002d2c       ??_C@_0BM@ILCD@Silmaris?5Software?5data?5file?$AA@ 10004d2c     gt_comparedata.obj
 0002:00002d48       ??_C@_02CKHE@io?$AA@       10004d48     gt_comparedata.obj
 0002:00002d4c       ??_C@_0DD@EDOP@Turbo?5Pascal?5TPU?5interface?5parts@ 10004d4c     gt_comparedata.obj
 0002:00002d80       ??_C@_03EMIM@int?$AA@      10004d80     gt_comparedata.obj
 0002:00002d84       ??_C@_0CD@OHED@Windows?5INI?5file?5?9?5can?5be?5detect@ 10004d84     gt_comparedata.obj
 0002:00002da8       ??_C@_03LBIP@ini?$AA@      10004da8     gt_comparedata.obj
 0002:00002dac       ??_C@_0CD@IMPG@Windows?5INF?5file?5?9?5can?5be?5detect@ 10004dac     gt_comparedata.obj
 0002:00002dd0       ??_C@_03LANC@inf?$AA@      10004dd0     gt_comparedata.obj
 0002:00002dd4       ??_C@_0BJ@JKII@?$CIAssembler?$CJ?5Include?5file?$AA@ 10004dd4     gt_comparedata.obj
 0002:00002df0       ??_C@_03LABJ@inc?$AA@      10004df0     gt_comparedata.obj
 0002:00002df4       ??_C@_0BJ@OGJN@Compressed?5WinImage?5file?$AA@ 10004df4     gt_comparedata.obj
 0002:00002e10       ??_C@_03NMLJ@imz?$AA@      10004e10     gt_comparedata.obj
 0002:00002e14       ??_C@_0BM@LIL@GEM?5bitmapped?5graphics?5file?$AA@ 10004e14     gt_comparedata.obj
 0002:00002e30       ??_C@_03CBLK@img?$AA@      10004e30     gt_comparedata.obj
 0002:00002e34       ??_C@_0CK@EEAG@hDC?5Designer?5Icon?5Library?5?$CIin?5Dl@ 10004e34     gt_comparedata.obj
 0002:00002e60       ??_C@_02NFMN@il?$AA@       10004e60     gt_comparedata.obj
 0002:00002e64       ??_C@_0CA@MMEH@Inset?5Systems?5IGF?5graphics?5file?$AA@ 10004e64     gt_comparedata.obj
 0002:00002e84       ??_C@_03BDCM@igf?$AA@      10004e84     gt_comparedata.obj
 0002:00002e88       ??_C@_0BN@JFHF@Amiga?5IFF?1ILBM?5graphics?5file?$AA@ 10004e88     gt_comparedata.obj
 0002:00002ea8       ??_C@_03FIG@iff?$AA@       10004ea8     gt_comparedata.obj
 0002:00002eac       ??_C@_0L@OENO@Index?5file?$AA@ 10004eac     gt_comparedata.obj
 0002:00002eb8       ??_C@_03CKGJ@idx?$AA@      10004eb8     gt_comparedata.obj
 0002:00002ebc       ??_C@_0BH@HDOO@Core?5IDC?5graphics?5file?$AA@ 10004ebc     gt_comparedata.obj
 0002:00002ed4       ??_C@_03CIBI@idc?$AA@      10004ed4     gt_comparedata.obj
 0002:00002ed8       ??_C@_0BE@NJBN@IDA?5stored?5database?$AA@ 10004ed8     gt_comparedata.obj
 0002:00002eec       ??_C@_03ICIP@idb?$AA@      10004eec     gt_comparedata.obj
 0002:00002ef0       ??_C@_0BC@IKOO@Windows?5icon?5file?$AA@ 10004ef0     gt_comparedata.obj
 0002:00002f04       ??_C@_03LHKJ@ico?$AA@      10004f04     gt_comparedata.obj
 0002:00002f08       ??_C@_0M@HMDC@ICE?5archive?$AA@ 10004f08     gt_comparedata.obj
 0002:00002f14       ??_C@_03LGDP@ice?$AA@      10004f14     gt_comparedata.obj
 0002:00002f18       ??_C@_0BH@HPGG@IBM?5IOCA?5graphics?5file?$AA@ 10004f18     gt_comparedata.obj
 0002:00002f30       ??_C@_03BMGD@ica?$AA@      10004f30     gt_comparedata.obj
 0002:00002f34       ??_C@_0BC@CJHD@PDS?5graphics?5file?$AA@ 10004f34     gt_comparedata.obj
 0002:00002f48       ??_C@_03PFLL@ibg?$AA@      10004f48     gt_comparedata.obj
 0002:00002f4c       ??_C@_0CD@KDHE@Hyper?5archive?5?9?5should?5be?5detect@ 10004f4c     gt_comparedata.obj
 0002:00002f70       ??_C@_03LPDK@hyp?$AA@      10004f70     gt_comparedata.obj
 0002:00002f74       ??_C@_03PNCI@hxx?$AA@      10004f74     gt_comparedata.obj
 0002:00002f78       ??_C@_04PFHP@html?$AA@     10004f78     gt_comparedata.obj
 0002:00002f80       ??_C@_0CL@HHFI@HTML?5?$CIHyperText?5Markup?5Language?$CJ@ 10004f80     gt_comparedata.obj
 0002:00002fac       ??_C@_03LLGN@htm?$AA@      10004fac     gt_comparedata.obj
 0002:00002fb0       ??_C@_0N@EGGN@History?5file?$AA@ 10004fb0     gt_comparedata.obj
 0002:00002fc0       ??_C@_03INGH@hst?$AA@      10004fc0     gt_comparedata.obj
 0002:00002fc4       ??_C@_0BH@GENH@HSI?5JPEG?5graphics?5file?$AA@ 10004fc4     gt_comparedata.obj
 0002:00002fdc       ??_C@_03HAGE@hsi?$AA@      10004fdc     gt_comparedata.obj
 0002:00002fe0       ??_C@_0P@JLBL@HSC?5music?5file?$AA@ 10004fe0     gt_comparedata.obj
 0002:00002ff0       ??_C@_03HBPC@hsc?$AA@      10004ff0     gt_comparedata.obj
 0002:00002ff4       ??_C@_0CE@LGMO@Hitachi?5Raster?5Format?5graphics?5f@ 10004ff4     gt_comparedata.obj
 0002:00003018       ??_C@_03GHJD@hrf?$AA@      10005018     gt_comparedata.obj
 0002:0000301c       ??_C@_0P@MGDC@BinHex?5archive?$AA@ 1000501c     gt_comparedata.obj
 0002:0000302c       ??_C@_03FONG@hqx?$AA@      1000502c     gt_comparedata.obj
 0002:00003030       ??_C@_0O@IBBL@HQR?5data?5file?$AA@ 10005030     gt_comparedata.obj
 0002:00003040       ??_C@_03FPEA@hqr?$AA@      10005040     gt_comparedata.obj
 0002:00003044       ??_C@_0O@MDKD@HPACK?5archive?$AA@ 10005044     gt_comparedata.obj
 0002:00003054       ??_C@_03BOLF@hpk?$AA@      10005054     gt_comparedata.obj
 0002:00003058       ??_C@_0BK@OPA@MultiEdit?5compiled?5macros?$AA@ 10005058     gt_comparedata.obj
 0002:00003074       ??_C@_03MNCL@hlx?$AA@      10005074     gt_comparedata.obj
 0002:00003078       ??_C@_09JODO@Help?5file?$AA@ 10005078     gt_comparedata.obj
 0002:00003084       ??_C@_03JJJD@hlp?$AA@      10005084     gt_comparedata.obj
 0002:00003088       ??_C@_0BP@HDII@HP?5Plotter?57475A?5graphics?5file?$AA@ 10005088     gt_comparedata.obj
 0002:000030a8       ??_C@_03EAKM@hgl?$AA@      100050a8     gt_comparedata.obj
 0002:000030ac       ??_C@_03KLMO@hft?$AA@      100050ac     gt_comparedata.obj
 0002:000030b0       ??_C@_0BB@LPMJ@MathCAD?5handbook?$AA@ 100050b0     gt_comparedata.obj
 0002:000030c4       ??_C@_03FJEJ@hbk?$AA@      100050c4     gt_comparedata.obj
 0002:000030c8       ??_C@_0L@IGEH@HA?5archive?$AA@ 100050c8     gt_comparedata.obj
 0002:000030d4       ??_C@_02JHBE@ha?$AA@       100050d4     gt_comparedata.obj
 0002:000030d8       ??_C@_0CF@IBAO@C?1C?$CL?$CL?5include?5file?5?9?5can?5be?5dete@ 100050d8     gt_comparedata.obj
 0002:00003100       ??_C@_01KDJI@h?$AA@        10005100     gt_comparedata.obj
 0002:00003104       ??_C@_0BD@GJBK@TechHelp?5data?5file?$AA@ 10005104     gt_comparedata.obj
 0002:00003118       ??_C@_02DCNE@h?$CB?$AA@    10005118     gt_comparedata.obj
 0002:0000311c       ??_C@_0N@BOBE@GZIP?5archive?$AA@ 1000511c     gt_comparedata.obj
 0002:0000312c       ??_C@_02EBGE@gz?$AA@       1000512c     gt_comparedata.obj
 0002:00003130       ??_C@_0BJ@OBOH@PaintBrush?5graphics?5file?$AA@ 10005130     gt_comparedata.obj
 0002:0000314c       ??_C@_03IIBD@gx1?$AA@      1000514c     gt_comparedata.obj
 0002:00003150       ??_C@_0BH@MKG@GrandView?5outline?5file?$AA@ 10005150     gt_comparedata.obj
 0002:00003168       ??_C@_02LPIA@gv?$AA@       10005168     gt_comparedata.obj
 0002:0000316c       ??_C@_0BP@GBIA@Generic?5translation?5table?5file?$AA@ 1000516c     gt_comparedata.obj
 0002:0000318c       ??_C@_03MCOG@gtt?$AA@      1000518c     gt_comparedata.obj
 0002:00003190       ??_C@_0BD@BDGB@Windows?5group?5file?$AA@ 10005190     gt_comparedata.obj
 0002:000031a4       ??_C@_03BPEF@grp?$AA@      100051a4     gt_comparedata.obj
 0002:000031a8       ??_C@_0CO@MGHP@Stanford?5Graphics?5file?$DL?5also?5use@ 100051a8     gt_comparedata.obj
 0002:000031d8       ??_C@_03EJEH@grf?$AA@      100051d8     gt_comparedata.obj
 0002:000031dc       ??_C@_0BN@INIF@Grapher?5or?5AutoCAD?5grid?5file?$AA@ 100051dc     gt_comparedata.obj
 0002:000031fc       ??_C@_03BMGJ@grd?$AA@      100051fc     gt_comparedata.obj
 0002:00003200       ??_C@_0BG@BDCP@HP?948sx?5graphics?5file?$AA@ 10005200     gt_comparedata.obj
 0002:00003218       ??_C@_03ODBL@grb?$AA@      10005218     gt_comparedata.obj
 0002:0000321c       ??_C@_0BD@DDIC@GOES?5graphics?5file?$AA@ 1000521c     gt_comparedata.obj
 0002:00003230       ??_C@_03CFAD@goe?$AA@      10005230     gt_comparedata.obj
 0002:00003234       ??_C@_0BI@HEKA@Autologic?5graphics?5file?$AA@ 10005234     gt_comparedata.obj
 0002:0000324c       ??_C@_02LNPB@gm?$AA@       1000524c     gt_comparedata.obj
 0002:00003250       ??_C@_0BB@EJA@Winword?5Glossary?$AA@ 10005250     gt_comparedata.obj
 0002:00003264       ??_C@_03EJGI@gly?$AA@      10005264     gt_comparedata.obj
 0002:00003268       ??_C@_03BPGK@glo?$AA@      10005268     gt_comparedata.obj
 0002:0000326c       ??_C@_03ELBJ@glb?$AA@      1000526c     gt_comparedata.obj
 0002:00003270       ??_C@_0BL@BDIP@Trilobyte?5graphics?5library?$AA@ 10005270     gt_comparedata.obj
 0002:0000328c       ??_C@_03MDJE@gjd?$AA@      1000528c     gt_comparedata.obj
 0002:00003290       ??_C@_0CH@KEBF@GIF?5graphics?5file?5?9?5should?5be?5de@ 10005290     gt_comparedata.obj
 0002:000032b8       ??_C@_03KNEF@gif?$AA@      100052b8     gt_comparedata.obj
 0002:000032bc       ??_C@_0BL@BHCF@Windows?595?5Help?5Index?5file?$AA@ 100052bc     gt_comparedata.obj
 0002:000032d8       ??_C@_03PIGL@gid?$AA@      100052d8     gt_comparedata.obj
 0002:000032dc       ??_C@_0BN@GCJP@Instant?5Artist?5graphics?5file?$AA@ 100052dc     gt_comparedata.obj
 0002:000032fc       ??_C@_03HLPO@gfx?$AA@      100052fc     gt_comparedata.obj
 0002:00003300       ??_C@_0BN@EGML@Artline?5vector?5graphics?5file?$AA@ 10005300     gt_comparedata.obj
 0002:00003320       ??_C@_03OJLK@gem?$AA@      10005320     gt_comparedata.obj
 0002:00003324       ??_C@_0BK@MEFG@Arts$Letter?5graphics?5file?$AA@ 10005324     gt_comparedata.obj
 0002:00003340       ??_C@_03BHJF@ged?$AA@      10005340     gt_comparedata.obj
 0002:00003344       ??_C@_0CA@EAJA@Global?5module?5in?5Basic?5programs?$AA@ 10005344     gt_comparedata.obj
 0002:00003364       ??_C@_03CCHI@gbl?$AA@      10005364     gt_comparedata.obj
 0002:00003368       ??_C@_0CM@CPG@CubiComp?5PictureMaker?5graphics?5f@ 10005368     gt_comparedata.obj
 0002:00003394       ??_C@_02LBIK@g8?$AA@       10005394     gt_comparedata.obj
 0002:00003398       ??_C@_0BF@IOGM@FoxPro?5compiled?5file?$AA@ 10005398     gt_comparedata.obj
 0002:000033b0       ??_C@_03NFFC@fxp?$AA@      100053b0     gt_comparedata.obj
 0002:000033b4       ??_C@_0CF@FEFL@Paradox?5for?5Windows?5screen?5form?5@ 100053b4     gt_comparedata.obj
 0002:000033dc       ??_C@_03MGN@fsl?$AA@       100053dc     gt_comparedata.obj
 0002:000033e0       ??_C@_0CB@OHLK@Visual?5Basic?5binary?5program?5file@ 100053e0     gt_comparedata.obj
 0002:00003404       ??_C@_03BJOL@frx?$AA@      10005404     gt_comparedata.obj
 0002:00003408       ??_C@_0CI@FGPM@FoxPro?5report?5file?5or?5Visual?5Bas@ 10005408     gt_comparedata.obj
 0002:00003430       ??_C@_03LAFA@frm?$AA@      10005430     gt_comparedata.obj
 0002:00003434       ??_C@_0BF@HOEI@Kodak?5FlashPix?5Image?$AA@ 10005434     gt_comparedata.obj
 0002:0000344c       ??_C@_03DELO@fpx?$AA@      1000544c     gt_comparedata.obj
 0002:00003450       ??_C@_0BF@MLBE@TMT?9Pascal?5unit?5file?$AA@ 10005450     gt_comparedata.obj
 0002:00003468       ??_C@_03GDCK@fpd?$AA@      10005468     gt_comparedata.obj
 0002:0000346c       ??_C@_0BE@ICIF@FORTRAN?5source?5file?$AA@ 1000546c     gt_comparedata.obj
 0002:00003480       ??_C@_03ILIA@for?$AA@      10005480     gt_comparedata.obj
 0002:00003484       ??_C@_0BC@HIBJ@FOP?5graphics?5file?$AA@ 10005484     gt_comparedata.obj
 0002:00003498       ??_C@_03NOKO@fop?$AA@      10005498     gt_comparedata.obj
 0002:0000349c       ??_C@_03NMBE@fon?$AA@      1000549c     gt_comparedata.obj
 0002:000034a0       ??_C@_09NLEN@Font?5file?$AA@ 100054a0     gt_comparedata.obj
 0002:000034ac       ??_C@_03GCFI@fnt?$AA@      100054ac     gt_comparedata.obj
 0002:000034b0       ??_C@_0BE@OIEE@FoxPro?5formats?5file?$AA@ 100054b0     gt_comparedata.obj
 0002:000034c4       ??_C@_03FJKH@fmt?$AA@      100054c4     gt_comparedata.obj
 0002:000034c8       ??_C@_0BF@GIKF@FilmStrip?5movie?5file?$AA@ 100054c8     gt_comparedata.obj
 0002:000034e0       ??_C@_03BIFC@flm?$AA@      100054e0     gt_comparedata.obj
 0002:000034e4       ??_C@_03LCAO@fli?$AA@      100054e4     gt_comparedata.obj
 0002:000034e8       ??_C@_0CN@BBKF@AutoDesk?5Animation?5file?5?9?5should@ 100054e8     gt_comparedata.obj
 0002:00003518       ??_C@_03LDJI@flc?$AA@      10005518     gt_comparedata.obj
 0002:0000351c       ??_C@_0M@KFEO@FIZ?5archive?$AA@ 1000551c     gt_comparedata.obj
 0002:00003528       ??_C@_03KIMH@fiz?$AA@      10005528     gt_comparedata.obj
 0002:0000352c       ??_C@_0BG@HFLC@Image?5PALS?5viewer?5DLL?$AA@ 1000552c     gt_comparedata.obj
 0002:00003544       ??_C@_03BHM@fio?$AA@       10005544     gt_comparedata.obj
[...]
 0002:00010ff8       ??_C@_03JOII@6jj?$AA@      10012ff8     gt_comparedata.obj
 0002:00010ffc       ??_C@_0N@OJNH@WWPack32?51?40?$AA@ 10012ffc     gt_comparedata.obj
 0002:0001100c       ??_C@_0CB@GBPJ@WATCOM?5C?1C?$CL?$CL?5runtime?5system?51995@ 1001300c     gt_comparedata.obj
 0002:00011030       ??_C@_03NCHD@10k?$AA@      10013030     gt_comparedata.obj
 0002:00011034       ??_C@_0BD@LEEL@Virtual?5Pascal?52?41?$AA@ 10013034     gt_comparedata.obj
 0002:00011048       ??_C@_03NAOJ@29r?$AA@      10013048     gt_comparedata.obj
 0002:0001104c       ??_C@_0N@MOAF@VGCrypt?50?475?$AA@ 1001304c     gt_comparedata.obj
 0002:0001105c       ??_C@_03CEEI@20k?$AA@      1001305c     gt_comparedata.obj
 0002:00011060       ??_C@_03JOHD@15k?$AA@      10013060     gt_comparedata.obj
 0002:00011064       ??_C@_0N@FCOG@PKLite32?51?41?$AA@ 10013064     gt_comparedata.obj
 0002:00011074       ??_C@_0M@FMHB@PE?9Prot?50?49?$AA@ 10013074     gt_comparedata.obj
 0002:00011080       ??_C@_08CJDN@PeX?50?499?$AA@ 10013080     gt_comparedata.obj
 0002:0001108c       ??_C@_0N@GMBN@NeoLite?52?400?$AA@ 1001308c     gt_comparedata.obj
 0002:0001109c       ??_C@_0N@KJLH@NeoLite?51?404?$AA@ 1001309c     gt_comparedata.obj
 0002:000110ac       ??_C@_0BD@BLIF@NeoLite?51?40?5?9?51?401?$AA@ 100130ac     gt_comparedata.obj
 0002:000110c0       ??_C@_03IFCM@10r?$AA@      100130c0     gt_comparedata.obj
 0002:000110c4       ??_C@_0BE@FLAC@Harlequin?5Dylan?51?42?$AA@ 100130c4     gt_comparedata.obj
 0002:000110d8       ??_C@_0BB@LFAH@CodeCrypt?50?4164b?$AA@ 100130d8     gt_comparedata.obj
 0002:000110ec       ??_C@_0BB@NEFC@CodeCrypt?50?4163b?$AA@ 100130ec     gt_comparedata.obj
 0002:00011100       ??_C@_0BJ@HPNI@CodeCrypt?50?416b?5?9?50?4161b?$AA@ 10013100     gt_comparedata.obj
 0002:0001111c       ??_C@_0BA@MBDE@CodeCrypt?50?415b?$AA@ 1001311c     gt_comparedata.obj
 0002:0001112c       ??_C@_01LHO@r?$AA@         1001312c     gt_comparedata.obj
 0002:00011130       ??_C@_0BA@NHJO@CodeCrypt?50?414b?$AA@ 10013130     gt_comparedata.obj
 0002:00011140       ??_C@_03MENJ@11k?$AA@      10013140     gt_comparedata.obj
 0002:00011144       ??_C@_0BB@MMCG@Borland?5Delphi?54?$AA@ 10013144     gt_comparedata.obj
 0002:00011158       ??_C@_0N@EIKD@ASPack?52?4100?$AA@ 10013158     gt_comparedata.obj
 0002:00011168       ??_C@_0N@LACC@ASPack?52?4001?$AA@ 10013168     gt_comparedata.obj
 0002:00011178       ??_C@_0N@BKLF@ASPack?52?4000?$AA@ 10013178     gt_comparedata.obj
 0002:00011188       ??_C@_02PFHA@1k?$AA@       10013188     gt_comparedata.obj
 0002:0001118c       ??_C@_0N@OFNC@ASPack?51?4084?$AA@ 1001318c     gt_comparedata.obj
 0002:0001119c       ??_C@_0N@BKKA@ASPack?51?4082?$AA@ 1001319c     gt_comparedata.obj
 0002:000111ac       ??_C@_0N@OFBJ@ASPack?51?4081?$AA@ 100131ac     gt_comparedata.obj
 0002:000111bc       ??_C@_02MDHK@6r?$AA@       100131bc     gt_comparedata.obj
 0002:000111c0       ??_C@_0M@BOIO@ASPack?51?408?$AA@ 100131c0     gt_comparedata.obj
 0002:000111cc       ??_C@_0N@MCBB@ASPack?51?407b?$AA@ 100131cc     gt_comparedata.obj
 0002:000111dc       ??_C@_02PIIF@5r?$AA@       100131dc     gt_comparedata.obj
 0002:000111e0       ??_C@_02OOCP@4r?$AA@       100131e0     gt_comparedata.obj
 0002:000111e4       ??_C@_02IPHK@3r?$AA@       100131e4     gt_comparedata.obj
 0002:000111e8       ??_C@_0O@IJCJ@ASPack?51?4061b?$AA@ 100131e8     gt_comparedata.obj
 0002:000111f8       ??_C@_0N@OPEE@ASPack?51?405b?$AA@ 100131f8     gt_comparedata.obj
 0002:00011208       ??_C@_02JJNA@2r?$AA@       10013208     gt_comparedata.obj
 0002:0001120c       ??_C@_0N@PJOO@ASPack?51?404b?$AA@ 1001320c     gt_comparedata.obj
 0002:0001121c       ??_C@_0BD@KEIL@yoda?8s?5Crypter?51?40?$AA@ 1001321c     gt_comparedata.obj
 0002:00011230       ??_C@_0L@KEEC@WinZip?5SFX?$AA@ 10013230     gt_comparedata.obj
 0002:0001123c       ??_C@_0O@GPKG@WinKript?51?400?$AA@ 1001323c     gt_comparedata.obj
 0002:0001124c       ??_C@_0BD@NOK@Visual?5Protect?51?41?$AA@ 1001324c     gt_comparedata.obj
 0002:00011260       ??_C@_0P@CAOO@Visual?5C?$CL?$CL?55?40?$AA@ 10013260     gt_comparedata.obj
 0002:00011270       ??_C@_0BD@HHGP@Visual?5C?$CL?$CL?55?40?5SP3?$AA@ 10013270     gt_comparedata.obj
 0002:00011284       ??_C@_0BL@EFMH@Visual?5C?$CL?$CL?55?40?5SP3?5?$CIdebug?$CJ?$AA@ 10013284     gt_comparedata.obj
 0002:000112a0       ??_C@_0BK@BHNF@Visual?5C?$CL?$CL?55?40?5?$CIno?5debug?$CJ?$AA@ 100132a0     gt_comparedata.obj
 0002:000112bc       ??_C@_0BH@HDBA@Visual?5C?$CL?$CL?55?40?5?$CIdebug?$CJ?$AA@ 100132bc     gt_comparedata.obj
 0002:000112d4       ??_C@_0BJ@ILOF@Visual?5C?$CL?$CL?54?42?5?$CIEXE?5?9?54?$CJ?$AA@ 100132d4     gt_comparedata.obj
 0002:000112f0       ??_C@_0BJ@OKLA@Visual?5C?$CL?$CL?54?42?5?$CIEXE?5?9?53?$CJ?$AA@ 100132f0     gt_comparedata.obj
 0002:0001130c       ??_C@_0BJ@PMBK@Visual?5C?$CL?$CL?54?42?5?$CIEXE?5?9?52?$CJ?$AA@ 1001330c     gt_comparedata.obj
 0002:00011328       ??_C@_0BJ@MHOF@Visual?5C?$CL?$CL?54?42?5?$CIEXE?5?9?51?$CJ?$AA@ 10013328     gt_comparedata.obj
 0002:00011344       ??_C@_0BF@PFKF@Visual?5C?$CL?$CL?54?42?5?$CIDLL?$CJ?$AA@ 10013344     gt_comparedata.obj
 0002:0001135c       ??_C@_0P@GGAO@Visual?5C?$CL?$CL?53?41?$AA@ 1001335c     gt_comparedata.obj
 0002:0001136c       ??_C@_0N@PHCI@Visual?5C?52?40?$AA@ 1001336c     gt_comparedata.obj
 0002:0001137c       ??_C@_0CI@GJAN@UPX?51?403?5?9?51?404?5?$FLPE?$FN?5?$CIDelphi?1C?5B@ 1001337c     gt_comparedata.obj
 0002:000113a4       ??_C@_0DI@DFAB@UPX?50?489?46?5?9?51?402?5?1?51?406?5?9?51?407?5@ 100133a4     gt_comparedata.obj
 0002:000113dc       ??_C@_0CI@JJDF@UPX?50?481?5?9?50?484?5?$FLPE?$FN?5?$CIDelphi?1C?5B@ 100133dc     gt_comparedata.obj
 0002:00011404       ??_C@_0BJ@GFFK@UPX?51?405?5?9?51?407?5?$FLPE?5DLL?$FN?$AA@ 10013404     gt_comparedata.obj
 0002:00011420       ??_C@_0BF@DGIC@UPX?51?405?5?9?51?407?5?$FLPE?$FN?$AA@ 10013420     gt_comparedata.obj
 0002:00011438       ??_C@_0BJ@MNNI@UPX?51?403?5?9?51?404?5?$FLPE?5DLL?$FN?$AA@ 10013438     gt_comparedata.obj
 0002:00011454       ??_C@_0BF@GPAO@UPX?51?403?5?9?51?404?5?$FLPE?$FN?$AA@ 10013454     gt_comparedata.obj
 0002:0001146c       ??_C@_0BN@DBLM@UPX?50?499?41?5?9?50?499?42?5?$FLPE?5DLL?$FN?$AA@ 1001346c     gt_comparedata.obj
 0002:0001148c       ??_C@_0CO@JPMK@UPX?50?499?5?1?51?400?5?9?51?402?5?1?51?405?5?9?5@ 1001348c     gt_comparedata.obj
 0002:000114bc       ??_C@_0BL@CINN@UPX?50?493?5?$FLPE?$FN?5UnHack32?51?42?$AA@ 100134bc     gt_comparedata.obj
 0002:000114d8       ??_C@_0BL@NHGE@UPX?50?493?5?$FLPE?$FN?5UnHack32?51?41?$AA@ 100134d8     gt_comparedata.obj
 0002:000114f4       ??_C@_0BE@JALA@UPX?50?489?46?5?$FLPE?5DLL?$FN?$AA@ 100134f4     gt_comparedata.obj
 0002:00011508       ??_C@_0CF@ICKJ@UPX?50?489?46?5?9?51?402?5?1?51?405?5?9?51?407?5@ 10013508     gt_comparedata.obj
 0002:00011530       ??_C@_0BL@HFNO@UPX?50?489?46?5?9?50?494?5?$FLPE?5DLL?$FN?$AA@ 10013530     gt_comparedata.obj
 0002:0001154c       ??_C@_0BF@JBE@UPX?50?480?5?9?50?484?5?$FLPE?$FN?$AA@ 1001354c     gt_comparedata.obj
 0002:00011564       ??_C@_0BJ@DIPG@UPX?50?480?5?9?50?484?5?$FLPE?5DLL?$FN?$AA@ 10013564     gt_comparedata.obj
 0002:00011580       ??_C@_0BF@PLMB@UPX?50?471?5?9?50?472?5?$FLPE?$FN?$AA@ 10013580     gt_comparedata.obj
 0002:00011598       ??_C@_0BJ@OLOG@UPX?50?471?5?9?50?472?5?$FLPE?5DLL?$FN?$AA@ 10013598     gt_comparedata.obj
 0002:000115b4       ??_C@_0O@IFEG@UPX?50?470?5?$FLPE?$FN?$AA@ 100135b4     gt_comparedata.obj
 0002:000115c4       ??_C@_0BC@EJEG@UPX?50?470?5?$FLPE?5DLL?$FN?$AA@ 100135c4     gt_comparedata.obj
 0002:000115d8       ??_C@_0O@IAJD@UPX?50?462?5?$FLPE?$FN?$AA@ 100135d8     gt_comparedata.obj
 0002:000115e8       ??_C@_0BC@LMEN@UPX?50?462?5?$FLPE?5DLL?$FN?$AA@ 100135e8     gt_comparedata.obj
 0002:000115fc       ??_C@_0O@DOHD@UPX?50?461?5?$FLPE?$FN?$AA@ 100135fc     gt_comparedata.obj
 0002:0001160c       ??_C@_0BC@CMAL@UPX?50?461?5?$FLPE?5DLL?$FN?$AA@ 1001360c     gt_comparedata.obj
 0002:00011620       ??_C@_0BF@JMF@UPX?50?450?5?9?50?451?5?$FLPE?$FN?$AA@ 10013620     gt_comparedata.obj
 0002:00011638       ??_C@_0BJ@HBHG@UPX?50?450?5?9?50?451?5?$FLPE?5DLL?$FN?$AA@ 10013638     gt_comparedata.obj
 0002:00011654       ??_C@_0M@HBFN@tELock?50?480?$AA@ 10013654     gt_comparedata.obj
 0002:00011660       ??_C@_0M@PML@tELock?50?471?$AA@ 10013660     gt_comparedata.obj
 0002:0001166c       ??_C@_0M@KFFM@tELock?50?470?$AA@ 1001366c     gt_comparedata.obj
 0002:00011678       ??_C@_0M@BJGB@tELock?50?461?$AA@ 10013678     gt_comparedata.obj
 0002:00011684       ??_C@_0M@LDPG@tELock?50?460?$AA@ 10013684     gt_comparedata.obj
 0002:00011690       ??_C@_0M@CCJO@tELock?50?451?$AA@ 10013690     gt_comparedata.obj
 0002:0001169c       ??_C@_0M@MLIN@tELock?50?442?$AA@ 1001369c     gt_comparedata.obj
 0002:000116a8       ??_C@_0N@LLKN@tELock?50?441c?$AA@ 100136a8     gt_comparedata.obj
 0002:000116b8       ??_C@_0BJ@DKKA@Symantec?5Visual?5Cafe?53?40?$AA@ 100136b8     gt_comparedata.obj
 0002:000116d4       ??_C@_0BJ@ONGE@Stone?8s?5PE?5Encrypter?52?40?$AA@ 100136d4     gt_comparedata.obj
 0002:000116f0       ??_C@_0BK@MBJI@Stone?8s?5PE?5Encrypter?51?413?$AA@ 100136f0     gt_comparedata.obj
 0002:0001170c       ??_C@_0BJ@BLFP@Stone?8s?5PE?5Encrypter?51?40?$AA@ 1001370c     gt_comparedata.obj
 0002:00011728       ??_C@_0M@MAJE@SPEC?5beta?53?$AA@ 10013728     gt_comparedata.obj
 0002:00011734       ??_C@_0N@PCCK@Shrinker?53?44?$AA@ 10013734     gt_comparedata.obj
 0002:00011744       ??_C@_0N@CFOP@SecuPack?51?45?$AA@ 10013744     gt_comparedata.obj
 0002:00011754       ??_C@_0BB@DCHH@Private?5EXE?52?40a?$AA@ 10013754     gt_comparedata.obj
 0002:00011768       ??_C@_0BH@GJED@Private?5EXE?52?40a?5?9?52?42?$AA@ 10013768     gt_comparedata.obj
 0002:00011780       ??_C@_0BE@FPCH@Petite?52?42?5?$FLPE?5EXE?$FN?$AA@ 10013780     gt_comparedata.obj
 0002:00011794       ??_C@_0BE@LALL@Petite?52?42?5?$FLPE?5DLL?$FN?$AA@ 10013794     gt_comparedata.obj
 0002:000117a8       ??_C@_0L@ELPP@Petite?52?41?$AA@ 100137a8     gt_comparedata.obj
 0002:000117b4       ??_C@_0L@OBGI@Petite?52?40?$AA@ 100137b4     gt_comparedata.obj
 0002:000117c0       ??_C@_0L@LNAP@Petite?51?44?$AA@ 100137c0     gt_comparedata.obj
 0002:000117cc       ??_C@_0M@EAFP@Petite?51?43a?$AA@ 100137cc     gt_comparedata.obj
 0002:000117d8       ??_C@_0L@ECHN@Petite?51?42?$AA@ 100137d8     gt_comparedata.obj
 0002:000117e4       ??_C@_0P@HHLK@PEShield?50?42b2?$AA@ 100137e4     gt_comparedata.obj
 0002:000117f4       ??_C@_0O@IHFE@PELOCknt?52?404?$AA@ 100137f4     gt_comparedata.obj
 0002:00011804       ??_C@_0O@NCLB@PELOCknt?52?403?$AA@ 10013804     gt_comparedata.obj
 0002:00011814       ??_C@_0P@OAEP@PELOCknt?52?402?a?$AA@ 10013814     gt_comparedata.obj
 0002:00011824       ??_C@_0O@IHJP@PELOCknt?52?401?$AA@ 10013824     gt_comparedata.obj
 0002:00011834       ??_C@_0BG@HPLH@PECompact?51?440?5?9?51?443?$AA@ 10013834     gt_comparedata.obj
 0002:0001184c       ??_C@_0BK@OCME@PECompact?51?440b5?5?9?51?440b6?$AA@ 1001384c     gt_comparedata.obj
 0002:00011868       ??_C@_0BK@BIKF@PECompact?51?440b2?5?9?51?440b4?$AA@ 10013868     gt_comparedata.obj
 0002:00011884       ??_C@_0BI@KIPA@PECompact?51?434?5?9?51?440b1?$AA@ 10013884     gt_comparedata.obj
 0002:0001189c       ??_C@_0P@GKDD@PECompact?51?433?$AA@ 1001389c     gt_comparedata.obj
 0002:000118ac       ??_C@_0BK@MPBJ@PECompact?51?426b1?5?9?51?426b2?$AA@ 100138ac     gt_comparedata.obj
 0002:000118c8       ??_C@_0P@IDOL@PECompact?51?425?$AA@ 100138c8     gt_comparedata.obj
 0002:000118d8       ??_C@_0BK@JCNK@PECompact?51?424?42?5?9?51?424?43?$AA@ 100138d8     gt_comparedata.obj
 0002:000118f4       ??_C@_0BL@OBLN@PECompact?51?423?5b3?5?9?51?424?41?$AA@ 100138f4     gt_comparedata.obj
 0002:00011910       ??_C@_0P@NGAO@PECompact?51?422?$AA@ 10013910     gt_comparedata.obj
 0002:00011920       ??_C@_0BI@OHMB@PECompact?51?420?5?9?51?420?41?$AA@ 10013920     gt_comparedata.obj
 0002:00011938       ??_C@_0BC@BKKH@PECompact?51?410?5b8?$AA@ 10013938     gt_comparedata.obj
 0002:0001194c       ??_C@_0BC@BLPK@PECompact?51?410?5b7?$AA@ 1001394c     gt_comparedata.obj
 0002:00011960       ??_C@_0BC@LBGN@PECompact?51?410?5b6?$AA@ 10013960     gt_comparedata.obj
 0002:00011974       ??_C@_0BC@EONE@PECompact?51?410?5b5?$AA@ 10013974     gt_comparedata.obj
 0002:00011988       ??_C@_0BC@OEED@PECompact?51?410?5b4?$AA@ 10013988     gt_comparedata.obj
 0002:0001199c       ??_C@_0BC@LBKG@PECompact?51?410?5b3?$AA@ 1001399c     gt_comparedata.obj
 0002:000119b0       ??_C@_0BC@BLDB@PECompact?51?410?5b2?$AA@ 100139b0     gt_comparedata.obj
 0002:000119c4       ??_C@_0BC@OEII@PECompact?51?410?5b1?$AA@ 100139c4     gt_comparedata.obj
 0002:000119d8       ??_C@_0P@KOHF@PECompact?51?400?$AA@ 100139d8     gt_comparedata.obj
 0002:000119e8       ??_C@_0P@NGPG@PECompact?50?499?$AA@ 100139e8     gt_comparedata.obj
 0002:000119f8       ??_C@_0P@HMGB@PECompact?50?498?$AA@ 100139f8     gt_comparedata.obj
 0002:00011a08       ??_C@_0BC@MFMG@PECompact?50?4978?44?$AA@ 10013a08     gt_comparedata.obj
 0002:00011a1c       ??_C@_0BC@MFAN@PECompact?50?4978?41?$AA@ 10013a1c     gt_comparedata.obj
 0002:00011a30       ??_C@_0BA@HCFF@PECompact?50?4978?$AA@ 10013a30     gt_comparedata.obj
 0002:00011a40       ??_C@_0BA@HDAI@PECompact?50?4977?$AA@ 10013a40     gt_comparedata.obj
 0002:00011a50       ??_C@_0P@HNPH@PECompact?50?492?$AA@ 10013a50     gt_comparedata.obj
 0002:00011a60       ??_C@_0BB@GEGN@PEBundle?51?402wtd?$AA@ 10013a60     gt_comparedata.obj
 0002:00011a74       ??_C@_0BD@IBKH@PEBundle?51?400b3wtd?$AA@ 10013a74     gt_comparedata.obj
 0002:00011a88       ??_C@_0BH@HHLI@PEBundle?51?400b3?5?9?51?402?$AA@ 10013a88     gt_comparedata.obj
 0002:00011aa0       ??_C@_0BB@BAGD@PEBundle?50?415wtd?$AA@ 10013aa0     gt_comparedata.obj
 0002:00011ab4       ??_C@_0BB@DFDB@PEBundle?50?414wtd?$AA@ 10013ab4     gt_comparedata.obj
 0002:00011ac8       ??_C@_0BB@OKNN@PEBundle?50?412wtd?$AA@ 10013ac8     gt_comparedata.obj
 0002:00011adc       ??_C@_0O@GNGD@PEBundle?50?406?$AA@ 10013adc     gt_comparedata.obj
 0002:00011aec       ??_C@_0BB@LAEG@PEBundle?50?405wtd?$AA@ 10013aec     gt_comparedata.obj
 0002:00011b00       ??_C@_0O@JCNK@PEBundle?50?405?$AA@ 10013b00     gt_comparedata.obj
 0002:00011b10       ??_C@_0O@GNKI@PEBundle?50?403?$AA@ 10013b10     gt_comparedata.obj
 0002:00011b20       ??_C@_0O@IJLN@PE?9Crypt?51?402?$AA@ 10013b20     gt_comparedata.obj
 0002:00011b30       ??_C@_0O@HGAE@PE?9Crypt?51?401?$AA@ 10013b30     gt_comparedata.obj
 0002:00011b40       ??_C@_0N@DMG@PE?9Crypt?51?40?$AA@ 10013b40     gt_comparedata.obj
 0002:00011b50       ??_C@_0BN@KKKC@PE?5password?5protector?5by?5SMT?$AA@ 10013b50     gt_comparedata.obj
 0002:00011b70       ??_C@_0O@FIBD@PCPEC?5?$FLalpha?$FN?$AA@ 10013b70     gt_comparedata.obj
 0002:00011b80       ??_C@_07DMHH@NFO?51?40?$AA@ 10013b80     gt_comparedata.obj
 0002:00011b88       ??_C@_0P@MFJA@Lcc?9win?532?51?43?$AA@ 10013b88     gt_comparedata.obj
 0002:00011b98       ??_C@_0BE@NFEP@EXE?5Protector?51?437a?$AA@ 10013b98     gt_comparedata.obj
 0002:00011bac       ??_C@_0BH@FNLA@Ding?5Boys?5PE?9lock?50?407?$AA@ 10013bac     gt_comparedata.obj
 0002:00011bc4       ??_C@_0CA@IMLK@CrypKey?5Instant?5Stealth?55?40?4161?$AA@ 10013bc4     gt_comparedata.obj
 0002:00011be4       ??_C@_0P@PJBP@Crunch?52?40?40?42?$AA@ 10013be4     gt_comparedata.obj
 0002:00011bf4       ??_C@_0N@IPKL@CodeSafe?53?40?$AA@ 10013bf4     gt_comparedata.obj
 0002:00011c04       ??_C@_0N@NNLN@CodeSafe?52?40?$AA@ 10013c04     gt_comparedata.obj
 0002:00011c14       ??_C@_09EFPG@Cexe?51?40a?$AA@ 10013c14     gt_comparedata.obj
 0002:00011c20       ??_C@_0BF@HNDL@Borland?5Delphi?53?5?$CI2?$CJ?$AA@ 10013c20     gt_comparedata.obj
 0002:00011c38       ??_C@_0BF@EGME@Borland?5Delphi?53?5?$CI1?$CJ?$AA@ 10013c38     gt_comparedata.obj
 0002:00011c50       ??_C@_0BJ@MFGA@Borland?5C?$CL?$CL?5Win32?5?$CI1995?$CJ?$AA@ 10013c50     gt_comparedata.obj
 0002:00011c6c       ??_C@_0BJ@NDMK@Borland?5C?$CL?$CL?5Win32?5?$CI1994?$CJ?$AA@ 10013c6c     gt_comparedata.obj
 0002:00011c88       ??_C@_09DFGF@BJFNT?51?43?$AA@ 10013c88     gt_comparedata.obj
 0002:00011c94       ??_C@_09JPPC@BJFNT?51?42?$AA@ 10013c94     gt_comparedata.obj
 0002:00011ca0       ??_C@_09GAEL@BJFNT?51?41?$AA@ 10013ca0     gt_comparedata.obj
 0002:00011cac       ??_C@_0N@LADH@ASPack?51?4083?$AA@ 10013cac     gt_comparedata.obj
 0002:00011cbc       ??_C@_0BD@HDIL@ASPack?51?407b?5?$FLDLL?$FN?$AA@ 10013cbc     gt_comparedata.obj
 0002:00011cd0       ??_C@_0BE@IEHM@ASPack?51?4061b?5?$FLDLL?$FN?$AA@ 10013cd0     gt_comparedata.obj
 0002:00011ce4       ??_C@_0N@IOBB@ASPack?51?402b?$AA@ 10013ce4     gt_comparedata.obj
 0002:00011cf4       ??_C@_0N@LFOO@ASPack?51?401b?$AA@ 10013cf4     gt_comparedata.obj
 0002:00011d04       ??_C@_0P@HODN@Armadillo?51?480?$AA@ 10013d04     gt_comparedata.obj
 0002:00011d14       ??_C@_0O@EKBC@AppLok?595?52?40?$AA@ 10013d14     gt_comparedata.obj
 0002:00011d24       ??_C@_0BD@HOCL@Alloy?51?404?414?42000?$AA@ 10013d24     gt_comparedata.obj
 0002:00011d38       ??_C@_0BH@HPPB@Adobe?5PhotoShop?5Plugin?$AA@ 10013d38     gt_comparedata.obj
 0002:00011d50       ??_C@_0N@KDOI@32lite?50?403a?$AA@ 10013d50     gt_comparedata.obj
 0002:00011d60       ??_C@_0BI@LLON@PC?5Guard?51?450?5for?5Win16?$AA@ 10013d60     gt_comparedata.obj
 0002:00011d78       ??_C@_0BJ@DLOA@Borland?5C?$CL?$CL?5Win16?5?$CI1991?$CJ?$AA@ 10013d78     gt_comparedata.obj
 0002:00011d94       ??_C@_0N@NFI@Shrinker?53?42?$AA@ 10013d94     gt_comparedata.obj
 0002:00011da4       ??_C@_0M@MBPG@PKLite?52?401?$AA@ 10013da4     gt_comparedata.obj
 0002:00011db0       ??_C@_0BG@JPHD@WinZIP?5Self?5Extractor?$AA@ 10013db0     gt_comparedata.obj
 0002:00011dc8       ??_C@_0M@MNFE@Comvert?51?40?$AA@ 10013dc8     gt_comparedata.obj
 0002:00011dd4       ??_C@_05PBDC@UNP?5x?$AA@   10013dd4     gt_comparedata.obj
 0002:00011ddc       ??_C@_09LIDG@Trills?5nT?$AA@ 10013ddc     gt_comparedata.obj
 0002:00011de8       ??_C@_04HLOB@Rose?$AA@     10013de8     gt_comparedata.obj
 0002:00011df0       ??_C@_06CIMH@SCRb2e?$AA@   10013df0     gt_comparedata.obj
 0002:00011df8       ??_C@_04CFOO@PHaX?$AA@     10013df8     gt_comparedata.obj
 0002:00011e00       ??_C@_07JHHC@Mess?5?1E?$AA@ 10013e00     gt_comparedata.obj
 0002:00011e08       ??_C@_04HBDC@kaot?$AA@     10013e08     gt_comparedata.obj
 0002:00011e10       ??_C@_07FCCI@HENDR?$KNX?$AA@ 10013e10     gt_comparedata.obj
 0002:00011e18       ??_C@_07IGPB@Elite?5x?$AA@ 10013e18     gt_comparedata.obj
 0002:00011e20       ??_C@_0BB@HNL@DblStar?5Software?$AA@ 10013e20     gt_comparedata.obj
 0002:00011e34       ??_C@_06JOEF@COMSEC?$AA@   10013e34     gt_comparedata.obj
 0002:00011e3c       ??_C@_07IJHB@cINOgEN?$AA@  10013e3c     gt_comparedata.obj
 0002:00011e44       ??_C@_0BA@JEJP@Fabrice?5Bellard?$AA@ 10013e44     gt_comparedata.obj
 0002:00011e54       ??_C@_0N@NPFD@Stefan?5Esser?$AA@ 10013e54     gt_comparedata.obj
 0003:00000000       _aC2EEntries               10015000     gt_comparedata.obj
 0003:000001a8       _aNEEntries_0J             100151a8     gt_comparedata.obj
 0003:00000210       _aPEEntries_0J             10015210     gt_comparedata.obj
 0003:00000d00       _aExtPEEntries             10015d00     gt_comparedata.obj
 0003:000010f0       _aEXEEntries_0J            100160f0     gt_comparedata.obj
 0003:000026c0       _aEXEEntries_1J            100176c0     gt_comparedata.obj
 0003:00002c88       _aEXEEntries_2J            10017c88     gt_comparedata.obj
 0003:00002d78       _aEXEEntries_1LJ           10017d78     gt_comparedata.obj
 0003:00002df0       _aExtEXEEntries            10017df0     gt_comparedata.obj
 0003:000030c0       _aSysEntries               100180c0     gt_comparedata.obj
 0003:00003128       _aFixedNameEntries         10018128     gt_comparedata.obj
 0003:000031c8       _aFixedExtensionEntries    100181c8     gt_comparedata.obj

 entry point at        0000:00000000

 Static symbols


 16 bytes saved through ICF

