 gtpout

 Timestamp is 3af8f0b7 (Wed May 09 09:24:39 2001)

 Preferred load address is 10000000

 Start         Length     Name                   Class
 0001:00000000 000012eaH .text                   CODE
 0001:000012f0 00000047H .text$x                 CODE
 0002:00000000 00000090H .idata$5                DATA
 0002:00000090 00000201H .rdata                  DATA
 0002:00000294 00000058H .xdata$x                DATA
 0002:000002ec 00000050H .idata$2                DATA
 0002:0000033c 00000014H .idata$3                DATA
 0002:00000350 00000090H .idata$4                DATA
 0002:000003e0 000002e8H .idata$6                DATA
 0002:000006d0 00000115H .edata                  DATA
 0003:00000000 00000010H .data                   DATA
 0003:00000010 00002070H .bss                    DATA
 0004:00000000 00000008H .CRT$XCU                DATA

  Address         Publics by Value              Rva+Base     Lib:Object

 0001:00000000       ?_Init@GT_WindowsConsole@@AAEXXZ 10001000 f   gtplug_winconsole.obj
 0001:000000f0       ??0GT_WindowsConsole@@QAE@XZ 100010f0 f   gtplug_winconsole.obj
 0001:00000120       ??_GGT_WindowsConsole@@UAEPAXI@Z 10001120 f i gtplug_winconsole.obj
 0001:00000120       ??_EGT_WindowsConsole@@UAEPAXI@Z 10001120 f i gtplug_winconsole.obj
 0001:00000150       ??1GT_WindowsConsole@@UAE@XZ 10001150 f   gtplug_winconsole.obj
 0001:000001f0       ?SetTextColor@GT_WindowsConsole@@QAEXW4GT_Color@@@Z 100011f0 f   gtplug_winconsole.obj
 0001:000002f0       ?RestoreOriginalColor@GT_WindowsConsole@@QAEXXZ 100012f0 f   gtplug_winconsole.obj
 0001:000003e0       _GT_Output_Init            100013e0 f   gtplug_output_stdout.obj
 0001:00000420       _GT_Output_Close           10001420 f   gtplug_output_stdout.obj
 0001:00000430       _GT_Output_Flush           10001430 f   gtplug_output_stdout.obj
 0001:000008a0       _GT_Output_Append          100018a0 f   gtplug_output_stdout.obj
 0001:00000b70       ??_EADLP_String@@UAEPAXI@Z 10001b70 f i gtplug_output_stdout.obj
 0001:00000b70       ??_GADLP_String@@UAEPAXI@Z 10001b70 f i gtplug_output_stdout.obj
 0001:00000bc0       _GT_Output_Color_Append    10001bc0 f   gtplug_output_stdout.obj
 0001:00000bf0       _GT_Output_Format          10001bf0 f   gtplug_output_stdout.obj
 0001:00000d80       ??0GT_OutputMember@@QAE@ABVADLP_String@@@Z 10001d80 f i gtplug_output_stdout.obj
 0001:00000e20       _GT_Output_Color_Format    10001e20 f   gtplug_output_stdout.obj
 0001:00001030       _GT_Output_Filename        10002030 f   gtplug_output_stdout.obj
 0001:00001160       ?setFirst@Cursor@?$GT_Sequence@VGT_OutputMember@@@@UAEXXZ 10002160 f i gtplug_output_stdout.obj
 0001:00001170       ?setNext@Cursor@?$GT_Sequence@VGT_OutputMember@@@@UAEXXZ 10002170 f i gtplug_output_stdout.obj
 0001:00001180       ?isValid@Cursor@?$GT_Sequence@VGT_OutputMember@@@@UBEHXZ 10002180 f i gtplug_output_stdout.obj
 0001:00001190       ?element@Cursor@?$GT_Sequence@VGT_OutputMember@@@@UAEABVGT_OutputMember@@XZ 10002190 f i gtplug_output_stdout.obj
 0001:00001190       ?firstElement@?$GT_Sequence@VGT_OutputMember@@@@QAEAAVGT_OutputMember@@XZ 10002190 f i gtplug_output_stdout.obj
 0001:000011a0       ??_G?$GT_Sequence@VGT_OutputMember@@@@UAEPAXI@Z 100021a0 f i gtplug_output_stdout.obj
 0001:000011a0       ??_E?$GT_Sequence@VGT_OutputMember@@@@UAEPAXI@Z 100021a0 f i gtplug_output_stdout.obj
 0001:000011f0       ?addFirst@?$GT_Sequence@VGT_OutputMember@@@@QAEXABVGT_OutputMember@@@Z 100021f0 f i gtplug_output_stdout.obj
 0001:00001240       ?addLast@?$GT_Sequence@VGT_OutputMember@@@@QAEXABVGT_OutputMember@@@Z 10002240 f i gtplug_output_stdout.obj
 0001:00001290       ??3@YAXPAX@Z               10002290 f   msvcrt:MSVCRT.dll
 0001:00001296       ___CxxFrameHandler         10002296 f   msvcrt:MSVCRT.dll
 0001:000012a0       __onexit                   100022a0 f   msvcrt:atonexit.obj
 0001:000012cc       _atexit                    100022cc f   msvcrt:atonexit.obj
 0001:000012de       ??2@YAPAXI@Z               100022de f   msvcrt:MSVCRT.dll
 0001:000012e4       ___dllonexit               100022e4 f   msvcrt:MSVCRT.dll
 0002:00000000       __imp__GetLastError@0      10003000     kernel32:KERNEL32.dll
 0002:00000004       __imp__GetConsoleScreenBufferInfo@8 10003004     kernel32:KERNEL32.dll
 0002:00000008       __imp__GetStdHandle@4      10003008     kernel32:KERNEL32.dll
 0002:0000000c       __imp__SetConsoleTitleA@4  1000300c     kernel32:KERNEL32.dll
 0002:00000010       __imp__SetConsoleTextAttribute@8 10003010     kernel32:KERNEL32.dll
 0002:00000014       __imp__lstrlenA@4          10003014     kernel32:KERNEL32.dll
 0002:00000018       __imp__WriteFile@20        10003018     kernel32:KERNEL32.dll
 0002:0000001c       __imp__GetFileAttributesA@4 1000301c     kernel32:KERNEL32.dll
 0002:00000020       __imp__GetConsoleTitleA@8  10003020     kernel32:KERNEL32.dll
 0002:00000024       \177KERNEL32_NULL_THUNK_DATA 10003024     kernel32:KERNEL32.dll
 0002:00000028       __imp__memmove             10003028     msvcrt:MSVCRT.dll
 0002:0000002c       __imp__free                1000302c     msvcrt:MSVCRT.dll
 0002:00000030       __imp____CxxFrameHandler   10003030     msvcrt:MSVCRT.dll
 0002:00000034       __imp_??2@YAPAXI@Z         10003034     msvcrt:MSVCRT.dll
 0002:00000038       __imp_??3@YAXPAX@Z         10003038     msvcrt:MSVCRT.dll
 0002:0000003c       __imp__malloc              1000303c     msvcrt:MSVCRT.dll
 0002:00000040       __imp____dllonexit         10003040     msvcrt:MSVCRT.dll
 0002:00000044       __imp___onexit             10003044     msvcrt:MSVCRT.dll
 0002:00000048       \177MSVCRT_NULL_THUNK_DATA 10003048     msvcrt:MSVCRT.dll
 0002:0000004c       __imp__wvsprintfA@12       1000304c     user32:USER32.dll
 0002:00000050       __imp__SendMessageA@16     10003050     user32:USER32.dll
 0002:00000054       \177USER32_NULL_THUNK_DATA 10003054     user32:USER32.dll
 0002:00000058       __imp__PError_ShowLastWin32Error@4 10003058     gtbase:gtbase.dll
 0002:0000005c       __imp__PError_ShowErrorMessage 1000305c     gtbase:gtbase.dll
 0002:00000060       __imp_??_7ADLP_String@@6B@ 10003060     gtbase:gtbase.dll
 0002:00000064       __imp_??1ADLP_String@@UAE@XZ 10003064     gtbase:gtbase.dll
 0002:00000068       __imp_??4ADLP_String@@QAEAAV0@PBD@Z 10003068     gtbase:gtbase.dll
 0002:0000006c       __imp_??YADLP_String@@QAEXD@Z 1000306c     gtbase:gtbase.dll
 0002:00000070       __imp_?Erase@ADLP_String@@QAEAAV1@I@Z 10003070     gtbase:gtbase.dll
 0002:00000074       __imp_??0ADLP_String@@QAE@ABV0@@Z 10003074     gtbase:gtbase.dll
 0002:00000078       __imp_?Append@ADLP_String@@QAEXABV1@I@Z 10003078     gtbase:gtbase.dll
 0002:0000007c       __imp_?_set_at@ADLP_String@@AAEXIPBDI@Z 1000307c     gtbase:gtbase.dll
 0002:00000080       __imp_?_alloc@ADLP_String@@AAEXH@Z 10003080     gtbase:gtbase.dll
 0002:00000084       __imp_?_resize@ADLP_String@@AAEXI@Z 10003084     gtbase:gtbase.dll
 0002:00000088       __imp__P_splitdouble@16    10003088     gtbase:gtbase.dll
 0002:0000008c       \177gtbase_NULL_THUNK_DATA 1000308c     gtbase:gtbase.dll
 0002:00000090       ??_C@_0BL@OOLK@GetConsoleScreenBufferInfo?$AA@ 10003090     gtplug_winconsole.obj
 0002:000000ac       ??_C@_0BN@IBPP@Failed?5to?5get?5STDERR?5handle?6?$AA@ 100030ac     gtplug_winconsole.obj
 0002:000000cc       ??_C@_0BM@CGCD@Failed?5to?5get?5STDIN?5handle?6?$AA@ 100030cc     gtplug_winconsole.obj
 0002:000000e8       ??_C@_0BN@CCGB@Failed?5to?5get?5STDOUT?5handle?6?$AA@ 100030e8     gtplug_winconsole.obj
 0002:00000108       ??_7GT_WindowsConsole@@6B@ 10003108     gtplug_winconsole.obj
 0002:0000010c       ??_C@_00A@?$AA@            1000310c     gtplug_winconsole.obj
 0002:00000110       ??_C@_0BK@FOFF@SetConsoleTextAttribute?52?$AA@ 10003110     gtplug_winconsole.obj
 0002:0000012c       ??_C@_0BK@KBOM@SetConsoleTextAttribute?51?$AA@ 1000312c     gtplug_winconsole.obj
 0002:00000148       ??_7?$GT_Sequence@VGT_OutputMember@@@@6B@ 10003148     gtplug_output_stdout.obj
 0002:0000014c       ??_7Cursor@?$GT_Sequence@VGT_OutputMember@@@@6B@ 1000314c     gtplug_output_stdout.obj
 0002:0000015c       ??_C@_0DB@FJFB@Failed?5to?5send?5data?5to?5specified@ 1000315c     gtplug_output_stdout.obj
 0002:00000190       ??_SADLP_String@@6B@       10003190     gtplug_output_stdout.obj
 0002:00000194       ??_C@_0CE@MOAB@Internal?5buffer?5overflow?5at?5?$CFs?3?5@ 10003194     gtplug_output_stdout.obj
 0002:000001b8       ??_C@_0BJ@LFND@gtplug_output_stdout?4cxx?$AA@ 100031b8     gtplug_output_stdout.obj
 0002:000001d4       ??_C@_02JJJH@?6?6?$AA@     100031d4     gtplug_output_stdout.obj
 0002:000001d8       ??_C@_0BD@GOEG@?5?$FLoffline?5content?$FN?$AA@ 100031d8     gtplug_output_stdout.obj
 0002:000001ec       ??_C@_0O@JNID@?5?$FLcompressed?$FN?$AA@ 100031ec     gtplug_output_stdout.obj
 0002:000001fc       ??_C@_0DJ@HOOH@?6Error?3?5Failed?5to?5retrieve?5attri@ 100031fc     gtplug_output_stdout.obj
 0002:00000238       ??_C@_0DE@PDAJ@?9?5next?5level?5at?5?$CFld?1?$CF08Xh?5for?5?$CFl@ 10003238     gtplug_output_stdout.obj
 0002:00000270       __real@4059000000000000    10003270     gtplug_output_stdout.obj
 0002:00000278       ??_C@_0BB@IIEM@?9?5?$CFs?5?$CI?$CFld?5bytes?$CJ?$AA@ 10003278     gtplug_output_stdout.obj
 0002:0000028c       ??_C@_04EKKG@?9?5?$CFs?$AA@ 1000328c     gtplug_output_stdout.obj
 0002:000002ec       __IMPORT_DESCRIPTOR_KERNEL32 100032ec     kernel32:KERNEL32.dll
 0002:00000300       __IMPORT_DESCRIPTOR_MSVCRT 10003300     msvcrt:MSVCRT.dll
 0002:00000314       __IMPORT_DESCRIPTOR_USER32 10003314     user32:USER32.dll
 0002:00000328       __IMPORT_DESCRIPTOR_gtbase 10003328     gtbase:gtbase.dll
 0002:0000033c       __NULL_IMPORT_DESCRIPTOR   1000333c     kernel32:KERNEL32.dll
 0003:00000010       ?aCSBI@@3U_CONSOLE_SCREEN_BUFFER_INFO@@A 10004010     gtplug_winconsole.obj
 0003:00002078       ___onexitend               10006078     <common>
 0003:0000207c       ___onexitbegin             1000607c     <common>

 entry point at        0000:00000000

 Static symbols

 0001:00000330       _$E6                       10001330 f   gtplug_output_stdout.obj
 0001:00000350       _$E4                       10001350 f   gtplug_output_stdout.obj
 0001:00000360       _$E11                      10001360 f   gtplug_output_stdout.obj
 0001:00000390       _$E9                       10001390 f   gtplug_output_stdout.obj
 0001:00000630       ?_StrChr@@YGPADPADD@Z      10001630 f   gtplug_output_stdout.obj
 0001:00000650       ?_ReportToHWND@@YAXPBDPAPAD@Z 10001650 f   gtplug_output_stdout.obj
 0001:00000710       ?_DoPrint@@YAXPBDI@Z       10001710 f   gtplug_output_stdout.obj
 0001:00000750       ?_DoString@@YAXAAVADLP_String@@@Z 10001750 f   gtplug_output_stdout.obj
 0001:000008d0       ?_DoAppend@@YAXPBDHW4GT_Color@@@Z 100018d0 f   gtplug_output_stdout.obj

 16 bytes saved through ICF

