 gt2

 Timestamp is 3ac9b60b (Tue Apr 03 13:37:47 2001)

 Preferred load address is 00400000

 Start         Length     Name                   Class
 0001:00000000 00024830H .text                   CODE
 0001:00024830 00000ae2H .text$x                 CODE
 0002:00000000 00006b8fH .rdata                  DATA
 0002:00006b90 00000044H .rdata$r                DATA
 0002:00006bd4 00000fa8H .xdata$x                DATA
 0002:00007b80 000012a6H .edata                  DATA
 0003:00000000 00000004H .CRT$XCA                DATA
 0003:00000004 0000001cH .CRT$XCU                DATA
 0003:00000020 00000004H .CRT$XCZ                DATA
 0003:00000024 00000004H .CRT$XIA                DATA
 0003:00000028 00000010H .CRT$XIC                DATA
 0003:00000038 00000004H .CRT$XIY                DATA
 0003:0000003c 00000004H .CRT$XIZ                DATA
 0003:00000040 00000004H .CRT$XPA                DATA
 0003:00000044 00000008H .CRT$XPX                DATA
 0003:0000004c 00000004H .CRT$XPZ                DATA
 0003:00000050 00000004H .CRT$XTA                DATA
 0003:00000054 00000004H .CRT$XTB                DATA
 0003:00000058 00000004H .CRT$XTZ                DATA
 0003:00000060 000036d4H .data                   DATA
 0003:00003738 000066ccH .bss                    DATA
 0004:00000000 00000050H .idata$2                DATA
 0004:00000050 00000014H .idata$3                DATA
 0004:00000064 000001a8H .idata$4                DATA
 0004:0000020c 000001a8H .idata$5                DATA
 0004:000003b4 00000770H .idata$6                DATA

  Address         Publics by Value              Rva+Base     Lib:Object

 0001:00000080       _main                      00401080 f   gt_main.obj
 0001:000006e0       ?_resize@ADLP_String@@AAEXI@Z 004016e0 f i gt_main.obj
 0001:00000730       ?_set_at@ADLP_String@@AAEXIPBDI@Z 00401730 f i gt_main.obj
 0001:00000760       ??1GT_TableField@@QAE@XZ   00401760 f i gt_main.obj
 0001:00000760       ??1ADLP_String@@UAE@XZ     00401760 f i gt_main.obj
 0001:00000790       ?ReleaseMemory@ADLP_String@@QAEXXZ 00401790 f i gt_main.obj
 0001:000007b0       ??_EGT_DriveInfo@@UAEPAXI@Z 004017b0 f i gt_main.obj
 0001:000007b0       ??_GGT_DriveInfo@@UAEPAXI@Z 004017b0 f i gt_main.obj
 0001:00001230       ??_EPFileSearch@@UAEPAXI@Z 00402230 f i gt_main.obj
 0001:00001230       ??_GPFileSearch@@UAEPAXI@Z 00402230 f i gt_main.obj
 0001:00001250       ?_append@ADLP_String@@AAEXPBD@Z 00402250 f i gt_main.obj
 0001:000017f0       ??_E?$GT_Sequence@PAUGT_DriveInfo@@@@UAEPAXI@Z 004027f0 f i gt_main.obj
 0001:000017f0       ??_G?$GT_Sequence@PAUGT_DriveInfo@@@@UAEPAXI@Z 004027f0 f i gt_main.obj
 0001:00001840       ?addFirst@?$GT_Sequence@PAUGT_DriveInfo@@@@QAEXABQAUGT_DriveInfo@@@Z 00402840 f i gt_main.obj
 0001:00001890       ?addLast@?$GT_Sequence@PAUGT_DriveInfo@@@@QAEXABQAUGT_DriveInfo@@@Z 00402890 f i gt_main.obj
 0001:000018e0       ??0ADLP_SelfCheck@@QAE@XZ  004028e0 f i gt_cleanup.obj
 0001:000018f0       ??RADLP_SelfCheck@@QBEXXZ  004028f0 f i gt_cleanup.obj
 0001:00001900       ??4ADLP_SelfCheck@@QAEAAV0@ABV0@@Z 00402900 f i gt_cleanup.obj
 0001:00001910       ?_inthis@ADLP_String@@AAEHPBD@Z 00402910 f i gt_cleanup.obj
 0001:00001940       ?_align@ADLP_String@@AAEII@Z 00402940 f i gt_cleanup.obj
 0001:00001950       ?_realloc@ADLP_String@@AAEXXZ 00402950 f i gt_cleanup.obj
 0001:00001970       ?_alloc@ADLP_String@@AAEXH@Z 00402970 f i gt_cleanup.obj
 0001:000019b0       ?_set@ADLP_String@@AAEXPBD@Z 004029b0 f i gt_cleanup.obj
 0001:00001a20       ?_append@ADLP_String@@AAEXPBDI@Z 00402a20 f i gt_cleanup.obj
 0001:00001aa0       ??0ADLP_String@@QAE@ABV0@@Z 00402aa0 f i gt_cleanup.obj
 0001:00001b10       ??0ADLP_String@@QAE@PBD@Z  00402b10 f i gt_cleanup.obj
 0001:00001b90       ??0ADLP_String@@QAE@PBDI@Z 00402b90 f i gt_cleanup.obj
 0001:00001c00       ?Allocate@ADLP_String@@QAEXI@Z 00402c00 f i gt_cleanup.obj
 0001:00001c80       ?CheckAllocate@ADLP_String@@QAEXXZ 00402c80 f i gt_cleanup.obj
 0001:00001cb0       ?Clear@ADLP_String@@QAEXXZ 00402cb0 f i gt_cleanup.obj
 0001:00001cd0       ?GetBuf@ADLP_String@@QBEPADXZ 00402cd0 f i gt_cleanup.obj
 0001:00001cd0       ??BADLP_String@@QBEPBDXZ   00402cd0 f i gt_cleanup.obj
 0001:00001cd0       ?GetStr@ADLP_String@@QBEPBDXZ 00402cd0 f i gt_cleanup.obj
 0001:00001ce0       ?AsChar@ADLP_String@@QBEDXZ 00402ce0 f i gt_cleanup.obj
 0001:00001d00       ?AsUChar@ADLP_String@@QBEEXZ 00402d00 f i gt_cleanup.obj
 0001:00001d20       ?AsInt@ADLP_String@@QBEHXZ 00402d20 f i gt_cleanup.obj
 0001:00001d20       ?AsUShort@ADLP_String@@QBEGXZ 00402d20 f i gt_cleanup.obj
 0001:00001d20       ?AsUInt@ADLP_String@@QBEIXZ 00402d20 f i gt_cleanup.obj
 0001:00001d20       ?AsShort@ADLP_String@@QBEFXZ 00402d20 f i gt_cleanup.obj
 0001:00001d40       ?AsLong@ADLP_String@@QBEJXZ 00402d40 f i gt_cleanup.obj
 0001:00001d40       ?AsULong@ADLP_String@@QBEKXZ 00402d40 f i gt_cleanup.obj
 0001:00001d60       ?AsFloat@ADLP_String@@QBEMXZ 00402d60 f i gt_cleanup.obj
 0001:00001d60       ?AsDouble@ADLP_String@@QBENXZ 00402d60 f i gt_cleanup.obj
 0001:00001d80       ??4ADLP_String@@QAEAAV0@E@Z 00402d80 f i gt_cleanup.obj
 0001:00001d90       ??YADLP_String@@QAEXPBD@Z  00402d90 f i gt_cleanup.obj
 0001:00001e20       ?IsEmpty@ADLP_String@@QBEHXZ 00402e20 f i gt_cleanup.obj
 0001:00001e20       ??7ADLP_String@@QBEHXZ     00402e20 f i gt_cleanup.obj
 0001:00001e30       ??AADLP_String@@QBEDG@Z    00402e30 f i gt_cleanup.obj
 0001:00001e50       ??AADLP_String@@QAEAADG@Z  00402e50 f i gt_cleanup.obj
 0001:00001e70       ??AADLP_String@@QAEAADI@Z  00402e70 f i gt_cleanup.obj
 0001:00001e80       ?Len@ADLP_String@@QBEHXZ   00402e80 f i gt_cleanup.obj
 0001:00001e90       ?Erase@ADLP_String@@QAEAAV1@XZ 00402e90 f i gt_cleanup.obj
 0001:00001ec0       ?IsAllocated@ADLP_String@@QBEHXZ 00402ec0 f i gt_cleanup.obj
 0001:00001ed0       ?IsValidInteger@ADLP_String@@QBEHXZ 00402ed0 f i gt_cleanup.obj
 0001:00001ee0       ?IsValidDouble@ADLP_String@@QBEHXZ 00402ee0 f i gt_cleanup.obj
 0001:00001ef0       ?DelFirst@ADLP_String@@QAEXI@Z 00402ef0 f i gt_cleanup.obj
 0001:00001f00       ?DelLast@ADLP_String@@QAEXI@Z 00402f00 f i gt_cleanup.obj
 0001:00001f20       ??AADLP_String@@QBEDI@Z    00402f20 f i gt_cleanup.obj
 0001:00001f20       ??RADLP_String@@QBEDI@Z    00402f20 f i gt_cleanup.obj
 0001:00001f30       ?LastChar@ADLP_String@@QBEDXZ 00402f30 f i gt_cleanup.obj
 0001:00001f50       ?Search@ADLP_String@@QBEID@Z 00402f50 f i gt_cleanup.obj
 0001:00001f80       ?Search@ADLP_String@@QBEIPBD@Z 00402f80 f i gt_cleanup.obj
 0001:00001fc0       ?SearchAt@ADLP_String@@QBEIID@Z 00402fc0 f i gt_cleanup.obj
 0001:00002000       ?SearchAt@ADLP_String@@QBEIIPBD@Z 00403000 f i gt_cleanup.obj
 0001:00002040       ??_EADLP_String@@UAEPAXI@Z 00403040 f i gt_cleanup.obj
 0001:000020f0       ??0GT_Cleanup@@QAE@XZ      004030f0 f   gt_cleanup.obj
 0001:00002110       ?PrintFooter@GT_Cleanup@@QAEXH@Z 00403110 f   gt_cleanup.obj
 0001:00002280       ?PrintCacheStats@GT_Cleanup@@QAEXXZ 00403280 f   gt_cleanup.obj
 0001:00002300       ?WaitForKey@GT_Cleanup@@QAEXXZ 00403300 f   gt_cleanup.obj
 0001:00002330       @StartGTUI2@0              00403330 f   gt_gtui_starter.obj
 0001:000024a0       __onexit                   004034a0 f   libc:onexit.obj
 0001:0000250d       _atexit                    0040350d f   libc:onexit.obj
 0001:0000251f       ___onexitinit              0040351f f   libc:onexit.obj
 0001:0000254e       ??3@YAXPAX@Z               0040354e f   libc:delete.obj
 0001:00002559       _free                      00403559 f   libc:free.obj
 0001:000025e0       _strchr                    004035e0 f   libc:strchr.obj
 0001:000025e6       ___from_strstr_to_strchr   004035e6 f   libc:strchr.obj
 0001:0000269c       _sprintf                   0040369c f   libc:sprintf.obj
 0001:000026ee       ??2@YAPAXI@Z               004036ee f   libc:new.obj
 0001:000026fc       _fprintf                   004036fc f   libc:fprintf.obj
 0001:0000272e       ___initstdio               0040372e f   libc:_file.obj
 0001:000027d3       ___endstdio                004037d3 f   libc:_file.obj
 0001:000027e7       ?_JumpToContinuation@@YGXPAXPAUEHRegistrationNode@@@Z 004037e7 f   libc:trnsctrl.obj
 0001:0000281b       ?_CallMemberFunction0@@YGXPAX0@Z 0040381b f   libc:trnsctrl.obj
 0001:0000281b       ?_CallMemberFunction1@@YGXPAX00@Z 0040381b f   libc:trnsctrl.obj
 0001:00002822       ?_CallMemberFunction2@@YGXPAX00H@Z 00403822 f   libc:trnsctrl.obj
 0001:00002829       ?_UnwindNestedFrames@@YGXPAUEHRegistrationNode@@PAUEHExceptionRecord@@@Z 00403829 f   libc:trnsctrl.obj
 0001:00002878       ___CxxFrameHandler         00403878 f   libc:trnsctrl.obj
 0001:000028ae       ?_CallCatchBlock2@@YAPAXPAUEHRegistrationNode@@PBU_s_FuncInfo@@PAXHK@Z 004038ae f   libc:trnsctrl.obj
 0001:00002927       ?_CallSETranslator@@YAHPAUEHExceptionRecord@@PAUEHRegistrationNode@@PAX2PBU_s_FuncInfo@@H1@Z 00403927 f   libc:trnsctrl.obj
 0001:00002a50       ?_GetRangeOfTrysToCheck@@YAPBU_s_TryBlockMapEntry@@PBU_s_FuncInfo@@HHPAI1@Z 00403a50 f   libc:trnsctrl.obj
 0001:00002acb       __fpmath                   00403acb f   libc:fpinit.obj
 0001:00002ae2       __fpclear                  00403ae2 f   libc:fpinit.obj
 0001:00002ae3       __cfltcvt_init             00403ae3 f   libc:fpinit.obj
 0001:00002b1c       __global_unwind2           00403b1c f   libc:exsup.obj
 0001:00002b5e       __local_unwind2            00403b5e f   libc:exsup.obj
 0001:00002bb6       __NLG_Return2              00403bb6 f   libc:exsup.obj
 0001:00002bc6       __abnormal_termination     00403bc6 f   libc:exsup.obj
 0001:00002be9       __NLG_Notify1              00403be9 f   libc:exsup.obj
 0001:00002bf2       __NLG_Notify               00403bf2 f   libc:exsup.obj
 0001:00002c05       __NLG_Dispatch             00403c05 f   libc:exsup.obj
 0001:00002c0a       _realloc                   00403c0a f   libc:realloc.obj
 0001:00002eaa       _malloc                    00403eaa f   libc:malloc.obj
 0001:00002ebc       __nh_malloc                00403ebc f   libc:malloc.obj
 0001:00002ee8       __heap_alloc               00403ee8 f   libc:malloc.obj
 0001:00002f60       _memmove                   00403f60 f   libc:memmove.obj
 0001:00003295       _printf                    00404295 f   libc:printf.obj
 0001:000032c6       _atol                      004042c6 f   libc:atox.obj
 0001:00003351       _atoi                      00404351 f   libc:atox.obj
 0001:0000335c       _atof                      0040435c f   libc:atof.obj
 0001:000033b0       _strstr                    004043b0 f   libc:strstr.obj
 0001:00003430       ??_M@YGXPAXIHP6EX0@Z@Z     00404430 f   libc:ehvecdtr.obj
 0001:000034b0       ?__ArrayUnwind@@YGXPAXIHP6EX0@Z@Z 004044b0 f   libc:ehvecdtr.obj
 0001:00003524       __getch                    00404524 f   libc:getch.obj
 0001:000036b5       _mainCRTStartup            004046b5 f   libc:crt0.obj
 0001:00003794       __amsg_exit                00404794 f   libc:crt0.obj
 0001:000037dd       __cinit                    004047dd f   libc:crt0dat.obj
 0001:0000380a       _exit                      0040480a f   libc:crt0dat.obj
 0001:0000381b       __exit                     0040481b f   libc:crt0dat.obj
 0001:000038df       __msize                    004048df f   libc:msize.obj
 0001:00003940       __GetLinkerVersion         00404940 f   libc:heapinit.obj
 0001:0000396d       ___heap_select             0040496d f   libc:heapinit.obj
 0001:00003ab5       __heap_init                00404ab5 f   libc:heapinit.obj
 0001:00003b12       ___sbh_heap_init           00404b12 f   libc:sbheap.obj
 0001:00003b5a       ___sbh_find_block          00404b5a f   libc:sbheap.obj
 0001:00003b85       ___sbh_free_block          00404b85 f   libc:sbheap.obj
 0001:00003eae       ___sbh_alloc_block         00404eae f   libc:sbheap.obj
 0001:000041b7       ___sbh_alloc_new_region    004051b7 f   libc:sbheap.obj
 0001:00004268       ___sbh_alloc_new_group     00405268 f   libc:sbheap.obj
 0001:00004363       ___sbh_resize_block        00405363 f   libc:sbheap.obj
 0001:00004659       ___old_sbh_new_region      00405659 f   libc:sbheap.obj
 0001:0000479d       ___old_sbh_release_region  0040579d f   libc:sbheap.obj
 0001:000047f3       ___old_sbh_decommit_pages  004057f3 f   libc:sbheap.obj
 0001:000048b5       ___old_sbh_find_block      004058b5 f   libc:sbheap.obj
 0001:0000490c       ___old_sbh_free_block      0040590c f   libc:sbheap.obj
 0001:00004951       ___old_sbh_alloc_block     00405951 f   libc:sbheap.obj
 0001:00004b59       ___old_sbh_alloc_block_from_page 00405b59 f   libc:sbheap.obj
 0001:00004c7d       ___old_sbh_resize_block    00405c7d f   libc:sbheap.obj
 0001:00004d26       __flsbuf                   00405d26 f   libc:_flsbuf.obj
 0001:00004e3b       __output                   00405e3b f   libc:output.obj
 0001:00005645       __stbuf                    00406645 f   libc:_sftbuf.obj
 0001:000056d2       __ftbuf                    004066d2 f   libc:_sftbuf.obj
 0001:0000570f       __ioinit                   0040670f f   libc:ioinit.obj
 0001:000058ba       _calloc                    004068ba f   libc:calloc.obj
 0001:0000596b       __fcloseall                0040696b f   libc:closeall.obj
 0001:000059c3       _fflush                    004069c3 f   libc:fflush.obj
 0001:000059fe       __flush                    004069fe f   libc:fflush.obj
 0001:00005a5a       __flushall                 00406a5a f   libc:fflush.obj
 0001:00005ad0       ___InternalCxxFrameHandler 00406ad0 f   libc:frame.obj
 0001:00005e17       ___FrameUnwindToState      00406e17 f   libc:frame.obj
 0001:0000622a       ?_DestructExceptionObject@@YAXPAUEHExceptionRecord@@E@Z 0040722a f   libc:frame.obj
 0001:000062c0       __CallSettingFrame@12      004072c0 f   libc:lowhelpr.obj
 0001:000062e7       __NLG_Return               004072e7 f   libc:lowhelpr.obj
 0001:0000630c       ?terminate@@YAXXZ          0040730c f   libc:hooks.obj
 0001:00006362       ?_inconsistency@@YAXXZ     00407362 f   libc:hooks.obj
 0001:000063b8       __setdefaultprecision      004073b8 f   libc:fp8.obj
 0001:000063ca       __ms_p5_test_fdiv          004073ca f   libc:testfdiv.obj
 0001:00006408       __ms_p5_mp_test_fdiv       00407408 f   libc:testfdiv.obj
 0001:00006431       __forcdecpt                00407431 f   libc:cvt.obj
 0001:0000648b       __cropzeros                0040748b f   libc:cvt.obj
 0001:000064d9       __positive                 004074d9 f   libc:cvt.obj
 0001:000064f1       __fassign                  004074f1 f   libc:cvt.obj
 0001:0000652f       __cftoe                    0040752f f   libc:cvt.obj
 0001:00006633       __cftof                    00407633 f   libc:cvt.obj
 0001:00006711       __cftog                    00407711 f   libc:cvt.obj
 0001:000067f6       __cfltcvt                  004077f6 f   libc:cvt.obj
 0001:0000686c       __callnewh                 0040786c f   libc:handler.obj
 0001:00006890       _memcpy                    00407890 f   libc:memcpy.obj
 0001:00006bc5       __isctype                  00407bc5 f   libc:isctype.obj
 0001:00006c40       __allmul                   00407c40 f   libc:llmul.obj
 0001:00006c74       __fltin                    00407c74 f   libc:cfin.obj
 0001:00006d10       _strlen                    00407d10 f   libc:strlen.obj
 0001:00006d94       __except_handler3          00407d94 f   libc:exsup3.obj
 0001:00006e51       __seh_longjmp_unwind@4     00407e51 f   libc:exsup3.obj
 0001:00006e6c       ___initconin               00407e6c f   libc:initcon.obj
 0001:00006e8b       ___termcon                 00407e8b f   libc:initcon.obj
 0001:00006ec0       __chkstk                   00407ec0 f   libc:chkstk.obj
 0001:00006ec0       __alloca_probe             00407ec0 f   libc:chkstk.obj
 0001:00006eef       __XcptFilter               00407eef f   libc:winxfltr.obj
 0001:00007073       __setenvp                  00408073 f   libc:stdenvp.obj
 0001:0000712c       __setargv                  0040812c f   libc:stdargv.obj
 0001:00007379       ___crtGetEnvironmentStringsA 00408379 f   libc:a_env.obj
 0001:000074ab       __FF_MSGBANNER             004084ab f   libc:crt0msg.obj
 0001:000074e4       __NMSG_WRITE               004084e4 f   libc:crt0msg.obj
 0001:00007637       _strtol                    00408637 f   libc:strtol.obj
 0001:00007860       _strncmp                   00408860 f   libc:strncmp.obj
 0001:000078a0       _memset                    004088a0 f   libc:memset.obj
 0001:000078f8       __lseek                    004088f8 f   libc:lseek.obj
 0001:00007992       __write                    00408992 f   libc:write.obj
 0001:00007b3f       __getbuf                   00408b3f f   libc:_getbuf.obj
 0001:00007b83       __isatty                   00408b83 f   libc:isatty.obj
 0001:00007ba9       _wctomb                    00408ba9 f   libc:wctomb.obj
 0001:00007c20       __aulldiv                  00408c20 f   libc:ulldiv.obj
 0001:00007c90       __aullrem                  00408c90 f   libc:ullrem.obj
 0001:00007d05       _fclose                    00408d05 f   libc:fclose.obj
 0001:00007d5b       __commit                   00408d5b f   libc:commit.obj
 0001:00007db2       ?__CxxUnhandledExceptionFilter@@YGJPAU_EXCEPTION_POINTERS@@@Z 00408db2 f   libc:unhandld.obj
 0001:00007df8       ?__CxxSetUnhandledExceptionFilter@@YAXXZ 00408df8 f   libc:unhandld.obj
 0001:00007e09       ?__CxxRestoreUnhandledExceptionFilter@@YAXXZ 00408e09 f   libc:unhandld.obj
 0001:00007e16       ?_ValidateRead@@YAHPBXI@Z  00408e16 f   libc:validate.obj
 0001:00007e32       ?_ValidateWrite@@YAHPAXI@Z 00408e32 f   libc:validate.obj
 0001:00007e4e       ?_ValidateExecute@@YAHP6GHXZ@Z 00408e4e f   libc:validate.obj
 0001:00007e70       _strcmp                    00408e70 f   libc:strcmp.obj
 0001:00007ef4       _abort                     00408ef4 f   libc:abort.obj
 0001:00007f0b       __control87                00408f0b f   libc:ieee87.obj
 0001:00007f40       __controlfp                00408f40 f   libc:ieee87.obj
 0001:00008071       _tolower                   00409071 f   libc:tolower.obj
 0001:0000813c       __ZeroTail                 0040913c f   libc:intrncvt.obj
 0001:00008185       __IncMan                   00409185 f   libc:intrncvt.obj
 0001:000081db       __RoundMan                 004091db f   libc:intrncvt.obj
 0001:00008267       __CopyMan                  00409267 f   libc:intrncvt.obj
 0001:00008282       __FillZeroMan              00409282 f   libc:intrncvt.obj
 0001:0000828e       __IsZeroMan                0040928e f   libc:intrncvt.obj
 0001:000082a9       __ShrMan                   004092a9 f   libc:intrncvt.obj
 0001:00008336       __ld12cvt                  00409336 f   libc:intrncvt.obj
 0001:000084a2       __ld12tod                  004094a2 f   libc:intrncvt.obj
 0001:000084b8       __ld12tof                  004094b8 f   libc:intrncvt.obj
 0001:000084ce       __atodbl                   004094ce f   libc:intrncvt.obj
 0001:000084fb       __atoflt                   004094fb f   libc:intrncvt.obj
 0001:00008530       _strcpy                    00409530 f   libc:strcat.obj
 0001:00008540       _strcat                    00409540 f   libc:strcat.obj
 0001:00008620       __fptostr                  00409620 f   libc:_fptostr.obj
 0001:00008697       __fltout                   00409697 f   libc:cfout.obj
 0001:000086fb       ___dtold                   004096fb f   libc:cfout.obj
 0001:000087b1       __fptrap                   004097b1 f   libc:crt0fp.obj
 0001:000087ba       ___crtGetStringTypeA       004097ba f   libc:a_str.obj
 0001:00008903       ___strgtold12              00409903 f   libc:strgtold.obj
 0001:00008dd4       __setmbcp                  00409dd4 f   libc:mbctype.obj
 0001:00009198       ___initmbctable            0040a198 f   libc:mbctype.obj
 0001:000091b4       ___crtMessageBoxA          0040a1b4 f   libc:crtmbox.obj
 0001:00009240       _strncpy                   0040a240 f   libc:strncpy.obj
 0001:0000933e       _toupper                   0040a33e f   libc:toupper.obj
 0001:0000940a       __dosmaperr                0040a40a f   libc:dosmap.obj
 0001:00009471       __alloc_osfhnd             0040a471 f   libc:osfinfo.obj
 0001:00009506       __set_osfhnd               0040a506 f   libc:osfinfo.obj
 0001:0000957d       __free_osfhnd              0040a57d f   libc:osfinfo.obj
 0001:000095f7       __get_osfhandle            0040a5f7 f   libc:osfinfo.obj
 0001:00009634       __close                    0040a634 f   libc:close.obj
 0001:000096e7       __freebuf                  0040a6e7 f   libc:_freebuf.obj
 0001:00009712       _raise                     0040a712 f   libc:winsig.obj
 0001:00009884       ___crtLCMapStringA         0040a884 f   libc:a_map.obj
 0001:00009ad3       ___addl                    0040aad3 f   libc:mantold.obj
 0001:00009af4       ___add_12                  0040aaf4 f   libc:mantold.obj
 0001:00009b52       ___shl_12                  0040ab52 f   libc:mantold.obj
 0001:00009b80       ___shr_12                  0040ab80 f   libc:mantold.obj
 0001:00009bad       ___mtold12                 0040abad f   libc:mantold.obj
 0001:00009c74       _$I10_OUTPUT               0040ac74 f   libc:x10fout.obj
 0001:00009f07       ___ld12mul                 0040af07 f   libc:tenpow.obj
 0001:0000a127       ___multtenpow12            0040b127 f   libc:tenpow.obj
 0001:0000a1b0       ?Start@PTimer@@QAEXXZ      0040b1b0 f   plib:ptimer.obj
 0001:0000a1d0       ?Stop@PTimer@@QAEXXZ       0040b1d0 f   plib:ptimer.obj
 0001:0000a1f0       ?PError_ShowErrorMessage@@YAXPBDZZ 0040b1f0 f   plib:perror.obj
 0001:0000a240       ?PError_ShowWin32Error@@YGXPBD@Z 0040b240 f   plib:perror.obj
 0001:0000a320       ?_insert@ADLP_String@@AAEXPBDII@Z 0040b320 f   plib:adlp_string.obj
 0001:0000a560       ??0ADLP_String@@QAE@E@Z    0040b560 f   plib:adlp_string.obj
 0001:0000a560       ??0ADLP_String@@QAE@D@Z    0040b560 f   plib:adlp_string.obj
 0001:0000a5a0       ??0ADLP_String@@QAE@F@Z    0040b5a0 f   plib:adlp_string.obj
 0001:0000a640       ??0ADLP_String@@QAE@G@Z    0040b640 f   plib:adlp_string.obj
 0001:0000a6e0       ??0ADLP_String@@QAE@H@Z    0040b6e0 f   plib:adlp_string.obj
 0001:0000a780       ??0ADLP_String@@QAE@I@Z    0040b780 f   plib:adlp_string.obj
 0001:0000a820       ??0ADLP_String@@QAE@J@Z    0040b820 f   plib:adlp_string.obj
 0001:0000a8c0       ??0ADLP_String@@QAE@K@Z    0040b8c0 f   plib:adlp_string.obj
 0001:0000a960       ??0ADLP_String@@QAE@NPBD@Z 0040b960 f   plib:adlp_string.obj
 0001:0000aa10       ??YADLP_String@@QAEXE@Z    0040ba10 f   plib:adlp_string.obj
 0001:0000aa10       ??YADLP_String@@QAEXD@Z    0040ba10 f   plib:adlp_string.obj
 0001:0000aa70       ??YADLP_String@@QAEXABV0@@Z 0040ba70 f   plib:adlp_string.obj
 0001:0000ab00       ??YADLP_String@@QAEXF@Z    0040bb00 f   plib:adlp_string.obj
 0001:0000ab90       ??YADLP_String@@QAEXG@Z    0040bb90 f   plib:adlp_string.obj
 0001:0000ac30       ??YADLP_String@@QAEXH@Z    0040bc30 f   plib:adlp_string.obj
 0001:0000acc0       ??YADLP_String@@QAEXI@Z    0040bcc0 f   plib:adlp_string.obj
 0001:0000ad50       ??YADLP_String@@QAEXJ@Z    0040bd50 f   plib:adlp_string.obj
 0001:0000ade0       ??YADLP_String@@QAEXK@Z    0040bde0 f   plib:adlp_string.obj
 0001:0000ae70       ??YADLP_String@@QAEXN@Z    0040be70 f   plib:adlp_string.obj
 0001:0000af10       ??YADLP_String@@QAEX_J@Z   0040bf10 f   plib:adlp_string.obj
 0001:0000afb0       ??4ADLP_String@@QAEAAV0@D@Z 0040bfb0 f   plib:adlp_string.obj
 0001:0000b010       ??4ADLP_String@@QAEAAV0@PBD@Z 0040c010 f   plib:adlp_string.obj
 0001:0000b0b0       ??4ADLP_String@@QAEAAV0@ABV0@@Z 0040c0b0 f   plib:adlp_string.obj
 0001:0000b150       ??4ADLP_String@@QAEAAV0@F@Z 0040c150 f   plib:adlp_string.obj
 0001:0000b1e0       ??4ADLP_String@@QAEAAV0@G@Z 0040c1e0 f   plib:adlp_string.obj
 0001:0000b270       ??4ADLP_String@@QAEAAV0@H@Z 0040c270 f   plib:adlp_string.obj
 0001:0000b300       ??4ADLP_String@@QAEAAV0@I@Z 0040c300 f   plib:adlp_string.obj
 0001:0000b390       ??4ADLP_String@@QAEAAV0@J@Z 0040c390 f   plib:adlp_string.obj
 0001:0000b420       ??4ADLP_String@@QAEAAV0@K@Z 0040c420 f   plib:adlp_string.obj
 0001:0000b4b0       ??4ADLP_String@@QAEAAV0@N@Z 0040c4b0 f   plib:adlp_string.obj
 0001:0000b540       ??4ADLP_String@@QAEAAV0@_J@Z 0040c540 f   plib:adlp_string.obj
 0001:0000b5d0       ?Insert@ADLP_String@@QAEAAV1@ABV1@I@Z 0040c5d0 f   plib:adlp_string.obj
 0001:0000b600       ?Insert@ADLP_String@@QAEAAV1@PBDI@Z 0040c600 f   plib:adlp_string.obj
 0001:0000b640       ?Insert@ADLP_String@@QAEAAV1@DI@Z 0040c640 f   plib:adlp_string.obj
 0001:0000b670       ?Erase@ADLP_String@@QAEAAV1@I@Z 0040c670 f   plib:adlp_string.obj
 0001:0000b690       ?Erase@ADLP_String@@QAEAAV1@II@Z 0040c690 f   plib:adlp_string.obj
 0001:0000b6e0       ?Cut@ADLP_String@@QAE?AV1@II@Z 0040c6e0 f   plib:adlp_string.obj
 0001:0000b820       ?Copy@ADLP_String@@QBE?AV1@II@Z 0040c820 f   plib:adlp_string.obj
 0001:0000b930       ?EraseLeadingChars@ADLP_String@@QAEXD@Z 0040c930 f   plib:adlp_string.obj
 0001:0000b990       ?EraseTrailingChars@ADLP_String@@QAEXD@Z 0040c990 f   plib:adlp_string.obj
 0001:0000b9d0       ?IsUpper@ADLP_String@@QBEHXZ 0040c9d0 f   plib:adlp_string.obj
 0001:0000ba00       ?IsLower@ADLP_String@@QBEHXZ 0040ca00 f   plib:adlp_string.obj
 0001:0000ba30       ?IsAlpha@ADLP_String@@QBEHXZ 0040ca30 f   plib:adlp_string.obj
 0001:0000ba70       ?IsNumeric@ADLP_String@@QBEHXZ 0040ca70 f   plib:adlp_string.obj
 0001:0000baa0       ?IsAlphaNumeric@ADLP_String@@QBEHXZ 0040caa0 f   plib:adlp_string.obj
 0001:0000bae0       ?ToUpper@ADLP_String@@QAEXXZ 0040cae0 f   plib:adlp_string.obj
 0001:0000bb20       ?ToLower@ADLP_String@@QAEXXZ 0040cb20 f   plib:adlp_string.obj
 0001:0000bb60       ?GetCharCount@ADLP_String@@QBEID@Z 0040cb60 f   plib:adlp_string.obj
 0001:0000bb90       ?GetStrCount@ADLP_String@@QBEIPBD@Z 0040cb90 f   plib:adlp_string.obj
 0001:0000bbe0       ?Set@ADLP_String@@QAEXPBDI@Z 0040cbe0 f   plib:adlp_string.obj
 0001:0000bc80       ?Append@ADLP_String@@QAEXNPBD@Z 0040cc80 f   plib:adlp_string.obj
 0001:0000bd20       ?Append@ADLP_String@@QAEXDI@Z 0040cd20 f   plib:adlp_string.obj
 0001:0000bdb0       ?Append@ADLP_String@@QAEXPADI@Z 0040cdb0 f   plib:adlp_string.obj
 0001:0000bef0       ?Append@ADLP_String@@QAEXABV1@I@Z 0040cef0 f   plib:adlp_string.obj
 0001:0000bf80       ?ReplaceAllChar@ADLP_String@@QAEIDD@Z 0040cf80 f   plib:adlp_string.obj
 0001:0000bfd0       ?ReplaceAllChar@ADLP_String@@QAEIDPBD@Z 0040cfd0 f   plib:adlp_string.obj
 0001:0000c1f0       ?ReplaceAllStr@ADLP_String@@QAEIPBD0@Z 0040d1f0 f   plib:adlp_string.obj
 0001:0000c430       ?ADLP_IsValidInteger@@YIHPBD@Z 0040d430 f   plib:adlp_string.obj
 0001:0000c470       ?ADLP_IsValidDouble@@YIHPBD@Z 0040d470 f   plib:adlp_string.obj
 0001:0000c4e0       ?ADLP_Mask@@YIXPBDAAVADLP_String@@H@Z 0040d4e0 f   plib:adlp_string.obj
 0001:0000c610       ?ADLP_Unmask@@YIXPBDAAVADLP_String@@@Z 0040d610 f   plib:adlp_string.obj
 0001:0000c740       ?ADLP_Unmask@@YIXABVADLP_String@@AAV1@@Z 0040d740 f   plib:adlp_string.obj
 0001:0000c850       ??1PFileSearch@@UAE@XZ     0040d850 f   plib:pfilesearch.obj
 0001:0000c880       ?FindFirst@PFileSearch@@QAEXPBD@Z 0040d880 f   plib:pfilesearch.obj
 0001:0000c8e0       ?FindNext@PFileSearch@@QAEXXZ 0040d8e0 f   plib:pfilesearch.obj
 0001:0000c910       ?FindClose@PFileSearch@@QAEXXZ 0040d910 f   plib:pfilesearch.obj
 0001:0000c940       ?GetFilename@PFileSearch@@QBEPBDXZ 0040d940 f   plib:pfilesearch.obj
 0001:0000c970       ?IsDirectory@PFileSearch@@QBEHXZ 0040d970 f   plib:pfilesearch.obj
 0001:0000ca40       ?out_init_listmode@@YGXH@Z 0040da40 f   lib_gt:gt_output.obj
 0001:0000ca50       ?out_init_all@@YGXHHJ@Z    0040da50 f   lib_gt:gt_output.obj
 0001:0000ca70       ?out_flush@@YGXXZ          0040da70 f   lib_gt:gt_output.obj
 0001:0000ce50       ?out_append@@YGXPBD@Z      0040de50 f   lib_gt:gt_output.obj
 0001:0000d100       ?out_append@@YGXPBDW4GT_Color@@@Z 0040e100 f   lib_gt:gt_output.obj
 0001:0000d130       ?out_append@@YGXABVADLP_String@@@Z 0040e130 f   lib_gt:gt_output.obj
 0001:0000d150       ?out_format@@YAXPBDZZ      0040e150 f   lib_gt:gt_output.obj
 0001:0000d3b0       ?out_color_format@@YAXW4GT_Color@@PBDZZ 0040e3b0 f   lib_gt:gt_output.obj
 0001:0000d6a0       ?out_title@@YGXPBD@Z       0040e6a0 f   lib_gt:gt_output.obj
 0001:0000d780       ?out_filename@@YGXPAVGT_FileBuffer@@@Z 0040e780 f   lib_gt:gt_output.obj
 0001:0000d890       ?setFirst@Cursor@?$GT_Sequence@VGT_OutputMember@@@@UAEXXZ 0040e890 f i lib_gt:gt_output.obj
 0001:0000d8a0       ?setNext@Cursor@?$GT_Sequence@VGT_OutputMember@@@@UAEXXZ 0040e8a0 f i lib_gt:gt_output.obj
 0001:0000d8b0       ?isValid@Cursor@?$GT_Sequence@VGT_OutputMember@@@@UBEHXZ 0040e8b0 f i lib_gt:gt_output.obj
 0001:0000d8c0       ?element@Cursor@?$GT_Sequence@VGT_OutputMember@@@@UAEABVGT_OutputMember@@XZ 0040e8c0 f i lib_gt:gt_output.obj
 0001:0000d8c0       ?firstElement@?$GT_Sequence@VGT_OutputMember@@@@QAEAAVGT_OutputMember@@XZ 0040e8c0 f i lib_gt:gt_output.obj
 0001:0000d8d0       ??_G?$GT_Sequence@VGT_OutputMember@@@@UAEPAXI@Z 0040e8d0 f i lib_gt:gt_output.obj
 0001:0000d8d0       ??_E?$GT_Sequence@VGT_OutputMember@@@@UAEPAXI@Z 0040e8d0 f i lib_gt:gt_output.obj
 0001:0000d920       ?addFirst@?$GT_Sequence@VGT_OutputMember@@@@QAEXABVGT_OutputMember@@@Z 0040e920 f i lib_gt:gt_output.obj
 0001:0000d970       ?addLast@?$GT_Sequence@VGT_OutputMember@@@@QAEXABVGT_OutputMember@@@Z 0040e970 f i lib_gt:gt_output.obj
 0001:0000d9c0       ??0?$GT_Entry@VGT_OutputMember@@@@QAE@PAV0@ABVGT_OutputMember@@0@Z 0040e9c0 f i lib_gt:gt_output.obj
 0001:0000d9f0       ?GT_Flags_Init@@YGXHPAPAD@Z 0040e9f0 f   lib_gt:gt_commandlineflags.obj
 0001:0000da40       ?GT_Flags_Parse@@YGXXZ     0040ea40 f   lib_gt:gt_commandlineflags.obj
 0001:0000da80       ?GT_Flags_SetFlag@@YGHPBD@Z 0040ea80 f   lib_gt:gt_commandlineflags.obj
 0001:0000db20       ?GT_Flags_OptimizeFlags@@YGXXZ 0040eb20 f   lib_gt:gt_commandlineflags.obj
 0001:0000dbd0       ?GT_Flags_GetAsString@@YG?AVADLP_String@@XZ 0040ebd0 f   lib_gt:gt_commandlineflags.obj
 0001:0000de00       ??0GT_ConfigFile@@QAE@XZ   0040ee00 f   lib_gt:gt_configfile.obj
 0001:0000df70       ??_GGT_ConfigFile@@UAEPAXI@Z 0040ef70 f i lib_gt:gt_configfile.obj
 0001:0000df70       ??_EGT_ConfigFile@@UAEPAXI@Z 0040ef70 f i lib_gt:gt_configfile.obj
 0001:0000dfb0       ??1GT_ConfigFile@@UAE@XZ   0040efb0 f   lib_gt:gt_configfile.obj
 0001:0000dfe0       ?Read@GT_ConfigFile@@QAEHXZ 0040efe0 f   lib_gt:gt_configfile.obj
 0001:0000e1a0       ??0GT_FileBuffer@@QAE@PBDJP6GH0J@ZJHH@Z 0040f1a0 f   lib_gt:gt_filebuffer.obj
 0001:0000e310       ??_EGT_FileBuffer@@UAEPAXI@Z 0040f310 f i lib_gt:gt_filebuffer.obj
 0001:0000e310       ??_GGT_FileBuffer@@UAEPAXI@Z 0040f310 f i lib_gt:gt_filebuffer.obj
 0001:0000e330       ?_Open@GT_FileBuffer@@AAE?AW4GT_OpenReturnCode@@XZ 0040f330 f   lib_gt:gt_filebuffer.obj
 0001:0000e3f0       ?Init@GT_FileBuffer@@QAE?AW4GT_OpenReturnCode@@XZ 0040f3f0 f   lib_gt:gt_filebuffer.obj
 0001:0000e430       ??1GT_FileBuffer@@UAE@XZ   0040f430 f   lib_gt:gt_filebuffer.obj
 0001:0000e500       ?_InitBuffer@GT_FileBuffer@@AAEXXZ 0040f500 f   lib_gt:gt_filebuffer.obj
 0001:0000e610       ?_DetermineIfText@GT_FileBuffer@@AAEXXZ 0040f610 f   lib_gt:gt_filebuffer.obj
 0001:0000e6d0       ?_Read@GT_FileBuffer@@ABEJPAXJ@Z 0040f6d0 f   lib_gt:gt_filebuffer.obj
 0001:0000e710       ?SetActFilePos@GT_FileBuffer@@QAEXJ@Z 0040f710 f   lib_gt:gt_filebuffer.obj
 0001:0000e760       ??1GT_Exception@@QAE@XZ    0040f760 f i lib_gt:gt_filebuffer.obj
 0001:0000e7b0       ??0GT_Exception@@QAE@ABV0@@Z 0040f7b0 f i lib_gt:gt_filebuffer.obj
 0001:0000e880       ?IncActFilePos@GT_FileBuffer@@QAEXJ@Z 0040f880 f   lib_gt:gt_filebuffer.obj
 0001:0000e8d0       ?GetFileNameExtension@GT_FileBuffer@@QBEPBDXZ 0040f8d0 f   lib_gt:gt_filebuffer.obj
 0001:0000e8f0       ?CallListProc@GT_FileBuffer@@QBEXJ@Z 0040f8f0 f   lib_gt:gt_filebuffer.obj
 0001:0000e920       ?GetByte@GT_FileBuffer@@QAEEJ@Z 0040f920 f   lib_gt:gt_filebuffer.obj
 0001:0000e9e0       ?GetWord@GT_FileBuffer@@QAEGJ@Z 0040f9e0 f   lib_gt:gt_filebuffer.obj
 0001:0000eac0       ?GetLong@GT_FileBuffer@@QAEJJ@Z 0040fac0 f   lib_gt:gt_filebuffer.obj
 0001:0000eba0       ?GetBufferX@GT_FileBuffer@@QAEXJPAXJ@Z 0040fba0 f   lib_gt:gt_filebuffer.obj
 0001:0000ed20       ?GetBuffer@GT_FileBuffer@@QAEHJPAXJ@Z 0040fd20 f   lib_gt:gt_filebuffer.obj
 0001:0000ee20       ?GetString@GT_FileBuffer@@QAEHJAAVADLP_String@@J@Z 0040fe20 f   lib_gt:gt_filebuffer.obj
 0001:0000eed0       ?GetCString@GT_FileBuffer@@QAEXAAVADLP_String@@JJ@Z 0040fed0 f   lib_gt:gt_filebuffer.obj
 0001:0000efe0       ?GetPascalString@GT_FileBuffer@@QAEXAAVADLP_String@@J@Z 0040ffe0 f   lib_gt:gt_filebuffer.obj
 0001:0000f160       ?GetUntil@GT_FileBuffer@@QAEHJEPAXHAAH@Z 00410160 f   lib_gt:gt_filebuffer.obj
 0001:0000f1f0       ?SkipUntil@GT_FileBuffer@@QAEHJE@Z 004101f0 f   lib_gt:gt_filebuffer.obj
 0001:0000f2a0       ?Find@GT_FileBuffer@@QAEHEJJ@Z 004102a0 f   lib_gt:gt_filebuffer.obj
 0001:0000f2e0       ?Find@GT_FileBuffer@@QAEHPBDJJ@Z 004102e0 f   lib_gt:gt_filebuffer.obj
 0001:0000f3c0       ?iFind@GT_FileBuffer@@QAEHPBDJJ@Z 004103c0 f   lib_gt:gt_filebuffer.obj
 0001:0000f510       ?Compare@GT_FileBuffer@@QAEHJJE@Z 00410510 f   lib_gt:gt_filebuffer.obj
 0001:0000f550       ?Compare@GT_FileBuffer@@QAEHJJPBD@Z 00410550 f   lib_gt:gt_filebuffer.obj
 0001:0000f590       ?iCompare@GT_FileBuffer@@QAEHJJPBD@Z 00410590 f   lib_gt:gt_filebuffer.obj
 0001:0000f5d0       ??0GT_WindowsConsole@@QAE@XZ 004105d0 f   lib_gt:gt_winconsole.obj
 0001:0000f6e0       ??_GGT_WindowsConsole@@UAEPAXI@Z 004106e0 f i lib_gt:gt_winconsole.obj
 0001:0000f6e0       ??_EGT_WindowsConsole@@UAEPAXI@Z 004106e0 f i lib_gt:gt_winconsole.obj
 0001:0000f700       ??1GT_WindowsConsole@@UAE@XZ 00410700 f   lib_gt:gt_winconsole.obj
 0001:0000f790       ?SetTextColor@GT_WindowsConsole@@QBEXW4GT_Color@@@Z 00410790 f   lib_gt:gt_winconsole.obj
 0001:0000f880       ?RestoreOriginalColor@GT_WindowsConsole@@QBEXXZ 00410880 f   lib_gt:gt_winconsole.obj
 0001:0000f8b0       ?SetTitle@GT_WindowsConsole@@QBEXPBD@Z 004108b0 f   lib_gt:gt_winconsole.obj
 0001:0000f8c0       ??0GT_Exception@@QAA@PBDJ0ZZ 004108c0 f   lib_gt:gt_exceptions.obj
 0001:0000f9a0       ?Print@GT_Exception@@QBEXXZ 004109a0 f   lib_gt:gt_exceptions.obj
 0001:0000fa30       ?Check_EXT_EXE@GT_EXEAnalyzer@@AAEHJH@Z 00410a30 f   lib_data:gt_exe_analyzer.obj
 0001:0000fed0       ?Check_EXE_Generic@GT_EXEAnalyzer@@AAEHJ@Z 00410ed0 f   lib_data:gt_exe_analyzer.obj
 0001:000102c0       ?CheckStartupCode@GT_EXEAnalyzer@@AAEHH@Z 004112c0 f   lib_data:gt_exe_analyzer.obj
 0001:00010630       ?ListCOM@GT_EXEAnalyzer@@QAEXXZ 00411630 f   lib_data:gt_exe_analyzer.obj
 0001:00010660       ?ListEXE@GT_EXEAnalyzer@@QAEXXZ 00411660 f   lib_data:gt_exe_analyzer.obj
 0001:000108a0       ?_ListNEEXEs@GT_EXEAnalyzer@@AAEXXZ 004118a0 f   lib_data:gt_exe_analyzer.obj
 0001:00010a20       ??1GT_EXE_LE_Lister@@QAE@XZ 00411a20 f i lib_data:gt_exe_analyzer.obj
 0001:00010ae0       ??0GT_DBFAnalyzer@@QAE@PAVGT_FileBuffer@@@Z 00411ae0 f   lib_data:gt_generic.obj
 0001:00010c40       ?Analyze@GT_DBFAnalyzer@@QBE?AVADLP_String@@XZ 00411c40 f   lib_data:gt_generic.obj
 0001:00010f50       ?Analyze@GT_HTMLAnalyzer@@QBE?AVADLP_String@@XZ 00411f50 f   lib_data:gt_generic.obj
 0001:00011150       ?_SubAnalyze@GT_RIFFAnalyzer@@ABGXKKAAKAAVADLP_String@@1@Z 00412150 f   lib_data:gt_generic.obj
 0001:000114b0       ?Analyze@GT_RIFFAnalyzer@@QBG?AVADLP_String@@AAJ@Z 004124b0 f   lib_data:gt_generic.obj
 0001:00011c80       ?_GetPascalStartPos@GT_SourceAnalyzer@@ABGHXZ 00412c80 f   lib_data:gt_generic.obj
 0001:00011d80       ?_GetCStartPos@GT_SourceAnalyzer@@ABGHXZ 00412d80 f   lib_data:gt_generic.obj
 0001:00011e60       ?_Init@GT_SourceAnalyzer@@AAGXXZ 00412e60 f   lib_data:gt_generic.obj
 0001:00012aa0       ?_GetNextString@GT_SourceAnalyzer@@AAGXHD@Z 00413aa0 f   lib_data:gt_generic.obj
 0001:00012b60       ?_CheckString2@GT_SourceAnalyzer@@AAGHABVADLP_String@@HPBD1@Z 00413b60 f   lib_data:gt_generic.obj
 0001:00012bd0       ?GetSourceType@GT_SourceAnalyzer@@QAGXAAVADLP_String@@@Z 00413bd0 f   lib_data:gt_generic.obj
 0001:00012db0       ??0GT_TTFAnalyzer@@QAE@PAVGT_FileBuffer@@@Z 00413db0 f   lib_data:gt_generic.obj
 0001:00012e60       ?ReadEntry@GT_TTFAnalyzer@@ABE?AVADLP_String@@PAU_GT_TTF_Name@@HH@Z 00413e60 f   lib_data:gt_generic.obj
 0001:00013080       ?Analyze@GT_TTFAnalyzer@@QBE?AVADLP_String@@XZ 00414080 f   lib_data:gt_generic.obj
 0001:000133a0       ?GT_GenericAnalyze@@YG?AVADLP_String@@PAVGT_FileBuffer@@AAJ@Z 004143a0 f   lib_data:gt_generic.obj
 0001:00017af0       ?Analyze@GT_SYSAnalyzer@@QBE?AVADLP_String@@XZ 00418af0 f i lib_data:gt_generic.obj
 0001:00017db0       ??1GT_SourceAnalyzer@@QAE@XZ 00418db0 f i lib_data:gt_generic.obj
 0001:00017de0       ??0GT_EXEHeader@@QAE@PAVGT_FileBuffer@@@Z 00418de0 f   lib_data:gt_exe_header.obj
 0001:00017e70       ?IsValidCOM@GT_EXEHeader@@QBEHXZ 00418e70 f   lib_data:gt_exe_header.obj
 0001:00017ed0       ?GetAbsoluteIP@GT_EXEHeader@@QBEJXZ 00418ed0 f   lib_data:gt_exe_header.obj
 0001:00017f00       ?GetOverlaySize@GT_EXEHeader@@QBEJXZ 00418f00 f   lib_data:gt_exe_header.obj
 0001:00017f40       ?GT_CheckForFixedName@@YIHPBDAAVADLP_String@@@Z 00418f40 f   lib_data:gt_fixedname.obj
 0001:00018130       ?GT_CheckForFixedExtension@@YIHPBDAAVADLP_String@@@Z 00419130 f   lib_data:gt_fixedname.obj
 0001:00018330       ?GT_CheckForRegistryExtension@@YIHPBDAAVADLP_String@@@Z 00419330 f   lib_data:gt_fixedname.obj
 0001:00018560       ??0GT_Compare@@QAE@PAEEHPAVGT_FileBuffer@@P6IXPAU_EXEEntry@@01@Z@Z 00419560 f   lib_data:gt_compare.obj
 0001:00018590       ?ExplicitMatches@GT_Compare@@QAE?AW4GT_CompareError@@PAEH@Z 00419590 f   lib_data:gt_compare.obj
 0001:00018600       ?Matches@GT_Compare@@QAE?AW4GT_CompareError@@PAU_EXEEntry@@@Z 00419600 f   lib_data:gt_compare.obj
 0001:000186d0       ?GetMacroPos@GT_MacroManager@@QAEHAAJPBDH@Z 004196d0 f   lib_data:gt_macromanager.obj
 0001:00018920       ?GetLongCallPos@GT_MacroManager@@QAEHAAJJ@Z 00419920 f   lib_data:gt_macromanager.obj
 0001:00018980       ?GetJumpPos@GT_MacroManager@@QAEHAAJH@Z 00419980 f   lib_data:gt_macromanager.obj
 0001:00018ad0       ?Get32BitRVAJumpPos@GT_MacroManager@@QAEHAAJH@Z 00419ad0 f   lib_data:gt_macromanager.obj
 0001:00018b60       ??_GGT_EXE_LE_ObjectTableHandler@@UAEPAXI@Z 00419b60 f i lib_data:gt_exe_le.obj
 0001:00018b60       ??_EGT_EXE_LE_ObjectTableHandler@@UAEPAXI@Z 00419b60 f i lib_data:gt_exe_le.obj
 0001:00018ba0       ??1GT_EXE_LE_ObjectTableHandler@@UAE@XZ 00419ba0 f   lib_data:gt_exe_le.obj
 0001:00018bc0       ?GetRealAddrOfObject@GT_EXE_LE_ObjectTableHandler@@QBEJH@Z 00419bc0 f   lib_data:gt_exe_le.obj
 0001:00018bf0       ?GetSizeOfObject@GT_EXE_LE_ObjectTableHandler@@QBEJH@Z 00419bf0 f   lib_data:gt_exe_le.obj
 0001:00018c50       ??0GT_EXE_LE_HeaderHandler@@QAE@PAVGT_FileBuffer@@J@Z 00419c50 f   lib_data:gt_exe_le.obj
 0001:00018ce0       ?Execute@GT_EXE_LE_Lister@@QAEXXZ 00419ce0 f   lib_data:gt_exe_le.obj
 0001:00019050       ??_EGT_TableField@@QAEPAXI@Z 0041a050 f i lib_data:gt_exe_pe.obj
 0001:000190b0       ??_EGT_TableColumn@@UAEPAXI@Z 0041a0b0 f i lib_data:gt_exe_pe.obj
 0001:00019110       ??1GT_TableColumn@@UAE@XZ  0041a110 f i lib_data:gt_exe_pe.obj
 0001:000191a0       ?List@GT_EXE_PE_ExportAnalyzer@@UAEXXZ 0041a1a0 f   lib_data:gt_exe_pe.obj
 0001:000194f0       ??0GT_TableColumn@@QAE@XZ  0041a4f0 f i lib_data:gt_exe_pe.obj
 0001:00019530       ?Init@GT_TableColumn@@QAEXIIHW4GT_TableColumnType@@PBD@Z 0041a530 f i lib_data:gt_exe_pe.obj
 0001:00019610       ??0ADLP_String@@QAE@XZ     0041a610 f i lib_data:gt_exe_pe.obj
 0001:00019610       ??0GT_TableField@@QAE@XZ   0041a610 f i lib_data:gt_exe_pe.obj
 0001:00019630       ??1GT_Table@@UAE@XZ        0041a630 f i lib_data:gt_exe_pe.obj
 0001:00019650       ??_GGT_Table@@UAEPAXI@Z    0041a650 f i lib_data:gt_exe_pe.obj
 0001:00019650       ??_EGT_Table@@UAEPAXI@Z    0041a650 f i lib_data:gt_exe_pe.obj
 0001:00019680       ?_ListLookupTable@GT_EXE_PE_ImportAnalyzer@@AAEXJ@Z 0041a680 f   lib_data:gt_exe_pe.obj
 0001:00019760       ?List@GT_EXE_PE_ImportAnalyzer@@UAEXXZ 0041a760 f   lib_data:gt_exe_pe.obj
 0001:00019880       ?_ListVersionInfo@GT_EXE_PE_ResourceAnalyzer@@AAEXPAE@Z 0041a880 f   lib_data:gt_exe_pe.obj
 0001:00019ae0       ?_ListTable@GT_EXE_PE_ResourceAnalyzer@@AAEXJ@Z 0041aae0 f   lib_data:gt_exe_pe.obj
 0001:00019b90       ?_ListEntry@GT_EXE_PE_ResourceAnalyzer@@AAEXJ@Z 0041ab90 f   lib_data:gt_exe_pe.obj
 0001:00019e20       ?List@GT_EXE_PE_ResourceAnalyzer@@UAEXXZ 0041ae20 f   lib_data:gt_exe_pe.obj
 0001:00019ef0       ??_GGT_EXE_PE_DataDirectoryHandler@@UAEPAXI@Z 0041aef0 f i lib_data:gt_exe_pe.obj
 0001:00019ef0       ??_EGT_EXE_PE_DataDirectoryHandler@@UAEPAXI@Z 0041aef0 f i lib_data:gt_exe_pe.obj
 0001:00019f30       ??0GT_EXE_PE_Lister@@QAE@JPAVGT_FileBuffer@@@Z 0041af30 f   lib_data:gt_exe_pe.obj
 0001:00019f50       ?CheckDataDirectory@GT_EXE_PE_Lister@@AAEXPAVGT_EXE_PE_SectionTableAnalyzer@@@Z 0041af50 f   lib_data:gt_exe_pe.obj
 0001:0001a1d0       ??1GT_EXE_PE_DataDirectoryHandler@@UAE@XZ 0041b1d0 f i lib_data:gt_exe_pe.obj
 0001:0001a1f0       ?Execute@GT_EXE_PE_Lister@@QAEXXZ 0041b1f0 f   lib_data:gt_exe_pe.obj
 0001:0001ab90       ?Check_EXT_PE@GT_EXE_PE_Lister@@AAEHJPAVGT_EXE_PE_SectionTableAnalyzer@@@Z 0041bb90 f   lib_data:gt_exe_pe.obj
 0001:0001ac80       ?CheckForCode@GT_EXE_PE_Lister@@AAEXJPAVGT_EXE_PE_SectionTableAnalyzer@@@Z 0041bc80 f   lib_data:gt_exe_pe.obj
 0001:0001afb0       ?Execute@GT_EXE_NE_Lister@@QAEXXZ 0041bfb0 f   lib_data:gt_exe_ne.obj
 0001:0001b800       ??0GT_EXE_NE_HeaderHdl@@QAE@JPAVGT_FileBuffer@@H@Z 0041c800 f   lib_data:gt_exe_ne_header.obj
 0001:0001b830       ??0GT_EXE_PE_SectionTableAnalyzer@@QAE@PAVGT_FileBuffer@@PAU_GT_EXE_PE_ImageFileHeader@@J@Z 0041c830 f   lib_data:gt_exe_pe_sectiontablehdl.obj
 0001:0001b8d0       ??_GGT_EXE_PE_SectionTableAnalyzer@@UAEPAXI@Z 0041c8d0 f i lib_data:gt_exe_pe_sectiontablehdl.obj
 0001:0001b8d0       ??_EGT_EXE_PE_SectionTableAnalyzer@@UAEPAXI@Z 0041c8d0 f i lib_data:gt_exe_pe_sectiontablehdl.obj
 0001:0001b910       ??1GT_EXE_PE_SectionTableAnalyzer@@UAE@XZ 0041c910 f   lib_data:gt_exe_pe_sectiontablehdl.obj
 0001:0001b930       ?GetEXESize@GT_EXE_PE_SectionTableAnalyzer@@QBEJXZ 0041c930 f   lib_data:gt_exe_pe_sectiontablehdl.obj
 0001:0001b960       ?GetSectionName@GT_EXE_PE_SectionTableAnalyzer@@QBEPBDHH@Z 0041c960 f   lib_data:gt_exe_pe_sectiontablehdl.obj
 0001:0001b9d0       ?GetSectionNameOfRVA@GT_EXE_PE_SectionTableAnalyzer@@QBEPBDJ@Z 0041c9d0 f   lib_data:gt_exe_pe_sectiontablehdl.obj
 0001:0001ba30       ?r2o@GT_EXE_PE_SectionTableAnalyzer@@QBEJJ@Z 0041ca30 f   lib_data:gt_exe_pe_sectiontablehdl.obj
 0001:0001ba70       ?o2r@GT_EXE_PE_SectionTableAnalyzer@@QBEJJ@Z 0041ca70 f   lib_data:gt_exe_pe_sectiontablehdl.obj
 0001:0001bac0       ??0GT_EXE_NE_SegmentHandler@@QAE@PAVGT_FileBuffer@@PAVGT_EXE_NE_HeaderHdl@@@Z 0041cac0 f   lib_data:gt_exe_ne_segmenthdl.obj
 0001:0001bb70       ??_GGT_EXE_NE_SegmentHandler@@UAEPAXI@Z 0041cb70 f i lib_data:gt_exe_ne_segmenthdl.obj
 0001:0001bb70       ??_EGT_EXE_NE_SegmentHandler@@UAEPAXI@Z 0041cb70 f i lib_data:gt_exe_ne_segmenthdl.obj
 0001:0001bbb0       ??1GT_EXE_NE_SegmentHandler@@UAE@XZ 0041cbb0 f   lib_data:gt_exe_ne_segmenthdl.obj
 0001:0001bbd0       ?GetEndPos@GT_EXE_NE_SegmentHandler@@QBEJH@Z 0041cbd0 f   lib_data:gt_exe_ne_segmenthdl.obj
 0001:0001bc30       ?GetLength@GT_EXE_NE_SegmentHandler@@QBEJH@Z 0041cc30 f   lib_data:gt_exe_ne_segmenthdl.obj
 0001:0001bc60       ?GetStartPos@GT_EXE_NE_SegmentHandler@@QBEJH@Z 0041cc60 f   lib_data:gt_exe_ne_segmenthdl.obj
 0001:0001bc80       ?GetAllocSize@GT_EXE_NE_SegmentHandler@@QBEJH@Z 0041cc80 f   lib_data:gt_exe_ne_segmenthdl.obj
 0001:0001bca0       ?GetEntryPoint@GT_EXE_NE_SegmentHandler@@QBEJXZ 0041cca0 f   lib_data:gt_exe_ne_segmenthdl.obj
 0001:0001bd10       ?GetCalculatedFileSize@GT_EXE_NE_SegmentHandler@@QBEJXZ 0041cd10 f   lib_data:gt_exe_ne_segmenthdl.obj
 0001:0001bd70       ?GetType@GT_EXE_NE_SegmentHandler@@QBEPBDH@Z 0041cd70 f   lib_data:gt_exe_ne_segmenthdl.obj
 0001:0001bd90       ??0GT_ArchiveAnalyzer@@QAE@PAVGT_FileBuffer@@@Z 0041cd90 f   lib_archive:gt_archiver.obj
 0001:0001be00       ?IsHAArchive@GT_ArchiveAnalyzer@@ABEHH@Z 0041ce00 f   lib_archive:gt_archiver.obj
 0001:0001bf90       ?GetPacker@GT_ArchiveAnalyzer@@AAEXH@Z 0041cf90 f   lib_archive:gt_archiver.obj
 0001:0001c8d0       ?ListArchiveName@GT_ArchiveAnalyzer@@QBEXXZ 0041d8d0 f   lib_archive:gt_archiver.obj
 0001:0001c920       ?ListArchive@GT_ArchiveAnalyzer@@QAEHXZ 0041d920 f   lib_archive:gt_archiver.obj
 0001:0001d3a0       ?CheckForOverlay@GT_ArchiveAnalyzer@@QBEXXZ 0041e3a0 f   lib_archive:gt_archiver.obj
 0001:0001d3b0       ??0GT_BasicArchiveLister@@QAE@PAVGT_FileBuffer@@H@Z 0041e3b0 f   lib_archive:gt_archiver.obj
 0001:0001d3f0       ?ShowHeader@GT_BasicArchiveLister@@UAEXXZ 0041e3f0 f   lib_archive:gt_archiver.obj
 0001:0001d440       ?ShowFile@GT_BasicArchiveLister@@UAEXJJNPBDHW4PDateTimeType@@H@Z 0041e440 f   lib_archive:gt_archiver.obj
 0001:0001d5c0       ?ShowOverall@GT_BasicArchiveLister@@UAEXXZ 0041e5c0 f   lib_archive:gt_archiver.obj
 0001:0001d6d0       ?ListFiles@GT_BasicArchiveLister@@UAEXXZ 0041e6d0 f   lib_archive:gt_archiver.obj
 0001:0001d6e0       ?ListFiles@GT_777ArchiveLister@@UAEXXZ 0041e6e0 f   lib_archive:gt_archiver.obj
 0001:0001d920       ?ListFiles@GT_ACEArchiveLister@@UAEXXZ 0041e920 f   lib_archive:gt_archiver.obj
 0001:0001db40       ?ListFiles@GT_AINArchiveLister@@UAEXXZ 0041eb40 f   lib_archive:gt_archiver.obj
 0001:0001dbb0       ?ListFiles@GT_AKT7ArchiveLister@@UAEXXZ 0041ebb0 f   lib_archive:gt_archiver.obj
 0001:0001de20       ?ListFiles@GT_AKT9ArchiveLister@@UAEXXZ 0041ee20 f   lib_archive:gt_archiver.obj
 0001:0001e010       ?ListFiles@GT_AMGArchiveLister@@UAEXXZ 0041f010 f   lib_archive:gt_archiver.obj
 0001:0001e1f0       ?ListFiles@GT_ARCArchiveLister@@UAEXXZ 0041f1f0 f   lib_archive:gt_archiver.obj
 0001:0001e2d0       ?ListFiles@GT_ARGArchiveLister@@UAEXXZ 0041f2d0 f   lib_archive:gt_archiver.obj
 0001:0001e360       ?ListFiles@GT_ARJArchiveLister@@UAEXXZ 0041f360 f   lib_archive:gt_archiver.obj
 0001:0001e750       ?ListFiles@GT_ARQArchiveLister@@UAEXXZ 0041f750 f   lib_archive:gt_archiver.obj
 0001:0001e8a0       ?ListFiles@GT_ARXArchiveLister@@UAEXXZ 0041f8a0 f   lib_archive:gt_archiver.obj
 0001:0001e9b0       ?ListFiles@GT_ASDArchiveLister@@UAEXXZ 0041f9b0 f   lib_archive:gt_archiver.obj
 0001:0001eac0       ?ListFiles@GT_BLIArchiveLister@@UAEXXZ 0041fac0 f   lib_archive:gt_archiver.obj
 0001:0001ecb0       ?ListFiles@GT_CABArchiveLister@@UAEXXZ 0041fcb0 f   lib_archive:gt_archiver.obj
 0001:0001edf0       ?ListFiles@GT_DPAArchiveLister@@UAEXXZ 0041fdf0 f   lib_archive:gt_archiver.obj
 0001:0001eec0       ?ListFiles@GT_GZArchiveLister@@UAEXXZ 0041fec0 f   lib_archive:gt_archiver.obj
 0001:0001efe0       ?ListFiles@GT_HAArchiveLister@@UAEXXZ 0041ffe0 f   lib_archive:gt_archiver.obj
 0001:0001f180       ?ListFiles@GT_IDSKAArchiveLister@@UAEXXZ 00420180 f   lib_archive:gt_archiver.obj
 0001:0001f1c0       ??0GT_IMPArchiveLister@@QAE@PAVGT_FileBuffer@@H@Z 004201c0 f   lib_archive:gt_archiver.obj
 0001:0001f260       ?load_fixed_codes@GT_IMPArchiveLister@@IAEXPAEJ@Z 00420260 f   lib_archive:gt_archiver.obj
 0001:0001f360       ?make_codes@GT_IMPArchiveLister@@IAEXPAKPAEH@Z 00420360 f   lib_archive:gt_archiver.obj
 0001:0001f410       ?make_decode_tables@GT_IMPArchiveLister@@IAEHPAHQAY01HPAKPAEHH@Z 00420410 f   lib_archive:gt_archiver.obj
 0001:0001f5a0       ?load_hcodes@GT_IMPArchiveLister@@IAEHPAEHHJ@Z 004205a0 f   lib_archive:gt_archiver.obj
 0001:0001f980       ?expand_lz@GT_IMPArchiveLister@@IAEHPAEHH@Z 00420980 f   lib_archive:gt_archiver.obj
 0001:00020380       ?ListFiles@GT_IMPArchiveLister@@UAEXXZ 00421380 f   lib_archive:gt_archiver.obj
 0001:00020830       ?ListFiles@GT_INSArchiveLister@@UAEXXZ 00421830 f   lib_archive:gt_archiver.obj
 0001:000209f0       ?ListFiles@GT_ISCArchiveLister@@UAEXXZ 004219f0 f   lib_archive:gt_archiver.obj
 0001:00020cb0       ?ListFiles@GT_LGArchiveLister@@UAEXXZ 00421cb0 f   lib_archive:gt_archiver.obj
 0001:00020e50       ?ListFiles@GT_LZHArchiveLister@@UAEXXZ 00421e50 f   lib_archive:gt_archiver.obj
 0001:00021230       ?ListFiles@GT_LZOArchiveLister@@UAEXXZ 00422230 f   lib_archive:gt_archiver.obj
 0001:00021370       ?ListFiles@GT_NEROArchiveLister@@UAEXXZ 00422370 f   lib_archive:gt_archiver.obj
 0001:00021420       ?ListFiles@GT_PAQArchiveLister@@UAEXXZ 00422420 f   lib_archive:gt_archiver.obj
 0001:00021530       ?ListFiles@GT_PPZArchiveLister@@UAEXXZ 00422530 f   lib_archive:gt_archiver.obj
 0001:000215e0       ?ListFiles@GT_RARArchiveLister@@UAEXXZ 004225e0 f   lib_archive:gt_archiver.obj
 0001:00021880       ?ListFiles@GT_STIArchiveLister@@UAEXXZ 00422880 f   lib_archive:gt_archiver.obj
 0001:00021bf0       ?ListFiles@GT_SYNArchiveLister@@UAEXXZ 00422bf0 f   lib_archive:gt_archiver.obj
 0001:00021cb0       ?ListFiles@GT_TARArchiveLister@@UAEXXZ 00422cb0 f   lib_archive:gt_archiver.obj
 0001:00021db0       ?ListFiles@GT_YCArchiveLister@@UAEXXZ 00422db0 f   lib_archive:gt_archiver.obj
 0001:00021f30       ?ListFiles@GT_ZETArchiveLister@@UAEXXZ 00422f30 f   lib_archive:gt_archiver.obj
 0001:000221e0       ?ListFiles@GT_ZIPArchiveLister@@UAEXXZ 004231e0 f   lib_archive:gt_archiver.obj
 0001:00022490       ?ListFiles@GT_ZOOArchiveLister@@UAEXXZ 00423490 f   lib_archive:gt_archiver.obj
 0001:00022610       ??1?$GT_Sequence@VADLP_String@@@@UAE@XZ 00423610 f i lib_archive:gt_archiver.obj
 0001:00022660       ??_G?$GT_Sequence@VADLP_String@@@@UAEPAXI@Z 00423660 f i lib_archive:gt_archiver.obj
 0001:00022660       ??_E?$GT_Sequence@VADLP_String@@@@UAEPAXI@Z 00423660 f i lib_archive:gt_archiver.obj
 0001:000226c0       ?addLast@?$GT_Sequence@VADLP_String@@@@QAEXABVADLP_String@@@Z 004236c0 f i lib_archive:gt_archiver.obj
 0001:00022760       ??0?$GT_Entry@VADLP_String@@@@QAE@PAV0@ABVADLP_String@@0@Z 00423760 f i lib_archive:gt_archiver.obj
 0001:000227f0       ??1?$GT_Entry@VADLP_String@@@@QAE@XZ 004237f0 f i lib_archive:gt_archiver.obj
 0001:00022820       _RtlUnwind@16              00423820 f   kernel32:KERNEL32.dll
 0001:00022826       __strdup                   00423826 f   libc:strdup.obj
 0001:00022826       _strdup                    00423826 f   libc:strdup.obj
 0001:00022851       _clock                     00423851 f   libc:clock.obj
 0001:00022894       ___inittime                00423894 f   libc:clock.obj
 0001:000228c9       _vfprintf                  004238c9 f   libc:vfprintf.obj
 0001:000228fa       __itoa                     004238fa f   libc:xtoa.obj
 0001:00022983       __ltoa                     00423983 f   libc:xtoa.obj
 0001:000229ad       __i64toa                   004239ad f   libc:xtoa.obj
 0001:00022a64       _fputs                     00423a64 f   libc:fputs.obj
 0001:00022aa7       _vsprintf                  00423aa7 f   libc:vsprintf.obj
 0001:00022af8       __fsopen                   00423af8 f   libc:fopen.obj
 0001:00022b18       _fopen                     00423b18 f   libc:fopen.obj
 0001:00022b2b       _fgets                     00423b2b f   libc:fgets.obj
 0001:00022b90       _strrchr                   00423b90 f   libc:strrchr.obj
 0001:00022bb7       _strerror                  00423bb7 f   libc:strerror.obj
 0001:00022be3       __open                     00423be3 f   libc:open.obj
 0001:00022bfa       __sopen                    00423bfa f   libc:open.obj
 0001:00022eb3       __filelength               00423eb3 f   libc:flength.obj
 0001:00022f2b       _setvbuf                   00423f2b f   libc:setvbuf.obj
 0001:00022fcc       __read                     00423fcc f   libc:read.obj
 0001:000231c2       _fread                     004241c2 f   libc:fread.obj
 0001:000232aa       _fseek                     004242aa f   libc:fseek.obj
 0001:00023336       ??1type_info@@UAE@XZ       00424336 f   libc:typinfo.obj
 0001:0002334b       ??_Etype_info@@UAEPAXI@Z   0042434b f i libc:typinfo.obj
 0001:0002334b       ??_Gtype_info@@UAEPAXI@Z   0042434b f i libc:typinfo.obj
 0001:00023367       __CxxThrowException@8      00424367 f   libc:throw.obj
 0001:000233b0       __strnicmp                 004243b0 f   libc:strnicmp.obj
 0001:000233b0       _strnicmp                  004243b0 f   libc:strnicmp.obj
 0001:00023460       __ftol                     00424460 f   libc:ftol.obj
 0001:00023490       __stricmp                  00424490 f   libc:stricmp.obj
 0001:00023490       _stricmp                   00424490 f   libc:stricmp.obj
 0001:00023490       __strcmpi                  00424490 f   libc:stricmp.obj
 0001:0002351c       __purecall                 0042451c f   libc:purevirt.obj
 0001:00023525       ??_L@YGXPAXIHP6EX0@Z1@Z    00424525 f   libc:ehvecctr.obj
 0001:000235a7       _fwrite                    004245a7 f   libc:fwrite.obj
 0001:000236b1       __openfile                 004246b1 f   libc:_open.obj
 0001:00023821       __getstream                00424821 f   libc:stream.obj
 0001:00023899       __filbuf                   00424899 f   libc:_filbuf.obj
 0001:00023972       __chsize                   00424972 f   libc:chsize.obj
 0001:00023ab8       _ftell                     00424ab8 f   libc:ftell.obj
 0001:00023c10       __setmode                  00424c10 f   libc:setmode.obj
 0001:00023c90       ?p_StrOct2Dec@@YGJPADH@Z   00424c90 f   plib:pheader.obj
 0001:00023d50       ?p_Align@@YGXAAJH@Z        00424d50 f   plib:pheader.obj
 0001:00023d70       ?p_HexToLong@@YGJPBD@Z     00424d70 f   plib:pheader.obj
 0001:00023f60       ?p_atol@@YGJPBD@Z          00424f60 f   plib:pheader.obj
 0001:00023f90       ?p_long2str@@YGPBDJ@Z      00424f90 f   plib:pheader.obj
 0001:00023fb0       ?p_unicode2ansi@@YGXPBDPADH@Z 00424fb0 f   plib:pheader.obj
 0001:00023ff0       ?p_LongSwapByte@@YGKK@Z    00424ff0 f   plib:pheader.obj
 0001:00024020       ?GetCurrentUserString@PRegistry@@SIHPBD0JPAD@Z 00425020 f   plib:pregistry.obj
 0001:00024090       ?GetClassesRootString@PRegistry@@SIHPBD0JPAD@Z 00425090 f   plib:pregistry.obj
 0001:00024100       ?GT_Error_ShowInternalError@@YGXPBD0H@Z 00425100 f   lib_gt:gt_error.obj
 0001:00024180       ?Print@GT_Table@@QBEXXZ    00425180 f   lib_gt:gt_outputtable.obj
 0001:00024400       ??0GT_DateTimeEntry@@QAE@XZ 00425400 f   lib_gt:gt_time.obj
 0001:00024420       ?SetDOSTime@GT_DateTime@@QAEXJ@Z 00425420 f   lib_gt:gt_time.obj
 0001:00024470       ?SetWindowsTime@GT_DateTime@@QAEXN@Z 00425470 f   lib_gt:gt_time.obj
 0001:00024500       ?SetUnixTime@GT_DateTime@@QAEXJ@Z 00425500 f   lib_gt:gt_time.obj
 0001:000247e0       ?DateToBuffer@GT_DateTime@@QAEXPADH@Z 004257e0 f   lib_gt:gt_time.obj
 0002:00000000       ??_C@_04FHDI@0?426?$AA@    00427000     gt_main.obj
 0002:00000008       ??_7?$GT_Sequence@PAUGT_DriveInfo@@@@6B@ 00427008     gt_main.obj
 0002:0000000c       ??_C@_0DI@JFLF@Parameter?5?8?$CFs?8?5contains?5at?5least@ 0042700c     gt_main.obj
 0002:00000044       ??_C@_0BL@JEF@Found?5no?5matches?5for?5?8?$CFs?8?6?$AA@ 00427044     gt_main.obj
 0002:00000060       ??_7ADLP_String@@6B@       00427060     gt_main.obj
 0002:00000064       ??_C@_00A@?$AA@            00427064     gt_main.obj
 0002:00000068       ??_C@_0DE@DFLP@Drives?5?$CI?$CFs?$CJ?5are?5not?5allowed?5when@ 00427068     gt_main.obj
 0002:0000009c       ??_C@_0DN@POBF@Relative?5pathes?5?$CI?$CFs?$CJ?5are?5not?5all@ 0042709c     gt_main.obj
 0002:000000dc       ??_C@_0CC@LKFO@GT?52000?5?$FL?$CFd?1?$CFd?$FN?5?$FL?$CF?41f?$CF?$CF?$FN?5?9?5?$FLPHaX@ 004270dc     gt_main.obj
 0002:00000100       __real@4059000000000000    00427100     gt_main.obj
 0002:00000108       ??_C@_0BM@EFAL@GT?52000?5?$FL0?10?$FN?5?$FL0?40?$CF?$FN?5?$FLPHaX?$FN?$AA@ 00427108     gt_main.obj
 0002:00000124       ??_7GT_DriveInfo@@6B@      00427124     gt_main.obj
 0002:00000128       ??_C@_0DB@GENF@?6GT?52000?5?$CFs?5?$CI?$CFs?5?$CFs?$CJ?5?$CIc?$CJ?51999?9200@ 00427128     gt_main.obj
 0002:0000015c       ??_C@_0M@HNDC@Apr?5?53?52001?$AA@ 0042715c     gt_main.obj
 0002:00000168       ??_C@_08DEED@13?336?348?$AA@ 00427168     gt_main.obj
 0002:00000174       ??_C@_0BB@LJJ@phax?$EAwriteme?4com?$AA@ 00427174     gt_main.obj
 0002:00000188       ??_C@_0CL@HICP@Failed?5to?5read?5the?5config?5file?5?9@ 00427188     gt_main.obj
 0002:000001b4       ??_C@_0BN@EECO@Could?5not?5set?5error?5handler?6?$AA@ 004271b4     gt_main.obj
 0002:000001d4       ??_C@_0BB@FELB@Initializing?5?4?4?4?$AA@ 004271d4     gt_main.obj
 0002:000001e8       ??_C@_0BI@DBIG@?$DMCtrl?$DO?$CL?$DMC?$DO?5was?5pressed?6?$AA@ 004271e8     gt_main.obj
 0002:00000200       ??_C@_0BM@JAII@?$DMCtrl?$DO?$CL?$DMBreak?$DO?5was?5pressed?6?$AA@ 00427200     gt_main.obj
 0002:0000021c       ??_C@_0BO@CLE@?$DMCtrl?$DO?$CL?$DMXYZ?$DO?5was?5pressed?5?$CFld?6?$AA@ 0042721c     gt_main.obj
 0002:0000023c       ??_C@_02JJJH@?6?6?$AA@     0042723c     gt_main.obj
 0002:00000240       ??_C@_0BP@JFFE@?5?$CI0x?$CF02X?50x?$CF02X?50x?$CF02X?50x?$CF02X?$CJ?$AA@ 00427240     gt_main.obj
 0002:00000260       ??_C@_0BH@IGOB@Unknown?5?$CFs?5file?5format?$AA@ 00427260     gt_main.obj
 0002:00000278       ??_C@_06FNBK@binary?$AA@   00427278     gt_main.obj
 0002:00000280       ??_C@_04LHJL@text?$AA@     00427280     gt_main.obj
 0002:00000288       ??_C@_0DC@GNGP@Files?5with?5a?5size?5of?50?5bytes?5can@ 00427288     gt_main.obj
 0002:000002bc       ??_C@_0BN@HMJK@Found?5no?5matches?5for?5?8?$CFs?$CFs?8?6?$AA@ 004272bc     gt_main.obj
 0002:000002dc       ??_7PFileSearch@@6B@       004272dc     gt_main.obj
 0002:000002e0       ??_C@_0BE@FLPL@?5?5?1?$CF?910s?5?9?5?$CFs?5?9?5?$CFs?6?$AA@ 004272e0     gt_main.obj
 0002:000002f4       ??_C@_0BI@MNCA@do?5extended?5WPG?5listing?$AA@ 004272f4     gt_main.obj
 0002:0000030c       ??_C@_04CEDN@zwpg?$AA@     0042730c     gt_main.obj
 0002:00000314       ??_C@_0CL@DBCM@list?5a?5maximum?5of?5X?5entries?5of?5a@ 00427314     gt_main.obj
 0002:00000340       ??_C@_06MFKC@zriffX?$AA@   00427340     gt_main.obj
 0002:00000348       ??_C@_0DG@DGBF@send?5a?5WM_COPYDATA?5msg?5to?5the?5sp@ 00427348     gt_main.obj
 0002:00000380       ??_C@_06JLCK@zhwndX?$AA@   00427380     gt_main.obj
 0002:00000388       ??_C@_0CD@CEMG@wait?5for?5a?5key?5after?5the?5last?5fi@ 00427388     gt_main.obj
 0002:000003ac       ??_C@_02HMFJ@wf?$AA@       004273ac     gt_main.obj
 0002:000003b0       ??_C@_0CF@BEFI@search?5in?5subdirectories?5?$CIrecurs@ 004273b0     gt_main.obj
 0002:000003d8       ??_C@_04CPII@0?401?$AA@    004273d8     gt_main.obj
 0002:000003e0       ??_C@_01KBOJ@s?$AA@        004273e0     gt_main.obj
 0002:000003e4       ??_C@_0CG@BKDH@list?5VersionInfo?5resources?5of?5PE@ 004273e4     gt_main.obj
 0002:0000040c       ??_C@_05HDJN@pever?$AA@    0042740c     gt_main.obj
 0002:00000414       ??_C@_0BO@MAMJ@list?5segment?5table?5of?5PE?5EXEs?$AA@ 00427414     gt_main.obj
 0002:00000434       ??_C@_06CGG@pesect?$AA@    00427434     gt_main.obj
 0002:0000043c       ??_C@_0CK@JEEO@list?5resources?5of?5PE?5EXEs?5and?5al@ 0042743c     gt_main.obj
 0002:00000468       ??_C@_06BHCP@peres2?$AA@   00427468     gt_main.obj
 0002:00000470       ??_C@_0BK@LHEN@list?5resources?5of?5PE?5EXEs?$AA@ 00427470     gt_main.obj
 0002:0000048c       ??_C@_05JBFA@peres?$AA@    0042748c     gt_main.obj
 0002:00000494       ??_C@_0CM@GBON@list?5imported?5DLLs?5and?5functions@ 00427494     gt_main.obj
 0002:000004c0       ??_C@_06KMCC@peimp2?$AA@   004274c0     gt_main.obj
 0002:000004c8       ??_C@_0BO@GEIC@list?5imported?5DLLs?5of?5PE?5EXEs?$AA@ 004274c8     gt_main.obj
 0002:000004e8       ??_C@_0FB@PPFD@Syntax?3?5?$CFs?5filemask?5?$FLfilemask?5?$FL?4@ 004274e8     gt_main.obj
 0002:0000053c       ??_C@_05JMFJ@peimp?$AA@    0042753c     gt_main.obj
 0002:00000544       ??_C@_0BI@FKIM@list?5exports?5of?5PE?5EXEs?$AA@ 00427544     gt_main.obj
 0002:0000055c       ??_C@_05GCBP@peexp?$AA@    0042755c     gt_main.obj
 0002:00000564       ??_C@_0BP@HPCJ@list?5data?5directory?5of?5PE?5EXEs?$AA@ 00427564     gt_main.obj
 0002:00000584       ??_C@_04OPE@pedd?$AA@      00427584     gt_main.obj
 0002:0000058c       ??_C@_0CL@JLCB@substitution?5for?5?1pedd?0?5?1pesect?5@ 0042758c     gt_main.obj
 0002:000005b8       ??_C@_05ENNC@peall?$AA@    004275b8     gt_main.obj
 0002:000005c0       ??_C@_0BK@HCMM@do?5not?5list?5unknown?5files?$AA@ 004275c0     gt_main.obj
 0002:000005dc       ??_C@_02ODMH@nu?$AA@       004275dc     gt_main.obj
 0002:000005e0       ??_C@_0CC@DIJG@do?5not?5scan?5for?5special?5filename@ 004275e0     gt_main.obj
 0002:00000604       ??_C@_0L@OKEA@noscanname?$AA@ 00427604     gt_main.obj
 0002:00000610       ??_C@_0CI@DMMK@do?5not?5scan?5for?5special?5file?5ext@ 00427610     gt_main.obj
 0002:00000638       ??_C@_09FDLF@noscanext?$AA@ 00427638     gt_main.obj
 0002:00000644       ??_C@_0BG@NCGH@do?5not?5show?5copyright?$AA@ 00427644     gt_main.obj
 0002:0000065c       ??_C@_06CAIJ@nologo?$AA@   0042765c     gt_main.obj
 0002:00000664       ??_C@_0BF@KPJA@do?5not?5output?5footer?$AA@ 00427664     gt_main.obj
 0002:0000067c       ??_C@_08EALB@nofooter?$AA@ 0042767c     gt_main.obj
 0002:00000688       ??_C@_0BC@LEHI@do?5not?5use?5colors?$AA@ 00427688     gt_main.obj
 0002:0000069c       ??_C@_07BAA@nocolor?$AA@   0042769c     gt_main.obj
 0002:000006a4       ??_C@_0BO@DGPK@do?5not?5list?5files?5in?5archives?$AA@ 004276a4     gt_main.obj
 0002:000006c4       ??_C@_06BMKO@noarcs?$AA@   004276c4     gt_main.obj
 0002:000006cc       ??_C@_0BN@ILMM@do?5not?5list?5identified?5files?$AA@ 004276cc     gt_main.obj
 0002:000006ec       ??_C@_02LEFD@ni?$AA@       004276ec     gt_main.obj
 0002:000006f0       ??_C@_0DF@GKJN@do?5not?5read?5the?5config?5file?5in?5t@ 004276f0     gt_main.obj
 0002:00000728       ??_C@_03PGHB@ncl?$AA@      00427728     gt_main.obj
 0002:0000072c       ??_C@_0DB@PFCA@do?5not?5read?5the?5config?5file?5in?5t@ 0042772c     gt_main.obj
 0002:00000760       ??_C@_03FNHA@ncg?$AA@      00427760     gt_main.obj
 0002:00000764       ??_C@_0BI@ONAB@use?5listmode?5for?5output?$AA@ 00427764     gt_main.obj
 0002:0000077c       ??_C@_04CPED@0?404?$AA@    0042777c     gt_main.obj
 0002:00000784       ??_C@_01JME@l?$AA@         00427784     gt_main.obj
 0002:00000788       ??_C@_0CK@KDKJ@start?5gtui2?5and?5redirect?5the?5out@ 00427788     gt_main.obj
 0002:000007b4       ??_C@_04MGFA@0?417?$AA@    004277b4     gt_main.obj
 0002:000007bc       ??_C@_05NNEE@gtui2?$AA@    004277bc     gt_main.obj
 0002:000007c4       ??_C@_0DB@EJEH@set?5the?5fault?5tolerance?5in?5SYS?5c@ 004277c4     gt_main.obj
 0002:000007f8       ??_C@_04PJMN@ftsX?$AA@     004277f8     gt_main.obj
 0002:00000800       ??_C@_0DA@FMKG@set?5the?5fault?5tolerance?5in?5PE?5co@ 00427800     gt_main.obj
 0002:00000830       ??_C@_04MCDC@ftpX?$AA@     00427830     gt_main.obj
 0002:00000838       ??_C@_0DA@PELD@set?5the?5fault?5tolerance?5in?5NE?5co@ 00427838     gt_main.obj
 0002:00000868       ??_C@_04GKDA@ftnX?$AA@     00427868     gt_main.obj
 0002:00000870       ??_C@_0DB@IKCN@set?5the?5fault?5tolerance?5in?5EXE?5c@ 00427870     gt_main.obj
 0002:000008a4       ??_C@_04OEJL@fteX?$AA@     004278a4     gt_main.obj
 0002:000008ac       ??_C@_0BI@DJNC@show?5caching?5statistics?$AA@ 004278ac     gt_main.obj
 0002:000008c4       ??_C@_0L@OBJN@cachestats?$AA@ 004278c4     gt_main.obj
 0002:000008d0       ??_C@_0CE@DLLG@set?5the?5maximum?5buffersize?5in?5by@ 004278d0     gt_main.obj
 0002:000008f4       ??_C@_08JCBB@bufsizeX?$AA@ 004278f4     gt_main.obj
 0002:00000900       ??_C@_0BJ@OGHD@use?5buffered?5IO?5?$CIslower?$CJ?$AA@ 00427900     gt_main.obj
 0002:0000091c       ??_C@_03EJCG@bio?$AA@      0042791c     gt_main.obj
 0002:00000920       ??_C@_0BO@DDCE@scan?5all?5drives?5?$CIincludes?5?1s?$CJ?$AA@ 00427920     gt_main.obj
 0002:00000940       ??_C@_09GDMN@alldrives?$AA@ 00427940     gt_main.obj
 0002:0000094c       ??_C@_0BG@KBFA@show?5this?5help?5screen?$AA@ 0042794c     gt_main.obj
 0002:00000964       ??_C@_04NADB@0?402?$AA@    00427964     gt_main.obj
 0002:0000096c       ??_C@_01PKMN@?$DP?$AA@     0042796c     gt_main.obj
 0002:00000970       ??_C@_04CBG@0?424?$AA@     00427970     gt_main.obj
 0002:00000978       ??_C@_04CNN@0?421?$AA@     00427978     gt_main.obj
 0002:00000980       ??_C@_04HKKG@0?403?$AA@    00427980     gt_main.obj
 0002:00000988       ??_C@_04KIEK@0?420?$AA@    00427988     gt_main.obj
 0002:00000990       ??_C@_04GMMH@0?416?$AA@    00427990     gt_main.obj
 0002:00000998       ??_C@_04GMAM@0?413?$AA@    00427998     gt_main.obj
 0002:000009a0       __real@0000000000000000    004279a0     gt_cleanup.obj
 0002:000009a8       ??_C@_0BN@CKHL@?5of?5which?5?$CFd?5may?5be?5damaged?6?$AA@ 004279a8     gt_cleanup.obj
 0002:000009c8       ??_C@_0BD@EMCJ@Found?5?$CFd?5archive?$CFs?$AA@ 004279c8     gt_cleanup.obj
 0002:000009dc       ??_C@_0CD@DMCA@?5?$CI?$CF?43f?5secs?1file?0?5?$CF?42f?5secs?5lost@ 004279dc     gt_cleanup.obj
 0002:00000a00       ??_C@_0BK@MPIO@Time?5needed?3?5?$CF?42f?5seconds?$AA@ 00427a00     gt_cleanup.obj
 0002:00000a20       __real@3f50624dd2f1a9fc    00427a20     gt_cleanup.obj
 0002:00000a28       ??_C@_01BJG@?6?$AA@        00427a28     gt_cleanup.obj
 0002:00000a2c       ??_C@_0BO@MHBO@?5and?5identified?5?$CFd?5?$CI?$DN?5?$CF?43f?$CF?$CF?$CJ?$AA@ 00427a2c     gt_cleanup.obj
 0002:00000a4c       ??_C@_0BA@JNEF@Found?5?$CFd?5file?$CFs?$AA@ 00427a4c     gt_cleanup.obj
 0002:00000a60       ??_C@_0FD@MLBF@?6?9?9?9?9?9?9?9?9?9?9?9?9?9?9?9?9?9?9?9?9?9?9?9?9?9?9?9?9?9?9?9@ 00427a60     gt_cleanup.obj
 0002:00000ab8       ??_C@_0HB@CJOF@?6Caching?5statistics?3?6?5?5?$CFld?5total@ 00427ab8     gt_cleanup.obj
 0002:00000b2c       ??_C@_0CA@BGGE@Press?5any?5key?5to?5end?5GT?52000?5?5?5?$AA@ 00427b2c     gt_cleanup.obj
 0002:00000b4c       ??_C@_0DH@NCPP@Cannot?5start?5GTUI2?3?5The?5specifie@ 00427b4c     gt_gtui_starter.obj
 0002:00000b84       ??_C@_0DH@OAPO@Cannot?5start?5GTUI2?3?5The?5specifie@ 00427b84     gt_gtui_starter.obj
 0002:00000bc0       ??_C@_0FH@DIJM@Cannot?5start?5GTUI2?3?5The?5?4exe?5fil@ 00427bc0     gt_gtui_starter.obj
 0002:00000c18       ??_C@_0DP@MHMH@Cannot?5start?5GTUI2?3?5The?5system?5i@ 00427c18     gt_gtui_starter.obj
 0002:00000c58       ??_C@_09EFGC@gtui2?4exe?$AA@ 00427c58     gt_gtui_starter.obj
 0002:00000c64       ??_C@_0CA@KBGL@Failed?5to?5clear?5window?5of?5GTUI?6?$AA@ 00427c64     gt_gtui_starter.obj
 0002:00000cb4       ??_C@_0BH@PHHF@__GLOBAL_HEAP_SELECTED?$AA@ 00427cb4     libc:heapinit.obj
 0002:00000ccc       ??_C@_0BF@BBGL@__MSVCRT_HEAP_SELECT?$AA@ 00427ccc     libc:heapinit.obj
 0002:00000ce4       ___lookuptable             00427ce4     libc:output.obj
 0002:00000d40       ??_C@_1O@POHA@?$AA?$CI?$AAn?$AAu?$AAl?$AAl?$AA?$CJ?$AA?$AA@ 00427d40     libc:output.obj
 0002:00000d50       ??_C@_06ONKE@?$CInull?$CJ?$AA@ 00427d50     libc:output.obj
 0002:00000dd0       __real@8@3fff8000000000000000 00427dd0     libc:testfdiv.obj
 0002:00000dd8       __real@8@4015800bf60000000000 00427dd8     libc:testfdiv.obj
 0002:00000de0       __real@8@4014bffffc0000000000 00427de0     libc:testfdiv.obj
 0002:00000de8       ??_C@_0BK@JEGK@IsProcessorFeaturePresent?$AA@ 00427de8     libc:testfdiv.obj
 0002:00000e04       ??_C@_08OBID@KERNEL32?$AA@ 00427e04     libc:testfdiv.obj
 0002:00000e10       __real@8@00000000000000000000 00427e10     libc:cvt.obj
 0002:00000e18       ??_C@_05OFLO@e?$CL000?$AA@ 00427e18     libc:cvt.obj
 0002:00000e20       ??_C@_06MICP@CONIN$?$AA@   00427e20     libc:initcon.obj
 0002:00000e28       ??_C@_0P@GGKG@runtime?5error?5?$AA@ 00427e28     libc:crt0msg.obj
 0002:00000e38       ??_C@_02PIMC@?$AN?6?$AA@   00427e38     libc:crt0msg.obj
 0002:00000e3c       ??_C@_0O@DELO@TLOSS?5error?$AN?6?$AA@ 00427e3c     libc:crt0msg.obj
 0002:00000e4c       ??_C@_0N@OMLL@SING?5error?$AN?6?$AA@ 00427e4c     libc:crt0msg.obj
 0002:00000e5c       ??_C@_0P@OJAK@DOMAIN?5error?$AN?6?$AA@ 00427e5c     libc:crt0msg.obj
 0002:00000e6c       ??_C@_0CF@EANP@R6028?$AN?6?9?5unable?5to?5initialize?5he@ 00427e6c     libc:crt0msg.obj
 0002:00000e94       ??_C@_0DF@ECGN@R6027?$AN?6?9?5not?5enough?5space?5for?5lo@ 00427e94     libc:crt0msg.obj
 0002:00000ecc       ??_C@_0DF@FKAC@R6026?$AN?6?9?5not?5enough?5space?5for?5st@ 00427ecc     libc:crt0msg.obj
 0002:00000f04       ??_C@_0CG@DPMN@R6025?$AN?6?9?5pure?5virtual?5function?5c@ 00427f04     libc:crt0msg.obj
 0002:00000f2c       ??_C@_0DF@CKIP@R6024?$AN?6?9?5not?5enough?5space?5for?5_o@ 00427f2c     libc:crt0msg.obj
 0002:00000f64       ??_C@_0CJ@GGOE@R6019?$AN?6?9?5unable?5to?5open?5console?5@ 00427f64     libc:crt0msg.obj
 0002:00000f90       ??_C@_0CB@LBOB@R6018?$AN?6?9?5unexpected?5heap?5error?$AN?6@ 00427f90     libc:crt0msg.obj
 0002:00000fb4       ??_C@_0CN@FPEG@R6017?$AN?6?9?5unexpected?5multithread?5@ 00427fb4     libc:crt0msg.obj
 0002:00000fe4       ??_C@_0CM@OBIC@R6016?$AN?6?9?5not?5enough?5space?5for?5th@ 00427fe4     libc:crt0msg.obj
 0002:00001010       ??_C@_0CB@HPAL@?$AN?6abnormal?5program?5termination?$AN?6@ 00428010     libc:crt0msg.obj
 0002:00001034       ??_C@_0CM@JOOB@R6009?$AN?6?9?5not?5enough?5space?5for?5en@ 00428034     libc:crt0msg.obj
 0002:00001060       ??_C@_0CK@OIBL@R6008?$AN?6?9?5not?5enough?5space?5for?5ar@ 00428060     libc:crt0msg.obj
 0002:0000108c       ??_C@_0CF@LKPB@R6002?$AN?6?9?5floating?5point?5not?5load@ 0042808c     libc:crt0msg.obj
 0002:000010b4       ??_C@_0CF@JPDF@Microsoft?5Visual?5C?$CL?$CL?5Runtime?5Lib@ 004280b4     libc:crt0msg.obj
 0002:000010dc       ??_C@_0BK@DEOK@Runtime?5Error?$CB?6?6Program?3?5?$AA@ 004280dc     libc:crt0msg.obj
 0002:000010f8       ??_C@_03NAME@?4?4?4?$AA@   004280f8     libc:crt0msg.obj
 0002:000010fc       ??_C@_0BH@NNCD@?$DMprogram?5name?5unknown?$DO?$AA@ 004280fc     libc:crt0msg.obj
 0002:00001114       ??_C@_01A@?$AA?$AA@        00428114     libc:a_str.obj
 0002:00001118       ??_C@_13A@?$AA?$AA?$AA?$AA@ 00428118     libc:a_str.obj
 0002:0000112c       ??_C@_0BD@NJFP@GetLastActivePopup?$AA@ 0042812c     libc:crtmbox.obj
 0002:00001140       ??_C@_0BA@GILI@GetActiveWindow?$AA@ 00428140     libc:crtmbox.obj
 0002:00001150       ??_C@_0M@PKCK@MessageBoxA?$AA@ 00428150     libc:crtmbox.obj
 0002:0000115c       ??_C@_0L@HKL@user32?4dll?$AA@ 0042815c     libc:crtmbox.obj
 0002:00001180       ??_C@_06PAPI@1?$CDQNAN?$AA@ 00428180     libc:x10fout.obj
 0002:00001188       ??_C@_05BGNL@1?$CDINF?$AA@ 00428188     libc:x10fout.obj
 0002:00001190       ??_C@_05EDPF@1?$CDIND?$AA@ 00428190     libc:x10fout.obj
 0002:00001198       ??_C@_06LKFM@1?$CDSNAN?$AA@ 00428198     libc:x10fout.obj
 0002:000011a0       ??_C@_0N@MJEF@?$CFs?5?$CI?$CFld?$CJ?3?6?$CFs?$AA@ 004281a0     plib:perror.obj
 0002:000011b0       ??_C@_0BI@GIAN@A?5Windows?5error?5occured?$AA@ 004281b0     plib:perror.obj
 0002:000011c8       ??_C@_02MECO@?$CFd?$AA@    004281c8     plib:adlp_string.obj
 0002:000011cc       ??_C@_03FMLL@?$CFud?$AA@   004281cc     plib:adlp_string.obj
 0002:000011d0       ??_C@_03JFOM@?$CFld?$AA@   004281d0     plib:adlp_string.obj
 0002:000011d4       ??_C@_03IAD@?$CFul?$AA@    004281d4     plib:adlp_string.obj
 0002:000011d8       ??_C@_02JBAA@?$CFf?$AA@    004281d8     plib:adlp_string.obj
 0002:000011dc       ??_7?$GT_Sequence@VGT_OutputMember@@@@6B@ 004281dc     lib_gt:gt_output.obj
 0002:000011e0       ??_7Cursor@?$GT_Sequence@VGT_OutputMember@@@@6B@ 004281e0     lib_gt:gt_output.obj
 0002:000011f0       ??_C@_0DB@FJFB@Failed?5to?5send?5data?5to?5specified@ 004281f0     lib_gt:gt_output.obj
 0002:00001224       ??_C@_0CE@MOAB@Internal?5buffer?5overflow?5at?5?$CFs?3?5@ 00428224     lib_gt:gt_output.obj
 0002:00001248       ??_C@_0O@HFKC@gt_output?4cxx?$AA@ 00428248     lib_gt:gt_output.obj
 0002:00001258       ??_C@_0BD@GOEG@?5?$FLoffline?5content?$FN?$AA@ 00428258     lib_gt:gt_output.obj
 0002:0000126c       ??_C@_0O@JNID@?5?$FLcompressed?$FN?$AA@ 0042826c     lib_gt:gt_output.obj
 0002:0000127c       ??_C@_0DJ@HOOH@?6Error?3?5Failed?5to?5retrieve?5attri@ 0042827c     lib_gt:gt_output.obj
 0002:000012b8       ??_C@_0DB@ODPA@?9?5next?5level?5at?5?$CFld?1?$CF08Xh?5for?5?$CFl@ 004282b8     lib_gt:gt_output.obj
 0002:000012ec       ??_C@_0BB@IIEM@?9?5?$CFs?5?$CI?$CFld?5bytes?$CJ?$AA@ 004282ec     lib_gt:gt_output.obj
 0002:00001300       ??_C@_04EKKG@?9?5?$CFs?$AA@ 00428300     lib_gt:gt_output.obj
 0002:00001308       ??_C@_05KKAP@zriff?$AA@    00428308     lib_gt:gt_commandlineflags.obj
 0002:00001310       ??_C@_05CCMI@zhwnd?$AA@    00428310     lib_gt:gt_commandlineflags.obj
 0002:00001318       ??_C@_03MFBF@fts?$AA@      00428318     lib_gt:gt_commandlineflags.obj
 0002:0000131c       ??_C@_03DKKM@ftp?$AA@      0042831c     lib_gt:gt_commandlineflags.obj
 0002:00001320       ??_C@_03DIBG@ftn?$AA@      00428320     lib_gt:gt_commandlineflags.obj
 0002:00001324       ??_C@_03JDBH@fte?$AA@      00428324     lib_gt:gt_commandlineflags.obj
 0002:00001328       ??_C@_07BJIB@bufsize?$AA@  00428328     lib_gt:gt_commandlineflags.obj
 0002:00001330       ??_C@_02NDMB@?5?9?$AA@     00428330     lib_gt:gt_commandlineflags.obj
 0002:00001334       ??_C@_0L@FBPO@gt2000?4cfg?$AA@ 00428334     lib_gt:gt_configfile.obj
 0002:00001340       ??_C@_02MMAH@rt?$AA@       00428340     lib_gt:gt_configfile.obj
 0002:00001348       ??_C@_0EB@KFFC@Software?2Microsoft?2Windows?2Curre@ 00428348     lib_gt:gt_configfile.obj
 0002:0000138c       ??_C@_07EELO@AppData?$AA@  0042838c     lib_gt:gt_configfile.obj
 0002:00001394       ??_7GT_ConfigFile@@6B@     00428394     lib_gt:gt_configfile.obj
 0002:00001398       ??_C@_0CH@IEPI@Error?5in?5the?5configuration?5file?5@ 00428398     lib_gt:gt_configfile.obj
 0002:000013c0       ??_C@_0BO@FGHO@?5?5line?5?$CFd?3?5Invalid?5character?6?$AA@ 004283c0     lib_gt:gt_configfile.obj
 0002:000013e0       ??_C@_0CH@CNLE@?5?5Config?5file?5?$CIline?5?$CFd?$CJ?3?5Syntax?5@ 004283e0     lib_gt:gt_configfile.obj
 0002:00001408       ??_C@_0CA@GCJF@?5?5line?5?$CFd?3?5Unknown?5switch?5?8?$CFs?8?6?$AA@ 00428408     lib_gt:gt_configfile.obj
 0002:00001428       ??_7GT_FileBuffer@@6B@     00428428     lib_gt:gt_filebuffer.obj
 0002:0000142c       ??_C@_0BI@BHFI@Error?5opening?5?8?$CFs?8?3?5?$CFs?6?$AA@ 0042842c     lib_gt:gt_filebuffer.obj
 0002:00001444       ??_C@_0CO@PLNL@Failed?5to?5set?5the?5buffer?5of?5the?5@ 00428444     lib_gt:gt_filebuffer.obj
 0002:00001474       ??_C@_02JKAF@rb?$AA@       00428474     lib_gt:gt_filebuffer.obj
 0002:00001478       ??_C@_0BC@ODN@gt_filebuffer?4cxx?$AA@ 00428478     lib_gt:gt_filebuffer.obj
 0002:0000148c       ??_C@_0CF@NLFE@Trying?5to?5set?5the?5filepointer?5to@ 0042848c     lib_gt:gt_filebuffer.obj
 0002:000014b4       ??_C@_0CK@MCDP@Trying?5to?5increase?5the?5filepoint@ 004284b4     lib_gt:gt_filebuffer.obj
 0002:000014e0       ??_C@_0BJ@MNAG@Failed?5to?5read?5?$CFld?5bytes?$AA@ 004284e0     lib_gt:gt_filebuffer.obj
 0002:000014fc       ??_C@_0CE@NLFP@Trying?5to?5read?5?$CFld?5bytes?5before?5@ 004284fc     lib_gt:gt_filebuffer.obj
 0002:00001520       ??_C@_0CC@GDI@Trying?5to?5read?5?$CFld?5bytes?5over?5EO@ 00428520     lib_gt:gt_filebuffer.obj
 0002:00001544       ??_C@_0CE@GKHA@Failed?5to?5read?5C?5like?5string?5at?5@ 00428544     lib_gt:gt_filebuffer.obj
 0002:00001568       ??_C@_0CJ@IJPD@Failed?5to?5read?5Pascal?5like?5strin@ 00428568     lib_gt:gt_filebuffer.obj
 0002:00001594       ??_C@_0BL@OOLK@GetConsoleScreenBufferInfo?$AA@ 00428594     lib_gt:gt_winconsole.obj
 0002:000015b0       ??_C@_0BG@MBLK@stderr?5is?5redirected?6?$AA@ 004285b0     lib_gt:gt_winconsole.obj
 0002:000015c8       ??_C@_0BF@DINF@stdin?5is?5redirected?6?$AA@ 004285c8     lib_gt:gt_winconsole.obj
 0002:000015e0       ??_C@_0BG@ENJJ@stdout?5is?5redirected?6?$AA@ 004285e0     lib_gt:gt_winconsole.obj
 0002:000015f8       ??_7GT_WindowsConsole@@6B@ 004285f8     lib_gt:gt_winconsole.obj
 0002:000015fc       ??_C@_0BK@FOFF@SetConsoleTextAttribute?52?$AA@ 004285fc     lib_gt:gt_winconsole.obj
 0002:00001618       ??_C@_0BK@KBOM@SetConsoleTextAttribute?51?$AA@ 00428618     lib_gt:gt_winconsole.obj
 0002:00001634       ??_C@_0BP@KOHB@Exception?5in?5?$CFs?5line?5?$CFd?3?6?5?5?$CFs?6?$AA@ 00428634     lib_gt:gt_exceptions.obj
 0002:00001698       ??_C@_0CL@BEBG@?5?5Header?5is?5now?5too?5large?4?5Skipp@ 00428698     lib_data:gt_exe_analyzer.obj
 0002:000016c4       ??_C@_0DD@PGCG@?5?5?5?5Calculated?5new?5size?5of?5heade@ 004286c4     lib_data:gt_exe_analyzer.obj
 0002:000016f8       ??_C@_0BN@LJIJ@?5?5Size?5of?5header?5is?5too?5?$CFs?4?6?$AA@ 004286f8     lib_data:gt_exe_analyzer.obj
 0002:00001718       ??_C@_05PMKF@large?$AA@    00428718     lib_data:gt_exe_analyzer.obj
 0002:00001720       ??_C@_05IHCN@small?$AA@    00428720     lib_data:gt_exe_analyzer.obj
 0002:00001728       ??_C@_0CF@JHHA@?5?5Found?5COM2EXE?5converter?5from?5?$CC@ 00428728     lib_data:gt_exe_analyzer.obj
 0002:00001750       ??_C@_0DD@OPMH@?5?5Found?5packer?5?8?$CFs?8?$DL?5version?5in?5@ 00428750     lib_data:gt_exe_analyzer.obj
 0002:00001784       ??_C@_0BF@LKMC@?5?$FLextra?5compression?$FN?$AA@ 00428784     lib_data:gt_exe_analyzer.obj
 0002:0000179c       ??_C@_0BH@BOAD@?5?5Found?5packer?5?8?$CFs?$CFs?8?6?$AA@ 0042879c     lib_data:gt_exe_analyzer.obj
 0002:000017b4       ??_C@_0L@NJBM@?$DP?$DP?$DP?5?$CI3?400?$CJ?$AA@ 004287b4     lib_data:gt_exe_analyzer.obj
 0002:000017c0       ??_C@_0N@FBPJ@3?400?13?401?5PR?$AA@ 004287c0     lib_data:gt_exe_analyzer.obj
 0002:000017d0       ??_C@_0BF@KHII@?5?5Found?5packer?5?8?$CFs?8?6?$AA@ 004287d0     lib_data:gt_exe_analyzer.obj
 0002:000017e8       ??_C@_0O@CBFC@?$DP?$DP?$DP?5?$CI3?40x?5PR?$CJ?$AA@ 004287e8     lib_data:gt_exe_analyzer.obj
 0002:000017f8       ??_C@_08HPLM@3?405?a?5PR?$AA@ 004287f8     lib_data:gt_exe_analyzer.obj
 0002:00001804       ??_C@_07JLAG@3?404?5PR?$AA@ 00428804     lib_data:gt_exe_analyzer.obj
 0002:0000180c       ??_C@_07GBLI@3?403?5PR?$AA@ 0042880c     lib_data:gt_exe_analyzer.obj
 0002:00001814       ??_C@_07EEOK@3?402?5PR?$AA@ 00428814     lib_data:gt_exe_analyzer.obj
 0002:0000181c       ??_C@_0N@GIHE@?$DP?$DP?$DP?5?$CI3?40x?5P?$CJ?$AA@ 0042881c     lib_data:gt_exe_analyzer.obj
 0002:0000182c       ??_C@_08CKJC@3?405?a?5PP?$AA@ 0042882c     lib_data:gt_exe_analyzer.obj
 0002:00001838       ??_C@_08CKFJ@3?405?a?5PU?$AA@ 00428838     lib_data:gt_exe_analyzer.obj
 0002:00001844       ??_C@_07CCMN@3?405?a?5P?$AA@ 00428844     lib_data:gt_exe_analyzer.obj
 0002:0000184c       ??_C@_07MOCI@3?404?5PP?$AA@ 0042884c     lib_data:gt_exe_analyzer.obj
 0002:00001854       ??_C@_07MOOD@3?404?5PU?$AA@ 00428854     lib_data:gt_exe_analyzer.obj
 0002:0000185c       ??_C@_06JINN@3?404?5P?$AA@ 0042885c     lib_data:gt_exe_analyzer.obj
 0002:00001864       ??_C@_07DEJG@3?403?5PP?$AA@ 00428864     lib_data:gt_exe_analyzer.obj
 0002:0000186c       ??_C@_07DEFN@3?403?5PU?$AA@ 0042886c     lib_data:gt_exe_analyzer.obj
 0002:00001874       ??_C@_06CGLM@3?403?5P?$AA@ 00428874     lib_data:gt_exe_analyzer.obj
 0002:0000187c       ??_C@_07BBAP@3?402?5PU?$AA@ 0042887c     lib_data:gt_exe_analyzer.obj
 0002:00001884       ??_C@_06HEKK@3?402?5P?$AA@ 00428884     lib_data:gt_exe_analyzer.obj
 0002:0000188c       ??_C@_07HOPJ@3?401?5PU?$AA@ 0042888c     lib_data:gt_exe_analyzer.obj
 0002:00001894       ??_C@_06ICJB@3?401?5P?$AA@ 00428894     lib_data:gt_exe_analyzer.obj
 0002:0000189c       ??_C@_07FLKL@3?400?5PU?$AA@ 0042889c     lib_data:gt_exe_analyzer.obj
 0002:000018a4       ??_C@_06NAIH@3?400?5P?$AA@ 004288a4     lib_data:gt_exe_analyzer.obj
 0002:000018ac       ??_C@_0BO@HJGD@?5?5Found?5linker?5?8TLink?5?$CFd?4?$CFd?8?6?$AA@ 004288ac     lib_data:gt_exe_analyzer.obj
 0002:000018cc       ??_C@_0DI@CCJP@Found?5encryptor?5?8Trap?51?42x?8?5?$CIdec@ 004288cc     lib_data:gt_exe_analyzer.obj
 0002:00001904       ??_C@_04IMNP@?$LEJ?M?$CB?$AA@ 00428904     lib_data:gt_exe_analyzer.obj
[...]
 0001:0000603c       ?ExFilterRethrow@@YAHPAU_EXCEPTION_POINTERS@@@Z 0040703c f   libc:frame.obj
 0001:00006066       ?BuildCatchObject@@YAXPAUEHExceptionRecord@@PAUEHRegistrationNode@@PBU_s_HandlerType@@PBU_s_CatchableType@@@Z 00407066 f   libc:frame.obj
 0001:00006291       ?AdjustPointer@@YAPAXPAXABUPMD@@@Z 00407291 f   libc:frame.obj
 0001:00005a63       _flsall                    00406a63 f   libc:fflush.obj
 0001:0000557c       _write_char                0040657c f   libc:output.obj
 0001:000055b1       _write_multi_char          004065b1 f   libc:output.obj
 0001:000055e2       _write_string              004065e2 f   libc:output.obj
 0001:0000561a       _get_int_arg               0040661a f   libc:output.obj
 0001:00005627       _get_int64_arg             00406627 f   libc:output.obj
 0001:00005637       _get_short_arg             00406637 f   libc:output.obj
 0001:0000382c       _doexit                    0040482c f   libc:crt0dat.obj
 0001:000038c5       __initterm                 004048c5 f   libc:crt0dat.obj
 0001:000037b9       _fast_error_exit           004047b9 f   libc:crt0.obj
 0001:000035f5       __getextendedkeycode       004045f5 f   libc:getch.obj
 0001:0000350e       ?ArrayUnwindFilter@@YAHPAU_EXCEPTION_POINTERS@@@Z 0040450e f   libc:ehvecdtr.obj
 0001:00002fd0       LeadUp1                    00403fd0 f   libc:memmove.obj
 0001:00002ffc       LeadUp2                    00403ffc f   libc:memmove.obj
 0001:00003020       LeadUp3                    00404020 f   libc:memmove.obj
 0001:0000309f       UnwindUp0                  0040409f f   libc:memmove.obj
 0001:0000308c       UnwindUp1                  0040408c f   libc:memmove.obj
 0001:00003084       UnwindUp2                  00404084 f   libc:memmove.obj
 0001:0000307c       UnwindUp3                  0040407c f   libc:memmove.obj
 0001:00003074       UnwindUp4                  00404074 f   libc:memmove.obj
 0001:0000306c       UnwindUp5                  0040406c f   libc:memmove.obj
 0001:00003064       UnwindUp6                  00404064 f   libc:memmove.obj
 0001:0000305c       UnwindUp7                  0040405c f   libc:memmove.obj
 0001:000030b8       TrailUp0                   004040b8 f   libc:memmove.obj
 0001:000030c0       TrailUp1                   004040c0 f   libc:memmove.obj
 0001:000030cc       TrailUp2                   004040cc f   libc:memmove.obj
 0001:000030e0       TrailUp3                   004040e0 f   libc:memmove.obj
 0001:00003158       LeadDown1                  00404158 f   libc:memmove.obj
 0001:00003178       LeadDown2                  00404178 f   libc:memmove.obj
 0001:000031a0       LeadDown3                  004041a0 f   libc:memmove.obj
 0001:000031f4       UnwindDown7                004041f4 f   libc:memmove.obj
 0001:000031fc       UnwindDown6                004041fc f   libc:memmove.obj
 0001:00003204       UnwindDown5                00404204 f   libc:memmove.obj
 0001:0000320c       UnwindDown4                0040420c f   libc:memmove.obj
 0001:00003214       UnwindDown3                00404214 f   libc:memmove.obj
 0001:0000321c       UnwindDown2                0040421c f   libc:memmove.obj
 0001:00003224       UnwindDown1                00404224 f   libc:memmove.obj
 0001:00003237       UnwindDown0                00404237 f   libc:memmove.obj
 0001:00003250       TrailDown0                 00404250 f   libc:memmove.obj
 0001:00003258       TrailDown1                 00404258 f   libc:memmove.obj
 0001:00003268       TrailDown2                 00404268 f   libc:memmove.obj
 0001:0000327c       TrailDown3                 0040427c f   libc:memmove.obj
 0001:00002b34       _gu_return                 00403b34 f   libc:exsup.obj
 0001:00002b3c       __unwind_handler           00403b3c f   libc:exsup.obj
 0001:00002902       ?CatchGuardHandler@@YA?AW4_EXCEPTION_DISPOSITION@@PAUEHExceptionRecord@@PAUCatchGuardRN@@PAX2@Z 00403902 f   libc:trnsctrl.obj
 0001:000029db       ?TranslatorGuardHandler@@YA?AW4_EXCEPTION_DISPOSITION@@PAUEHExceptionRecord@@PAUTranslatorGuardRN@@PAX2@Z 004039db f   libc:trnsctrl.obj
 0001:0000a2b0       _$E4                       0040b2b0 f   plib:adlp_string.obj
 0001:0000a2e0       _$E2                       0040b2e0 f   plib:adlp_string.obj
 0001:0000c990       _$E5                       0040d990 f   lib_gt:gt_output.obj
 0001:0000c9b0       _$E3                       0040d9b0 f   lib_gt:gt_output.obj
 0001:0000c9c0       _$E10                      0040d9c0 f   lib_gt:gt_output.obj
 0001:0000c9f0       _$E8                       0040d9f0 f   lib_gt:gt_output.obj
 0001:0000cc70       ?_report2hwnd@@YGXPBDPAPAD@Z 0040dc70 f   lib_gt:gt_output.obj
 0001:0000cd30       ?_out_string@@YGXAAVADLP_String@@@Z 0040dd30 f   lib_gt:gt_output.obj
 0001:0000ce70       ?_out_append@@YGXPBDHW4GT_Color@@@Z 0040de70 f   lib_gt:gt_output.obj
 0001:0000d740       _$E13                      0040e740 f   lib_gt:gt_output.obj
 0001:00010a30       _$E5                       00411a30 f   lib_data:gt_generic.obj
 0001:00010aa0       _$E3                       00411aa0 f   lib_data:gt_generic.obj
 0001:00015c50       ?GetInfo_BMF@@YIXPAVGT_FileBuffer@@AAVADLP_String@@@Z 00416c50 f   lib_data:gt_generic.obj
 0001:00015d30       ?GetInfo_GIF@@YIXPAVGT_FileBuffer@@AAVADLP_String@@@Z 00416d30 f   lib_data:gt_generic.obj
 0001:000161c0       ?GetInfo_GRP@@YIXPAVGT_FileBuffer@@AAVADLP_String@@@Z 004171c0 f   lib_data:gt_generic.obj
 0001:00016280       ?GetInfo_HeadText@@YIXPAVGT_FileBuffer@@AAVADLP_String@@@Z 00417280 f   lib_data:gt_generic.obj
 0001:000163c0       ?GetInfo_IFF@@YIXPAVGT_FileBuffer@@AAVADLP_String@@@Z 004173c0 f   lib_data:gt_generic.obj
 0001:000165d0       ?_SubIFF@@YIPBDPBJ@Z       004175d0 f   lib_data:gt_generic.obj
 0001:000168d0       ?GetInfo_ImpulseTracker@@YIXPAVGT_FileBuffer@@AAVADLP_String@@@Z 004178d0 f   lib_data:gt_generic.obj
 0001:00016990       ?GetInfo_JPG@@YIXPAVGT_FileBuffer@@AAVADLP_String@@@Z 00417990 f   lib_data:gt_generic.obj
 0001:00016d10       ?GetInfo_MP3@@YIXPAVGT_FileBuffer@@AAJAAVADLP_String@@@Z 00417d10 f   lib_data:gt_generic.obj
 0001:00017370       ?GetInfo_MP3TAG@@YI?AVADLP_String@@PAVGT_FileBuffer@@@Z 00418370 f   lib_data:gt_generic.obj
 0001:00017660       ?GetInfo_VOC@@YIXPAVGT_FileBuffer@@AAVADLP_String@@@Z 00418660 f   lib_data:gt_generic.obj
 0001:0000f9d0       ?_PKLite@@YIXPAU_EXEEntry@@PAEPAVGT_FileBuffer@@@Z 004109d0 f   lib_data:gt_exe_analyzer.obj
 0001:0000fb30       ?_WWPack300PR@@YIXPAU_EXEEntry@@PAEPAVGT_FileBuffer@@@Z 00410b30 f   lib_data:gt_exe_analyzer.obj
 0001:0000fb60       ?_WWPack30xPR@@YIXPAU_EXEEntry@@PAEPAVGT_FileBuffer@@@Z 00410b60 f   lib_data:gt_exe_analyzer.obj
 0001:0000fd40       ?_WWPack30xP@@YIXPAU_EXEEntry@@PAEPAVGT_FileBuffer@@@Z 00410d40 f   lib_data:gt_exe_analyzer.obj

FIXUPS: 23711 1c 74 1c 4c fffffaab 32 19 39 5b 20 15 1d 1b 6 28 18 24 2e5d
FIXUPS: 262d1 ffffd21a e 2d 14 10 19 2c 36 33 2cec a ffffd340 6 4a 6 25
FIXUPS: 236c7 fffff840 336d a ffffcd22 c 1b 32 18 14 15 13 c 1c 20 30 e
FIXUPS: 230e1 3c 13 1b 2b 21 21 30dc 8 8 a ffffcf5f 10 17 3d c fffff7ed
FIXUPS: 22a7f 25 37 15 76 f 39 25 3664 b b 9 c ffffc9b0 e 2d 44 3d 1c 1c
FIXUPS: 22d20 3a d 16 85 19 32 21 2d 27 13 fffff677 e 27 d af 1b 18 23
FIXUPS: 226d3 21 9 18 1b 3c 17 21 e 16 17 1d 24 29 39cb a ffffc6db 15 32
FIXUPS: 22958 29 30 45 50 fffff76c 4012 8 8 a ffffc080 31 a c 6 12 6 e
FIXUPS: 222dd 6 24 45 3ea8 a ffffc183 6 9 13 a 38 6 d 10 38 19 79 1a fffff892
FIXUPS: 21daf 16 d 13 2e 21 4370 8 a ffffbcfe 13 19 3e 12 c e 42 46 15
FIXUPS: 21ffa 42 28 d 18 c 17 19 40 37 1e 37 fffff791 19 1b 57 21 4796
FIXUPS: 2616c a ffffb8ce 1b 1f 10 14 e 14 14 23 e 2b 30 3f 19 32 2a 40
FIXUPS: 21c87 44fd a ffffbb85 19 30 14 fffff008 67 87 ea 96 af 81 e7 ec
FIXUPS: 21354 38 37 45 1a 11 11 19 ba 6f 80 74 31 19 e 10 1a 19a 23 c 17
FIXUPS: 218e8 17 482f ffff9f12 19 30 d 14 e 2b 1c 13 2e 24 5fe0 8 a ffffa049
FIXUPS: 201b8 40f 5e 97 25 72 88 1ab 31 ce 70 38 c 1ae 27 4b ffffecd9 69
FIXUPS: 260e4 a ffff99f0 e 28 1f 33 25 d3 a5 18 1c 1a 5b 21 6337 a ffff9d01
FIXUPS: 1fe24 10 15 15 93 28 1d 12 c 24 4b 6161 ffff9413 16 1b 50 14 46
FIXUPS: 1f61e 16 d f 3e 69f6 a ffff970b 13 3a 13 33 14 18 31 681b a ffff9843
FIXUPS: 1f90a 1f 37 35 672f a ffff9939 18 fffff7e0 19 4c 14 d 17 10 39
FIXUPS: 1f2fe 3e 81 e 27 2e f f c c c c c c c c c d 1d 14 f 11 10 13 6af9
FIXUPS: 2602c a ffff8e3e 13 15 13 47 14 1e 1a 46 1a e 3e 7056 8 a ffff9012
FIXUPS: 1f085 1c 15 19 33 10 b 10 12 27 6a 6e94 a ffff8946 1b 2e e 4f 19
FIXUPS: 1ea93 44 1d 26 74da a ffff8b5e e 18 15 a 93 13 25 29 13 e 33 14
FIXUPS: 1ed1e 1e 76 21 21 7220 8 ffff8456 a 13 a a 10 7c 61 5b 2d 3f e
FIXUPS: 1e686 18 19 1f 61 2b 18 42 46 3f 29 1f 41 13 25 76d5 b a ffff898e
FIXUPS: 1e997 fffff58c 3c 1d 2a 3c 27 19 3c 27 19 3c 27 19 3c 23 19 23
FIXUPS: 1e1dc 44 68 7ced b b b b b b c ffff83e8 60 2e 21 fffff118 72 141
FIXUPS: 1d758 190 16 f 65 55 39 3c 3c 3c 3c 3c 3c 3c 3c 3c 3c 3c 3c 3c
FIXUPS: 1dd48 3c 3c 3f 21 13 3c 3c 3c ffffeff8 66 9021 ffff7049 f f f f
FIXUPS: 1cffa c f f c c a f f c 3e 1f 3a cb 1f 63 d0 1f 71 4d 56 5e 1f
FIXUPS: 1d517 ffff42f1 10 17 12 c 11 9 a e c 3a 1c 32 9 25 9 2f 17 17 1e
FIXUPS: 119fb 1408c a fffebf96 b394 c 6d 23 1f 15 25 22 ffff4540 18 1d
FIXUPS: 1146b 2a 1c 1d 24 22 18 1d 24 26 20 f 12 a 24 39 12 a 4f b 29 11
FIXUPS: 1170c c 19 3a 2c 3a 23 fffff718 c d c 57 a d d d 14 46 2d 55 2f
FIXUPS: 110dc 30 12 16 4d 42 d2 147cf a fffeb888 27 1d e e 23 17 40 10
FIXUPS: 18d6a 1a cf53 a ffff30e8 ffff7c14 d 2c 71 1f 3c a 60 90 14 44 2d
FIXUPS: 10c8b 19 21 17 15 11 14d22 a fffeb378 12 93 f 10 14bda a ffff2f60
FIXUPS: 189c2 17 c 28 14 11 8 22 14 13 9 2f d20b ffff2e8e 15 1c e 2a 17
FIXUPS: 18bf8 17 13 22 33 31 17 21 b 16 b 4c fffff979 10 11 33 1c e 21
FIXUPS: 1877f 20 c 47 9 e 11 8 10 c c 26 c b 10 23 14 13 9 25 14 13 10
FIXUPS: 1896f 14 fffffb3c b 14 e e 10 b 14 e e 13 b 14 e e 13 b 14 e e
FIXUPS: 18602 17 10 d d671 b a ffff29d4 16 b 9 b fffff9af 12 15 1f 8 3a
FIXUPS: 18110 14 3a 14 2f 38 14 56 14 3f 14 4c 15 27 b4 14 e 25 12 17 e
FIXUPS: 18474 b 14 e e fffff5e0 17 9 39 c 16 e 40 10 45 10 1f 9 c 1b 25
FIXUPS: 17c45 12 c 3b 10 1f d e 11 df7b 8 8 8 a ffff23b4 14 fffff3b0 44
FIXUPS: 17461 13 14 19 44 f 17 13 42 13 14 12 10 e69d ffff1c3d 19 7d 16
FIXUPS: 1793a a 17 17 e2e2 a ffff1d7e 49 26 18 c 17 fffff622 14 19 29 c
FIXUPS: 17123 18 19 10 9 f 17 1b ea56 a ffff15e2 2f b a 17 17 e9c2 a ffff1677
FIXUPS: 172dc 51 43 e 1d 14 41 16 fffff90f c 5e e 10 f 5f 12 33 f 29 14
FIXUPS: 16eab f 24 10 10 60 c b 9 b c b c 10 15 12 b 34 46 14 fffff986
FIXUPS: 16a14 2b d 10 d 16 11 f 13 c 9 f0c0 b b b b b b b b b a ffff106d
FIXUPS: 16c6d c 9 c 3c e 1d 17 fffff9dd f 12 17 b 28 19 16 b 12 1d b 1f
FIXUPS: 16802 1b 1b 1f 1a 1a 29 1e 3a 1b 12 1c 19 14 b 14 16 16 20 fffffa9c
FIXUPS: 164a4 1b 18 18 1b 1b 10 12 f a a b a a 1b 1b 1b 1b 21 e e b e e
FIXUPS: 16667 b e e 17 b 17 fffffa66 1b 1b 21 e 24 5d e 3b e 54 e 1a 1b
FIXUPS: 1631c 2e 10 12 1e e a a b a a e 1e e 16 e 2a 1b fffffa26 e 16 b
FIXUPS: 15ef1 11 1a 1e 32 1b 20 17 e b 13 15 a e 10 d f 17 a b e e 15 b
FIXUPS: 160bb 25 b a fffffad3 1b 1b 1b 18 1f 10 12 e 37 14 15 15 14 15
FIXUPS: 15d33 14 15 15 14 15 15 14 15 15 14 15 12 11 12 12 11 fffff9f3
FIXUPS: 15873 31 12 10 45 b 25 18 1b 1b 1b 1b 1b 1e 1c e 1b 1b 29 e e e
FIXUPS: 15ac6 9 24 1b 1b 1b 33 1b 1b fffffa29 12 15 12 15 12 15 12 15 19
FIXUPS: 156a0 17 17 12 15 12 15 12 15 1f 15 12 15 12 15 12 15 12 15 12
FIXUPS: 1583a 12 fffffa64 1b 4c e 1b 11 11 b 8 d 17 1e 16 28 57 16 26 b
FIXUPS: 154b9 e 22 e 15 19 15 12 15 12 15 12 15 12 fffff8aa 14 17 17 12
FIXUPS: 14ed6 13 3f 2b 16 a2 12 26 3e 55 e 46 12 21 69 26 e 15 12 f 11
FIXUPS: 1524c 11 e 18 e 11 fffff92d 32 12 10 e 11 14 17 12 14 12 14 12
FIXUPS: 14cdf 12 14 12 14 12 14 36 14 12 14 12 d 1e 15 b 15 12 14 fffffa47
FIXUPS: 148ae 2a 12 26 1e 1f 10 12 19 30 e e e 39 1a 22 13 12 12 1b 18
FIXUPS: 14acf 20 19 12 24 12 2d 19 f 1c fffff915 1c 13 13 13 20 4c 14 57
FIXUPS: 14616 14 37 12 24 17 f 1a b 38 10 12 14 a 11 93 11 43 e a b a e
FIXUPS: 14273 1e 1d b e 23 17 2b 12 16 18 d 117cb 8 8 8 8 a fffee8b5 d
FIXUPS: 1443d d d d d d c d b c b d fffff880 14 67 b b d d a dc c0 20 1b
FIXUPS: 13fdc 6 37 1d 1d 11ad1 a fffee5a6 15 57 e d e e 3a e 57 12 1e 1b
FIXUPS: 13978 12 e 46 12 e 30 20 13 16 11 1207c a fffedfa8 32 53 11 41
FIXUPS: 13bae e 83 23 b 9 13 13 13 13 15 b 20 20 fffff6b0 33 33 37 37 37
FIXUPS: 13514 37 37 37 37 37 12 37 12 37 12 37 12 37 12 37 12 37 12 38
FIXUPS: 1385a 33 37 37 12 38 fffff60f 12 3f 12 3f 12 3f 12 3f 12 3f 12
FIXUPS: 1313a 12 3f 12 38 12 e 4c 12 e 27 f 26 e 37 12 31 12 31 12 fffff7ea
FIXUPS: 12baa 15 11 a 10 9 a 13 9 d 2e 1a 12e76 8 a fffed1a1 2f 14 11 12
FIXUPS: 12d0d 80 16 1e 1b 12 10 c0 e 37 12 fffff8b7 c a d c 3a 85 5b d
FIXUPS: 1292e 25 d 1e d 9 d d 14 18 d d c d c 34 15 3d 9 d 15 32 32 fffff7b2
FIXUPS: 12314 1e 13 39 20 14 12 20 14 11 2a 14 17 20 14 92 c bf 14 16 a
FIXUPS: 12632 f 4b 13 3c 12 17 25 1b 76 fffff740 13baa a fffec507 15 17
FIXUPS: 12004 35 23 19 1b b 1e e 37 12 1a 1399a 8 a fffec69d 42 4e 13 9
FIXUPS: 12229 28 10 28 a 28 10 fffff900 be 10 e d e d e e e 16 23 11 25
FIXUPS: 11d7c 17 11 26 e 33 13 10 10 10 10 10 10 e b b 3d 12 13e2d ffff3684
FIXUPS: 193c0 1a 25 1a 16 18 9 11 e 15 32 14 2e 14 f 16 c806 a ffff30c1
FIXUPS: 18e1b 5d 14 12 ffff8bbd 17 19 32 42 7f 1d 7c88 3e 3d 15 82 84 12c
FIXUPS: 19b03 1c fffffb98 fffff8fe 11 d 87 43 10 c 1a 3c cbe5 a ffff34a7
FIXUPS: 191b6 10 9 87 43 10 c 1a 3c ca09 46 a ffff3fa6 31 1c d a 24 5c
FIXUPS: 19dfd 25 1b 12 12 10 12 12 f e 1b d b3 74 20 14 bd3f a ffff39f2
FIXUPS: 19785 a 2d 3f 243f a 7a 10 14 1a 20 1e 4a 17 2e 5a 4e 17 15 b f
FIXUPS: 1bec5 23 17 14 f 30 a 17 1b 9f69 a ffff3c6d 18 28 113 1bc6 37 28
FIXUPS: 1b8fa 28 37 28 14 28 34 22 a8 a 27 11 1e 13 23 13 14 a31c 9 a 9
FIXUPS: 25ebb b b b c ffff5cfd 1b 18 fffff900 16 d 10 10 10 10 10 10 11
FIXUPS: 1b5bc 10 10 10 10 10 10 1e 1e 2e 2d 3a 28 14 28 37 28 14 28 37
FIXUPS: 1b84b 14 fffff752 1c 13 3d 26 a 13 1d 66 15 37 15 30 29 a accd
FIXUPS: 25e7e ffff5360 3d 12 11 15 f 3d 10 11 11 12 121 67 87 21 fffff64d
FIXUPS: 1abb4 10 59 19 43 28 10 10 2a 25 1d 14 8 6 56 10 15 b 6 19 b050
FIXUPS: 25e4e ffff5009 34 f 11 1d 1c af82 ffff5098 18 fffffa15 e a e a
FIXUPS: 1a969 a e a e 38 e a e a e 12 e a e 20 11 a e a e a e 37 10 10
FIXUPS: 1ab3d fffffa6e 27 b813 c ffff487e 59 1b 2d 13 15 e 10 b6ae a ffff4980
FIXUPS: 1a7ba 14 17 1d 12 27 26 8 d b5ae a ffff4a59 2a 26 d 2f e fffff9a5
FIXUPS: 1a2ec 15 13 c 13 c 14 14 c e c b 17 12 30 3d 11 a 22 19 9 6 1a
FIXUPS: 1a4cd b8e7 9 a a ffff4792 6 2f 20ae a 2c 2c 3a a 36 14 97de b c
FIXUPS: 25f38 c c ffff411e b 12 b 38 b 12 b 5c 6 1b bc24 a ffff4467 12
FIXUPS: 1a23e 2b 37 2004 c e e e f 19 14 10 10 10 10 10 10 11 a 16 2d 2b
FIXUPS: 1c43f 2a 2a 2a 2a 27 28 14 2b 3b 2f 1a a 2f3 28 ffffff01 fffff7be
FIXUPS: 1bfee 15 41 f 20 c 35 13 18 24 37 9 10 1c 46 c c c 10 10 d 29 f
FIXUPS: 1c24e 10 10 10 18 ffff23ee 172b0 9 b c fffe8d90 48 b 26 56 19 29
FIXUPS: e81d 2b 21 1c 63 25 19 50 e195 21 10 13 2f 18 28 fffffcc6 14 10
FIXUPS: 1c8bb 23 ffff189d 1b 77 14 77 17 12 2d f 20 25 38 e 1758c 9 c fffe8acd
FIXUPS: e40e 14 1b 5d 14 62 16 f 13 1c 25 38 1a 3b 28 fffff5a4 10 36 36
FIXUPS: dc89 8f 3b 27 14 9 89 22 24 6b 18 6d 11 1c 6f 11 f 13 28 18 1a
FIXUPS: e0b8 2e 1780e 8 a fffe8813 26 981 3f 144 17 34 13 50 19 3b 13 16
FIXUPS: edb4 12 1a 16b84 a fffe8028 a 16 2b 2d 82 2b 1d b 3f 2b 1d 20 27
FIXUPS: dbc5 9 2484 1f 4a 37 3a 12 5c a1 1e3 ae ac 40 ffffe881 5d 4a 6e
FIXUPS: ef85 1a 26 46 1c 8a 1f 13 10 19 36 e 2b e fffff8df 2f f15 15 79
FIXUPS: fa53 2a 15 87 19 2a 15 64 12 1e 12 83 11 17 10 28 12 ac 11 17 1f
FIXUPS: fe51 f 38 97 3b 39 12 84 fffff3e3 7 44 13 14 28 20 164d1 b a fffe9b59
FIXUPS: f524 26 10 68 e 1d 13 e8 15 37 12 33 1f 53 1c 3b 1c 56 12 a6 16
FIXUPS: 106bc 1530e a fffead10 d 5d 21 15278 a fffeae46 6d ffffe98c 19
FIXUPS: f2bc 10 17 11 16693 b a fffe9978 d 24 1c 11 f 16 19 c 22 16 10
FIXUPS: 251cd 1d 1c 15 18 2c 57 24 2f 20 1e 2b 23 2b fffffd5e 2a 1d 119f
FIXUPS: 2630e fffea632 15 23 f 1507d b a fffeaf9e a fffffc80 13 13 2b ffffcce0
FIXUPS: d38b 3f 1b 22 103 68 f b 13 23 16 5f 6e 13 b 13 23 16 60 63 13
FIXUPS: d7f0 13 22 15 ffffd9ec 62 ffffff33 19 1a62a 27 fffe752e e 90 44
FIXUPS: ce44 1b 1e 33 b 16 5e e 1d af 20 1d 47 19 26 5b 14 19 3f 1b 1f
FIXUPS: d246 16 1d 47 19 2a 5b fffff1f9 3b e 18 33 3c 38 69 8c c 18 21
FIXUPS: c7d6 1d 15 84 d 14 3e 19 11 62 18a 40 77 66 e 11 5c 3f e 1d fffff374
FIXUPS: c0e0 e 1c 59 3b e 18 33 3b e 18 2a 3b e 18 2f 3b e 18 2f 3b e 18
FIXUPS: c432 3b e 18 37 3b e 18 fffff67b 3f e 1d 31 3f e 1d 26 3f e 1d
FIXUPS: bd61 3f e 1d 26 3f e 1d 2e 3f e 1d 33 3f e 1d 42 e 75 e fffff646
FIXUPS: b6b7 18 3a 3b e 18 3f 3b e 18 3f 3b e 18 3f 3b e 18 4d 3b e 18
FIXUPS: ba39 e 5b e 21 41 3f e 1d 19274 4a 20 3e 20 3a 20 61 12 fffe6351
FIXUPS: b2fd 9d 14 2f 11 25 2b 47 f 1c 11 6 40 e 1e d 3a 50 3b e 18 43
FIXUPS: 384d 4d 55 2f 103 17 3c 48 fffffc95 19 12 58 e ffffff23 11 b ffffffd4
FIXUPS: 36c6 1d fffffe8e c 17 13 ffffffac ffffff55 1f f 3c 13 11 21877
FIXUPS: 24dd0 fffdf4cf 11 9 fffffbfc 13 14 25 32 fffffce8 15 27 1e d 1c
FIXUPS: 3ca4 b 3e 9 3b 4d 27 12 1d c 36 c 34 44 fffffc96 ffffff9c 5 a d27
FIXUPS: 4813 11 73 11 fffffe67 c a 10 a 5 5 1c c 11 e e 9 1c 9 fffffd88
FIXUPS: 45b7 fffffef4 45 30 fffffeff ffffff52 24 8 ffffff41 41 37 21ce
FIXUPS: 653c 5e 32 37 fffff785 b 29 38 1b fffff066 106 f 7b8 157 b2 51
FIXUPS: 59eb b6 80 ffffee55 8b 56 e 24 1b 32 14 d fffffdfd 25 fffffeda
FIXUPS: 6945 12 fffffdc5 e 82 fffffea2 48 50 22 fffff819 3f 99 19 68 89
FIXUPS: 6110 2e 25 d9 bf 3b 18 c 15 8 77 12 96 16 1c 27 17 bc2 12 1c 1e
FIXUPS: 7126 16 30 12 15 9 a e e 18 c e c 7 1f 43 24 fffff741 9 18 3c 32
FIXUPS: 6a91 1b fffffee2 19 ffffff52 21 9c5 22 fffff7e1 23 58 2f 4b b 1e
FIXUPS: 6c32 49 42 1f 28 a 2a 1e 51 3a 78 1b e 4e 17 11 21 e 7d 2c 14 4a
FIXUPS: 7035 c5c 24 ffffff6f fffff817 1b ae 1b 3d 13 26 41 a4 1d 20 16
FIXUPS: 76fa 9 1f 27 45 12 24 23 2e 16 13 19 b fffffbcb ffffff96 ffffff9b
FIXUPS: 73b4 11dc 1a 14 d 11 12 16 19 fffffdf9 23 44 13 fffffcaf 35 f 10
FIXUPS: 81aa fffffed7 19 14 14 12 f e 9 17 fffffde6 fffffef8 d 11 2f 25
FIXUPS: 94f2 21 c fffffb99 5d fffffe03 17 20 ffffffa8 7 9 fffffeca f ffffffa1
FIXUPS: 8d20 8 8 19 fffffe02 fffffea1 107 fffffe33 3e fffffce2 30 bd 2b
FIXUPS: 877a fffffd4e 16 8a 15 1542 61 ec 4a 78 76 fffffb56 10 ffffff0a
FIXUPS: 96a8 1c ffffffbe 9 fffffb26 17 5c f 151 12 16 c 1d 18 a c e 17
FIXUPS: 9438 24 54 16 20 1662 96 6 a 6 1b 4b fffffcac 7c b4 fffffd36 2b
FIXUPS: a6fb ffffff6c 17 9 c 1e 12 fffffe01 fffffebd 63 fffff9fd 10c 3a
FIXUPS: 9f58 5 151 24 28 aa fffff8aa 1a045 fffffe88 86 34 3d 10 fffffeb0
FIXUPS: 238e2 b ffffff7e 22 21 ffffff83 7 d fffe77b8 47 41 10c fffffbc5
FIXUPS: ad73 4e 19 46 1d 26 9 d 9 fffffc82 14 18 197b2 30 ffffff0f 32 19
FIXUPS: 2408a e5 fffffdf5 6 2b ffffff4b 16 12 fffffcea 181 59 23 3e 29
FIXUPS: 23e6c 11 e fffffd4e ffffff80 ffffffa0 17 13 ffffffad 1d ffffff81
FIXUPS: 23a78 10 fffdee0e 22243 c2 32 fffffdae 38 18 28 b 1f 2f 11 6 38
FIXUPS: 248cc 16 ffffff7e ffffff91 fffffe15 1e 26 23 ffffff35 ffffff7d
FIXUPS: 244fd a ffffff27 a ffffff0d a d ffffff79 fffdde69 1c 12 15 13 11
FIXUPS: 21c0 21 14 d 236c5 b b a fffdc94d d 4d e 1b 39 2f d 402 21 27 17
FIXUPS: 279f 1b 7 47 25 19 fffff64f 239ff 8 8 a fffdc698 e 30 13 11 10
FIXUPS: 1fc1 12 e 7 2d 5 a 10 17 18 14 12 d 11 b e 13 11 13 9 2b fffffa78
FIXUPS: 1bcd 20 e 12 1c 16 1a 16 23bf8 b b a fffdc491 18 b 14 b 1b 11 a
FIXUPS: 1da1 a 11 a 16 21 21 15 a 16 21 fffff9a2 8e 14 35 1f 9 11 5 9 13
FIXUPS: 1961 1e 28 1f 12 1c 26 b a 5 1e 13 16 1e 17 16 26 20 2c 35 d 13
FIXUPS: 1453 4b d a 4e 3b 11 50 11 23 1f 23 20 32 7 d 29 b 6 24182 b b
FIXUPS: 25857 fffdbeb0 13 2f 2f 28 1e 11 26 12 fffff8c4 d 15 5 31 13 e
FIXUPS: 114d 17 f 17 5 2c 42 15 2c 1b 22 4b d 20 3c 13 13 1c f 23 3f 14
FIXUPS: 1409 15 8 1ad2 1a 53 38 3d 48 3c b 23 14 5d 7 15 2d 34 d a 3c 55
FIXUPS: 3233 19 17 19 71 19 a 5 5 a ffffdcfd 2d 5d 22d9 f f f ab fffff500
FIXUPS: 2980 13 58 e 18 3e e 1f 5f 1c 6f 15 56 14 46 e f3 20 20 1d 4f e
FIXUPS: 2dfd a2 35 10

 487 bytes saved through ICF

