gtdata.dll version Jan 16 2001

COM2EXE converter:
  cINOgEN
  COMSEC
  Comvert 1.0
  DblStar Software
  Elite x
  Fabrice Bellard
  HENDR­X
  kaot
  Mess /E
  PHaX
  Rose
  SCRb2e
  Stefan Esser
  Trills nT
  UNP x

NE EXE modifier:
  Borland C++ Win16 (1991)
  PC Guard 1.50 for Win16
  PKLite 2.01
  Shrinker 3.2
  WinZIP Self Extractor

PE EXE modifier:
  32lite 0.03a
  Adobe PhotoShop Plugin
  Alloy 1.04.14.2000
  AppLok 95 2.0
  Armadillo 1.80
  ASPack 1.01b
  ASPack 1.02b
  ASPack 1.04b
  ASPack 1.05b
  ASPack 1.061b
  ASPack 1.061b [DLL]
  ASPack 1.07b
  ASPack 1.07b [DLL]
  ASPack 1.08
  ASPack 1.081
  ASPack 1.082
  ASPack 1.083
  ASPack 1.084
  ASPack 2.000
  ASPack 2.001
  ASPack 2.100
  BJFNT 1.1
  BJFNT 1.2
  BJFNT 1.3
  Borland C++ Win32 (1994)
  Borland C++ Win32 (1995)
  Borland Delphi 3 (1)
  Borland Delphi 3 (2)
  Borland Delphi 4
  Cexe 1.0a
  CodeCrypt 0.14b
  CodeCrypt 0.15b
  CodeCrypt 0.163b
  CodeCrypt 0.164b
  CodeCrypt 0.16b - 0.161b
  CodeSafe 2.0
  CodeSafe 3.0
  CrypKey Instant Stealth 5.0.161
  Ding Boys PE-lock 0.07
  EXE Protector 1.37a
  Harlequin Dylan 1.2
  Lcc-win 32 1.3
  NeoLite 1.0 - 1.01
  NeoLite 1.04
  NeoLite 2.00
  NFO 1.0
  PCPEC [alpha]
  PE password protector by SMT
  PE-Crypt 1.0
  PE-Crypt 1.01
  PE-Crypt 1.02
  PE-Prot 0.9
  PEBundle 0.03
  PEBundle 0.05
  PEBundle 0.05wtd
  PEBundle 0.06
  PEBundle 0.12wtd
  PEBundle 0.14wtd
  PEBundle 0.15wtd
  PEBundle 1.00b3 - 1.02
  PEBundle 1.00b3wtd
  PEBundle 1.02wtd
  PECompact 0.92
  PECompact 0.977
  PECompact 0.978
  PECompact 0.978.1
  PECompact 0.978.4
  PECompact 0.98
  PECompact 0.99
  PECompact 1.00
  PECompact 1.10 b1
  PECompact 1.10 b2
  PECompact 1.10 b3
  PECompact 1.10 b4
  PECompact 1.10 b5
  PECompact 1.10 b6
  PECompact 1.10 b7
  PECompact 1.10 b8
  PECompact 1.20 - 1.20.1
  PECompact 1.22
  PECompact 1.23 b3 - 1.24.1
  PECompact 1.24.2 - 1.24.3
  PECompact 1.25
  PECompact 1.26b1 - 1.26b2
  PECompact 1.33
  PECompact 1.34 - 1.40b1
  PECompact 1.40 - 1.43
  PECompact 1.40b2 - 1.40b4
  PECompact 1.40b5 - 1.40b6
  PELOCknt 2.01
  PELOCknt 2.02á
  PELOCknt 2.03
  PELOCknt 2.04
  PEShield 0.2b2
  Petite 1.2
  Petite 1.3a
  Petite 1.4
  Petite 2.0
  Petite 2.1
  Petite 2.2 [PE DLL]
  Petite 2.2 [PE EXE]
  PeX 0.99
  PKLite32 1.1
  Private EXE 2.0a
  Private EXE 2.0a - 2.2
  SecuPack 1.5
  Shrinker 3.2
  Shrinker 3.4
  SPEC beta 3
  Stone's PE Encrypter 1.0
  Stone's PE Encrypter 1.13
  Stone's PE Encrypter 2.0
  Symantec Visual Cafe 3.0
  tELock 0.41c
  tELock 0.42
  tELock 0.51
  tELock 0.60
  tELock 0.61
  tELock 0.70
  tELock 0.71
  UPX 0.51 [PE]
  UPX 0.62 [PE DLL]
  UPX 0.62 [PE]
  UPX 0.70 [PE DLL]
  UPX 0.70 [PE]
  UPX 0.71 - 0.72 [PE DLL]
  UPX 0.71 - 0.72 [PE]
  UPX 0.81 - 0.84 [PE DLL]
  UPX 0.81 - 0.84 [PE]
  UPX 0.89.6 - 0.94 [PE DLL]
  UPX 0.89.6 - 1.02 [PE]
  UPX 0.89.6 [PE DLL]
  UPX 0.93 [PE] UnHack32 1.1
  UPX 0.93 [PE] UnHack32 1.2
  UPX 0.99 / 1.00 - 1.02 [PE DLL]
  UPX 0.99.1 - 0.99.2 [PE DLL]
  VGCrypt 0.75
  Virtual Pascal 2.1
  Visual C 2.0
  Visual C++ 3.1
  Visual C++ 4.2 (DLL)
  Visual C++ 4.2 (EXE - 1)
  Visual C++ 4.2 (EXE - 2)
  Visual C++ 4.2 (EXE - 3)
  Visual C++ 4.2 (EXE - 4)
  Visual C++ 5.0
  Visual C++ 5.0 (debug)
  Visual C++ 5.0 (no debug)
  Visual C++ 5.0 SP3
  Visual C++ 5.0 SP3 (debug)
  Visual Protect 1.1
  WATCOM C/C++ runtime system 1995
  WinKript 1.00
  WinZip SFX
  WWPack32 1.0
  WWPack32 1.09
  WWPack32 1.10 - 1.11
  WWPack32 1.12
  yoda's Crypter 1.0

DOS EXE modifier:
  624 1.0
  ABKprot 1.00
  AdFlt2
  Ady's Glue 1.10
  AEP 1.00
  AinEXE 2.1
  AinEXE 2.22
  AinEXE 2.23
  Aluwain 8.03
  aPack 0.58 - 0.74 (2) [EXE]
  aPack 0.58 - 0.82 (1) [EXE]
  aPack 0.58 [COM]
  aPack 0.61 [COM]
  aPack 0.66 [COM]
  aPack 0.69 [COM]
  aPack 0.71 - 0.74 [COM]
  aPack 0.73 - 0.74 -m [EXE]
  aPack 0.73 - 0.82 -d [EXE]
  aPack 0.82 -d [EXE]
  aPack 0.82 -m -p [COM]
  aPack 0.82 [COM]
  aPack 0.82 [EXE]
  aPack 0.90 - 0.99 -d/-s -m [EXE]
  aPack 0.90 - 0.99 -d/-s [EXE]
  aPack 0.90 - 0.99 -m [EXE]
  aPack 0.90 - 0.99 [EXE]
  aPack 0.90 -m -p [COM]
  aPack 0.90 -m -x [EXE]
  aPack 0.90 [COM]
  aPack 0.96
  aPack 0.96 -i -m
  aPack 0.96 -m
  aPack 0.98 - 0.99 -t [EXE]
  aPack 0.98 - 0.99 [COM]
  aPack 0.98 -f -m [COM]
  aPack 0.98 -i -m [COM]
  aPack 0.98 -x
  aPack 0.99 -f -m [COM]
  aPack 0.99 -i -m [COM]
  aPack 0.99 -m -x [EXE]
  AVPack 1.2x [COM]
  AVPack 1.2x [EXE]
  Batch Compiler 1.0
  BINLock 1.0
  BITLOK 3.1
  Borland C++ (TR.EXE)
  Borland C++ 3.0 or higher
  Borland PE loader
  C-Crypt 1.02
  CC 2.61b
  CC286x2 2.1
  Ciphator 4.6
  Com Cryptor BTS 9.12
  COM2TXT 1.00
  COM2TXT 1.03 - 1.12
  COM2TXT 1.20 - 1.41
  Com4Mail 1.0
  COMCRYPT [by unknown]
  ComLock 0.10
  COMPACK 4.5
  COMPACK 5.1
  Compact 1.05
  ComprEXE 1.0 [COM]
  ComprEXE 1.0 [EXE]
  ComProt 1.0 beta
  ComProtector 1.0
  Comt 0.10 (duckling)
  Comt 0.10d (original)
  COP 1.0
  Crackstop 1.03a
  CRK Compiler 1.20
  Cruncher 1.0
  CryEXE 4.0
  CRYPACK 3.0
  Crypt 1.20
  Crypt 1.21
  Crypt 1.7 [COM]
  Crypt 1.7 [EXE]
  Crypt.Trivial.173
  Crypta II 2.0
  Crypta II 3.0
  CryptC [by unknown]
  CRYPTCOM 1.1
  CRYPTCOM [by unknown]
  CryptEXE 1.0
  CrypteXeC 0.9á
  CrypteXeC 1.01
  CSV 0.1
  CWC 3.01
  deeP-CRyPTeR 0.1b
  Diet 1.00 [EXE]
  Diet 1.10 - 1.20 [COM]
  Diet 1.10a/1.20 [EXE]
  Diet 1.43/1.44 [EXE]
  Diet 1.44 - 1.45 [COM]
  Diet 1.45f [EXE]
  Docmaker 1.20
  DoP's CryptExe 1.04
  DOS Extender by Doug Hoffmann 1994
  DOS/4GW Extender by Tenberry Software
  DOS32 3.3
  DShield
  EEXE 1.12 - 1.13
  Elite 2.00
  Encriptor 1.00á
  ENcryptCOM 3.01
  EPW 1.20 [COM]
  EPW 1.20 [EXE]
  EPW 1.30 [COM]
  EPW 1.30 [EXE]
  EXE Manager 3.0
  EXE Manager 3.2
  EXE2COM 2.00
  ExeCode 1.0
  ExeCode 1.00 [COM]
  EXEGuard 1.3
  EXEHigh 1.01
  ExeLock 1.00
  EXELOCK 666 1.03
  EXELOCK 666 1.04
  EXELOCK 666 1.05
  EXEPACK 3.69
  EXEPACK 4.06
  F-Xlock 1.16
  fds-cp 0.4
  FFSE 0.4R
  file Analyser 1.4 Encryptor
  Gardian Angel 1.0
  HackStop 0.98 [COM]
  HackStop 0.98 [EXE]
  HackStop 0.99 [COM]
  HackStop 0.99 [EXE]
  HackStop 1.00 [EXE]
  HackStop 1.12 [EXE]
  HackStop 1.13 [EXE]
  HackStop 1.14å [EXE]
  HackStop 1.15 - 1.17 [EXE]
  HackStop 1.17á [EXE]
  HackStop 1.17ás [EXE]
  HackStop 1.18 [EXE]
  HackStop 1.19 build 195/198 [EXE]
  HackStop 1.19 build 197 [EXE]
  HackStop 1.19 build 204 [EXE]
  HackStop 1.19 build 217
  HelpCOM 1.2
  HelpEXE 1.2
  Ice 1.00
  iLUCRYPT 4.014 - 4.015
  iLUCRYPT 4.019
  Immun 1.2 [COM]
  Immun 1.2 [EXE]
  Immun 1.2 registered [COM]
  Immun 1.2 registered [EXE]
  Jam 2.11 [COM]
  Jam 2.11 [EXE]
  Jam 2.21 [COM]
  Jam 2.21 [EXE]
  JMCryptExe 0.7 (general)
  JMCryptExe 0.7g
  JMCryptExe 0.7i
  JMCryptExe 0.7j
  jmt-cp 0.5a / fds-cp 0.4a
  Khrome Crypt 0.3
  LamerStop 1.0á
  LC 3.00 (1986)
  LGLZ 1.03b - 1.04b
  Loader for Dos Extender by Doug Hoffmann
  LockProg 0.5a
  LockTite+
  LZEXE 0.90
  LZEXE 0.91 / 1.00
  LZEXE 0.91á
  Mask 2.3
  Mask 2.5
  MCLOCK 1.3
  MegaLite 1.20
  Mess 1.07 [COM]
  Mess 1.07 [EXE]
  Mess 1.14 [COM]
  Mess 1.15 [COM]
  Mess 1.17 [COM]
  Microsoft C (1988/89)
  Microsoft C++ (1990/92)
  Microsoft C++ NE Loader
  Microsoft QBasic
  MINI [COM]
  MINI [EXE]
  Mr.HDKiLLeR ProtectioN 1.0
  MSCC 1.0bs
  N0Ps Shit Protector 0.002b
  NetRun 3.10
  NetSafe ZIP-Prot
  Netsend 1.00
  NoClip 4.1
  NT Shell 4.0
  OptLink Pass 1
  OptLink Pass 2
  Pack 1.0
  PackWin 1.0à - 2.02
  PassCOM 2.0 / PPC
  PassEXE 2.0
  PCC 1.2
  PCrypt 3.50 [COM]
  PGMPAK 0.13
  PGMPAK 0.14
  PGMPAK 0.15
  PK Smart 1.0b
  PKLite 1.00 - 1.05 [EXE]
  PKLite 1.00 [COM]
  PKLite 1.03 [COM]
  PKLite 1.05 [COM]
  PKLite 1.12 / 1.20 [COM]
  PKLite 1.12 / 1.20 [EXE]
  PKLite 1.13 [COM]
  PKLite 1.14 [COM]
  PKLite 1.14 [EXE]
  PKLite 1.15 [COM]
  PKLite 1.15 [EXE]
  PKLite 1.50 - 2.01 [EXE]
  PKLite 1.50 [COM]
  PKLite 2.00ß [COM]
  PKLite 2.00ß [EXE]
  PKLite 2.01 [COM]
  PKTiny 1.62
  PMODE/W 1.20
  PMODE/W 1.21
  PMODE/W 1.33
  Powerbasic 2.10
  ProPack 2.08 -m1 [EXE]
  ProPack 2.08 -m2 [EXE]
  ProPack 2.14 -m1 [COM]
  ProPack 2.14 -m1 [EXE]
  ProPack 2.14 -m2 [COM]
  ProPack 2.14 -m2 [EXE]
  Protect! 3.0
  Protect! 3.0/3.1 [COM]
  Protect! 3.1 [EXE]
  Protect! 4.0 [COM]
  Protect! 4.0 [EXE]
  Protect! 6.0
  ProtEXE 2.11 [COM]
  ProtEXE 2.11 [EXE]
  ProtEXE 3.0
  R-Crypt 0.91
  RCC II/286 1.14 (hard)
  RCC II/286 1.14 (mild)
  RCC II/286 1.15 (hard)
  RCC II/286 1.15 (mild)
  RCC II/286 1.16 (hard)
  RCC II/286 1.16 (mild)
  Rec 0.14
  Rec 0.27
  Rec 0.28
  Rec 0.32
  Rec 0.33a
  Rec 0.38
  Rec Small 1.01
  Rec Small 1.02
  Rec Small 1.02a
  Rec Small 1.03
  Rec Small 1.05
  RELOC 1.00
  RERP 0.02
  RJ Crush 1.10
  Rose Tiny 1.02
  RoseTiny 0.95
  RUE 1.32
  Scram 0.7c1 - 0.8a1
  SCRAMB 1.20
  SCRAMBLE 0.2 beta3
  Scrunch 1.02
  Scrypt 1.2
  Secure 2.1b
  SelfEnc 1.0
  SENs debug protection
  Shadow 1.0 beta
  Shield 1.70
  Shrink 1.0
  Shrink 2.0 (1)
  Shrink 2.0 (2)
  SnoopStop 1.15
  Spirit 1.5
  SuckStop 1.08
  SuckStop 1.10
  SuckStop 1.11
  Tiny Xor 0.1
  TPack 0.5á -m1
  TPack 0.5á -m2
  TPC's COM scrambler 1.00
  Trap 1.13 [COM]
  Trap 1.13 [EXE]
  Trap 1.14
  Trap 1.14a
  Trap 1.15
  Trap 1.16 - 1.17
  Trap 1.16á1
  Trap 1.16á2
  Trap 1.18 [EXE]
  Trap 1.19 [EXE]
  Trap 1.20 [EXE]
  Trap 1.21 [EXE]
  Turbo Basic
  Turbo C 1.0 (1987)
  Turbo C 2.0 (1988) [COM]
  Turbo C 2.0 (1988) [EXE]
  Turbo C++ 3.0 [COM]
  Turbo C++ 3.0 [EXE]
  Turbo Pascal 3
  Turbo Pascal 4 (1)
  Turbo Pascal 4 (2)
  Turbo Pascal 5
  Turbo Pascal 6
  Turbo Pascal 7
  Turbo Pascal 7 (RTL by Norbert Juffa)
  Turbo Prolog 1986
  TurboChainer 1.03
  UC 2 EXE 2.4
  UComCry
  unknown by GyikSoft 1
  unknown by GyikSoft 2
  unknown by JVP
  unknown by Mr. Wicked
  unknown by RAO
  unknown by Synopsis
  unknown by Woody
  Unknown virus 1
  Unýpack 2.0
  UPX 0.20 [COM]
  UPX 0.20 [EXE]
  UPX 0.30 - 0.40 [COM]
  UPX 0.30 [EXE]
  UPX 0.40 - 0.51 [EXE]
  UPX 0.51 - 0.72 [COM]
  UPX 0.62 [EXE]
  UPX 0.70 [EXE]
  UPX 0.71 - 0.72 [EXE]
  UPX 0.81 - 0.84 [EXE]
  UPX 0.82 - 0.84 [COM]
  UPX 0.90 - 1.02 [EXE]
  UPX 0.92 - 1.02 [COM]
  USCC 1.3
  Username 3.00 [COM]
  Username 3.00 [EXE]
  V-Load 0.9b
  V-Load 0.9b used in Kartz 0.3
  Vaccine 1.03 - 1.10
  Virus Self Destructor 2.00
  VSS
  Watcom C (1994)
  Watcom C (1995)
  WordPerfect EXEPack
  WWPack 
  WWPack Mutator 1.1c
  X3
  XCOM 1.00
  XcomOR 0.99a
  XcomOR 0.99f/g
  XcomOR 0.99h
  XcomOR 0.99i
  XorCopy 1.0
  XoReR 1.0
  XoReR 2.0
  XoReR 2.1
  XPack 1.0j [EXE]
  XPack 1.0m - 1.20 [EXE]
  XPack 1.29 - 1.30 [COM]
  XPack 1.29 - 1.30 [EXE]
  XPack 1.31 - 1.66 [COM]
  XPack 1.31 [EXE]
  XPack 1.33 [EXE]
  XPack 1.34 [EXE]
  XPack 1.36 [EXE]
  XPack 1.39 [EXE]
  XPack 1.40 [EXE]
  XPack 1.44 [EXE]
  XPack 1.45 [EXE]
  XPack 1.52 - 1.64 [EXE]
  XPack 1.65b2 [EXE]
  XPack 1.65b3/b4 [EXE]
  XPack 1.66 [EXE]
  XPack 1.67 [COM]
  XPack 1.67 [EXE]
  Zortech C 2.00 (1)
  Zortech C 2.00 (2)

total modifiers in DLL: 581
total filenames in DLL: 20
total extensions in DLL: 618
