 gt2

 Timestamp is 3adcf024 (Wed Apr 18 03:38:44 2001)

 Preferred load address is 00400000

 Start         Length     Name                   Class
 0001:00000000 0002690aH .text                   CODE
 0001:00026910 00000b72H .text$x                 CODE
 0002:00000000 00006dbfH .rdata                  DATA
 0002:00006dc0 00000044H .rdata$r                DATA
 0002:00006e04 00001084H .xdata$x                DATA
 0002:00007e88 00000000H .edata                  DATA
 0003:00000000 00000004H .CRT$XCA                DATA
 0003:00000004 00000020H .CRT$XCU                DATA
 0003:00000024 00000004H .CRT$XCZ                DATA
 0003:00000028 00000004H .CRT$XIA                DATA
 0003:0000002c 00000010H .CRT$XIC                DATA
 0003:0000003c 00000004H .CRT$XIY                DATA
 0003:00000040 00000004H .CRT$XIZ                DATA
 0003:00000044 00000004H .CRT$XPA                DATA
 0003:00000048 00000008H .CRT$XPX                DATA
 0003:00000050 00000004H .CRT$XPZ                DATA
 0003:00000054 00000004H .CRT$XTA                DATA
 0003:00000058 00000004H .CRT$XTB                DATA
 0003:0000005c 00000004H .CRT$XTZ                DATA
 0003:00000060 00003630H .data                   DATA
 0003:00003690 000059d4H .bss                    DATA
 0004:00000000 00000050H .idata$2                DATA
 0004:00000050 00000014H .idata$3                DATA
 0004:00000064 000001c4H .idata$4                DATA
 0004:00000228 000001c4H .idata$5                DATA
 0004:000003ec 000007f4H .idata$6                DATA

  Address         Publics by Value              Rva+Base     Lib:Object

 0001:00000080       ??0MSJExceptionHandler@@QAE@XZ 00401080 f   gt_crashtracker.obj
 0001:000000f0       ??1MSJExceptionHandler@@QAE@XZ 004010f0 f   gt_crashtracker.obj
 0001:00000100       ?SetLogFileName@MSJExceptionHandler@@QAEXPAD@Z 00401100 f   gt_crashtracker.obj
 0001:00000120       ?MSJUnhandledExceptionFilter@MSJExceptionHandler@@CGJPAU_EXCEPTION_POINTERS@@@Z 00401120 f   gt_crashtracker.obj
 0001:00000190       ?GenerateExceptionReport@MSJExceptionHandler@@CIXPAU_EXCEPTION_POINTERS@@@Z 00401190 f   gt_crashtracker.obj
 0001:00000300       ?GetExceptionString@MSJExceptionHandler@@CIPADK@Z 00401300 f   gt_crashtracker.obj
 0001:00000580       ?GetLogicalAddress@MSJExceptionHandler@@CIHPAXPADKAAK2@Z 00401580 f   gt_crashtracker.obj
 0001:00000630       ?IntelStackWalk@MSJExceptionHandler@@CIXPAU_CONTEXT@@@Z 00401630 f   gt_crashtracker.obj
 0001:000006e0       ?ImagehlpStackWalk@MSJExceptionHandler@@CIXPAU_CONTEXT@@@Z 004016e0 f   gt_crashtracker.obj
 0001:00000860       ?printf@MSJExceptionHandler@@CAHPBDZZ 00401860 f   gt_crashtracker.obj
 0001:000008b0       ?InitImagehlpFunctions@MSJExceptionHandler@@CIHXZ 004018b0 f   gt_crashtracker.obj
 0001:00000960       _main                      00401960 f   gt_main.obj
 0001:00001040       ??0ADLP_String@@QAE@PBDI@Z 00402040 f i gt_main.obj
 0001:000010b0       ??1ADLP_String@@UAE@XZ     004020b0 f i gt_main.obj
 0001:000010e0       ?ReleaseMemory@ADLP_String@@QAEXXZ 004020e0 f i gt_main.obj
 0001:00001100       ??_EADLP_String@@UAEPAXI@Z 00402100 f i gt_main.obj
 0001:00001100       ??_GADLP_String@@UAEPAXI@Z 00402100 f i gt_main.obj
 0001:00001500       ??_EPFileSearch@@UAEPAXI@Z 00402500 f i gt_main.obj
 0001:00001500       ??_GPFileSearch@@UAEPAXI@Z 00402500 f i gt_main.obj
 0001:00001530       ?_resize@ADLP_String@@AAEXI@Z 00402530 f i gt_main.obj
 0001:00001580       ?_append@ADLP_String@@AAEXPBD@Z 00402580 f i gt_main.obj
 0001:00001600       ?_set_at@ADLP_String@@AAEXIPBDI@Z 00402600 f i gt_main.obj
 0001:00001ac0       ??0GT_Cleanup@@QAE@XZ      00402ac0 f   gt_cleanup.obj
 0001:00001ae0       ?PrintFooter@GT_Cleanup@@QAEXH@Z 00402ae0 f   gt_cleanup.obj
 0001:00001c50       ?PrintCacheStats@GT_Cleanup@@QAEXXZ 00402c50 f   gt_cleanup.obj
 0001:00001cd0       ?WaitForKey@GT_Cleanup@@QAEXXZ 00402cd0 f   gt_cleanup.obj
 0001:00001d30       ??1GT_DriveInfo@@UAE@XZ    00402d30 f i gt_driveinfo.obj
 0001:00001dc0       ??_EGT_DriveInfo@@UAEPAXI@Z 00402dc0 f i gt_driveinfo.obj
 0001:00001dc0       ??_GGT_DriveInfo@@UAEPAXI@Z 00402dc0 f i gt_driveinfo.obj
 0001:00001df0       ??0GT_DriveInfo@@QAE@XZ    00402df0 f   gt_driveinfo.obj
 0001:00001f30       ??_GGT_SingleDriveInfo@@UAEPAXI@Z 00402f30 f i gt_driveinfo.obj
 0001:00001f30       ??_EGT_SingleDriveInfo@@UAEPAXI@Z 00402f30 f i gt_driveinfo.obj
 0001:00001f60       ?CheckParameter@GT_DriveInfo@@QAEHPBD@Z 00402f60 f   gt_driveinfo.obj
 0001:00001fd0       ??1?$GT_Sequence@PAVGT_SingleDriveInfo@@@@UAE@XZ 00402fd0 f i gt_driveinfo.obj
 0001:00002010       ??_E?$GT_Sequence@PAVGT_SingleDriveInfo@@@@UAEPAXI@Z 00403010 f i gt_driveinfo.obj
 0001:00002010       ??_G?$GT_Sequence@PAVGT_SingleDriveInfo@@@@UAEPAXI@Z 00403010 f i gt_driveinfo.obj
 0001:00002060       @StartGTUI2@0              00403060 f   gt_gtui_starter.obj
 0001:000021c0       ?GlobalListFile@@YGHPBDJQAX@Z 004031c0 f   gt_mainlister.obj
 0001:00002880       _GetModuleFileNameA@12     00403880 f   kernel32:KERNEL32.dll
 0001:00002886       _SetUnhandledExceptionFilter@4 00403886 f   kernel32:KERNEL32.dll
 0001:0000288c       _CloseHandle@4             0040388c f   kernel32:KERNEL32.dll
 0001:00002892       _SetFilePointer@16         00403892 f   kernel32:KERNEL32.dll
 0001:00002898       _CreateFileA@28            00403898 f   kernel32:KERNEL32.dll
 0001:0000289e       _GetCurrentProcess@0       0040389e f   kernel32:KERNEL32.dll
 0001:000028a4       _OutputDebugStringA@4      004038a4 f   kernel32:KERNEL32.dll
 0001:000028aa       _FormatMessageA@28         004038aa f   kernel32:KERNEL32.dll
 0001:000028b0       _GetModuleHandleA@4        004038b0 f   kernel32:KERNEL32.dll
 0001:000028b6       _VirtualQuery@12           004038b6 f   kernel32:KERNEL32.dll
 0001:000028bc       _IsBadWritePtr@8           004038bc f   kernel32:KERNEL32.dll
 0001:000028c2       _GetCurrentThread@0        004038c2 f   kernel32:KERNEL32.dll
 0001:000028c8       _WriteFile@20              004038c8 f   kernel32:KERNEL32.dll
 0001:000028ce       _GetProcAddress@8          004038ce f   kernel32:KERNEL32.dll
 0001:000028d4       _LoadLibraryA@4            004038d4 f   kernel32:KERNEL32.dll
 0001:000028da       _SetConsoleCtrlHandler@8   004038da f   kernel32:KERNEL32.dll
 0001:000028e0       _GetDriveTypeA@4           004038e0 f   kernel32:KERNEL32.dll
 0001:000028e6       _GetLogicalDriveStringsA@8 004038e6 f   kernel32:KERNEL32.dll
 0001:000028ec       _WinExec@8                 004038ec f   kernel32:KERNEL32.dll
 0001:000028f2       __onexit                   004038f2 f   libc:onexit.obj
 0001:0000295f       _atexit                    0040395f f   libc:onexit.obj
 0001:00002971       ___onexitinit              00403971 f   libc:onexit.obj
 0001:000029a0       _strrchr                   004039a0 f   libc:strrchr.obj
 0001:000029e0       _strchr                    004039e0 f   libc:strchr.obj
 0001:000029e6       ___from_strstr_to_strchr   004039e6 f   libc:strchr.obj
 0001:00002a9c       _sprintf                   00403a9c f   libc:sprintf.obj
 0001:00002aee       _free                      00403aee f   libc:free.obj
 0001:00002b57       _fprintf                   00403b57 f   libc:fprintf.obj
 0001:00002b89       ___initstdio               00403b89 f   libc:_file.obj
 0001:00002c2e       ___endstdio                00403c2e f   libc:_file.obj
 0001:00002c42       ?_JumpToContinuation@@YGXPAXPAUEHRegistrationNode@@@Z 00403c42 f   libc:trnsctrl.obj
 0001:00002c76       ?_CallMemberFunction0@@YGXPAX0@Z 00403c76 f   libc:trnsctrl.obj
 0001:00002c7d       ?_CallMemberFunction1@@YGXPAX00@Z 00403c7d f   libc:trnsctrl.obj
 0001:00002c84       ?_CallMemberFunction2@@YGXPAX00H@Z 00403c84 f   libc:trnsctrl.obj
 0001:00002c8b       ?_UnwindNestedFrames@@YGXPAUEHRegistrationNode@@PAUEHExceptionRecord@@@Z 00403c8b f   libc:trnsctrl.obj
 0001:00002cda       ___CxxFrameHandler         00403cda f   libc:trnsctrl.obj
 0001:00002d10       ___CxxLongjmpUnwind@4      00403d10 f   libc:trnsctrl.obj
 0001:00002d2a       ?_CallCatchBlock2@@YAPAXPAUEHRegistrationNode@@PBU_s_FuncInfo@@PAXHK@Z 00403d2a f   libc:trnsctrl.obj
 0001:00002da3       ?_CallSETranslator@@YAHPAUEHExceptionRecord@@PAUEHRegistrationNode@@PAX2PBU_s_FuncInfo@@H1@Z 00403da3 f   libc:trnsctrl.obj
 0001:00002ecc       ?_GetRangeOfTrysToCheck@@YAPBU_s_TryBlockMapEntry@@PBU_s_FuncInfo@@HHPAI1@Z 00403ecc f   libc:trnsctrl.obj
 0001:00002f47       __fpmath                   00403f47 f   libc:fpinit.obj
 0001:00002f5e       __fpclear                  00403f5e f   libc:fpinit.obj
 0001:00002f5f       __cfltcvt_init             00403f5f f   libc:fpinit.obj
 0001:00002f97       ___setfflag                00403f97 f   libc:fpinit.obj
 0001:00002fa8       __global_unwind2           00403fa8 f   libc:exsup.obj
 0001:00002fea       __local_unwind2            00403fea f   libc:exsup.obj
 0001:00003042       __NLG_Return2              00404042 f   libc:exsup.obj
 0001:00003052       __abnormal_termination     00404052 f   libc:exsup.obj
 0001:00003075       __NLG_Notify1              00404075 f   libc:exsup.obj
 0001:0000307e       __NLG_Notify               0040407e f   libc:exsup.obj
 0001:00003091       __NLG_Dispatch             00404091 f   libc:exsup.obj
 0001:000030a0       _memmove                   004040a0 f   libc:memmove.obj
 0001:000033d5       _malloc                    004043d5 f   libc:malloc.obj
 0001:000033e7       __nh_malloc                004043e7 f   libc:malloc.obj
 0001:00003413       __heap_alloc               00404413 f   libc:malloc.obj
 0001:00003487       ??3@YAXPAX@Z               00404487 f   libc:delete.obj
 0001:00003492       _realloc                   00404492 f   libc:realloc.obj
 0001:00003732       _printf                    00404732 f   libc:printf.obj
 0001:00003763       __getch                    00404763 f   libc:getch.obj
 0001:00003834       __getche                   00404834 f   libc:getch.obj
 0001:0000386c       __kbhit                    0040486c f   libc:getch.obj
 0001:0000392a       __ungetch                  0040492a f   libc:getch.obj
 0001:00003a0b       ??2@YAPAXI@Z               00404a0b f   libc:new.obj
 0001:00003a19       _mainCRTStartup            00404a19 f   libc:crt0.obj
 0001:00003af8       __amsg_exit                00404af8 f   libc:crt0.obj
 0001:00003b41       __cinit                    00404b41 f   libc:crt0dat.obj
 0001:00003b6e       _exit                      00404b6e f   libc:crt0dat.obj
 0001:00003b7f       __exit                     00404b7f f   libc:crt0dat.obj
 0001:00003b90       __cexit                    00404b90 f   libc:crt0dat.obj
 0001:00003b9f       __c_exit                   00404b9f f   libc:crt0dat.obj
 0001:00003c61       __msize                    00404c61 f   libc:msize.obj
 0001:00003cc2       __flsbuf                   00404cc2 f   libc:_flsbuf.obj
 0001:00003dd7       __output                   00404dd7 f   libc:output.obj
 0001:000045e1       __GetLinkerVersion         004055e1 f   libc:heapinit.obj
 0001:0000460e       ___heap_select             0040560e f   libc:heapinit.obj
 0001:00004756       __heap_init                00405756 f   libc:heapinit.obj
 0001:000047b3       __heap_term                004057b3 f   libc:heapinit.obj
 0001:0000485b       __get_sbh_threshold        0040585b f   libc:sbheap.obj
 0001:0000487a       __set_sbh_threshold        0040587a f   libc:sbheap.obj
 0001:0000492d       ___sbh_heap_init           0040592d f   libc:sbheap.obj
 0001:00004975       ___sbh_find_block          00405975 f   libc:sbheap.obj
 0001:000049a0       ___sbh_free_block          004059a0 f   libc:sbheap.obj
 0001:00004cc9       ___sbh_alloc_block         00405cc9 f   libc:sbheap.obj
 0001:00004fd2       ___sbh_alloc_new_region    00405fd2 f   libc:sbheap.obj
 0001:00005083       ___sbh_alloc_new_group     00406083 f   libc:sbheap.obj
 0001:0000517e       ___sbh_resize_block        0040617e f   libc:sbheap.obj
 0001:00005474       ___sbh_heapmin             00406474 f   libc:sbheap.obj
 0001:00005545       ___sbh_heap_check          00406545 f   libc:sbheap.obj
 0001:00005874       __get_old_sbh_threshold    00406874 f   libc:sbheap.obj
 0001:0000587a       __set_old_sbh_threshold    0040687a f   libc:sbheap.obj
 0001:00005896       ___old_sbh_new_region      00406896 f   libc:sbheap.obj
 0001:000059da       ___old_sbh_release_region  004069da f   libc:sbheap.obj
 0001:00005a30       ___old_sbh_decommit_pages  00406a30 f   libc:sbheap.obj
 0001:00005af2       ___old_sbh_find_block      00406af2 f   libc:sbheap.obj
 0001:00005b49       ___old_sbh_free_block      00406b49 f   libc:sbheap.obj
 0001:00005b8e       ___old_sbh_alloc_block     00406b8e f   libc:sbheap.obj
 0001:00005d96       ___old_sbh_alloc_block_from_page 00406d96 f   libc:sbheap.obj
 0001:00005eba       ___old_sbh_resize_block    00406eba f   libc:sbheap.obj
 0001:00005f63       ___old_sbh_heap_check      00406f63 f   libc:sbheap.obj
 0001:000060c1       __stbuf                    004070c1 f   libc:_sftbuf.obj
 0001:0000614e       __ftbuf                    0040714e f   libc:_sftbuf.obj
 0001:0000618b       __ioinit                   0040718b f   libc:ioinit.obj
 0001:00006336       __ioterm                   00407336 f   libc:ioinit.obj
 0001:00006359       _calloc                    00407359 f   libc:calloc.obj
 0001:0000640a       __fcloseall                0040740a f   libc:closeall.obj
 0001:00006462       _fflush                    00407462 f   libc:fflush.obj
 0001:0000649d       __flush                    0040749d f   libc:fflush.obj
 0001:000064f9       __flushall                 004074f9 f   libc:fflush.obj
 0001:0000656f       ___InternalCxxFrameHandler 0040756f f   libc:frame.obj
 0001:000068b6       ___FrameUnwindToState      004078b6 f   libc:frame.obj
 0001:00006cdf       ?_DestructExceptionObject@@YAXPAUEHExceptionRecord@@E@Z 00407cdf f   libc:frame.obj
 0001:00006d70       __CallSettingFrame@12      00407d70 f   libc:lowhelpr.obj
 0001:00006d97       __NLG_Return               00407d97 f   libc:lowhelpr.obj
 0001:00006dbc       ?terminate@@YAXXZ          00407dbc f   libc:hooks.obj
 0001:00006e12       ?unexpected@@YAXXZ         00407e12 f   libc:hooks.obj
 0001:00006e22       ?_inconsistency@@YAXXZ     00407e22 f   libc:hooks.obj
 0001:00006e78       __setdefaultprecision      00407e78 f   libc:fp8.obj
 0001:00006e8a       __ms_p5_test_fdiv          00407e8a f   libc:testfdiv.obj
 0001:00006ec8       __ms_p5_mp_test_fdiv       00407ec8 f   libc:testfdiv.obj
 0001:00006ef1       __forcdecpt                00407ef1 f   libc:cvt.obj
 0001:00006f4b       __cropzeros                00407f4b f   libc:cvt.obj
 0001:00006f99       __positive                 00407f99 f   libc:cvt.obj
 0001:00006fb1       __fassign                  00407fb1 f   libc:cvt.obj
 0001:00006fef       __cftoe                    00407fef f   libc:cvt.obj
 0001:000070f3       __cftof                    004080f3 f   libc:cvt.obj
 0001:000071d1       __cftog                    004081d1 f   libc:cvt.obj
 0001:000072b6       __cfltcvt                  004082b6 f   libc:cvt.obj
 0001:0000732c       ?_set_new_handler@@YAP6AHI@ZP6AHI@Z@Z 0040832c f   libc:handler.obj
 0001:0000733c       ?_query_new_handler@@YAP6AHI@ZXZ 0040833c f   libc:handler.obj
 0001:00007342       __callnewh                 00408342 f   libc:handler.obj
 0001:00007360       _memcpy                    00408360 f   libc:memcpy.obj
 0001:00007695       ___initconin               00408695 f   libc:initcon.obj
 0001:000076b4       ___initconout              004086b4 f   libc:initcon.obj
 0001:000076d3       ___termcon                 004086d3 f   libc:initcon.obj
 0001:00007700       __putch                    00408700 f   libc:putch.obj
 0001:00007750       __chkstk                   00408750 f   libc:chkstk.obj
 0001:00007750       __alloca_probe             00408750 f   libc:chkstk.obj
 0001:0000777f       __XcptFilter               0040877f f   libc:winxfltr.obj
 0001:00007903       __setenvp                  00408903 f   libc:stdenvp.obj
 0001:000079bc       __setargv                  004089bc f   libc:stdargv.obj
 0001:00007c09       ___crtGetEnvironmentStringsA 00408c09 f   libc:a_env.obj
 0001:00007d44       __except_handler3          00408d44 f   libc:exsup3.obj
 0001:00007e01       __seh_longjmp_unwind@4     00408e01 f   libc:exsup3.obj
 0001:00007e1c       __FF_MSGBANNER             00408e1c f   libc:crt0msg.obj
 0001:00007e55       __NMSG_WRITE               00408e55 f   libc:crt0msg.obj
 0001:00007fa8       __GET_RTERRMSG             00408fa8 f   libc:crt0msg.obj
 0001:00007fd9       __lseek                    00408fd9 f   libc:lseek.obj
 0001:00008073       __write                    00409073 f   libc:write.obj
 0001:00008220       __getbuf                   00409220 f   libc:_getbuf.obj
 0001:00008264       __isatty                   00409264 f   libc:isatty.obj
 0001:00008290       _strlen                    00409290 f   libc:strlen.obj
 0001:0000830b       _wctomb                    0040930b f   libc:wctomb.obj
 0001:00008380       __aulldiv                  00409380 f   libc:ulldiv.obj
 0001:000083f0       __aullrem                  004093f0 f   libc:ullrem.obj
 0001:00008465       _strtol                    00409465 f   libc:strtol.obj
 0001:00008684       _strtoul                   00409684 f   libc:strtol.obj
 0001:000086a0       _strstr                    004096a0 f   libc:strstr.obj
 0001:00008720       _strncmp                   00409720 f   libc:strncmp.obj
 0001:00008760       _memset                    00409760 f   libc:memset.obj
 0001:000087b8       _fclose                    004097b8 f   libc:fclose.obj
 0001:0000880e       __commit                   0040980e f   libc:commit.obj
 0001:00008865       ?__CxxUnhandledExceptionFilter@@YGJPAU_EXCEPTION_POINTERS@@@Z 00409865 f   libc:unhandld.obj
 0001:000088ab       ?__CxxSetUnhandledExceptionFilter@@YAXXZ 004098ab f   libc:unhandld.obj
 0001:000088bc       ?__CxxRestoreUnhandledExceptionFilter@@YAXXZ 004098bc f   libc:unhandld.obj
 0001:000088c9       ?_ValidateRead@@YAHPBXI@Z  004098c9 f   libc:validate.obj
 0001:000088e5       ?_ValidateWrite@@YAHPAXI@Z 004098e5 f   libc:validate.obj
 0001:00008901       ?_ValidateExecute@@YAHP6GHXZ@Z 00409901 f   libc:validate.obj
 0001:00008920       _strcmp                    00409920 f   libc:strcmp.obj
 0001:000089a4       _abort                     004099a4 f   libc:abort.obj
 0001:000089bb       __statusfp                 004099bb f   libc:ieee87.obj
 0001:000089ce       __clearfp                  004099ce f   libc:ieee87.obj
 0001:000089e2       __control87                004099e2 f   libc:ieee87.obj
 0001:00008a17       __controlfp                00409a17 f   libc:ieee87.obj
 0001:00008a2d       __fpreset                  00409a2d f   libc:ieee87.obj
 0001:00008ba7       __isctype                  00409ba7 f   libc:isctype.obj
 0001:00008c1c       __tolower                  00409c1c f   libc:tolower.obj
 0001:00008c24       _tolower                   00409c24 f   libc:tolower.obj
 0001:00008cef       __ZeroTail                 00409cef f   libc:intrncvt.obj
 0001:00008d38       __IncMan                   00409d38 f   libc:intrncvt.obj
 0001:00008d8e       __RoundMan                 00409d8e f   libc:intrncvt.obj
 0001:00008e1a       __CopyMan                  00409e1a f   libc:intrncvt.obj
 0001:00008e35       __FillZeroMan              00409e35 f   libc:intrncvt.obj
 0001:00008e41       __IsZeroMan                00409e41 f   libc:intrncvt.obj
 0001:00008e5c       __ShrMan                   00409e5c f   libc:intrncvt.obj
 0001:00008ee9       __ld12cvt                  00409ee9 f   libc:intrncvt.obj
 0001:00009055       __ld12tod                  0040a055 f   libc:intrncvt.obj
 0001:0000906b       __ld12tof                  0040a06b f   libc:intrncvt.obj
 0001:00009081       __ld12told                 0040a081 f   libc:intrncvt.obj
 0001:000090fb       __atodbl                   0040a0fb f   libc:intrncvt.obj
 0001:00009128       __atoldbl                  0040a128 f   libc:intrncvt.obj
 0001:00009156       __atoflt                   0040a156 f   libc:intrncvt.obj
 0001:00009190       _strcpy                    0040a190 f   libc:strcat.obj
 0001:000091a0       _strcat                    0040a1a0 f   libc:strcat.obj
 0001:00009280       __fptostr                  0040a280 f   libc:_fptostr.obj
 0001:000092f7       __fltout                   0040a2f7 f   libc:cfout.obj
 0001:0000935b       ___dtold                   0040a35b f   libc:cfout.obj
 0001:00009411       __fptrap                   0040a411 f   libc:crt0fp.obj
 0001:0000941a       __setmbcp                  0040a41a f   libc:mbctype.obj
 0001:000097de       __getmbcp                  0040a7de f   libc:mbctype.obj
 0001:000097ee       ___initmbctable            0040a7ee f   libc:mbctype.obj
 0001:0000980a       ___crtMessageBoxA          0040a80a f   libc:crtmbox.obj
 0001:000098a0       _strncpy                   0040a8a0 f   libc:strncpy.obj
 0001:0000999e       __dosmaperr                0040a99e f   libc:dosmap.obj
 0001:00009a05       __alloc_osfhnd             0040aa05 f   libc:osfinfo.obj
 0001:00009a9a       __set_osfhnd               0040aa9a f   libc:osfinfo.obj
 0001:00009b11       __free_osfhnd              0040ab11 f   libc:osfinfo.obj
 0001:00009b8b       __get_osfhandle            0040ab8b f   libc:osfinfo.obj
 0001:00009bc8       __open_osfhandle           0040abc8 f   libc:osfinfo.obj
 0001:00009c65       __toupper                  0040ac65 f   libc:toupper.obj
 0001:00009c6d       _toupper                   0040ac6d f   libc:toupper.obj
 0001:00009d39       __close                    0040ad39 f   libc:close.obj
 0001:00009dec       __freebuf                  0040adec f   libc:_freebuf.obj
 0001:00009e17       _signal                    0040ae17 f   libc:winsig.obj
 0001:00009f5b       _raise                     0040af5b f   libc:winsig.obj
 0001:0000a0cd       ___crtGetStringTypeA       0040b0cd f   libc:a_str.obj
 0001:0000a216       ___crtLCMapStringA         0040b216 f   libc:a_map.obj
 0001:0000a465       ___addl                    0040b465 f   libc:mantold.obj
 0001:0000a486       ___add_12                  0040b486 f   libc:mantold.obj
 0001:0000a4e4       ___shl_12                  0040b4e4 f   libc:mantold.obj
 0001:0000a512       ___shr_12                  0040b512 f   libc:mantold.obj
 0001:0000a53f       ___mtold12                 0040b53f f   libc:mantold.obj
 0001:0000a606       ___strgtold12              0040b606 f   libc:strgtold.obj
 0001:0000aad7       ___STRINGTOLD              0040bad7 f   libc:strgtold.obj
 0001:0000ab13       _$I10_OUTPUT               0040bb13 f   libc:x10fout.obj
 0001:0000ada6       ___ld12mul                 0040bda6 f   libc:tenpow.obj
 0001:0000afc6       ___multtenpow12            0040bfc6 f   libc:tenpow.obj
 0001:0000b050       _wvsprintfA@12             0040c050 f   user32:USER32.dll
 0001:0000b056       _EnumWindows@8             0040c056 f   user32:USER32.dll
 0001:0000b05c       _SendMessageA@16           0040c05c f   user32:USER32.dll
 0001:0000b062       _GetWindowTextA@12         0040c062 f   user32:USER32.dll
 0001:0000b070       ?Start@PTimer@@QAEXXZ      0040c070 f   plib:ptimer.obj
 0001:0000b090       ?Stop@PTimer@@QAEXXZ       0040c090 f   plib:ptimer.obj
 0001:0000b0b0       ?PError_ShowErrorMessage@@YAXPBDZZ 0040c0b0 f   plib:perror.obj
 0001:0000b100       ?PError_ShowWin32Error@@YGXPBD@Z 0040c100 f   plib:perror.obj
 0001:0000b170       ?PError_ShowWin32Error@@YGXKPBD@Z 0040c170 f   plib:perror.obj
 0001:0000b250       ?_insert@ADLP_String@@AAEXPBDII@Z 0040c250 f   plib:adlp_string.obj
 0001:0000b4b0       ?_realloc@ADLP_String@@AAEXXZ 0040c4b0 f i plib:adlp_string.obj
 0001:0000b4d0       ?_alloc@ADLP_String@@AAEXH@Z 0040c4d0 f i plib:adlp_string.obj
 0001:0000b510       ??0ADLP_String@@QAE@D@Z    0040c510 f   plib:adlp_string.obj
 0001:0000b550       ??0ADLP_String@@QAE@E@Z    0040c550 f   plib:adlp_string.obj
 0001:0000b590       ??0ADLP_String@@QAE@F@Z    0040c590 f   plib:adlp_string.obj
 0001:0000b630       ??0ADLP_String@@QAE@G@Z    0040c630 f   plib:adlp_string.obj
 0001:0000b6d0       ??0ADLP_String@@QAE@H@Z    0040c6d0 f   plib:adlp_string.obj
 0001:0000b770       ??0ADLP_String@@QAE@I@Z    0040c770 f   plib:adlp_string.obj
 0001:0000b810       ??0ADLP_String@@QAE@J@Z    0040c810 f   plib:adlp_string.obj
 0001:0000b8b0       ??0ADLP_String@@QAE@K@Z    0040c8b0 f   plib:adlp_string.obj
 0001:0000b950       ??0ADLP_String@@QAE@NPBD@Z 0040c950 f   plib:adlp_string.obj
 0001:0000ba00       ??YADLP_String@@QAEXD@Z    0040ca00 f   plib:adlp_string.obj
 0001:0000ba70       ??YADLP_String@@QAEXE@Z    0040ca70 f   plib:adlp_string.obj
 0001:0000bae0       ??YADLP_String@@QAEXABV0@@Z 0040cae0 f   plib:adlp_string.obj
 0001:0000bb70       ??YADLP_String@@QAEXF@Z    0040cb70 f   plib:adlp_string.obj
 0001:0000bc10       ??YADLP_String@@QAEXG@Z    0040cc10 f   plib:adlp_string.obj
 0001:0000bcb0       ??YADLP_String@@QAEXH@Z    0040ccb0 f   plib:adlp_string.obj
 0001:0000bd50       ??YADLP_String@@QAEXI@Z    0040cd50 f   plib:adlp_string.obj
 0001:0000bdf0       ??YADLP_String@@QAEXJ@Z    0040cdf0 f   plib:adlp_string.obj
 0001:0000be90       ??YADLP_String@@QAEXK@Z    0040ce90 f   plib:adlp_string.obj
 0001:0000bf30       ??YADLP_String@@QAEXN@Z    0040cf30 f   plib:adlp_string.obj
 0001:0000bfd0       ??YADLP_String@@QAEX_J@Z   0040cfd0 f   plib:adlp_string.obj
 0001:0000c070       ??4ADLP_String@@QAEAAV0@D@Z 0040d070 f   plib:adlp_string.obj
 0001:0000c0d0       ??4ADLP_String@@QAEAAV0@PBD@Z 0040d0d0 f   plib:adlp_string.obj
 0001:0000c180       ??4ADLP_String@@QAEAAV0@ABV0@@Z 0040d180 f   plib:adlp_string.obj
 0001:0000c220       ??4ADLP_String@@QAEAAV0@F@Z 0040d220 f   plib:adlp_string.obj
 0001:0000c2b0       ??4ADLP_String@@QAEAAV0@G@Z 0040d2b0 f   plib:adlp_string.obj
 0001:0000c340       ??4ADLP_String@@QAEAAV0@H@Z 0040d340 f   plib:adlp_string.obj
 0001:0000c3d0       ??4ADLP_String@@QAEAAV0@I@Z 0040d3d0 f   plib:adlp_string.obj
 0001:0000c460       ??4ADLP_String@@QAEAAV0@J@Z 0040d460 f   plib:adlp_string.obj
 0001:0000c4f0       ??4ADLP_String@@QAEAAV0@K@Z 0040d4f0 f   plib:adlp_string.obj
 0001:0000c580       ??4ADLP_String@@QAEAAV0@N@Z 0040d580 f   plib:adlp_string.obj
 0001:0000c610       ??4ADLP_String@@QAEAAV0@_J@Z 0040d610 f   plib:adlp_string.obj
 0001:0000c6a0       ?Insert@ADLP_String@@QAEAAV1@ABV1@I@Z 0040d6a0 f   plib:adlp_string.obj
 0001:0000c6d0       ?Insert@ADLP_String@@QAEAAV1@PBDI@Z 0040d6d0 f   plib:adlp_string.obj
 0001:0000c710       ?Insert@ADLP_String@@QAEAAV1@DI@Z 0040d710 f   plib:adlp_string.obj
 0001:0000c740       ?Erase@ADLP_String@@QAEAAV1@I@Z 0040d740 f   plib:adlp_string.obj
 0001:0000c760       ?Erase@ADLP_String@@QAEAAV1@II@Z 0040d760 f   plib:adlp_string.obj
 0001:0000c7c0       ?Cut@ADLP_String@@QAE?AV1@II@Z 0040d7c0 f   plib:adlp_string.obj
 0001:0000c920       ?Clear@ADLP_String@@QAEXXZ 0040d920 f i plib:adlp_string.obj
 0001:0000c940       ?Copy@ADLP_String@@QBE?AV1@II@Z 0040d940 f   plib:adlp_string.obj
 0001:0000ca40       ?EraseLeadingChars@ADLP_String@@QAEXD@Z 0040da40 f   plib:adlp_string.obj
 0001:0000caa0       ?EraseTrailingChars@ADLP_String@@QAEXD@Z 0040daa0 f   plib:adlp_string.obj
 0001:0000caf0       ?IsUpper@ADLP_String@@QBEHXZ 0040daf0 f   plib:adlp_string.obj
 0001:0000cb20       ?IsLower@ADLP_String@@QBEHXZ 0040db20 f   plib:adlp_string.obj
 0001:0000cb50       ?IsAlpha@ADLP_String@@QBEHXZ 0040db50 f   plib:adlp_string.obj
 0001:0000cb90       ?IsNumeric@ADLP_String@@QBEHXZ 0040db90 f   plib:adlp_string.obj
 0001:0000cbc0       ?IsAlphaNumeric@ADLP_String@@QBEHXZ 0040dbc0 f   plib:adlp_string.obj
 0001:0000cc00       ?ToUpper@ADLP_String@@QAEXXZ 0040dc00 f   plib:adlp_string.obj
 0001:0000cc40       ?ToLower@ADLP_String@@QAEXXZ 0040dc40 f   plib:adlp_string.obj
 0001:0000cc80       ?GetCharCount@ADLP_String@@QBEID@Z 0040dc80 f   plib:adlp_string.obj
 0001:0000ccb0       ?GetStrCount@ADLP_String@@QBEIPBD@Z 0040dcb0 f   plib:adlp_string.obj
 0001:0000cd00       ?Set@ADLP_String@@QAEXPBDI@Z 0040dd00 f   plib:adlp_string.obj
 0001:0000cda0       ?Append@ADLP_String@@QAEXNPBD@Z 0040dda0 f   plib:adlp_string.obj
 0001:0000ce40       ?Append@ADLP_String@@QAEXDI@Z 0040de40 f   plib:adlp_string.obj
 0001:0000cee0       ?Append@ADLP_String@@QAEXPADI@Z 0040dee0 f   plib:adlp_string.obj
 0001:0000d030       ?Append@ADLP_String@@QAEXABV1@I@Z 0040e030 f   plib:adlp_string.obj
 0001:0000d0c0       ?AppendHexByte@ADLP_String@@QAEXE@Z 0040e0c0 f   plib:adlp_string.obj
 0001:0000d160       ?AppendHexWord@ADLP_String@@QAEXG@Z 0040e160 f   plib:adlp_string.obj
 0001:0000d200       ?AppendHexLong@ADLP_String@@QAEXK@Z 0040e200 f   plib:adlp_string.obj
 0001:0000d2a0       ?ReplaceAllChar@ADLP_String@@QAEIDD@Z 0040e2a0 f   plib:adlp_string.obj
 0001:0000d2f0       ?ReplaceAllChar@ADLP_String@@QAEIDPBD@Z 0040e2f0 f   plib:adlp_string.obj
 0001:0000d510       ?ReplaceAllStr@ADLP_String@@QAEIPBD0@Z 0040e510 f   plib:adlp_string.obj
 0001:0000d740       ?ADLP_IsValidInteger@@YIHPBD@Z 0040e740 f   plib:adlp_string.obj
 0001:0000d780       ?ADLP_IsValidDouble@@YIHPBD@Z 0040e780 f   plib:adlp_string.obj
 0001:0000d7f0       ?ADLP_Mask@@YIXPBDAAVADLP_String@@H@Z 0040e7f0 f   plib:adlp_string.obj
 0001:0000d940       ?ADLP_Unmask@@YIXPBDAAVADLP_String@@@Z 0040e940 f   plib:adlp_string.obj
 0001:0000da80       ?ADLP_Unmask@@YIXABVADLP_String@@AAV1@@Z 0040ea80 f   plib:adlp_string.obj
 0001:0000dba0       ??1PFileSearch@@UAE@XZ     0040eba0 f   plib:pfilesearch.obj
 0001:0000dbd0       ?FindFirst@PFileSearch@@QAEXPBD@Z 0040ebd0 f   plib:pfilesearch.obj
 0001:0000dc30       ?FindNext@PFileSearch@@QAEXXZ 0040ec30 f   plib:pfilesearch.obj
 0001:0000dc60       ?FindClose@PFileSearch@@QAEXXZ 0040ec60 f   plib:pfilesearch.obj
 0001:0000dc90       ?GetFilename@PFileSearch@@QBEPBDXZ 0040ec90 f   plib:pfilesearch.obj
 0001:0000dcc0       ?GetFilesize@PFileSearch@@QBEJXZ 0040ecc0 f   plib:pfilesearch.obj
 0001:0000dcd0       ?GetAttr@PFileSearch@@QBEHXZ 0040ecd0 f   plib:pfilesearch.obj
 0001:0000dce0       ?IsDirectory@PFileSearch@@QBEHXZ 0040ece0 f   plib:pfilesearch.obj
 0001:0000ddb0       ?out_init_listmode@@YGXH@Z 0040edb0 f   lib_gt:gt_output.obj
 0001:0000ddc0       ?out_init_all@@YGXHHJ@Z    0040edc0 f   lib_gt:gt_output.obj
 0001:0000ddf0       ?out_flush@@YGXXZ          0040edf0 f   lib_gt:gt_output.obj
 0001:0000e1d0       ?out_append@@YGXPBD@Z      0040f1d0 f   lib_gt:gt_output.obj
 0001:0000e490       ??0ADLP_String@@QAE@ABV0@@Z 0040f490 f i lib_gt:gt_output.obj
 0001:0000e500       ?out_append@@YGXPBDW4GT_Color@@@Z 0040f500 f   lib_gt:gt_output.obj
 0001:0000e530       ?out_append@@YGXABVADLP_String@@@Z 0040f530 f   lib_gt:gt_output.obj
 0001:0000e550       ?out_append@@YGXABVADLP_String@@W4GT_Color@@@Z 0040f550 f   lib_gt:gt_output.obj
 0001:0000e570       ?out_format@@YAXPBDZZ      0040f570 f   lib_gt:gt_output.obj
 0001:0000e7c0       ?out_color_format@@YAXW4GT_Color@@PBDZZ 0040f7c0 f   lib_gt:gt_output.obj
 0001:0000ea90       ?out_title@@YGXPBD@Z       0040fa90 f   lib_gt:gt_output.obj
 0001:0000eb80       ?out_filename@@YGXPAVGT_FileBuffer@@@Z 0040fb80 f   lib_gt:gt_output.obj
 0001:0000eca0       ?firstElement@?$GT_Sequence@VGT_OutputMember@@@@QAEAAVGT_OutputMember@@XZ 0040fca0 f i lib_gt:gt_output.obj
 0001:0000ecb0       ?setFirst@Cursor@?$GT_Sequence@VGT_OutputMember@@@@UAEXXZ 0040fcb0 f i lib_gt:gt_output.obj
 0001:0000ecc0       ?setNext@Cursor@?$GT_Sequence@VGT_OutputMember@@@@UAEXXZ 0040fcc0 f i lib_gt:gt_output.obj
 0001:0000ecd0       ?isValid@Cursor@?$GT_Sequence@VGT_OutputMember@@@@UBEHXZ 0040fcd0 f i lib_gt:gt_output.obj
 0001:0000ece0       ?element@Cursor@?$GT_Sequence@VGT_OutputMember@@@@UAEABVGT_OutputMember@@XZ 0040fce0 f i lib_gt:gt_output.obj
 0001:0000ecf0       ??_E?$GT_Sequence@VGT_OutputMember@@@@UAEPAXI@Z 0040fcf0 f i lib_gt:gt_output.obj
 0001:0000ecf0       ??_G?$GT_Sequence@VGT_OutputMember@@@@UAEPAXI@Z 0040fcf0 f i lib_gt:gt_output.obj
 0001:0000ed40       ?addFirst@?$GT_Sequence@VGT_OutputMember@@@@QAEXABVGT_OutputMember@@@Z 0040fd40 f i lib_gt:gt_output.obj
 0001:0000ed90       ?addLast@?$GT_Sequence@VGT_OutputMember@@@@QAEXABVGT_OutputMember@@@Z 0040fd90 f i lib_gt:gt_output.obj
 0001:0000ede0       ??0?$GT_Entry@VGT_OutputMember@@@@QAE@PAV0@ABVGT_OutputMember@@0@Z 0040fde0 f i lib_gt:gt_output.obj
 0001:0000ee10       ?GT_Flags_Init@@YGXHPAPAD@Z 0040fe10 f   lib_gt:gt_commandlineflags.obj
 0001:0000ee60       ?GT_Flags_Parse@@YGXXZ     0040fe60 f   lib_gt:gt_commandlineflags.obj
 0001:0000eea0       ?GT_Flags_SetToDefault@@YGXXZ 0040fea0 f   lib_gt:gt_commandlineflags.obj
 0001:0000eee0       ?GT_Flags_SetFlag@@YGHPBD@Z 0040fee0 f   lib_gt:gt_commandlineflags.obj
 0001:0000ef80       ?GT_Flags_OptimizeFlags@@YGXXZ 0040ff80 f   lib_gt:gt_commandlineflags.obj
 0001:0000f030       ?GT_Flags_GetAsString@@YG?AVADLP_String@@D@Z 00410030 f   lib_gt:gt_commandlineflags.obj
 0001:0000f240       ??0GT_ConfigFile@@QAE@XZ   00410240 f   lib_gt:gt_configfile.obj
 0001:0000f3b0       ??_GGT_ConfigFile@@UAEPAXI@Z 004103b0 f i lib_gt:gt_configfile.obj
 0001:0000f3b0       ??_EGT_ConfigFile@@UAEPAXI@Z 004103b0 f i lib_gt:gt_configfile.obj
 0001:0000f3f0       ??1GT_ConfigFile@@UAE@XZ   004103f0 f   lib_gt:gt_configfile.obj
 0001:0000f420       ?_ShowConfigFileError@GT_ConfigFile@@AAEXPBDJPAX@Z 00410420 f   lib_gt:gt_configfile.obj
 0001:0000f480       ?Read@GT_ConfigFile@@QAEHXZ 00410480 f   lib_gt:gt_configfile.obj
 0001:0000f650       ??0GT_FileBuffer@@QAE@PBDJP6GH0JQAX@ZJ1@Z 00410650 f   lib_gt:gt_filebuffer.obj
 0001:0000f7b0       ??_EGT_FileBuffer@@UAEPAXI@Z 004107b0 f i lib_gt:gt_filebuffer.obj
 0001:0000f7b0       ??_GGT_FileBuffer@@UAEPAXI@Z 004107b0 f i lib_gt:gt_filebuffer.obj
 0001:0000f7e0       ?_Open@GT_FileBuffer@@AAE?AW4GT_OpenReturnCode@@XZ 004107e0 f   lib_gt:gt_filebuffer.obj
 0001:0000f870       ?Init@GT_FileBuffer@@QAE?AW4GT_OpenReturnCode@@XZ 00410870 f   lib_gt:gt_filebuffer.obj
 0001:0000f930       ??1GT_FileBuffer@@UAE@XZ   00410930 f   lib_gt:gt_filebuffer.obj
 0001:0000f9d0       ?_InitBuffer@GT_FileBuffer@@AAEXXZ 004109d0 f   lib_gt:gt_filebuffer.obj
 0001:0000faa0       ?_DetermineIfText@GT_FileBuffer@@AAEXXZ 00410aa0 f   lib_gt:gt_filebuffer.obj
 0001:0000fb60       ?_Read@GT_FileBuffer@@ABEKPAXJ@Z 00410b60 f   lib_gt:gt_filebuffer.obj
 0001:0000fb90       ?_SeekTo@GT_FileBuffer@@ABEHJ@Z 00410b90 f   lib_gt:gt_filebuffer.obj
 0001:0000fbc0       ?SetActFilePos@GT_FileBuffer@@QAEXJ@Z 00410bc0 f   lib_gt:gt_filebuffer.obj
 0001:0000fc10       ??1GT_Exception@@QAE@XZ    00410c10 f i lib_gt:gt_filebuffer.obj
 0001:0000fc60       ??0GT_Exception@@QAE@ABV0@@Z 00410c60 f i lib_gt:gt_filebuffer.obj
 0001:0000fd30       ?IncActFilePos@GT_FileBuffer@@QAEXJ@Z 00410d30 f   lib_gt:gt_filebuffer.obj
 0001:0000fd80       ?GetFileNameExtension@GT_FileBuffer@@QBEPBDXZ 00410d80 f   lib_gt:gt_filebuffer.obj
 0001:0000fda0       ?CallListProc@GT_FileBuffer@@QBEXJ@Z 00410da0 f   lib_gt:gt_filebuffer.obj
 0001:0000fdd0       ?GetByte@GT_FileBuffer@@QAEHJAAE@Z 00410dd0 f   lib_gt:gt_filebuffer.obj
 0001:0000fe80       ?GetByte@GT_FileBuffer@@QAEEJ@Z 00410e80 f   lib_gt:gt_filebuffer.obj
 0001:0000ff10       ?GetWord@GT_FileBuffer@@QAEHJAAG@Z 00410f10 f   lib_gt:gt_filebuffer.obj
 0001:0000ffc0       ?GetWord@GT_FileBuffer@@QAEGJ@Z 00410fc0 f   lib_gt:gt_filebuffer.obj
 0001:00010060       ?GetLong@GT_FileBuffer@@QAEHJAAJ@Z 00411060 f   lib_gt:gt_filebuffer.obj
 0001:00010100       ?GetLong@GT_FileBuffer@@QAEJJ@Z 00411100 f   lib_gt:gt_filebuffer.obj
 0001:000101a0       ?GetBufferX@GT_FileBuffer@@QAEXJPAXJ@Z 004111a0 f   lib_gt:gt_filebuffer.obj
 0001:000102f0       ?GetBuffer@GT_FileBuffer@@QAEHJPAXJ@Z 004112f0 f   lib_gt:gt_filebuffer.obj
 0001:000103c0       ?GetString@GT_FileBuffer@@QAEHJAAVADLP_String@@J@Z 004113c0 f   lib_gt:gt_filebuffer.obj
 0001:00010470       ?GetCString@GT_FileBuffer@@QAEXAAVADLP_String@@JJ@Z 00411470 f   lib_gt:gt_filebuffer.obj
 0001:00010580       ?GetPascalString@GT_FileBuffer@@QAEXAAVADLP_String@@J@Z 00411580 f   lib_gt:gt_filebuffer.obj
 0001:000106f0       ?GetUntil@GT_FileBuffer@@QAEHJEPAXHAAH@Z 004116f0 f   lib_gt:gt_filebuffer.obj
 0001:00010780       ?SkipUntil@GT_FileBuffer@@QAEHJE@Z 00411780 f   lib_gt:gt_filebuffer.obj
 0001:00010830       ?Find@GT_FileBuffer@@QAEHEJJ@Z 00411830 f   lib_gt:gt_filebuffer.obj
 0001:00010870       ?Find@GT_FileBuffer@@QAEHPBDJJ@Z 00411870 f   lib_gt:gt_filebuffer.obj
 0001:00010940       ?iFind@GT_FileBuffer@@QAEHPBDJJ@Z 00411940 f   lib_gt:gt_filebuffer.obj
 0001:00010a80       ?Compare@GT_FileBuffer@@QAEHJJE@Z 00411a80 f   lib_gt:gt_filebuffer.obj
 0001:00010ac0       ?Compare@GT_FileBuffer@@QAEHJJPBD@Z 00411ac0 f   lib_gt:gt_filebuffer.obj
 0001:00010b00       ?iCompare@GT_FileBuffer@@QAEHJJPBD@Z 00411b00 f   lib_gt:gt_filebuffer.obj
 0001:00010b40       ??0GT_WindowsConsole@@QAE@XZ 00411b40 f   lib_gt:gt_winconsole.obj
 0001:00010c50       ??_EGT_WindowsConsole@@UAEPAXI@Z 00411c50 f i lib_gt:gt_winconsole.obj
 0001:00010c50       ??_GGT_WindowsConsole@@UAEPAXI@Z 00411c50 f i lib_gt:gt_winconsole.obj
 0001:00010c80       ??1GT_WindowsConsole@@UAE@XZ 00411c80 f   lib_gt:gt_winconsole.obj
 0001:00010d10       ?SetTextColor@GT_WindowsConsole@@QBEXW4GT_Color@@@Z 00411d10 f   lib_gt:gt_winconsole.obj
 0001:00010e00       ?RestoreOriginalColor@GT_WindowsConsole@@QBEXXZ 00411e00 f   lib_gt:gt_winconsole.obj
 0001:00010e30       ?SetTitle@GT_WindowsConsole@@QBEXPBD@Z 00411e30 f   lib_gt:gt_winconsole.obj
 0001:00010e50       ?GetBufferWidth@GT_WindowsConsole@@QBEJXZ 00411e50 f   lib_gt:gt_winconsole.obj
 0001:00010e80       ?GetBufferHeight@GT_WindowsConsole@@QBEJXZ 00411e80 f   lib_gt:gt_winconsole.obj
 0001:00010eb0       ?GetVisibleX@GT_WindowsConsole@@QBEJXZ 00411eb0 f   lib_gt:gt_winconsole.obj
 0001:00010ee0       ?GetVisibleY@GT_WindowsConsole@@QBEJXZ 00411ee0 f   lib_gt:gt_winconsole.obj
 0001:00010f10       ?GetVisibleWidth@GT_WindowsConsole@@QBEJXZ 00411f10 f   lib_gt:gt_winconsole.obj
 0001:00010f50       ?GetVisibleHeight@GT_WindowsConsole@@QBEJXZ 00411f50 f   lib_gt:gt_winconsole.obj
 0001:00010f90       ??0GT_Exception@@QAA@PBDJ0ZZ 00411f90 f   lib_gt:gt_exceptions.obj
 0001:00011070       ?Print@GT_Exception@@QBEXXZ 00412070 f   lib_gt:gt_exceptions.obj
 0001:000110a0       ?RecalculateHeader@GT_EXEAnalyzer@@AAEHH@Z 004120a0 f   lib_data:gt_exe_analyzer.obj
 0001:00011130       ?Check_C2E@GT_EXEAnalyzer@@AAEHXZ 00412130 f   lib_data:gt_exe_analyzer.obj
 0001:000111c0       ?Check_EXE_0J@GT_EXEAnalyzer@@AAEHJ@Z 004121c0 f   lib_data:gt_exe_analyzer.obj
 0001:000112d0       ?Check_EXE_1J@GT_EXEAnalyzer@@AAEHJ@Z 004122d0 f   lib_data:gt_exe_analyzer.obj
 0001:00011370       ?Check_EXE_2J@GT_EXEAnalyzer@@AAEHJ@Z 00412370 f   lib_data:gt_exe_analyzer.obj
 0001:00011410       ?Check_EXE_1LJ@GT_EXEAnalyzer@@AAEHJ@Z 00412410 f   lib_data:gt_exe_analyzer.obj
 0001:000114b0       ?Check_EXT_EXE@GT_EXEAnalyzer@@AAEHJH@Z 004124b0 f   lib_data:gt_exe_analyzer.obj
 0001:00011940       ?Check_EXE_Always@GT_EXEAnalyzer@@AAEXJH@Z 00412940 f   lib_data:gt_exe_analyzer.obj
 0001:00011990       ?Check_EXE_Generic@GT_EXEAnalyzer@@AAEHJ@Z 00412990 f   lib_data:gt_exe_analyzer.obj
 0001:00011d80       ?CheckStartupCode@GT_EXEAnalyzer@@AAEHH@Z 00412d80 f   lib_data:gt_exe_analyzer.obj
 0001:000120a0       ?ListCOM@GT_EXEAnalyzer@@QAEXXZ 004130a0 f   lib_data:gt_exe_analyzer.obj
 0001:000120d0       ?ListEXE@GT_EXEAnalyzer@@QAEXXZ 004130d0 f   lib_data:gt_exe_analyzer.obj
 0001:00012310       ?_ListNEEXEs@GT_EXEAnalyzer@@AAEXXZ 00413310 f   lib_data:gt_exe_analyzer.obj
 0001:00012470       ??1GT_EXE_LE_Lister@@QAE@XZ 00413470 f i lib_data:gt_exe_analyzer.obj
 0001:00012530       ??0GT_DBFAnalyzer@@QAE@PAVGT_FileBuffer@@@Z 00413530 f   lib_data:gt_generic.obj
 0001:00012690       ?Analyze@GT_DBFAnalyzer@@QBE?AVADLP_String@@XZ 00413690 f   lib_data:gt_generic.obj
 0001:00012970       ??0GT_HTMLAnalyzer@@QAE@PAVGT_FileBuffer@@@Z 00413970 f   lib_data:gt_generic.obj
 0001:000129d0       ?Analyze@GT_HTMLAnalyzer@@QBE?AVADLP_String@@XZ 004139d0 f   lib_data:gt_generic.obj
 0001:00012bb0       ?_SubAnalyze@GT_RIFFAnalyzer@@ABGXKKAAKAAVADLP_String@@1@Z 00413bb0 f   lib_data:gt_generic.obj
 0001:00012f00       ??0GT_RIFFAnalyzer@@QAE@PAVGT_FileBuffer@@@Z 00413f00 f   lib_data:gt_generic.obj
 0001:00012f40       ?Analyze@GT_RIFFAnalyzer@@QBG?AVADLP_String@@AAJ@Z 00413f40 f   lib_data:gt_generic.obj
 0001:00013710       ??0GT_SourceAnalyzer@@QAE@PAVGT_FileBuffer@@@Z 00414710 f   lib_data:gt_generic.obj
 0001:000137b0       ?_GetPascalStartPos@GT_SourceAnalyzer@@ABGHXZ 004147b0 f   lib_data:gt_generic.obj
 0001:000138a0       ?_GetCStartPos@GT_SourceAnalyzer@@ABGHXZ 004148a0 f   lib_data:gt_generic.obj
 0001:00013990       ?_Init@GT_SourceAnalyzer@@AAGXXZ 00414990 f   lib_data:gt_generic.obj
 0001:000145c0       ?_GetNextString@GT_SourceAnalyzer@@AAGXHD@Z 004155c0 f   lib_data:gt_generic.obj
 0001:00014680       ?_CheckString1@GT_SourceAnalyzer@@AAGHABVADLP_String@@HPBD@Z 00415680 f   lib_data:gt_generic.obj
 0001:000146e0       ?_CheckString2@GT_SourceAnalyzer@@AAGHABVADLP_String@@HPBD1@Z 004156e0 f   lib_data:gt_generic.obj
 0001:00014750       ?GetSourceType@GT_SourceAnalyzer@@QAGXAAVADLP_String@@@Z 00415750 f   lib_data:gt_generic.obj
 0001:00014930       ??0GT_TTFAnalyzer@@QAE@PAVGT_FileBuffer@@@Z 00415930 f   lib_data:gt_generic.obj
 0001:000149e0       ?IsTTF@GT_TTFAnalyzer@@QBEHXZ 004159e0 f   lib_data:gt_generic.obj
 0001:00014a10       ?ReadEntry@GT_TTFAnalyzer@@ABE?AVADLP_String@@PAU_GT_TTF_Name@@HH@Z 00415a10 f   lib_data:gt_generic.obj
 0001:00014c00       ?Analyze@GT_TTFAnalyzer@@QBE?AVADLP_String@@XZ 00415c00 f   lib_data:gt_generic.obj
 0001:00014ec0       ?GT_GenericAnalyze@@YG?AVADLP_String@@PAVGT_FileBuffer@@AAJ@Z 00415ec0 f   lib_data:gt_generic.obj
 0001:00017590       ??YADLP_String@@QAEXPBD@Z  00418590 f i lib_data:gt_generic.obj
 0001:00017620       ?LastChar@ADLP_String@@QBEDXZ 00418620 f i lib_data:gt_generic.obj
 0001:000186f0       ?SearchAt@ADLP_String@@QBEIID@Z 004196f0 f i lib_data:gt_generic.obj
 0001:00019480       ?Analyze@GT_SYSAnalyzer@@QBE?AVADLP_String@@XZ 0041a480 f i lib_data:gt_generic.obj
 0001:00019720       ??1GT_SourceAnalyzer@@QAE@XZ 0041a720 f i lib_data:gt_generic.obj
 0001:00019750       ??0GT_EXEHeader@@QAE@PAVGT_FileBuffer@@@Z 0041a750 f   lib_data:gt_exe_header.obj
 0001:000197e0       ?IsValidCOM@GT_EXEHeader@@QBEHXZ 0041a7e0 f   lib_data:gt_exe_header.obj
 0001:00019840       ?GetAbsoluteIP@GT_EXEHeader@@QBEJXZ 0041a840 f   lib_data:gt_exe_header.obj
 0001:00019870       ?GetOverlaySize@GT_EXEHeader@@QBEJXZ 0041a870 f   lib_data:gt_exe_header.obj
 0001:000198b0       ?GT_CheckForFixedName@@YIHPBDAAVADLP_String@@@Z 0041a8b0 f   lib_data:gt_fixedname.obj
 0001:00019aa0       ?GT_CheckForFixedExtension@@YIHPBDAAVADLP_String@@@Z 0041aaa0 f   lib_data:gt_fixedname.obj
 0001:00019c90       ?GT_CheckForRegistryExtension@@YIHPBDAAVADLP_String@@@Z 0041ac90 f   lib_data:gt_fixedname.obj
 0001:00019ea0       ??0GT_Compare@@QAE@PAEEHPAVGT_FileBuffer@@P6IXPAU_EXEEntry@@01@Z@Z 0041aea0 f   lib_data:gt_compare.obj
 0001:00019ed0       ?ExplicitMatches@GT_Compare@@QAE?AW4GT_CompareError@@PAEH@Z 0041aed0 f   lib_data:gt_compare.obj
 0001:00019f40       ?Matches@GT_Compare@@QAE?AW4GT_CompareError@@PAU_EXEEntry@@@Z 0041af40 f   lib_data:gt_compare.obj
 0001:0001a020       ?GetMacroPos@GT_MacroManager@@QAEHAAJPBDH@Z 0041b020 f   lib_data:gt_macromanager.obj
 0001:0001a270       ?GetLongCallPos@GT_MacroManager@@QAEHAAJJ@Z 0041b270 f   lib_data:gt_macromanager.obj
 0001:0001a2d0       ?GetJumpPos@GT_MacroManager@@QAEHAAJH@Z 0041b2d0 f   lib_data:gt_macromanager.obj
 0001:0001a430       ?Get32BitJumpPos@GT_MacroManager@@QAEHAAJH@Z 0041b430 f   lib_data:gt_macromanager.obj
 0001:0001a4a0       ?Get32BitRVAJumpPos@GT_MacroManager@@QAEHAAJH@Z 0041b4a0 f   lib_data:gt_macromanager.obj
 0001:0001a530       ?GetMOVJumpPos@GT_MacroManager@@QAEHAAJH@Z 0041b530 f   lib_data:gt_macromanager.obj
 0001:0001a590       ??0GT_EXE_LE_ObjectTableHandler@@QAE@PAVGT_FileBuffer@@PAU_GT_EXE_LE_Header@@@Z 0041b590 f   lib_data:gt_exe_le.obj
 0001:0001a5c0       ??_GGT_EXE_LE_ObjectTableHandler@@UAEPAXI@Z 0041b5c0 f i lib_data:gt_exe_le.obj
 0001:0001a5c0       ??_EGT_EXE_LE_ObjectTableHandler@@UAEPAXI@Z 0041b5c0 f i lib_data:gt_exe_le.obj
 0001:0001a600       ??1GT_EXE_LE_ObjectTableHandler@@UAE@XZ 0041b600 f   lib_data:gt_exe_le.obj
 0001:0001a620       ?Init@GT_EXE_LE_ObjectTableHandler@@QAEXJ@Z 0041b620 f   lib_data:gt_exe_le.obj
 0001:0001a670       ?GetObj@GT_EXE_LE_ObjectTableHandler@@QBEPAU_GT_EXE_LE_Object@@H@Z 0041b670 f   lib_data:gt_exe_le.obj
 0001:0001a690       ?GetRealAddrOfObject@GT_EXE_LE_ObjectTableHandler@@QBEJH@Z 0041b690 f   lib_data:gt_exe_le.obj
 0001:0001a6c0       ?GetSizeOfObject@GT_EXE_LE_ObjectTableHandler@@QBEJH@Z 0041b6c0 f   lib_data:gt_exe_le.obj
 0001:0001a720       ?GetRealEndAddrOfObject@GT_EXE_LE_ObjectTableHandler@@QBEJH@Z 0041b720 f   lib_data:gt_exe_le.obj
 0001:0001a790       ?GetEXESize@GT_EXE_LE_ObjectTableHandler@@QBEJXZ 0041b790 f   lib_data:gt_exe_le.obj
 0001:0001a820       ?GetEntryPoint@GT_EXE_LE_ObjectTableHandler@@QBEJXZ 0041b820 f   lib_data:gt_exe_le.obj
 0001:0001a860       ?GetEntryPointBaseAddr@GT_EXE_LE_ObjectTableHandler@@QBEJXZ 0041b860 f   lib_data:gt_exe_le.obj
 0001:0001a880       ??0GT_EXE_LE_HeaderHandler@@QAE@PAVGT_FileBuffer@@J@Z 0041b880 f   lib_data:gt_exe_le.obj
 0001:0001a910       ?Execute@GT_EXE_LE_Lister@@QAEXXZ 0041b910 f   lib_data:gt_exe_le.obj
 0001:0001ac80       ??_EGT_TableField@@QAEPAXI@Z 0041bc80 f i lib_data:gt_exe_pe.obj
 0001:0001ace0       ??1GT_TableField@@QAE@XZ   0041bce0 f i lib_data:gt_exe_pe.obj
 0001:0001ad10       ??_EGT_TableColumn@@UAEPAXI@Z 0041bd10 f i lib_data:gt_exe_pe.obj
 0001:0001ad70       ??1GT_TableColumn@@UAE@XZ  0041bd70 f i lib_data:gt_exe_pe.obj
 0001:0001ae00       ??0GT_EXE_PE_BasicAnalyzer@@QAE@PAVGT_FileBuffer@@PAVGT_EXE_PE_SectionTableAnalyzer@@J@Z 0041be00 f   lib_data:gt_exe_pe.obj
 0001:0001ae30       ?List@GT_EXE_PE_ExportAnalyzer@@UAEXXZ 0041be30 f   lib_data:gt_exe_pe.obj
 0001:0001b180       ??0GT_TableColumn@@QAE@XZ  0041c180 f i lib_data:gt_exe_pe.obj
 0001:0001b1c0       ?Init@GT_TableColumn@@QAEXIIHW4GT_TableColumnType@@PBD@Z 0041c1c0 f i lib_data:gt_exe_pe.obj
 0001:0001b290       ??0GT_TableField@@QAE@XZ   0041c290 f i lib_data:gt_exe_pe.obj
 0001:0001b2b0       ??1GT_Table@@UAE@XZ        0041c2b0 f i lib_data:gt_exe_pe.obj
 0001:0001b2d0       ??_EGT_Table@@UAEPAXI@Z    0041c2d0 f i lib_data:gt_exe_pe.obj
 0001:0001b2d0       ??_GGT_Table@@UAEPAXI@Z    0041c2d0 f i lib_data:gt_exe_pe.obj
 0001:0001b300       ?_ListLookupTable@GT_EXE_PE_ImportAnalyzer@@AAEXJ@Z 0041c300 f   lib_data:gt_exe_pe.obj
 0001:0001b3e0       ?List@GT_EXE_PE_ImportAnalyzer@@UAEXXZ 0041c3e0 f   lib_data:gt_exe_pe.obj
 0001:0001b500       ?_ListVersionInfo@GT_EXE_PE_ResourceAnalyzer@@AAEXPAE@Z 0041c500 f   lib_data:gt_exe_pe.obj
 0001:0001b770       ?_ListTable@GT_EXE_PE_ResourceAnalyzer@@AAEXJ@Z 0041c770 f   lib_data:gt_exe_pe.obj
 0001:0001b820       ?_ListEntry@GT_EXE_PE_ResourceAnalyzer@@AAEXJ@Z 0041c820 f   lib_data:gt_exe_pe.obj
 0001:0001ba90       ?List@GT_EXE_PE_ResourceAnalyzer@@UAEXXZ 0041ca90 f   lib_data:gt_exe_pe.obj
 0001:0001bb60       ??0GT_EXE_PE_DataDirectoryHandler@@QAE@PAVGT_FileBuffer@@PAVGT_EXE_PE_SectionTableAnalyzer@@HJ@Z 0041cb60 f   lib_data:gt_exe_pe.obj
 0001:0001bbd0       ??_EGT_EXE_PE_DataDirectoryHandler@@UAEPAXI@Z 0041cbd0 f i lib_data:gt_exe_pe.obj
 0001:0001bbd0       ??_GGT_EXE_PE_DataDirectoryHandler@@UAEPAXI@Z 0041cbd0 f i lib_data:gt_exe_pe.obj
 0001:0001bc10       ?ShowEntry@GT_EXE_PE_DataDirectoryHandler@@QAEXH@Z 0041cc10 f   lib_data:gt_exe_pe.obj
 0001:0001bc60       ?GetEntry@GT_EXE_PE_DataDirectoryHandler@@QAEPAU_GT_EXE_PE_ImageDataDirectory@@H@Z 0041cc60 f   lib_data:gt_exe_pe.obj
 0001:0001bc80       ?GetNumberOfUsedEntries@GT_EXE_PE_DataDirectoryHandler@@QBEHXZ 0041cc80 f   lib_data:gt_exe_pe.obj
 0001:0001bca0       ??0GT_EXE_PE_Lister@@QAE@JPAVGT_FileBuffer@@@Z 0041cca0 f   lib_data:gt_exe_pe.obj
 0001:0001bcc0       ?CheckDataDirectory@GT_EXE_PE_Lister@@AAEXPAVGT_EXE_PE_SectionTableAnalyzer@@@Z 0041ccc0 f   lib_data:gt_exe_pe.obj
 0001:0001bf10       ??1GT_EXE_PE_DataDirectoryHandler@@UAE@XZ 0041cf10 f i lib_data:gt_exe_pe.obj
 0001:0001bf30       ?Execute@GT_EXE_PE_Lister@@QAEXXZ 0041cf30 f   lib_data:gt_exe_pe.obj
 0001:0001c8b0       ?Check_PE_0J@GT_EXE_PE_Lister@@AAEHJ@Z 0041d8b0 f   lib_data:gt_exe_pe.obj
 0001:0001c940       ?Check_EXT_PE@GT_EXE_PE_Lister@@AAEHJPAVGT_EXE_PE_SectionTableAnalyzer@@@Z 0041d940 f   lib_data:gt_exe_pe.obj
 0001:0001ca10       ?CheckForCode@GT_EXE_PE_Lister@@AAEXJPAVGT_EXE_PE_SectionTableAnalyzer@@@Z 0041da10 f   lib_data:gt_exe_pe.obj
 0001:0001cd30       ?Check_NE_0J@GT_EXE_NE_Lister@@AAEHJ@Z 0041dd30 f   lib_data:gt_exe_ne.obj
 0001:0001cdb0       ?Execute@GT_EXE_NE_Lister@@QAEXXZ 0041ddb0 f   lib_data:gt_exe_ne.obj
 0001:0001d5a0       ??0GT_EXE_NE_HeaderHdl@@QAE@JPAVGT_FileBuffer@@H@Z 0041e5a0 f   lib_data:gt_exe_ne_header.obj
 0001:0001d5d0       ?_Init@GT_EXE_PE_SectionTableAnalyzer@@AAEXJ@Z 0041e5d0 f   lib_data:gt_exe_pe_sectiontablehdl.obj
 0001:0001d630       ??0GT_EXE_PE_SectionTableAnalyzer@@QAE@PAVGT_FileBuffer@@PAU_GT_EXE_PE_ImageFileHeader@@J@Z 0041e630 f   lib_data:gt_exe_pe_sectiontablehdl.obj
 0001:0001d6d0       ??_GGT_EXE_PE_SectionTableAnalyzer@@UAEPAXI@Z 0041e6d0 f i lib_data:gt_exe_pe_sectiontablehdl.obj
 0001:0001d6d0       ??_EGT_EXE_PE_SectionTableAnalyzer@@UAEPAXI@Z 0041e6d0 f i lib_data:gt_exe_pe_sectiontablehdl.obj
 0001:0001d710       ??0GT_EXE_PE_SectionTableAnalyzer@@QAE@PAVGT_FileBuffer@@JJ@Z 0041e710 f   lib_data:gt_exe_pe_sectiontablehdl.obj
 0001:0001d790       ??1GT_EXE_PE_SectionTableAnalyzer@@UAE@XZ 0041e790 f   lib_data:gt_exe_pe_sectiontablehdl.obj
 0001:0001d7b0       ?GetEXESize@GT_EXE_PE_SectionTableAnalyzer@@QBEJXZ 0041e7b0 f   lib_data:gt_exe_pe_sectiontablehdl.obj
 0001:0001d7e0       ?GetSectionName@GT_EXE_PE_SectionTableAnalyzer@@QBEPBDHH@Z 0041e7e0 f   lib_data:gt_exe_pe_sectiontablehdl.obj
 0001:0001d860       ?GetSectionName@GT_EXE_PE_SectionTableAnalyzer@@QBEPBDPBU_GT_EXE_PE_Section@@H@Z 0041e860 f   lib_data:gt_exe_pe_sectiontablehdl.obj
 0001:0001d8e0       ?GetSectionOfName@GT_EXE_PE_SectionTableAnalyzer@@QBEPAU_GT_EXE_PE_Section@@PBD@Z 0041e8e0 f   lib_data:gt_exe_pe_sectiontablehdl.obj
 0001:0001d960       ?GetSectionNameOfRVA@GT_EXE_PE_SectionTableAnalyzer@@QBEPBDJ@Z 0041e960 f   lib_data:gt_exe_pe_sectiontablehdl.obj
 0001:0001d9d0       ?GetSectionOfRVA@GT_EXE_PE_SectionTableAnalyzer@@QBEPAU_GT_EXE_PE_Section@@J@Z 0041e9d0 f   lib_data:gt_exe_pe_sectiontablehdl.obj
 0001:0001da10       ?GetSectionOfPhysicalOffset@GT_EXE_PE_SectionTableAnalyzer@@QBEPAU_GT_EXE_PE_Section@@J@Z 0041ea10 f   lib_data:gt_exe_pe_sectiontablehdl.obj
 0001:0001da50       ?r2o@GT_EXE_PE_SectionTableAnalyzer@@QBEJJ@Z 0041ea50 f   lib_data:gt_exe_pe_sectiontablehdl.obj
 0001:0001daa0       ?o2r@GT_EXE_PE_SectionTableAnalyzer@@QBEJJ@Z 0041eaa0 f   lib_data:gt_exe_pe_sectiontablehdl.obj
 0001:0001daf0       ??0GT_EXE_NE_SegmentHandler@@QAE@PAVGT_FileBuffer@@PAVGT_EXE_NE_HeaderHdl@@@Z 0041eaf0 f   lib_data:gt_exe_ne_segmenthdl.obj
 0001:0001dba0       ??_GGT_EXE_NE_SegmentHandler@@UAEPAXI@Z 0041eba0 f i lib_data:gt_exe_ne_segmenthdl.obj
 0001:0001dba0       ??_EGT_EXE_NE_SegmentHandler@@UAEPAXI@Z 0041eba0 f i lib_data:gt_exe_ne_segmenthdl.obj
 0001:0001dbe0       ??1GT_EXE_NE_SegmentHandler@@UAE@XZ 0041ebe0 f   lib_data:gt_exe_ne_segmenthdl.obj
 0001:0001dc00       ?GetEndPos@GT_EXE_NE_SegmentHandler@@QBEJH@Z 0041ec00 f   lib_data:gt_exe_ne_segmenthdl.obj
 0001:0001dc60       ?GetLength@GT_EXE_NE_SegmentHandler@@QBEJH@Z 0041ec60 f   lib_data:gt_exe_ne_segmenthdl.obj
 0001:0001dc90       ?GetStartPos@GT_EXE_NE_SegmentHandler@@QBEJH@Z 0041ec90 f   lib_data:gt_exe_ne_segmenthdl.obj
 0001:0001dcb0       ?GetAllocSize@GT_EXE_NE_SegmentHandler@@QBEJH@Z 0041ecb0 f   lib_data:gt_exe_ne_segmenthdl.obj
 0001:0001dcd0       ?GetEntryPoint@GT_EXE_NE_SegmentHandler@@QBEJXZ 0041ecd0 f   lib_data:gt_exe_ne_segmenthdl.obj
 0001:0001dd40       ?GetCalculatedFileSize@GT_EXE_NE_SegmentHandler@@QBEJXZ 0041ed40 f   lib_data:gt_exe_ne_segmenthdl.obj
 0001:0001dda0       ?GetType@GT_EXE_NE_SegmentHandler@@QBEPBDH@Z 0041eda0 f   lib_data:gt_exe_ne_segmenthdl.obj
 0001:0001ddc0       ??0GT_ArchiveAnalyzer@@QAE@PAVGT_FileBuffer@@@Z 0041edc0 f   lib_archive:gt_archiver.obj
 0001:0001de30       ?IsHAArchive@GT_ArchiveAnalyzer@@ABEHH@Z 0041ee30 f   lib_archive:gt_archiver.obj
 0001:0001dfb0       ?GetPacker@GT_ArchiveAnalyzer@@AAEXH@Z 0041efb0 f   lib_archive:gt_archiver.obj
 0001:0001e8f0       ?ListArchiveName@GT_ArchiveAnalyzer@@QBEXXZ 0041f8f0 f   lib_archive:gt_archiver.obj
 0001:0001e940       ?ListArchive@GT_ArchiveAnalyzer@@QAEHXZ 0041f940 f   lib_archive:gt_archiver.obj
 0001:0001f400       ?CheckForOverlay@GT_ArchiveAnalyzer@@QBEXXZ 00420400 f   lib_archive:gt_archiver.obj
 0001:0001f410       ??0GT_BasicArchiveLister@@QAE@PAVGT_FileBuffer@@H@Z 00420410 f   lib_archive:gt_archiver.obj
 0001:0001f450       ?ShowHeader@GT_BasicArchiveLister@@UAEXXZ 00420450 f   lib_archive:gt_archiver.obj
 0001:0001f4a0       ?ShowFile@GT_BasicArchiveLister@@UAEXJJNPBDHW4PDateTimeType@@H@Z 004204a0 f   lib_archive:gt_archiver.obj
 0001:0001f610       ?ShowOverall@GT_BasicArchiveLister@@UAEXXZ 00420610 f   lib_archive:gt_archiver.obj
 0001:0001f720       ?ListFiles@GT_BasicArchiveLister@@UAEXXZ 00420720 f   lib_archive:gt_archiver.obj
 0001:0001f730       ?ListFiles@GT_777ArchiveLister@@UAEXXZ 00420730 f   lib_archive:gt_archiver.obj
 0001:0001f940       ?ListFiles@GT_ACEArchiveLister@@UAEXXZ 00420940 f   lib_archive:gt_archiver.obj
 0001:0001fb30       ?ListFiles@GT_AINArchiveLister@@UAEXXZ 00420b30 f   lib_archive:gt_archiver.obj
 0001:0001fba0       ?ListFiles@GT_AKT7ArchiveLister@@UAEXXZ 00420ba0 f   lib_archive:gt_archiver.obj
 0001:0001fdc0       ?ListFiles@GT_AKT9ArchiveLister@@UAEXXZ 00420dc0 f   lib_archive:gt_archiver.obj
 0001:0001ff80       ?ListFiles@GT_AMGArchiveLister@@UAEXXZ 00420f80 f   lib_archive:gt_archiver.obj
 0001:00020140       ?ListFiles@GT_ARCArchiveLister@@UAEXXZ 00421140 f   lib_archive:gt_archiver.obj
 0001:00020220       ?ListFiles@GT_ARGArchiveLister@@UAEXXZ 00421220 f   lib_archive:gt_archiver.obj
 0001:000202a0       ?ListFiles@GT_ARJArchiveLister@@UAEXXZ 004212a0 f   lib_archive:gt_archiver.obj
 0001:00020660       ?ListFiles@GT_ARQArchiveLister@@UAEXXZ 00421660 f   lib_archive:gt_archiver.obj
 0001:000207a0       ?ListFiles@GT_ARXArchiveLister@@UAEXXZ 004217a0 f   lib_archive:gt_archiver.obj
 0001:000208a0       ?ListFiles@GT_ASDArchiveLister@@UAEXXZ 004218a0 f   lib_archive:gt_archiver.obj
 0001:00020990       ?ListFiles@GT_BLIArchiveLister@@UAEXXZ 00421990 f   lib_archive:gt_archiver.obj
 0001:00020b60       ?ListFiles@GT_CABArchiveLister@@UAEXXZ 00421b60 f   lib_archive:gt_archiver.obj
 0001:00020c80       ?ListFiles@GT_DPAArchiveLister@@UAEXXZ 00421c80 f   lib_archive:gt_archiver.obj
 0001:00020d50       ?ListFiles@GT_GZArchiveLister@@UAEXXZ 00421d50 f   lib_archive:gt_archiver.obj
 0001:00020e60       ?ListFiles@GT_HAArchiveLister@@UAEXXZ 00421e60 f   lib_archive:gt_archiver.obj
 0001:00020fe0       ?ListFiles@GT_IDSKAArchiveLister@@UAEXXZ 00421fe0 f   lib_archive:gt_archiver.obj
 0001:00021030       ??0GT_IMPArchiveLister@@QAE@PAVGT_FileBuffer@@H@Z 00422030 f   lib_archive:gt_archiver.obj
 0001:000210d0       ?CalcCRC32@GT_IMPArchiveLister@@IAEKPAXKK@Z 004220d0 f   lib_archive:gt_archiver.obj
 0001:00021110       ?InitBits@GT_IMPArchiveLister@@IAEXXZ 00422110 f   lib_archive:gt_archiver.obj
 0001:00021120       ?GetBits@GT_IMPArchiveLister@@IAEKH@Z 00422120 f   lib_archive:gt_archiver.obj
 0001:00021190       ?DelBits@GT_IMPArchiveLister@@IAEXH@Z 00422190 f   lib_archive:gt_archiver.obj
 0001:000211c0       ?load_fixed_codes@GT_IMPArchiveLister@@IAEXPAEJ@Z 004221c0 f   lib_archive:gt_archiver.obj
 0001:000212c0       ?make_codes@GT_IMPArchiveLister@@IAEXPAKPAEH@Z 004222c0 f   lib_archive:gt_archiver.obj
 0001:00021360       ?make_decode_tables@GT_IMPArchiveLister@@IAEHPAHQAY01HPAKPAEHH@Z 00422360 f   lib_archive:gt_archiver.obj
 0001:000214d0       ?load_hcodes@GT_IMPArchiveLister@@IAEHPAEHHJ@Z 004224d0 f   lib_archive:gt_archiver.obj
 0001:00021860       ?expand_lz@GT_IMPArchiveLister@@IAEHPAEHH@Z 00422860 f   lib_archive:gt_archiver.obj
 0001:00022200       ?ListFiles@GT_IMPArchiveLister@@UAEXXZ 00423200 f   lib_archive:gt_archiver.obj
 0001:00022670       ?ListFiles@GT_INSArchiveLister@@UAEXXZ 00423670 f   lib_archive:gt_archiver.obj
 0001:00022810       ?ListFiles@GT_ISCArchiveLister@@UAEXXZ 00423810 f   lib_archive:gt_archiver.obj
 0001:00022ab0       ?ListFiles@GT_LGArchiveLister@@UAEXXZ 00423ab0 f   lib_archive:gt_archiver.obj
 0001:00022c30       ?ListFiles@GT_LZHArchiveLister@@UAEXXZ 00423c30 f   lib_archive:gt_archiver.obj
 0001:00023220       ?ListFiles@GT_LZOArchiveLister@@UAEXXZ 00424220 f   lib_archive:gt_archiver.obj
 0001:00023350       ?ListFiles@GT_NEROArchiveLister@@UAEXXZ 00424350 f   lib_archive:gt_archiver.obj
 0001:00023400       ?ListFiles@GT_PAQArchiveLister@@UAEXXZ 00424400 f   lib_archive:gt_archiver.obj
 0001:00023500       ?ListFiles@GT_PPZArchiveLister@@UAEXXZ 00424500 f   lib_archive:gt_archiver.obj
 0001:000235b0       ?ListFiles@GT_RARArchiveLister@@UAEXXZ 004245b0 f   lib_archive:gt_archiver.obj
 0001:00023830       ?ListFiles@GT_SBCArchiveLister@@UAEXXZ 00424830 f   lib_archive:gt_archiver.obj
 0001:000238d0       ?ListFiles@GT_STIArchiveLister@@UAEXXZ 004248d0 f   lib_archive:gt_archiver.obj
 0001:00023be0       ?ListFiles@GT_SYNArchiveLister@@UAEXXZ 00424be0 f   lib_archive:gt_archiver.obj
 0001:00023c90       ?ListFiles@GT_TARArchiveLister@@UAEXXZ 00424c90 f   lib_archive:gt_archiver.obj
 0001:00023d90       ?ListFiles@GT_YCArchiveLister@@UAEXXZ 00424d90 f   lib_archive:gt_archiver.obj
 0001:00023ef0       ?ListFiles@GT_ZETArchiveLister@@UAEXXZ 00424ef0 f   lib_archive:gt_archiver.obj
 0001:00024160       ?ListFiles@GT_ZIPArchiveLister@@UAEXXZ 00425160 f   lib_archive:gt_archiver.obj
 0001:000243e0       ?ListFiles@GT_ZOOArchiveLister@@UAEXXZ 004253e0 f   lib_archive:gt_archiver.obj
 0001:00024540       ??1?$GT_Sequence@VADLP_String@@@@UAE@XZ 00425540 f i lib_archive:gt_archiver.obj
 0001:00024590       ??_E?$GT_Sequence@VADLP_String@@@@UAEPAXI@Z 00425590 f i lib_archive:gt_archiver.obj
 0001:00024590       ??_G?$GT_Sequence@VADLP_String@@@@UAEPAXI@Z 00425590 f i lib_archive:gt_archiver.obj
 0001:000245f0       ?addLast@?$GT_Sequence@VADLP_String@@@@QAEXABVADLP_String@@@Z 004255f0 f i lib_archive:gt_archiver.obj
 0001:00024690       ??0?$GT_Entry@VADLP_String@@@@QAE@PAV0@ABVADLP_String@@0@Z 00425690 f i lib_archive:gt_archiver.obj
 0001:00024720       ??1?$GT_Entry@VADLP_String@@@@QAE@XZ 00425720 f i lib_archive:gt_archiver.obj
 0001:00024750       _HeapFree@12               00425750 f   kernel32:KERNEL32.dll
 0001:00024756       _RtlUnwind@16              00425756 f   kernel32:KERNEL32.dll
 0001:0002475c       _HeapAlloc@12              0042575c f   kernel32:KERNEL32.dll
 0001:00024762       _HeapReAlloc@16            00425762 f   kernel32:KERNEL32.dll
 0001:00024768       _ReadConsoleInputA@16      00425768 f   kernel32:KERNEL32.dll
 0001:0002476e       _SetConsoleMode@8          0042576e f   kernel32:KERNEL32.dll
 0001:00024774       _GetConsoleMode@8          00425774 f   kernel32:KERNEL32.dll
 0001:0002477a       _PeekConsoleInputA@16      0042577a f   kernel32:KERNEL32.dll
 0001:00024780       _GetNumberOfConsoleInputEvents@8 00425780 f   kernel32:KERNEL32.dll
 0001:00024786       _GetCommandLineA@0         00425786 f   kernel32:KERNEL32.dll
 0001:0002478c       _GetVersion@0              0042578c f   kernel32:KERNEL32.dll
 0001:00024792       _ExitProcess@4             00425792 f   kernel32:KERNEL32.dll
 0001:00024798       _TerminateProcess@8        00425798 f   kernel32:KERNEL32.dll
 0001:0002479e       _HeapSize@12               0042579e f   kernel32:KERNEL32.dll
 0001:000247a4       _GetEnvironmentVariableA@12 004257a4 f   kernel32:KERNEL32.dll
 0001:000247aa       _GetVersionExA@4           004257aa f   kernel32:KERNEL32.dll
 0001:000247b0       _HeapDestroy@4             004257b0 f   kernel32:KERNEL32.dll
 0001:000247b6       _HeapCreate@12             004257b6 f   kernel32:KERNEL32.dll
 0001:000247bc       _VirtualFree@12            004257bc f   kernel32:KERNEL32.dll
 0001:000247c2       _VirtualAlloc@16           004257c2 f   kernel32:KERNEL32.dll
 0001:000247c8       _SetHandleCount@4          004257c8 f   kernel32:KERNEL32.dll
 0001:000247ce       _GetStdHandle@4            004257ce f   kernel32:KERNEL32.dll
 0001:000247d4       _GetFileType@4             004257d4 f   kernel32:KERNEL32.dll
 0001:000247da       _GetStartupInfoA@4         004257da f   kernel32:KERNEL32.dll
 0001:000247e0       _WriteConsoleA@20          004257e0 f   kernel32:KERNEL32.dll
 0001:000247e6       _UnhandledExceptionFilter@4 004257e6 f   kernel32:KERNEL32.dll
 0001:000247ec       _FreeEnvironmentStringsA@4 004257ec f   kernel32:KERNEL32.dll
 0001:000247f2       _FreeEnvironmentStringsW@4 004257f2 f   kernel32:KERNEL32.dll
 0001:000247f8       _WideCharToMultiByte@32    004257f8 f   kernel32:KERNEL32.dll
 0001:000247fe       _GetEnvironmentStrings@0   004257fe f   kernel32:KERNEL32.dll
 0001:00024804       _GetEnvironmentStringsW@0  00425804 f   kernel32:KERNEL32.dll
 0001:0002480a       _GetLastError@0            0042580a f   kernel32:KERNEL32.dll
 0001:00024810       _FlushFileBuffers@4        00425810 f   kernel32:KERNEL32.dll
 0001:00024816       _IsBadReadPtr@8            00425816 f   kernel32:KERNEL32.dll
 0001:0002481c       _IsBadCodePtr@4            0042581c f   kernel32:KERNEL32.dll
 0001:00024822       _GetCPInfo@8               00425822 f   kernel32:KERNEL32.dll
 0001:00024828       _GetACP@0                  00425828 f   kernel32:KERNEL32.dll
 0001:0002482e       _GetOEMCP@0                0042582e f   kernel32:KERNEL32.dll
 0001:00024834       _SetStdHandle@8            00425834 f   kernel32:KERNEL32.dll
 0001:0002483a       _MultiByteToWideChar@24    0042583a f   kernel32:KERNEL32.dll
 0001:00024840       _GetStringTypeA@20         00425840 f   kernel32:KERNEL32.dll
 0001:00024846       _GetStringTypeW@16         00425846 f   kernel32:KERNEL32.dll
 0001:0002484c       _LCMapStringA@24           0042584c f   kernel32:KERNEL32.dll
 0001:00024852       _LCMapStringW@24           00425852 f   kernel32:KERNEL32.dll
 0001:00024858       _SetConsoleTextAttribute@8 00425858 f   kernel32:KERNEL32.dll
 0001:0002485e       _GetConsoleScreenBufferInfo@8 0042585e f   kernel32:KERNEL32.dll
 0001:00024864       _LocalFree@4               00425864 f   kernel32:KERNEL32.dll
 0001:0002486a       _FindClose@4               0042586a f   kernel32:KERNEL32.dll
 0001:00024870       _FindFirstFileA@8          00425870 f   kernel32:KERNEL32.dll
 0001:00024876       _FindNextFileA@8           00425876 f   kernel32:KERNEL32.dll
 0001:0002487c       _GetFileAttributesA@4      0042587c f   kernel32:KERNEL32.dll
 0001:00024882       _GetFileSize@8             00425882 f   kernel32:KERNEL32.dll
 0001:00024888       _ReadFile@20               00425888 f   kernel32:KERNEL32.dll
 0001:0002488e       _GetConsoleTitleA@8        0042588e f   kernel32:KERNEL32.dll
 0001:00024894       _SetConsoleTitleA@4        00425894 f   kernel32:KERNEL32.dll
 0001:0002489a       __strdup                   0042589a f   libc:strdup.obj
 0001:0002489a       _strdup                    0042589a f   libc:strdup.obj
 0001:000248c5       _clock                     004258c5 f   libc:clock.obj
 0001:00024908       ___inittime                00425908 f   libc:clock.obj
 0001:0002493d       _vfprintf                  0042593d f   libc:vfprintf.obj
 0001:0002496e       __itoa                     0042596e f   libc:xtoa.obj
 0001:000249f7       __ltoa                     004259f7 f   libc:xtoa.obj
 0001:00024a21       __ultoa                    00425a21 f   libc:xtoa.obj
 0001:00024a3c       __i64toa                   00425a3c f   libc:xtoa.obj
 0001:00024af3       __ui64toa                  00425af3 f   libc:xtoa.obj
 0001:00024b0e       _fputs                     00425b0e f   libc:fputs.obj
 0001:00024b51       _vsprintf                  00425b51 f   libc:vsprintf.obj
 0001:00024ba2       __fsopen                   00425ba2 f   libc:fopen.obj
 0001:00024bc2       _fopen                     00425bc2 f   libc:fopen.obj
 0001:00024bd5       _fgets                     00425bd5 f   libc:fgets.obj
 0001:00024c2c       ??1type_info@@UAE@XZ       00425c2c f   libc:typinfo.obj
 0001:00024c41       ??_Gtype_info@@UAEPAXI@Z   00425c41 f i libc:typinfo.obj
 0001:00024c41       ??_Etype_info@@UAEPAXI@Z   00425c41 f i libc:typinfo.obj
 0001:00024c5d       ??8type_info@@QBEHABV0@@Z  00425c5d f   libc:typinfo.obj
 0001:00024c78       ??9type_info@@QBEHABV0@@Z  00425c78 f   libc:typinfo.obj
 0001:00024c94       ?before@type_info@@QBEHABV1@@Z 00425c94 f   libc:typinfo.obj
 0001:00024cb3       ?raw_name@type_info@@QBEPBDXZ 00425cb3 f   libc:typinfo.obj
 0001:00024cb7       ??0type_info@@AAE@ABV0@@Z  00425cb7 f   libc:typinfo.obj
 0001:00024cc2       ??4type_info@@AAEAAV0@ABV0@@Z 00425cc2 f   libc:typinfo.obj
 0001:00024cc7       __CxxThrowException@8      00425cc7 f   libc:throw.obj
 0001:00024d10       _strnicmp                  00425d10 f   libc:strnicmp.obj
 0001:00024d10       __strnicmp                 00425d10 f   libc:strnicmp.obj
 0001:00024dc0       __ftol                     00425dc0 f   libc:ftol.obj
 0001:00024df0       __stricmp                  00425df0 f   libc:stricmp.obj
 0001:00024df0       __strcmpi                  00425df0 f   libc:stricmp.obj
 0001:00024df0       _stricmp                   00425df0 f   libc:stricmp.obj
 0001:00024e7c       _atol                      00425e7c f   libc:atox.obj
 0001:00024f07       _atoi                      00425f07 f   libc:atox.obj
 0001:00024f12       __atoi64                   00425f12 f   libc:atox.obj
 0001:00024fcc       ??_M@YGXPAXIHP6EX0@Z@Z     00425fcc f   libc:ehvecdtr.obj
 0001:0002504c       ?__ArrayUnwind@@YGXPAXIHP6EX0@Z@Z 0042604c f   libc:ehvecdtr.obj
 0001:000250c0       __purecall                 004260c0 f   libc:purevirt.obj
 0001:000250c9       ??_L@YGXPAXIHP6EX0@Z1@Z    004260c9 f   libc:ehvecctr.obj
 0001:00025150       __allmul                   00426150 f   libc:llmul.obj
 0001:00025184       _fwrite                    00426184 f   libc:fwrite.obj
 0001:0002528e       __openfile                 0042628e f   libc:_open.obj
 0001:000253fe       __getstream                004263fe f   libc:stream.obj
 0001:00025476       __filbuf                   00426476 f   libc:_filbuf.obj
 0001:0002554f       __open                     0042654f f   libc:open.obj
 0001:00025566       __sopen                    00426566 f   libc:open.obj
 0001:0002581f       __read                     0042681f f   libc:read.obj
 0001:00025a15       __chsize                   00426a15 f   libc:chsize.obj
 0001:00025b5b       __setmode                  00426b5b f   libc:setmode.obj
 0001:00025be0       _GT_C2E_Index              00426be0 f   gtdata:gtdata.dll
 0001:00025be6       _GT_C2E_Count              00426be6 f   gtdata:gtdata.dll
 0001:00025bec       _GT_EXE_0J_Index           00426bec f   gtdata:gtdata.dll
 0001:00025bf2       _GT_EXE_0J_Count           00426bf2 f   gtdata:gtdata.dll
 0001:00025bf8       _GT_EXE_1J_Index           00426bf8 f   gtdata:gtdata.dll
 0001:00025bfe       _GT_EXE_1J_Count           00426bfe f   gtdata:gtdata.dll
 0001:00025c04       _GT_EXE_2J_Index           00426c04 f   gtdata:gtdata.dll
 0001:00025c0a       _GT_EXE_2J_Count           00426c0a f   gtdata:gtdata.dll
 0001:00025c10       _GT_EXE_1LJ_Index          00426c10 f   gtdata:gtdata.dll
 0001:00025c16       _GT_EXE_1LJ_Count          00426c16 f   gtdata:gtdata.dll
 0001:00025c1c       _GT_EXT_EXE_Index          00426c1c f   gtdata:gtdata.dll
 0001:00025c22       _GT_EXT_EXE_Count          00426c22 f   gtdata:gtdata.dll
 0001:00025c28       _GT_SYS_Index              00426c28 f   gtdata:gtdata.dll
 0001:00025c2e       _GT_SYS_Count              00426c2e f   gtdata:gtdata.dll
 0001:00025c34       _GT_FixedName_Index        00426c34 f   gtdata:gtdata.dll
 0001:00025c3a       _GT_FixedName_Count        00426c3a f   gtdata:gtdata.dll
 0001:00025c40       _GT_FixedExtension_Index   00426c40 f   gtdata:gtdata.dll
 0001:00025c46       _GT_FixedExtension_Count   00426c46 f   gtdata:gtdata.dll
 0001:00025c4c       _GT_PE_0J_Index            00426c4c f   gtdata:gtdata.dll
 0001:00025c52       _GT_PE_0J_Count            00426c52 f   gtdata:gtdata.dll
 0001:00025c58       _GT_EXT_PE_Index           00426c58 f   gtdata:gtdata.dll
 0001:00025c5e       _GT_EXT_PE_Count           00426c5e f   gtdata:gtdata.dll
 0001:00025c64       _GT_NE_0J_Index            00426c64 f   gtdata:gtdata.dll
 0001:00025c6a       _GT_NE_0J_Count            00426c6a f   gtdata:gtdata.dll
 0001:00025c70       ?p_StrOct2Dec@@YGJPADH@Z   00426c70 f   plib:pheader.obj
 0001:00025d20       ?p_Align@@YGXAAJH@Z        00426d20 f   plib:pheader.obj
 0001:00025d40       ?p_ToLower@@YGDD@Z         00426d40 f   plib:pheader.obj
 0001:00025d60       ?p_ToUpper@@YGDD@Z         00426d60 f   plib:pheader.obj
 0001:00025d80       ?p_HexToLong@@YGJPBD@Z     00426d80 f   plib:pheader.obj
 0001:00025f70       ?p_atol@@YGJPBD@Z          00426f70 f   plib:pheader.obj
 0001:00025fa0       ?p_long2str@@YGPBDJ@Z      00426fa0 f   plib:pheader.obj
 0001:00025fc0       ?p_unicode2ansi@@YGXPBDPADH@Z 00426fc0 f   plib:pheader.obj
 0001:00026000       ?p_LongSwapByte@@YGKK@Z    00427000 f   plib:pheader.obj
 0001:00026030       ?GetCurrentUserString@PRegistry@@SIHPBD0JPAD@Z 00427030 f   plib:pregistry.obj
 0001:000260a0       ?GetClassesRootString@PRegistry@@SIHPBD0JPAD@Z 004270a0 f   plib:pregistry.obj
 0001:00026110       ?GT_Error_ShowInternalError@@YGXPBD0H@Z 00427110 f   lib_gt:gt_error.obj
 0001:00026190       ?Print@GT_Table@@QBEXXZ    00427190 f   lib_gt:gt_outputtable.obj
 0001:00026440       ??0GT_DateTimeEntry@@QAE@XZ 00427440 f   lib_gt:gt_time.obj
 0001:00026460       ?SetDOSTime@GT_DateTime@@QAEXJ@Z 00427460 f   lib_gt:gt_time.obj
 0001:000264b0       ?SetWindowsTime@GT_DateTime@@QAEXN@Z 004274b0 f   lib_gt:gt_time.obj
 0001:00026540       ?SetUnixTime@GT_DateTime@@QAEXJ@Z 00427540 f   lib_gt:gt_time.obj
 0001:000267f0       ?DateToBuffer@GT_DateTime@@QAEXPADH@Z 004277f0 f   lib_gt:gt_time.obj
 0001:00026850       ?TimeToBuffer@GT_DateTime@@QAEXPAD@Z 00427850 f   lib_gt:gt_time.obj
 0001:00026880       ?GetYear@GT_DateTime@@QBEHXZ 00427880 f   lib_gt:gt_time.obj
 0001:00026890       ?GetMonth@GT_DateTime@@QBEHXZ 00427890 f   lib_gt:gt_time.obj
 0001:000268a0       ?GetDay@GT_DateTime@@QBEHXZ 004278a0 f   lib_gt:gt_time.obj
 0001:000268b0       ?GetHour@GT_DateTime@@QBEHXZ 004278b0 f   lib_gt:gt_time.obj
 0001:000268c0       ?GetMin@GT_DateTime@@QBEHXZ 004278c0 f   lib_gt:gt_time.obj
 0001:000268d0       ?GetSec@GT_DateTime@@QBEHXZ 004278d0 f   lib_gt:gt_time.obj
 0001:000268e0       _RegCloseKey@4             004278e0 f   advapi32:ADVAPI32.dll
 0001:000268e6       _RegQueryValueExA@24       004278e6 f   advapi32:ADVAPI32.dll
 0001:000268ec       _RegOpenKeyExA@20          004278ec f   advapi32:ADVAPI32.dll
 0001:000268f2       _GetSystemTimeAsFileTime@4 004278f2 f   kernel32:KERNEL32.dll
 0001:000268f8       _RaiseException@16         004278f8 f   kernel32:KERNEL32.dll
 0001:000268fe       _SetEndOfFile@4            004278fe f   kernel32:KERNEL32.dll
 0001:00026904       _FileTimeToDosDateTime@12  00427904 f   kernel32:KERNEL32.dll
 0002:0000001c       ??_C@_03GGAN@RPT?$AA@      0042901c     gt_crashtracker.obj
 0002:00000020       ??_C@_01BJG@?6?$AA@        00429020     gt_crashtracker.obj
 0002:00000024       ??_C@_0CN@IPFN@IMAGEHLP?4DLL?5or?5its?5exported?5pro@ 00429024     gt_crashtracker.obj
 0002:00000054       ??_C@_0M@KDCK@Flags?3?$CF08X?6?$AA@ 00429054     gt_crashtracker.obj
 0002:00000060       ??_C@_0CE@MNKM@DS?3?$CF04X?5?5ES?3?$CF04X?5?5FS?3?$CF04X?5?5GS?3?$CF0@ 00429060     gt_crashtracker.obj
 0002:00000084       ??_C@_0BM@EGAB@SS?3ESP?3?$CF04X?3?$CF08X?5?5EBP?3?$CF08X?6?$AA@ 00429084     gt_crashtracker.obj
 0002:000000a0       ??_C@_0BC@BCCC@CS?3EIP?3?$CF04X?3?$CF08X?6?$AA@ 004290a0     gt_crashtracker.obj
 0002:000000b4       ??_C@_0DH@BFHG@EAX?3?$CF08X?6EBX?3?$CF08X?6ECX?3?$CF08X?6EDX?3?$CF@ 004290b4     gt_crashtracker.obj
 0002:000000ec       ??_C@_0N@IGKA@?6Registers?3?6?$AA@ 004290ec     gt_crashtracker.obj
 0002:000000fc       ??_C@_0CD@CJPG@Fault?5address?3?5?5?$CF08X?5?$CF02X?3?$CF08X?5?$CF@ 004290fc     gt_crashtracker.obj
 0002:00000120       ??_C@_0BJ@KJFE@Exception?5code?3?5?$CF08X?5?$CFs?6?$AA@ 00429120     gt_crashtracker.obj
 0002:0000013c       ??_C@_0DJ@NPAB@?1?1?$DN?$DN?$DN?$DN?$DN?$DN?$DN?$DN?$DN?$DN?$DN?$DN?$DN?$DN?$DN?$DN?$DN?$DN?$DN?$DN?$DN?$DN?$DN?$DN?$DN?$DN?$DN?$DN?$DN?$DN@ 0042913c     gt_crashtracker.obj
 0002:00000178       ??_C@_09CMOA@NTDLL?4DLL?$AA@ 00429178     gt_crashtracker.obj
 0002:00000184       ??_C@_0P@IPJK@STACK_OVERFLOW?$AA@ 00429184     gt_crashtracker.obj
 0002:00000194       ??_C@_0BB@PNLJ@PRIV_INSTRUCTION?$AA@ 00429194     gt_crashtracker.obj
 0002:000001a8       ??_C@_0N@CANE@INT_OVERFLOW?$AA@ 004291a8     gt_crashtracker.obj
 0002:000001b8       ??_C@_0BD@CPIN@INT_DIVIDE_BY_ZERO?$AA@ 004291b8     gt_crashtracker.obj
 0002:000001cc       ??_C@_0O@OLMF@FLT_UNDERFLOW?$AA@ 004291cc     gt_crashtracker.obj
 0002:000001dc       ??_C@_0BA@LEGN@FLT_STACK_CHECK?$AA@ 004291dc     gt_crashtracker.obj
 0002:000001ec       ??_C@_0N@JLAK@FLT_OVERFLOW?$AA@ 004291ec     gt_crashtracker.obj
 0002:000001fc       ??_C@_0BG@OFKA@FLT_INVALID_OPERATION?$AA@ 004291fc     gt_crashtracker.obj
 0002:00000214       ??_C@_0BD@MHJO@FLT_INEXACT_RESULT?$AA@ 00429214     gt_crashtracker.obj
 0002:00000228       ??_C@_0BD@BKD@FLT_DIVIDE_BY_ZERO?$AA@ 00429228     gt_crashtracker.obj
 0002:0000023c       ??_C@_0BF@HIGK@FLT_DENORMAL_OPERAND?$AA@ 0042923c     gt_crashtracker.obj
 0002:00000254       ??_C@_0P@MJDA@INVALID_HANDLE?$AA@ 00429254     gt_crashtracker.obj
 0002:00000264       ??_C@_0BE@DNMD@INVALID_DISPOSITION?$AA@ 00429264     gt_crashtracker.obj
 0002:00000278       ??_C@_0BJ@BKEI@NONCONTINUABLE_EXCEPTION?$AA@ 00429278     gt_crashtracker.obj
 0002:00000294       ??_C@_0BE@OPNJ@ILLEGAL_INSTRUCTION?$AA@ 00429294     gt_crashtracker.obj
 0002:000002a8       ??_C@_0BG@MPHG@ARRAY_BOUNDS_EXCEEDED?$AA@ 004292a8     gt_crashtracker.obj
 0002:000002c0       ??_C@_0O@JOEG@IN_PAGE_ERROR?$AA@ 004292c0     gt_crashtracker.obj
 0002:000002d0       ??_C@_0M@JPO@SINGLE_STEP?$AA@ 004292d0     gt_crashtracker.obj
 0002:000002dc       ??_C@_0BB@EGIM@ACCESS_VIOLATION?$AA@ 004292dc     gt_crashtracker.obj
 0002:000002f0       ??_C@_0L@EIGK@BREAKPOINT?$AA@ 004292f0     gt_crashtracker.obj
 0002:000002fc       ??_C@_0L@JMBF@GUARD_PAGE?$AA@ 004292fc     gt_crashtracker.obj
 0002:00000308       ??_C@_0BG@FLNF@DATATYPE_MISALIGNMENT?$AA@ 00429308     gt_crashtracker.obj
 0002:00000320       ??_C@_0BK@EOFI@?$CF08X?5?5?$CF08X?5?5?$CF04X?3?$CF08X?5?$CFs?6?$AA@ 00429320     gt_crashtracker.obj
 0002:0000033c       ??_C@_0CK@PBPH@Address?5?5?5Frame?5?5?5?5?5Logical?5addr@ 0042933c     gt_crashtracker.obj
 0002:00000368       ??_C@_0O@PHBC@?6Call?5stack?3?6?$AA@ 00429368     gt_crashtracker.obj
 0002:00000378       ??_C@_0O@ECDP@?$CF04X?3?$CF08X?5?$CFs?6?$AA@ 00429378     gt_crashtracker.obj
 0002:00000388       ??_C@_07BLMM@?$CFhs?$CL?$CFX?6?$AA@ 00429388     gt_crashtracker.obj
 0002:00000390       ??_C@_0N@IACL@?$CF08X?5?5?$CF08X?5?5?$AA@ 00429390     gt_crashtracker.obj
 0002:000003a0       ??_C@_0BB@IGFC@Address?5?5?5Frame?6?$AA@ 004293a0     gt_crashtracker.obj
 0002:000003b4       ??_C@_0BC@JLJA@SymGetSymFromAddr?$AA@ 004293b4     gt_crashtracker.obj
 0002:000003c8       ??_C@_0BB@PGCD@SymGetModuleBase?$AA@ 004293c8     gt_crashtracker.obj
 0002:000003dc       ??_C@_0BH@BGAC@SymFunctionTableAccess?$AA@ 004293dc     gt_crashtracker.obj
 0002:000003f4       ??_C@_09CJDB@StackWalk?$AA@ 004293f4     gt_crashtracker.obj
 0002:00000400       ??_C@_0L@CPNA@SymCleanup?$AA@ 00429400     gt_crashtracker.obj
 0002:0000040c       ??_C@_0O@FCHA@SymInitialize?$AA@ 0042940c     gt_crashtracker.obj
 0002:0000041c       ??_C@_0N@MLEM@IMAGEHLP?4DLL?$AA@ 0042941c     gt_crashtracker.obj
 0002:0000042c       ??_C@_04PMPC@0?428?$AA@    0042942c     gt_main.obj
 0002:00000434       ??_C@_0DI@JFLF@Parameter?5?8?$CFs?8?5contains?5at?5least@ 00429434     gt_main.obj
 0002:0000046c       ??_C@_0BL@JEF@Found?5no?5matches?5for?5?8?$CFs?8?6?$AA@ 0042946c     gt_main.obj
 0002:00000488       ??_C@_00A@?$AA@            00429488     gt_main.obj
 0002:0000048c       ??_C@_0N@NHIE@GT?52000?5?9?5?$CFs?$AA@ 0042948c     gt_main.obj
 0002:0000049c       ??_C@_0CC@LKFO@GT?52000?5?$FL?$CFd?1?$CFd?$FN?5?$FL?$CF?41f?$CF?$CF?$FN?5?9?5?$FLPHaX@ 0042949c     gt_main.obj
 0002:000004c0       __real@4059000000000000    004294c0     gt_main.obj
 0002:000004c8       ??_C@_0BM@EFAL@GT?52000?5?$FL0?10?$FN?5?$FL0?40?$CF?$FN?5?$FLPHaX?$FN?$AA@ 004294c8     gt_main.obj
 0002:000004e4       ??_7ADLP_String@@6B@       004294e4     gt_main.obj
 0002:000004e8       ??_C@_0CL@HICP@Failed?5to?5read?5the?5config?5file?5?9@ 004294e8     gt_main.obj
 0002:00000514       ??_C@_0DB@GENF@?6GT?52000?5?$CFs?5?$CI?$CFs?5?$CFs?$CJ?5?$CIc?$CJ?51999?9200@ 00429514     gt_main.obj
 0002:00000548       ??_C@_0M@KJBM@Apr?518?52001?$AA@ 00429548     gt_main.obj
 0002:00000554       ??_C@_08OJBJ@03?338?337?$AA@ 00429554     gt_main.obj
 0002:00000560       ??_C@_0BB@LJJ@phax?$EAwriteme?4com?$AA@ 00429560     gt_main.obj
 0002:00000574       ??_C@_0BN@EECO@Could?5not?5set?5error?5handler?6?$AA@ 00429574     gt_main.obj
 0002:00000594       ??_C@_0BB@FELB@Initializing?5?4?4?4?$AA@ 00429594     gt_main.obj
 0002:000005a8       ??_C@_0BI@DBIG@?$DMCtrl?$DO?$CL?$DMC?$DO?5was?5pressed?6?$AA@ 004295a8     gt_main.obj
 0002:000005c0       ??_C@_0BM@JAII@?$DMCtrl?$DO?$CL?$DMBreak?$DO?5was?5pressed?6?$AA@ 004295c0     gt_main.obj
 0002:000005dc       ??_C@_0BO@CLE@?$DMCtrl?$DO?$CL?$DMXYZ?$DO?5was?5pressed?5?$CFld?6?$AA@ 004295dc     gt_main.obj
 0002:000005fc       ??_C@_0BN@HMJK@Found?5no?5matches?5for?5?8?$CFs?$CFs?8?6?$AA@ 004295fc     gt_main.obj
 0002:0000061c       ??_7PFileSearch@@6B@       0042961c     gt_main.obj
 0002:00000620       ??_C@_0BE@FLPL@?5?5?1?$CF?910s?5?9?5?$CFs?5?9?5?$CFs?6?$AA@ 00429620     gt_main.obj
 0002:00000634       ??_C@_0BI@MNCA@do?5extended?5WPG?5listing?$AA@ 00429634     gt_main.obj
 0002:0000064c       ??_C@_04CEDN@zwpg?$AA@     0042964c     gt_main.obj
 0002:00000654       ??_C@_0CL@DBCM@list?5a?5maximum?5of?5X?5entries?5of?5a@ 00429654     gt_main.obj
 0002:00000680       ??_C@_06MFKC@zriffX?$AA@   00429680     gt_main.obj
 0002:00000688       ??_C@_0DG@DGBF@send?5a?5WM_COPYDATA?5msg?5to?5the?5sp@ 00429688     gt_main.obj
 0002:000006c0       ??_C@_06JLCK@zhwndX?$AA@   004296c0     gt_main.obj
 0002:000006c8       ??_C@_0CD@CEMG@wait?5for?5a?5key?5after?5the?5last?5fi@ 004296c8     gt_main.obj
 0002:000006ec       ??_C@_02HMFJ@wf?$AA@       004296ec     gt_main.obj
 0002:000006f0       ??_C@_0CF@BEFI@search?5in?5subdirectories?5?$CIrecurs@ 004296f0     gt_main.obj
 0002:00000718       ??_C@_04CPII@0?401?$AA@    00429718     gt_main.obj
 0002:00000720       ??_C@_01KBOJ@s?$AA@        00429720     gt_main.obj
 0002:00000724       ??_C@_0CG@BKDH@list?5VersionInfo?5resources?5of?5PE@ 00429724     gt_main.obj
[...]
 0001:00006d46       ?AdjustPointer@@YAPAXPAXABUPMD@@@Z 00407d46 f   libc:frame.obj
 0001:00006502       _flsall                    00407502 f   libc:fflush.obj
 0001:00004518       _write_char                00405518 f   libc:output.obj
 0001:0000454d       _write_multi_char          0040554d f   libc:output.obj
 0001:0000457e       _write_string              0040557e f   libc:output.obj
 0001:000045b6       _get_int_arg               004055b6 f   libc:output.obj
 0001:000045c3       _get_int64_arg             004055c3 f   libc:output.obj
 0001:000045d3       _get_short_arg             004055d3 f   libc:output.obj
 0001:00003bae       _doexit                    00404bae f   libc:crt0dat.obj
 0001:00003c47       __initterm                 00404c47 f   libc:crt0dat.obj
 0001:00003b1d       _fast_error_exit           00404b1d f   libc:crt0.obj
 0001:0000394b       __getextendedkeycode       0040494b f   libc:getch.obj
 0001:00003110       LeadUp1                    00404110 f   libc:memmove.obj
 0001:0000313c       LeadUp2                    0040413c f   libc:memmove.obj
 0001:00003160       LeadUp3                    00404160 f   libc:memmove.obj
 0001:000031df       UnwindUp0                  004041df f   libc:memmove.obj
 0001:000031cc       UnwindUp1                  004041cc f   libc:memmove.obj
 0001:000031c4       UnwindUp2                  004041c4 f   libc:memmove.obj
 0001:000031bc       UnwindUp3                  004041bc f   libc:memmove.obj
 0001:000031b4       UnwindUp4                  004041b4 f   libc:memmove.obj
 0001:000031ac       UnwindUp5                  004041ac f   libc:memmove.obj
 0001:000031a4       UnwindUp6                  004041a4 f   libc:memmove.obj
 0001:0000319c       UnwindUp7                  0040419c f   libc:memmove.obj
 0001:000031f8       TrailUp0                   004041f8 f   libc:memmove.obj
 0001:00003200       TrailUp1                   00404200 f   libc:memmove.obj
 0001:0000320c       TrailUp2                   0040420c f   libc:memmove.obj
 0001:00003220       TrailUp3                   00404220 f   libc:memmove.obj
 0001:00003298       LeadDown1                  00404298 f   libc:memmove.obj
 0001:000032b8       LeadDown2                  004042b8 f   libc:memmove.obj
 0001:000032e0       LeadDown3                  004042e0 f   libc:memmove.obj
 0001:00003334       UnwindDown7                00404334 f   libc:memmove.obj
 0001:0000333c       UnwindDown6                0040433c f   libc:memmove.obj
 0001:00003344       UnwindDown5                00404344 f   libc:memmove.obj
 0001:0000334c       UnwindDown4                0040434c f   libc:memmove.obj
 0001:00003354       UnwindDown3                00404354 f   libc:memmove.obj
 0001:0000335c       UnwindDown2                0040435c f   libc:memmove.obj
 0001:00003364       UnwindDown1                00404364 f   libc:memmove.obj
 0001:00003377       UnwindDown0                00404377 f   libc:memmove.obj
 0001:00003390       TrailDown0                 00404390 f   libc:memmove.obj
 0001:00003398       TrailDown1                 00404398 f   libc:memmove.obj
 0001:000033a8       TrailDown2                 004043a8 f   libc:memmove.obj
 0001:000033bc       TrailDown3                 004043bc f   libc:memmove.obj
 0001:00002fc0       _gu_return                 00403fc0 f   libc:exsup.obj
 0001:00002fc8       __unwind_handler           00403fc8 f   libc:exsup.obj
 0001:00002d7e       ?CatchGuardHandler@@YA?AW4_EXCEPTION_DISPOSITION@@PAUEHExceptionRecord@@PAUCatchGuardRN@@PAX2@Z 00403d7e f   libc:trnsctrl.obj
 0001:00002e57       ?TranslatorGuardHandler@@YA?AW4_EXCEPTION_DISPOSITION@@PAUEHExceptionRecord@@PAUTranslatorGuardRN@@PAX2@Z 00403e57 f   libc:trnsctrl.obj
 0001:0000b1e0       _$E4                       0040c1e0 f   plib:adlp_string.obj
 0001:0000b210       _$E2                       0040c210 f   plib:adlp_string.obj
 0001:0000dd00       _$E5                       0040ed00 f   lib_gt:gt_output.obj
 0001:0000dd20       _$E3                       0040ed20 f   lib_gt:gt_output.obj
 0001:0000dd30       _$E10                      0040ed30 f   lib_gt:gt_output.obj
 0001:0000dd60       _$E8                       0040ed60 f   lib_gt:gt_output.obj
 0001:0000dff0       ?_report2hwnd@@YGXPBDPAPAD@Z 0040eff0 f   lib_gt:gt_output.obj
 0001:0000e0b0       ?_out_string@@YGXAAVADLP_String@@@Z 0040f0b0 f   lib_gt:gt_output.obj
 0001:0000e200       ?_out_append@@YGXPBDHW4GT_Color@@@Z 0040f200 f   lib_gt:gt_output.obj
 0001:0000eb40       _$E13                      0040fb40 f   lib_gt:gt_output.obj
 0001:00012480       _$E5                       00413480 f   lib_data:gt_generic.obj
 0001:000124f0       _$E3                       004134f0 f   lib_data:gt_generic.obj
 0001:00017640       ?GetInfo_BMF@@YIXPAVGT_FileBuffer@@AAVADLP_String@@@Z 00418640 f   lib_data:gt_generic.obj
 0001:00017720       ?GetInfo_GIF@@YIXPAVGT_FileBuffer@@AAVADLP_String@@@Z 00418720 f   lib_data:gt_generic.obj
 0001:00017bb0       ?GetInfo_GRP@@YIXPAVGT_FileBuffer@@AAVADLP_String@@@Z 00418bb0 f   lib_data:gt_generic.obj
 0001:00017c70       ?GetInfo_HeadText@@YIXPAVGT_FileBuffer@@AAVADLP_String@@@Z 00418c70 f   lib_data:gt_generic.obj
 0001:00017dc0       ?GetInfo_IFF@@YIXPAVGT_FileBuffer@@AAVADLP_String@@@Z 00418dc0 f   lib_data:gt_generic.obj
 0001:00017fd0       ?_SubIFF@@YIPBDPBJ@Z       00418fd0 f   lib_data:gt_generic.obj
 0001:000182d0       ?GetInfo_ImpulseTracker@@YIXPAVGT_FileBuffer@@AAVADLP_String@@@Z 004192d0 f   lib_data:gt_generic.obj
 0001:00018390       ?GetInfo_JPG@@YIXPAVGT_FileBuffer@@AAVADLP_String@@@Z 00419390 f   lib_data:gt_generic.obj
 0001:00018730       ?GetInfo_MP3@@YIXPAVGT_FileBuffer@@AAJAAVADLP_String@@@Z 00419730 f   lib_data:gt_generic.obj
 0001:00018d40       ?GetInfo_MP3TAG@@YI?AVADLP_String@@PAVGT_FileBuffer@@@Z 00419d40 f   lib_data:gt_generic.obj
 0001:00018ff0       ?GetInfo_VOC@@YIXPAVGT_FileBuffer@@AAVADLP_String@@@Z 00419ff0 f   lib_data:gt_generic.obj
 0001:00011270       ?_PKLite@@YIXPAU_EXEEntry@@PAEPAVGT_FileBuffer@@@Z 00412270 f   lib_data:gt_exe_analyzer.obj
 0001:000115b0       ?_WWPack300PR@@YIXPAU_EXEEntry@@PAEPAVGT_FileBuffer@@@Z 004125b0 f   lib_data:gt_exe_analyzer.obj
 0001:000115e0       ?_WWPack30xPR@@YIXPAU_EXEEntry@@PAEPAVGT_FileBuffer@@@Z 004125e0 f   lib_data:gt_exe_analyzer.obj
 0001:000117b0       ?_WWPack30xP@@YIXPAU_EXEEntry@@PAEPAVGT_FileBuffer@@@Z 004127b0 f   lib_data:gt_exe_analyzer.obj

FIXUPS: 254fa 30 2f2a a ffffd100 6 4d 6 24 1f 49 1c 73 1c 4b fffffa0f 32bc
FIXUPS: 2840c 8 a ffffcd68 10 17 2a c 39 2f 18 35 53 1f 14 1c 1a 6 29 18
FIXUPS: 253be 3076 a ffffcff1 e 2a 13 f 18 28 fffff86e c 18 7c 18 2f 1e
FIXUPS: 24e66 2b 12 32 350f a ffffcb60 c 1b 2f 18 13 14 13 c 1b 1f 2d c
FIXUPS: 25081 37 13 1a 29 1c fffff780 a 84 14 2c 17 24 2c 43 4c 20 14 1e
FIXUPS: 24aec 14 6b f 2b 1f 37f0 8 8 9 c ffffc824 e 2b 40 35 1e 1b 19 fffff6da
FIXUPS: 243e6 37 18 70 19 60 e 25 c a7 19 16 21 3c 20 9 17 19 36 16 1f
FIXUPS: 24762 15 16 1c 23 28 3ba0 a ffffc4aa 21 fffff882 32 37 1c 1f 25
FIXUPS: 28344 8 8 8 a ffffbeed 2b a c 6 12 6 e c 6 21 3e 4043 a ffffbfe6
FIXUPS: 2436a 9 12 9 36 6 fffff9ae 20 12 12 29 f f 35 32 12 c e 3d 42 18
FIXUPS: 23f40 3a 25 c 18 c 19 15 29 15 14 a c a 9 21 15 fffff83e 22 11
FIXUPS: 23946 32 3b 17 2e 27 3e 2f 4878 a ffffb7f8 18 2d 13 c 2d 15 c 12
FIXUPS: 23bf5 1f 4710 8 a ffffb95c 13 18 7c 2d fffff54b 17 ae 78 7a 7f
FIXUPS: 23516 18 e 10 19 164 22 c 16 c 16 21 17 17 51 1f 4af6 8 a ffffb563
FIXUPS: 23872 20 13 13 e 13 ffffe740 137 3a0 54 98 21 5e 88 186 30 b6 70
FIXUPS: 229ed c 1a7 24 3f 1c 59 7e e1 ab 9f 8a f9 d4 67 2a 2f 41 18 10
FIXUPS: 21c6a 661a a ffff9a0e 15 10 15 14 99 24 1c 11 b 22 49 645a a ffff9c0a
FIXUPS: 21ed0 2d c 13 c 28 19 12 30 1e 62fb 8 a ffff9d2b fffff700 2e 14
FIXUPS: 2175b 2e 6a9b a ffff95bb 18 1b 32 33 69c3 a ffff96a0 16 12 65 68e9
FIXUPS: 2826e ffff9739 e 24 1e 31 23 c5 9a 17 1a 18 56 fffff731 c c c c
FIXUPS: 213b6 c c c d 1c 13 e 11 10 f c 16 1a 4b 13 40 c 16 c f 3b 6c5e
FIXUPS: 2820e ffff9499 12 36 6add a ffff8df9 1c 1b 14 18 2f e a e 11 24
FIXUPS: 2111f 70c5 a ffff8f64 18 47 14 c 14 f 3e 18 39 6e e 24 2d f f fffff89d
FIXUPS: 20c1d 26 23 15 c 2f 14 19 17 69 1c 1f 73f6 8 8 8 a ffff8c52 12
FIXUPS: 20e2e 12 3e 11 19 16 3f 14 e d 3e 725a ffff85df 17 42 3c 36 29
FIXUPS: 208b4 34 12 25 7835 8 a ffff882b 1c 1c 1a 2b e 4a 17 1d 3e 1b 26
FIXUPS: 28174 a ffff89d0 e 17 14 a fffff6ab 44 68 7e0d b b b b b b c ffff82c8
FIXUPS: 2046b 2e 1d 18 9 12 a 9 f 75 63 58 2d 3f e 21 18 19 1f 54 fffff4c2
FIXUPS: 1fc78 3c 3c 3c 3c 3c 3c 3f 21 13 3c 3c 3c 3c 3c 1d 2a 3c 27 19
FIXUPS: 2007e 27 19 3c 27 19 3c 27 19 3c 23 ffffeeb0 1f 36 c8 22 62 cc
FIXUPS: 1f351 6f 4d 54 5e 1f 3f 5b 70 152 36 198 16 f 65 55 39 3c 3c 3c
FIXUPS: 1fb10 3c 3c 3c 3c ffff3803 17 36 147b7 a fffeb866 b976 c 6b 20
FIXUPS: 1eea3 15 25 22 d 66 9174 ffff6eea e e e e e b e e e b d e e b ffff4033
FIXUPS: 130c7 4f a 2a 11 21 c 19 3a 17 23 3a 17 19 14 f 16 13 f 11 9 a
FIXUPS: 13305 33 1c 31 8 20 b 27 12 fffff803 4d 42 d2 14e8f a fffeb1c3
FIXUPS: 12dd5 19 d e 21 e 1f f 12 a 2c 30 1b 21 26 34 1b 21 20 30 1b 21
FIXUPS: 13059 1e 34 fffff69c 11 1d 1542f a fffeac66 10 94 e 15 152e9 a
FIXUPS: 12953 e 21 4a c d c 57 a d d d 14 46 2d 55 2f 18 30 12 fffff51d
FIXUPS: 12116 38 28 28 55 3e f 3f c 2b 4d 1b 23 62 1b 23 62 1b 23 76 37
FIXUPS: 12569 9 5a 84 10 45 2c 29 18 20 7c98 22 14 13 9 2f da0b ffff268c
FIXUPS: 1a4f5 17 d d 23 15 21 16 16 22 2e 2f 15 1d a 18 a 47 12 17 d76c
FIXUPS: 27e6e ffff28cb ffff7988 804e 20 c 47 9 e 11 8 10 c c 26 c b 10
FIXUPS: 1a24a 14 13 9 25 14 13 10 29 14 2b 14 17 c 28 14 11 fffffb19 c
FIXUPS: 19ef4 e a 12 c d e a 12 c d 24 16 e b de67 8 a ffff21da 16 b 9
FIXUPS: 1a055 c 10 11 33 1c e 21 fffff9f1 3a 14 32 3a 14 54 13 41 14 54
FIXUPS: 19ce7 26 99 13 d 28 11 19 d 11 a 12 c d 11 a 12 c d e a fffff690
FIXUPS: 1959c e 1c 9 b 1a 20 14 11 c 3a e 1c b d f e734 8 8 8 a ffff18e5
FIXUPS: 19a1d 13 19 11 14 1a 8 3a 14 fffff42d 13 42 13 14 12 10 ee2d ffff14af
FIXUPS: 1929c 7d 16 b a 17 17 ea72 a ffff15ea 46 24 17 c 16 9 16 9 38 c
FIXUPS: 194fe e 3f fffff609 9 f 17 1b f1f6 a ffff0e42 2f b a 17 17 f162
FIXUPS: 27dbe ffff0edb 3f 52 47 e 1f 14 3e 16 8 44 f 13 14 19 44 f fffff94c
FIXUPS: 1884f 29 14 f f 24 10 10 60 c b 9 b c b c 10 15 12 b 34 46 14 2c
FIXUPS: 18aac 19 29 c 19 18 19 fffff8be f932 b b 8 8 8 8 8 8 8 a ffff084d
FIXUPS: 185e7 17 55 c b 9 b 3c e 1d 16 9 b 60 e 10 f 5f 12 fffff926 1d
FIXUPS: 1816a 1a 1a 1e 19 19 26 1f 37 1a 12 1b 18 12 a 12 15 15 1e 15 11
FIXUPS: 18389 c f c 14 f e e b fffffb07 a 9 9 1a 1a 1a 1a 20 d c a c d
FIXUPS: 17fed a c d 14 a 14 21 e 10 15 a 25 17 16 b 10 1c fffffb5e 18 1a
FIXUPS: 17cd3 2c f 11 1d d 9 9 a 9 9 d 1b d 15 d 28 1a 1a 1a 1a 17 17 1a
FIXUPS: 17ec0 f 11 f 9 fffffa9d 15 c a 13 15 c d 10 e e 15 c a c d 13 a
FIXUPS: 17a9d 22 a a 36 1a 23 d 25 5b d 3b d 52 fffffa5d 14 14 13 14 14
FIXUPS: 1774d 14 14 13 14 14 13 14 14 13 14 11 10 11 11 10 22 d 14 a 2d
FIXUPS: 178ed 1a 1e 32 1b fffffa4a 1a 1a 1a 1d 1a d 1a 1a 27 d c d 1a 9
FIXUPS: 17511 1a 1a 1a 32 1a 1a 1a 1a 1a 1a 17 1e f 11 d 35 fffffa24 17
FIXUPS: 17116 11 15 11 15 11 15 1a 15 11 15 11 15 11 15 11 15 11 15 11
FIXUPS: 1729b 11 30 11 10 44 a 26 17 1a fffffa60 1d 15 27 50 15 23 a 23
FIXUPS: 16f1d 1f d 15 18 15 11 15 11 15 11 15 11 15 11 15 11 15 11 15 11
FIXUPS: 170bb 18 fffff9cf 1f 3d 54 d 40 d 1f 1d 64 25 d 14 11 f f a f d
FIXUPS: 16cfd d f d 19 43 d 1b 11 11 b 8 d fffff97b 11 14 11 14 11 14 11
FIXUPS: 167fb 32 14 11 14 11 d 1d 14 a 15 11 14 11 14 17 17 11 17 12 38
FIXUPS: 169e4 15 9c fffffa12 d 37 17 d 1c 11 12 12 1a 17 d 1f 18 d 1f 12
FIXUPS: 16640 19 f 1b d 2b 11 b d c 16 17 11 14 11 fffffa07 1d 17 e 1a
FIXUPS: 161c1 37 f 11 13 a 10 b0 10 40 d 9 a c d 12 d 23 d 22 1a 1e f 11
FIXUPS: 1645f 2f d 11859 8 8 8 8 a fffee220 c c c c c c c b c c b e c f
FIXUPS: 16004 12 13 13 1e 46 12 49 12 12 2e fffffa1d 6 35 1c 1a 120f9 a
FIXUPS: 15c4f 13 4a e c c c 34 e 4b d 1c 18 d 17 19 a c 21 15 2a 11 13
FIXUPS: 15e97 b fffff765 50 10 48 20 40 20 d 85 23 b 9 13 13 13 13 15 b
FIXUPS: 15884 20 23 14 68 b b c c 9 107 a9 1e 19 fffff651 35 12 35 12 35
FIXUPS: 15287 35 12 35 12 36 31 31 35 35 12 36 31 12 e 43 12 e 2e 20 13
FIXUPS: 1558a 16 12714 a fffed918 fffff70d 12 e 49 12 e 26 f 25 e 35 12
FIXUPS: 14e4a 12 2f 12 36 31 31 35 35 35 35 35 35 35 35 35 12 35 12 35
FIXUPS: 147c3 2e 14 11 12 13 74 16 1e 1c 12 13 bc e 35 12 3d 12 3d 12 3d
FIXUPS: 14b22 3d 12 3d 12 3d 12 3d 12 3d 12 fffff7e3 d c 34 15 3d 9 d 15
FIXUPS: 1458c 32 56 26 15 11 a 10 9 a 13 9 d 2e 1a 13576 8 a fffecad9 9
FIXUPS: 14771 13526 a fffec412 f f 4b 13 3c 12 17 25 1b 76 12 c a d c 3a
FIXUPS: 1434a 5b d c 25 d 1e d 9 d d 14 18 d d fffff7e1 13 9 9 28 10 25
FIXUPS: 13cf0 28 10 14 30 1d 13 3b 20 14 15 20 14 11 29 14 16 20 14 22
FIXUPS: 13fb4 c bf 14 16 fffff7fc c a a 3a 11 13 14301 16 b fffebd40 14
FIXUPS: 139ad 83 13 15 22 30 21 17 17 a 1b d 39 12 17 140c7 8 a fffebf6b
FIXUPS: 13c1a fffff8a8 19 32 43 80 21 32 b6 f d c d c d d d 15 1f f 23
FIXUPS: 137ba 16 10 22 d 2d f f f f f f 732e 43 10 c 17 37 d233 a ffff2e45
FIXUPS: 1ad0a 32 17 22 16 9 f d 19 34 14 32 16 f 18 d044 a ffff28a6 1a
FIXUPS: 1a7e8 14 12 ffff8c9d 7bff f 13 2d 3b 2a 48 44 21 7b 86 147 62 20
FIXUPS: 1b4ef 57 fffffabb fffff922 10 f 92 43 10 c 17 37 d403 a ffff2c85
FIXUPS: 1ab22 e 8 ab0 26 36 1d 28f c5fa a ffff3a49 31 1c c b 27 55 e 21
FIXUPS: 1ba68 12 12 f 12 12 f e 1b d b4 7d 1c 16 c29d a ffff5a79 16 14
FIXUPS: 1d9d0 9 74 1d 15 1b 1d 1e 45 15 2b 58 4b 15 13 a e d 21 15 11 12
FIXUPS: 1dcd1 9 17 17 a37c a ffff3543 1fdf 31 2c 13 29 31 2c 13 29 32 1f
FIXUPS: 1d7da a 23 f 1e 13 27 13 12 a791 9 a 9 b b b b c ffff5851 1a 23
FIXUPS: 1d24e 16 d 10 10 10 10 10 10 11 10 10 10 10 10 10 10 1e 1e 29 2b
FIXUPS: 1d416 2c 13 29 31 2c 13 29 31 2c 13 fffff795 1a 1a 3a 25 b 13 19
FIXUPS: 1ce3e 12 2f 12 2e 22 9 b11a a ffff4f10 3f 12 10 13 d 38 f 11 11
FIXUPS: 1d01d 120 66 86 20 fffff6e1 f 10 28 25 1b 13 8 6 3f f 13 b 6 1a
FIXUPS: 27fd4 a ffff4ae9 34 f 11 1d 1c b4a2 ffff4b9d 16 1a 1e 17 3c b 13
FIXUPS: 1c5f9 a f a 3d a f a f a 17 a f a 25 d f a f a f a 3d f 10 25 21
FIXUPS: 1c846 f 56 18 40 fffffa60 2d 13 15 e 10 bbbe a ffff4470 2c 14 17
FIXUPS: 1c482 12 27 26 8 d babe a ffff454c 29 26 d 2f a f a f a f a fffff9e5
FIXUPS: 1bfe3 14 c e c b 17 12 30 3d 11 a 22 19 9 6 1a 20 bde7 9 a a ffff4295
FIXUPS: 1c1fc 2a 13 25 bd17 c ffff4370 57 bd5c 8 9 a 9 c ffff3bcc b 13
FIXUPS: 1bcc9 2f 38 b 13 b 5a 6 1b c153 a ffff3eef 78 12 24 2b 37 26 26
FIXUPS: 1bf91 13 c 13 214c 10 10 10 10 10 11 a 16 27 2b 37 26 26 26 26
FIXUPS: 1e2d4 2c 13 29 34 2d 1f 9 41 9 2a 2a 38 a 2f f fffff97a b 35 15
FIXUPS: 1decb 21 37 8 f 1c 47 c c f f f d 29 f 10 10 10 10 18 e c e e e
FIXUPS: 1e0d2 19 14 a3d 21 10 14 30 17 26 fffff9f7 17 10 11 67 14 10 14
FIXUPS: 1e6e1 17 4d 14 10 14 21 186 fffffc9b fffff78a 18 23 5b 10 11 36
FIXUPS: 1de44 ffff1a64 14 5c 14 e 12 1a 22 37 17 3c 25 43 1803a 9 b c fffe8003
FIXUPS: fb1e b 34 56 19 27 28 2d 21 1c 86 24 1a 50 fffff6ac 2b 185e4 8
FIXUPS: 27a65 c fffe7a5c 1c 31 27 22 39 1b 76 14 70 15 11 34 f 22 22 37
FIXUPS: f7a2 182e2 9 b c fffe7d60 1c 12 1b fffff654 2b 1d 20 27 14 9 14
FIXUPS: ef71 34 36 2f 8a 41 27 14 9 85 22 28 77 17 6b 10 1d 6c 10 e 19
FIXUPS: f3da 17 1a 11ba 32 11 27 11 fffff848 71 29 41 128 c 45 11 3f c
FIXUPS: 1017f 11 14 45 16 1a 178cb a fffe7218 a 16 2b 2d 95 2b 1d b 259a
FIXUPS: 11437 96 3d 3b 11 ec 3a 3b 11 60 a2 1cb b7 9d 40 ffffe752 5d 4a
FIXUPS: 10390 38 19 24 35 18 14 4c 26 8a 1f 16 13 20d c 67 10 80 10 2d
FIXUPS: 1090f 7 52 29 20 17176 b a fffe90a9 11 33 1f 55 1c 3b 1c 55 11
FIXUPS: 111d4 11 1d 11 b7 11 116 c96 a fffffb1e 13 13 2b 2e 15f19 a fffea106
FIXUPS: 11c63 6c 21 15e77 a fffea245 6e 50 30 30 30 30 40 ffffe75e 18 67
FIXUPS: 1075f 19 11 1737e b a fffe4578 1b77b 27 33 fffff974 1d 1b 14 18
FIXUPS: 27269 45 2a 29 22 26 1f 1f 31 25 2c fffffd29 26 1a 1302 a fffe9b92
FIXUPS: 12025 1f f 15b31 b a fffe6a85 5b 14 19 3e 1b 1f 100 68 f e 16 26
FIXUPS: e8f8 71 66 13 e 16 27 1a 71 6a 13 b 13 24 17 ffffd558 66 6b fffffec4
FIXUPS: e070 e 1d 40 3f e 1d 36 3f e 1d 31 3f e 1d aa 1c 1d 48 1b 23 5b
FIXUPS: e458 19 3e 1b 1f 79 16 1d 4a 19 fffff2d2 1c 1a 1a134 a fffe5f67
FIXUPS: d9b7 13 39 19 10 5d 198 40 79 64 e 11 5c 3f e 1d 52 e 9f 46 f 1a
FIXUPS: dfae 35 b 19 fffff34d 3b e 18 2f 3b e 18 2f 3b e 18 2f 3b e 18
FIXUPS: d59b 3b e 18 2c 3b e 18 33 3c 35 6c ad e 17 1d fffff57b 3f e 1d
FIXUPS: cea3 3f e 1d 3d 3f e 1d 33 3f e 1d 44 e 72 e 17 78 e 1c 59 3b e
FIXUPS: d296 33 3b e 18 fffff56c 3f 3b e 18 4b 3b e 18 4a e 62 e 6a e 21
FIXUPS: cb84 3f e 1d 3a 3f e 1d 31 3f e 1d 36 3f e 1d fffff646 9 35 e 1e
FIXUPS: c48d 1b587 a fffe4a9e 26 14 37 40 49 3b e 18 43 3b e 18 3a 3b e
FIXUPS: c756 3f 3b e 18 3f 3b e ffff72ab 13 ffffff8a 1d fffffe17 1f f 3c
FIXUPS: 3977 11 23435 21 20 4a 20 3b 20 3d 20 65 10 fffe5271 27 a9 13 39
FIXUPS: c332 2a 34 49 f 1b ffff82a7 34 44 fffffd6a ffffff54 13 14 25 32
FIXUPS: 3fbc ffffff8c 5 a fffffd58 4d 24 4b 2f 103 17 3c 48 fffffc74 19
FIXUPS: 3bd7 58 e ffffff23 11 b ffffff8a c ff0 9 1c 9 fffffee2 fffffd81
FIXUPS: 47f6 56 d 31 34 46 fffffe38 11 9 fffffd4d 15 27 1e d 1c 6 b 3e
FIXUPS: 457e 3b 4d 27 12 1d c 36 e04 1e 18 5e 32 37 fffff785 b 29 38 1b
FIXUPS: 4c76 25 fffffebc f 11 11 f f 73 11 fffffe49 c a 10 a 5 5 1c c 11
FIXUPS: 4af4 226a ffffe8b9 8b 56 e 24 1b 32 14 d fffff725 3f 99 19 68 89
FIXUPS: 50ac 2e 25 d9 bf 3b 18 c 15 8 77 12 96 16 1c 27 2003 3c 32 34 1b
FIXUPS: 742d 19 ffffff52 21 2b 12 fffffda2 e 82 11c fffffd86 48 50 22 ffffe748
FIXUPS: 58e1 2a 385 106 f 78b 44f 157 b2 51 4f b6 cbe 11 21 e 7d 2c 14
FIXUPS: 7ae3 7 93 12 1c 1e 12 16 30 12 15 9 a e e 18 c e c 7 1f 43 24 fffff72b
FIXUPS: 7476 e88 19 b fffffbcb ffffff96 ffffff8b 10 56 ffffff1b 22 fffff7d0
FIXUPS: 75a4 58 2f 4b b 1e 32 49 42 1f 28 a 2a 1e 51 3a 78 1b e 45 1f fa5
FIXUPS: 893e 14 12 f e 9 17 fffffde6 ffffff8d fffff7e7 1b ae 1b 3d 13 26
FIXUPS: 8096 a4 1d 20 16 2d 9 1f 27 45 12 24 23 2e 16 f41 fffffea1 107
FIXUPS: 9007 3e fffffdf4 16 8a 15 13 1a 14 d 11 12 16 19 fffffe11 d 11
FIXUPS: 8dec 25 fffffe95 23 44 13 fffffcaf 35 f 10 17 fffffed7 1802 c 22
FIXUPS: a14d 21 c fffffaf1 5d ffffff3e fffffdc1 14 14 17 20 11 ffffff70
FIXUPS: 99ae 9 fffffecd f ffffffa1 ffffff9f 8 8 19 ffffff13 fffffd65 30
FIXUPS: 9561 2b 1c eb ea0 3a 31 5 151 24 28 ba fffffc1a fffffef4 1c ffffffbe
FIXUPS: a2eb fffffa79 17 5c f 151 12 16 c 1d 18 a c e 17 10 24 54 16 47
FIXUPS: b496 14 18 18 96 6 a 6 1b 4b fffffcac 7c b4 fffffde5 10 fffffca0
FIXUPS: afb5 2b fffffe20 ffffff6c 17 9 c 1e 12 fffffee8 63 fffffd45 1a7
FIXUPS: ac1c 25 fffff7e6 1b51f 10 b ffffff7e 22 21 ffffff83 7 d fffe65e3
FIXUPS: bee3 41 10c fffffbc5 1d 4e 19 46 1d 26 9 d 9 fffffa30 71 61 ec
FIXUPS: b959 78 76 aa e 1a3d6 37 1f 45 2a fffffec3 a ffffff27 a fffffea3
FIXUPS: 25c45 d 18 1b 1c ffffff62 ffffffa0 17 13 ffffffad 1d ffffff81 a
FIXUPS: 25b32 b fffffe52 86 1b 34 3d 10 54 f91 b 1f 2f 11 6 38 fffffd9f
FIXUPS: 269c2 fffffb9c 181 59 23 3e 29 16 11 e fffffcb2 16 ffffff7e ffffff91
FIXUPS: 261e3 1e 26 23 fffffefc ffffff7d ffffff84 45 30 fffffdd8 fffdb196
FIXUPS: 1062 4b b0 46 c e 1e 1d d 34 18 22 26 11 8 16 d 17 358 a 4a 1b
FIXUPS: 16f7 a 9a 4e 44 19 251d8 38 18 fffdb94e 13 e b 29 11 15 d 15 17
FIXUPS: 247f 18 1c 24 f 2545e 8 b a fffdaba6 c 46 14 53 e 1b 30 37 2f d
FIXUPS: 2a3d 23 24ed9 fffda749 14 32 28 28 1e 31 13 10 86 e 32 17 13 19
FIXUPS: 229e 12 d 9 2d 5 a e 17 19 12 10 b 1f a f fffff9c3 d 14 13 15 a
FIXUPS: 1de8 4b d a 4f 11 17 11 16 12 20 2b 8 13 11 1a 1b 1e 15 11 1a 18
FIXUPS: 27917 8 8 8 fffda129 1b 35 e e b 11 10 18 7 12 1b 12 5 2d 1a 10
FIXUPS: 1bb2 11 10 18 7 17 26 4c d 1f 33 13 13 1f 3c 128d 43 24 fffffa7e
FIXUPS: 2ad4 18 2c 34 d a 39 55 11 19 17 13 79 18 a 5 5 a ffffec98 20 d
FIXUPS: 19c6 5 41 b 8 11 10 1dfb 20 24189 8 8 a fffdb6b6 f f f aa fffffb7b
FIXUPS: 2d10 16 6e 24be0 a fffdb449 c 8e 18 22 33 24ac6 a fffdb5a3 10 1a
FIXUPS: 2f7a f 12 1f 5a3 26 d e 1b 27 17 17 26 17 24369 b 8 a fffdbd09
FIXUPS: 36f2 a 14 a 1b f 9 f 9 f 9 17 20 20 26 a 17 fffffa2c f 32 21 8
FIXUPS: 32c1 5 8 e 16 2a 2e 1c d 1c 24 a 9 5 1b e 13 2b 12 13 33 1c 25
FIXUPS: 34fc d e 13
