 gt2

 Timestamp is 3a86ce59 (Sun Feb 11 18:39:37 2001)

 Preferred load address is 00400000

 Start         Length     Name                   Class
 0001:00000000 00020ab0H .text                   CODE
 0001:00020ab0 00000c62H .text$x                 CODE
 0002:00000000 00000198H .idata$5                DATA
 0002:00000198 00006973H .rdata                  DATA
 0002:00006b10 00000044H .rdata$r                DATA
 0002:00006b54 000010acH .xdata$x                DATA
 0002:00007c00 00000050H .idata$2                DATA
 0002:00007c50 00000014H .idata$3                DATA
 0002:00007c64 00000198H .idata$4                DATA
 0002:00007dfc 00000726H .idata$6                DATA
 0002:00008522 00000000H .edata                  DATA
 0003:00000000 00000004H .CRT$XCA                DATA
 0003:00000004 00000014H .CRT$XCU                DATA
 0003:00000018 00000004H .CRT$XCZ                DATA
 0003:0000001c 00000004H .CRT$XIA                DATA
 0003:00000020 00000010H .CRT$XIC                DATA
 0003:00000030 00000004H .CRT$XIY                DATA
 0003:00000034 00000004H .CRT$XIZ                DATA
 0003:00000038 00000004H .CRT$XPA                DATA
 0003:0000003c 00000008H .CRT$XPX                DATA
 0003:00000044 00000004H .CRT$XPZ                DATA
 0003:00000048 00000004H .CRT$XTA                DATA
 0003:0000004c 00000004H .CRT$XTB                DATA
 0003:00000050 00000004H .CRT$XTZ                DATA
 0003:00000060 000036b4H .data                   DATA
 0003:00003718 0000668cH .bss                    DATA

  Address         Publics by Value              Rva+Base     Lib:Object

 0001:00000040       _main                      00401040 f   gt_main.obj
 0001:00000480       ?resize@PHeap@@UAGXH@Z     00401480 f i gt_main.obj
 0001:000004a0       ??_EPHeap@@UAEPAXI@Z       004014a0 f i gt_main.obj
 0001:000004a0       ??_GPHeap@@UAEPAXI@Z       004014a0 f i gt_main.obj
 0001:00000990       ??0PHeap@@QAE@XZ           00401990 f i gt_main.obj
 0001:000009b0       ??_EPExtendedHeap@@UAEPAXI@Z 004019b0 f i gt_main.obj
 0001:000009b0       ??_GPExtendedHeap@@UAEPAXI@Z 004019b0 f i gt_main.obj
 0001:000009b0       ??_GPString@@UAEPAXI@Z     004019b0 f i gt_main.obj
 0001:000009b0       ??_EPString@@UAEPAXI@Z     004019b0 f i gt_main.obj
 0001:00000bf0       ??0PExtendedHeap@@QAE@H@Z  00401bf0 f i gt_main.obj
 0001:00000f50       ??_EPFileSearch@@UAEPAXI@Z 00401f50 f i gt_main.obj
 0001:00000f50       ??_GPFileSearch@@UAEPAXI@Z 00401f50 f i gt_main.obj
 0001:000015e0       @StartGTUI2@0              004025e0 f   gt_gtui_starter.obj
 0001:00001760       _strchr                    00402760 f   libc:strchr.obj
 0001:00001766       ___from_strstr_to_strchr   00402766 f   libc:strchr.obj
 0001:0000181c       _sprintf                   0040281c f   libc:sprintf.obj
 0001:0000186e       _fprintf                   0040286e f   libc:fprintf.obj
 0001:000018a0       ___initstdio               004028a0 f   libc:_file.obj
 0001:00001945       ___endstdio                00402945 f   libc:_file.obj
 0001:00001959       ?_JumpToContinuation@@YGXPAXPAUEHRegistrationNode@@@Z 00402959 f   libc:trnsctrl.obj
 0001:0000198d       ?_CallMemberFunction1@@YGXPAX00@Z 0040298d f   libc:trnsctrl.obj
 0001:0000198d       ?_CallMemberFunction0@@YGXPAX0@Z 0040298d f   libc:trnsctrl.obj
 0001:00001994       ?_CallMemberFunction2@@YGXPAX00H@Z 00402994 f   libc:trnsctrl.obj
 0001:0000199b       ?_UnwindNestedFrames@@YGXPAUEHRegistrationNode@@PAUEHExceptionRecord@@@Z 0040299b f   libc:trnsctrl.obj
 0001:000019ea       ___CxxFrameHandler         004029ea f   libc:trnsctrl.obj
 0001:00001a20       ?_CallCatchBlock2@@YAPAXPAUEHRegistrationNode@@PBU_s_FuncInfo@@PAXHK@Z 00402a20 f   libc:trnsctrl.obj
 0001:00001a99       ?_CallSETranslator@@YAHPAUEHExceptionRecord@@PAUEHRegistrationNode@@PAX2PBU_s_FuncInfo@@H1@Z 00402a99 f   libc:trnsctrl.obj
 0001:00001bc2       ?_GetRangeOfTrysToCheck@@YAPBU_s_TryBlockMapEntry@@PBU_s_FuncInfo@@HHPAI1@Z 00402bc2 f   libc:trnsctrl.obj
 0001:00001c3d       __fpmath                   00402c3d f   libc:fpinit.obj
 0001:00001c54       __fpclear                  00402c54 f   libc:fpinit.obj
 0001:00001c55       __cfltcvt_init             00402c55 f   libc:fpinit.obj
 0001:00001c90       __global_unwind2           00402c90 f   libc:exsup.obj
 0001:00001cd2       __local_unwind2            00402cd2 f   libc:exsup.obj
 0001:00001d2a       __NLG_Return2              00402d2a f   libc:exsup.obj
 0001:00001d3a       __abnormal_termination     00402d3a f   libc:exsup.obj
 0001:00001d5d       __NLG_Notify1              00402d5d f   libc:exsup.obj
 0001:00001d66       __NLG_Notify               00402d66 f   libc:exsup.obj
 0001:00001d79       __NLG_Dispatch             00402d79 f   libc:exsup.obj
 0001:00001d7e       ??3@YAXPAX@Z               00402d7e f   libc:delete.obj
 0001:00001d89       _printf                    00402d89 f   libc:printf.obj
 0001:00001dba       __getch                    00402dba f   libc:getch.obj
 0001:00001f4b       _mainCRTStartup            00402f4b f   libc:crt0.obj
 0001:0000202a       __amsg_exit                0040302a f   libc:crt0.obj
 0001:00002073       __flsbuf                   00403073 f   libc:_flsbuf.obj
 0001:00002188       __output                   00403188 f   libc:output.obj
 0001:00002992       __stbuf                    00403992 f   libc:_sftbuf.obj
 0001:00002a1f       __ftbuf                    00403a1f f   libc:_sftbuf.obj
 0001:00002a5c       __ioinit                   00403a5c f   libc:ioinit.obj
 0001:00002c07       _calloc                    00403c07 f   libc:calloc.obj
 0001:00002cb8       __fcloseall                00403cb8 f   libc:closeall.obj
 0001:00002d10       __cinit                    00403d10 f   libc:crt0dat.obj
 0001:00002d3d       _exit                      00403d3d f   libc:crt0dat.obj
 0001:00002d4e       __exit                     00403d4e f   libc:crt0dat.obj
 0001:00002e12       _fflush                    00403e12 f   libc:fflush.obj
 0001:00002e4d       __flush                    00403e4d f   libc:fflush.obj
 0001:00002ea9       __flushall                 00403ea9 f   libc:fflush.obj
 0001:00002f1f       ___InternalCxxFrameHandler 00403f1f f   libc:frame.obj
 0001:00003266       ___FrameUnwindToState      00404266 f   libc:frame.obj
 0001:0000368f       ?_DestructExceptionObject@@YAXPAUEHExceptionRecord@@E@Z 0040468f f   libc:frame.obj
 0001:00003720       __CallSettingFrame@12      00404720 f   libc:lowhelpr.obj
 0001:00003747       __NLG_Return               00404747 f   libc:lowhelpr.obj
 0001:0000376c       ?terminate@@YAXXZ          0040476c f   libc:hooks.obj
 0001:000037c2       ?_inconsistency@@YAXXZ     004047c2 f   libc:hooks.obj
 0001:00003818       __setdefaultprecision      00404818 f   libc:fp8.obj
 0001:0000382a       __ms_p5_test_fdiv          0040482a f   libc:testfdiv.obj
 0001:00003868       __ms_p5_mp_test_fdiv       00404868 f   libc:testfdiv.obj
 0001:00003891       __forcdecpt                00404891 f   libc:cvt.obj
 0001:000038eb       __cropzeros                004048eb f   libc:cvt.obj
 0001:00003939       __positive                 00404939 f   libc:cvt.obj
 0001:00003951       __fassign                  00404951 f   libc:cvt.obj
 0001:0000398f       __cftoe                    0040498f f   libc:cvt.obj
 0001:00003a93       __cftof                    00404a93 f   libc:cvt.obj
 0001:00003b71       __cftog                    00404b71 f   libc:cvt.obj
 0001:00003c56       __cfltcvt                  00404c56 f   libc:cvt.obj
 0001:00003ccc       _free                      00404ccc f   libc:free.obj
 0001:00003d35       ___initconin               00404d35 f   libc:initcon.obj
 0001:00003d54       ___termcon                 00404d54 f   libc:initcon.obj
 0001:00003d90       __chkstk                   00404d90 f   libc:chkstk.obj
 0001:00003d90       __alloca_probe             00404d90 f   libc:chkstk.obj
 0001:00003dbf       __XcptFilter               00404dbf f   libc:winxfltr.obj
 0001:00003f43       __setenvp                  00404f43 f   libc:stdenvp.obj
 0001:00003ffc       __setargv                  00404ffc f   libc:stdargv.obj
 0001:00004249       ___crtGetEnvironmentStringsA 00405249 f   libc:a_env.obj
 0001:0000437b       __GetLinkerVersion         0040537b f   libc:heapinit.obj
 0001:000043a8       ___heap_select             004053a8 f   libc:heapinit.obj
 0001:000044f0       __heap_init                004054f0 f   libc:heapinit.obj
 0001:00004558       __except_handler3          00405558 f   libc:exsup3.obj
 0001:00004615       __seh_longjmp_unwind@4     00405615 f   libc:exsup3.obj
 0001:00004630       __FF_MSGBANNER             00405630 f   libc:crt0msg.obj
 0001:00004669       __NMSG_WRITE               00405669 f   libc:crt0msg.obj
 0001:000047bc       __lseek                    004057bc f   libc:lseek.obj
 0001:00004856       __write                    00405856 f   libc:write.obj
 0001:00004a03       __getbuf                   00405a03 f   libc:_getbuf.obj
 0001:00004a47       __isatty                   00405a47 f   libc:isatty.obj
 0001:00004a70       _strlen                    00405a70 f   libc:strlen.obj
 0001:00004aeb       _wctomb                    00405aeb f   libc:wctomb.obj
 0001:00004b60       __aulldiv                  00405b60 f   libc:ulldiv.obj
 0001:00004bd0       __aullrem                  00405bd0 f   libc:ullrem.obj
 0001:00004c45       _malloc                    00405c45 f   libc:malloc.obj
 0001:00004c57       __nh_malloc                00405c57 f   libc:malloc.obj
 0001:00004c83       __heap_alloc               00405c83 f   libc:malloc.obj
 0001:00004d00       _memset                    00405d00 f   libc:memset.obj
 0001:00004d58       __callnewh                 00405d58 f   libc:handler.obj
 0001:00004d73       ___sbh_heap_init           00405d73 f   libc:sbheap.obj
 0001:00004dbb       ___sbh_find_block          00405dbb f   libc:sbheap.obj
 0001:00004de6       ___sbh_free_block          00405de6 f   libc:sbheap.obj
 0001:0000510f       ___sbh_alloc_block         0040610f f   libc:sbheap.obj
 0001:00005418       ___sbh_alloc_new_region    00406418 f   libc:sbheap.obj
 0001:000054c9       ___sbh_alloc_new_group     004064c9 f   libc:sbheap.obj
 0001:000055c4       ___sbh_resize_block        004065c4 f   libc:sbheap.obj
 0001:000058ba       ___old_sbh_new_region      004068ba f   libc:sbheap.obj
 0001:000059fe       ___old_sbh_release_region  004069fe f   libc:sbheap.obj
 0001:00005a54       ___old_sbh_decommit_pages  00406a54 f   libc:sbheap.obj
 0001:00005b16       ___old_sbh_find_block      00406b16 f   libc:sbheap.obj
 0001:00005b6d       ___old_sbh_free_block      00406b6d f   libc:sbheap.obj
 0001:00005bb2       ___old_sbh_alloc_block     00406bb2 f   libc:sbheap.obj
 0001:00005dba       ___old_sbh_alloc_block_from_page 00406dba f   libc:sbheap.obj
 0001:00005ede       ___old_sbh_resize_block    00406ede f   libc:sbheap.obj
 0001:00005f87       _fclose                    00406f87 f   libc:fclose.obj
 0001:00005fdd       __commit                   00406fdd f   libc:commit.obj
 0001:00006034       ?__CxxUnhandledExceptionFilter@@YGJPAU_EXCEPTION_POINTERS@@@Z 00407034 f   libc:unhandld.obj
 0001:0000607a       ?__CxxSetUnhandledExceptionFilter@@YAXXZ 0040707a f   libc:unhandld.obj
 0001:0000608b       ?__CxxRestoreUnhandledExceptionFilter@@YAXXZ 0040708b f   libc:unhandld.obj
 0001:00006098       ?_ValidateRead@@YAHPBXI@Z  00407098 f   libc:validate.obj
 0001:000060b4       ?_ValidateWrite@@YAHPAXI@Z 004070b4 f   libc:validate.obj
 0001:000060d0       ?_ValidateExecute@@YAHP6GHXZ@Z 004070d0 f   libc:validate.obj
 0001:000060f0       _strcmp                    004070f0 f   libc:strcmp.obj
 0001:00006180       _memmove                   00407180 f   libc:memmove.obj
 0001:000064b5       _abort                     004074b5 f   libc:abort.obj
 0001:000064cc       __control87                004074cc f   libc:ieee87.obj
 0001:00006501       __controlfp                00407501 f   libc:ieee87.obj
 0001:00006632       __isctype                  00407632 f   libc:isctype.obj
 0001:000066a7       _tolower                   004076a7 f   libc:tolower.obj
 0001:00006772       __ZeroTail                 00407772 f   libc:intrncvt.obj
 0001:000067bb       __IncMan                   004077bb f   libc:intrncvt.obj
 0001:00006811       __RoundMan                 00407811 f   libc:intrncvt.obj
 0001:0000689d       __CopyMan                  0040789d f   libc:intrncvt.obj
 0001:000068b8       __FillZeroMan              004078b8 f   libc:intrncvt.obj
 0001:000068c4       __IsZeroMan                004078c4 f   libc:intrncvt.obj
 0001:000068df       __ShrMan                   004078df f   libc:intrncvt.obj
 0001:0000696c       __ld12cvt                  0040796c f   libc:intrncvt.obj
 0001:00006ad8       __ld12tod                  00407ad8 f   libc:intrncvt.obj
 0001:00006aee       __ld12tof                  00407aee f   libc:intrncvt.obj
 0001:00006b04       __atodbl                   00407b04 f   libc:intrncvt.obj
 0001:00006b31       __atoflt                   00407b31 f   libc:intrncvt.obj
 0001:00006b60       _strcpy                    00407b60 f   libc:strcat.obj
 0001:00006b70       _strcat                    00407b70 f   libc:strcat.obj
 0001:00006c50       __fptostr                  00407c50 f   libc:_fptostr.obj
 0001:00006cc7       __fltout                   00407cc7 f   libc:cfout.obj
 0001:00006d2b       ___dtold                   00407d2b f   libc:cfout.obj
 0001:00006de1       __fptrap                   00407de1 f   libc:crt0fp.obj
 0001:00006dea       __setmbcp                  00407dea f   libc:mbctype.obj
 0001:000071ae       ___initmbctable            004081ae f   libc:mbctype.obj
 0001:000071d0       _memcpy                    004081d0 f   libc:memcpy.obj
 0001:00007505       _strtol                    00408505 f   libc:strtol.obj
 0001:00007730       _strstr                    00408730 f   libc:strstr.obj
 0001:000077b0       _strncmp                   004087b0 f   libc:strncmp.obj
 0001:000077e8       ___crtMessageBoxA          004087e8 f   libc:crtmbox.obj
 0001:00007880       _strncpy                   00408880 f   libc:strncpy.obj
 0001:0000797e       __dosmaperr                0040897e f   libc:dosmap.obj
 0001:000079e5       __alloc_osfhnd             004089e5 f   libc:osfinfo.obj
 0001:00007a7a       __set_osfhnd               00408a7a f   libc:osfinfo.obj
 0001:00007af1       __free_osfhnd              00408af1 f   libc:osfinfo.obj
 0001:00007b6b       __get_osfhandle            00408b6b f   libc:osfinfo.obj
 0001:00007ba8       __close                    00408ba8 f   libc:close.obj
 0001:00007c5b       __freebuf                  00408c5b f   libc:_freebuf.obj
 0001:00007c86       _raise                     00408c86 f   libc:winsig.obj
 0001:00007df8       ___crtGetStringTypeA       00408df8 f   libc:a_str.obj
 0001:00007f41       ___crtLCMapStringA         00408f41 f   libc:a_map.obj
 0001:00008190       ___addl                    00409190 f   libc:mantold.obj
 0001:000081b1       ___add_12                  004091b1 f   libc:mantold.obj
 0001:0000820f       ___shl_12                  0040920f f   libc:mantold.obj
 0001:0000823d       ___shr_12                  0040923d f   libc:mantold.obj
 0001:0000826a       ___mtold12                 0040926a f   libc:mantold.obj
 0001:00008331       ___strgtold12              00409331 f   libc:strgtold.obj
 0001:00008802       _$I10_OUTPUT               00409802 f   libc:x10fout.obj
 0001:00008a95       _toupper                   00409a95 f   libc:toupper.obj
 0001:00008b61       ___ld12mul                 00409b61 f   libc:tenpow.obj
 0001:00008d81       ___multtenpow12            00409d81 f   libc:tenpow.obj
 0001:00008e00       ?clear@PHeap@@UAGXXZ       00409e00 f   plib:pdynamicheap.obj
 0001:00008e20       ?_resize@PHeap@@IAGXH@Z    00409e20 f   plib:pdynamicheap.obj
 0001:00008e50       ?clear@PExtendedHeap@@UAGXXZ 00409e50 f   plib:pdynamicheap.obj
 0001:00008e70       ?resize@PExtendedHeap@@UAGXH@Z 00409e70 f   plib:pdynamicheap.obj
 0001:00008eb0       ?set@PExtendedHeap@@QAGXPBDHH@Z 00409eb0 f   plib:pdynamicheap.obj
 0001:00008ef0       ??0PString@@QAE@PBD@Z      00409ef0 f   plib:pstring.obj
 0001:00008f80       ??0PString@@QAE@PBDH@Z     00409f80 f   plib:pstring.obj
 0001:00009010       ??0PString@@QAE@ABV0@@Z    0040a010 f   plib:pstring.obj
 0001:00009090       ?EraseTrailingChars@PString@@QAGXD@Z 0040a090 f   plib:pstring.obj
 0001:000090e0       ?buf@PString@@QBGPADXZ     0040a0e0 f   plib:pstring.obj
 0001:000090f0       ?ToLower@PString@@QAGXXZ   0040a0f0 f   plib:pstring.obj
 0001:00009120       ?at@PString@@QAGAADH@Z     0040a120 f   plib:pstring.obj
 0001:00009130       ?alloc@PString@@QAGXH@Z    0040a130 f   plib:pstring.obj
 0001:00009160       ?checkalloc@PString@@QAGXXZ 0040a160 f   plib:pstring.obj
 0001:000091a0       ?del_first@PString@@QAGXI@Z 0040a1a0 f   plib:pstring.obj
 0001:000091d0       ?del_last@PString@@QAGXI@Z 0040a1d0 f   plib:pstring.obj
 0001:00009200       ?keep_first@PString@@QAGXI@Z 0040a200 f   plib:pstring.obj
 0001:00009220       ?replace_all@PString@@QAGHHH@Z 0040a220 f   plib:pstring.obj
 0001:00009260       ??4PString@@QAEAAV0@D@Z    0040a260 f   plib:pstring.obj
 0001:00009290       ??4PString@@QAEAAV0@PBD@Z  0040a290 f   plib:pstring.obj
 0001:000092f0       ??4PString@@QAEAAV0@ABV0@@Z 0040a2f0 f   plib:pstring.obj
 0001:00009330       ??YPString@@QAEXD@Z        0040a330 f   plib:pstring.obj
 0001:00009370       ?_append_charptr@PString@@AAEXPBDI@Z 0040a370 f   plib:pstring.obj
 0001:000093c0       ??YPString@@QAEXPBD@Z      0040a3c0 f   plib:pstring.obj
 0001:00009420       ??YPString@@QAEXABV0@@Z    0040a420 f   plib:pstring.obj
 0001:00009470       ??YPString@@QAEXH@Z        0040a470 f   plib:pstring.obj
 0001:000094d0       ??YPString@@QAEXJ@Z        0040a4d0 f   plib:pstring.obj
 0001:00009530       ??YPString@@QAEXK@Z        0040a530 f   plib:pstring.obj
 0001:00009590       ?Set@PString@@QAGXPBDI@Z   0040a590 f   plib:pstring.obj
 0001:000095d0       ?AppendMax@PString@@QAGXPBDI@Z 0040a5d0 f   plib:pstring.obj
 0001:00009630       ?AppendFormat@PString@@QAAXPBDZZ 0040a630 f   plib:pstring.obj
 0001:00009690       ?Append@PString@@QAGXNPBD@Z 0040a690 f   plib:pstring.obj
 0001:00009700       ?Append@PString@@QAGXHPBD@Z 0040a700 f   plib:pstring.obj
 0001:00009770       ?Start@PTimer@@QAEXXZ      0040a770 f   plib:ptimer.obj
 0001:00009790       ?Stop@PTimer@@QAEXXZ       0040a790 f   plib:ptimer.obj
 0001:000097b0       ?PError_ShowErrorMessage@@YAXPBDZZ 0040a7b0 f   plib:perror.obj
 0001:00009800       ?PError_ShowWin32Error@@YGXPBD@Z 0040a800 f   plib:perror.obj
 0001:00009870       ??1PFileSearch@@UAE@XZ     0040a870 f   plib:pfilesearch.obj
 0001:000098a0       ?FindFirst@PFileSearch@@QAEXPBD@Z 0040a8a0 f   plib:pfilesearch.obj
 0001:00009900       ?FindNext@PFileSearch@@QAEXXZ 0040a900 f   plib:pfilesearch.obj
 0001:00009930       ?FindClose@PFileSearch@@QAEXXZ 0040a930 f   plib:pfilesearch.obj
 0001:00009960       ?GetFilename@PFileSearch@@QBEPBDXZ 0040a960 f   plib:pfilesearch.obj
 0001:00009990       ?IsDirectory@PFileSearch@@QBEHXZ 0040a990 f   plib:pfilesearch.obj
 0001:00009a60       ?out_init_listmode@@YGXH@Z 0040aa60 f   lib_gt:gt_output.obj
 0001:00009a70       ?out_init_all@@YGXHHJ@Z    0040aa70 f   lib_gt:gt_output.obj
 0001:00009a90       ?out_flush@@YGXXZ          0040aa90 f   lib_gt:gt_output.obj
 0001:00009eb0       ?out_append@@YGXPBD@Z      0040aeb0 f   lib_gt:gt_output.obj
 0001:0000a120       ??0GT_OutputMember@@QAE@ABV0@@Z 0040b120 f i lib_gt:gt_output.obj
 0001:0000a140       ?out_append@@YGXPBDW4GT_Color@@@Z 0040b140 f   lib_gt:gt_output.obj
 0001:0000a170       ?out_append@@YGXABVPString@@@Z 0040b170 f   lib_gt:gt_output.obj
 0001:0000a190       ?out_format@@YAXPBDZZ      0040b190 f   lib_gt:gt_output.obj
 0001:0000a330       ?out_color_format@@YAXW4GT_Color@@PBDZZ 0040b330 f   lib_gt:gt_output.obj
 0001:0000a5a0       ?out_title@@YGXPBD@Z       0040b5a0 f   lib_gt:gt_output.obj
 0001:0000a640       ??0GT_TableField@@QAE@XZ   0040b640 f i lib_gt:gt_output.obj
 0001:0000a640       ??0PString@@QAE@XZ         0040b640 f i lib_gt:gt_output.obj
 0001:0000a680       ?out_filename@@YGXPAVGT_FileBuffer@@@Z 0040b680 f   lib_gt:gt_output.obj
 0001:0000a7c0       ?setFirst@Cursor@?$GT_Sequence@VGT_OutputMember@@@@UAEXXZ 0040b7c0 f i lib_gt:gt_output.obj
 0001:0000a7d0       ?setNext@Cursor@?$GT_Sequence@VGT_OutputMember@@@@UAEXXZ 0040b7d0 f i lib_gt:gt_output.obj
 0001:0000a7e0       ?isValid@Cursor@?$GT_Sequence@VGT_OutputMember@@@@UBEHXZ 0040b7e0 f i lib_gt:gt_output.obj
 0001:0000a7f0       ?firstElement@?$GT_Sequence@VGT_OutputMember@@@@QAEAAVGT_OutputMember@@XZ 0040b7f0 f i lib_gt:gt_output.obj
 0001:0000a7f0       ?element@Cursor@?$GT_Sequence@VGT_OutputMember@@@@UAEABVGT_OutputMember@@XZ 0040b7f0 f i lib_gt:gt_output.obj
 0001:0000a800       ??_E?$GT_Sequence@VGT_OutputMember@@@@UAEPAXI@Z 0040b800 f i lib_gt:gt_output.obj
 0001:0000a800       ??_G?$GT_Sequence@VGT_OutputMember@@@@UAEPAXI@Z 0040b800 f i lib_gt:gt_output.obj
 0001:0000a850       ?addFirst@?$GT_Sequence@VGT_OutputMember@@@@QAEXABVGT_OutputMember@@@Z 0040b850 f i lib_gt:gt_output.obj
 0001:0000a8a0       ?addLast@?$GT_Sequence@VGT_OutputMember@@@@QAEXABVGT_OutputMember@@@Z 0040b8a0 f i lib_gt:gt_output.obj
 0001:0000a8f0       ?GT_Flags_Init@@YGXHPAPAD@Z 0040b8f0 f   lib_gt:gt_commandlineflags.obj
 0001:0000a940       ?GT_Flags_Parse@@YGXXZ     0040b940 f   lib_gt:gt_commandlineflags.obj
 0001:0000a980       ?GT_Flags_SetFlag@@YGHPBD@Z 0040b980 f   lib_gt:gt_commandlineflags.obj
 0001:0000aa20       ?GT_Flags_OptimizeFlags@@YGXXZ 0040ba20 f   lib_gt:gt_commandlineflags.obj
 0001:0000aac0       ?GT_Flags_GetAsString@@YG?AVPString@@XZ 0040bac0 f   lib_gt:gt_commandlineflags.obj
 0001:0000abe0       ??0GT_ConfigFile@@QAE@XZ   0040bbe0 f   lib_gt:gt_configfile.obj
 0001:0000ad50       ??_EGT_ConfigFile@@UAEPAXI@Z 0040bd50 f i lib_gt:gt_configfile.obj
 0001:0000ad50       ??_GGT_ConfigFile@@UAEPAXI@Z 0040bd50 f i lib_gt:gt_configfile.obj
 0001:0000ad90       ??1GT_ConfigFile@@UAE@XZ   0040bd90 f   lib_gt:gt_configfile.obj
 0001:0000adc0       ?Read@GT_ConfigFile@@QAEHXZ 0040bdc0 f   lib_gt:gt_configfile.obj
 0001:0000af80       ??0GT_FileBuffer@@QAE@PBDJP6GH0J@ZJHH@Z 0040bf80 f   lib_gt:gt_filebuffer.obj
 0001:0000b0b0       ??_GGT_FileBuffer@@UAEPAXI@Z 0040c0b0 f i lib_gt:gt_filebuffer.obj
 0001:0000b0b0       ??_EGT_FileBuffer@@UAEPAXI@Z 0040c0b0 f i lib_gt:gt_filebuffer.obj
 0001:0000b0d0       ?_Open@GT_FileBuffer@@AAE?AW4GT_OpenReturnCode@@XZ 0040c0d0 f   lib_gt:gt_filebuffer.obj
 0001:0000b1b0       ?Init@GT_FileBuffer@@QAE?AW4GT_OpenReturnCode@@XZ 0040c1b0 f   lib_gt:gt_filebuffer.obj
 0001:0000b1f0       ??1GT_FileBuffer@@UAE@XZ   0040c1f0 f   lib_gt:gt_filebuffer.obj
 0001:0000b2b0       ?_InitBuffer@GT_FileBuffer@@AAEXXZ 0040c2b0 f   lib_gt:gt_filebuffer.obj
 0001:0000b3d0       ?_DetermineIfText@GT_FileBuffer@@AAEXXZ 0040c3d0 f   lib_gt:gt_filebuffer.obj
 0001:0000b490       ?SetActFilePos@GT_FileBuffer@@QAEXJ@Z 0040c490 f   lib_gt:gt_filebuffer.obj
 0001:0000b4e0       ??1GT_Exception@@QAE@XZ    0040c4e0 f i lib_gt:gt_filebuffer.obj
 0001:0000b540       ??0GT_Exception@@QAE@ABV0@@Z 0040c540 f i lib_gt:gt_filebuffer.obj
 0001:0000b5a0       ?IncActFilePos@GT_FileBuffer@@QAEXJ@Z 0040c5a0 f   lib_gt:gt_filebuffer.obj
 0001:0000b5f0       ?GetFileNameExtension@GT_FileBuffer@@QBEPBDXZ 0040c5f0 f   lib_gt:gt_filebuffer.obj
 0001:0000b620       ?CallListProc@GT_FileBuffer@@QBEXJ@Z 0040c620 f   lib_gt:gt_filebuffer.obj
 0001:0000b660       ?GetByte@GT_FileBuffer@@QAEEJ@Z 0040c660 f   lib_gt:gt_filebuffer.obj
 0001:0000b720       ?GetWord@GT_FileBuffer@@QAEGJ@Z 0040c720 f   lib_gt:gt_filebuffer.obj
 0001:0000b800       ?GetLong@GT_FileBuffer@@QAEJJ@Z 0040c800 f   lib_gt:gt_filebuffer.obj
 0001:0000b8e0       ?GetBufferX@GT_FileBuffer@@QAEXJPAXJ@Z 0040c8e0 f   lib_gt:gt_filebuffer.obj
 0001:0000ba70       ?GetBuffer@GT_FileBuffer@@QAEHJPAXJ@Z 0040ca70 f   lib_gt:gt_filebuffer.obj
 0001:0000bb70       ?GetString@GT_FileBuffer@@QAEHJAAVPString@@J@Z 0040cb70 f   lib_gt:gt_filebuffer.obj
 0001:0000bbb0       ?GetCString@GT_FileBuffer@@QAEXAAVPString@@JJ@Z 0040cbb0 f   lib_gt:gt_filebuffer.obj
 0001:0000bc50       ?GetPascalString@GT_FileBuffer@@QAEXAAVPString@@J@Z 0040cc50 f   lib_gt:gt_filebuffer.obj
 0001:0000bda0       ?GetUntil@GT_FileBuffer@@QAEHJEPAXHAAH@Z 0040cda0 f   lib_gt:gt_filebuffer.obj
 0001:0000be30       ?SkipUntil@GT_FileBuffer@@QAEHJE@Z 0040ce30 f   lib_gt:gt_filebuffer.obj
 0001:0000bee0       ?Find@GT_FileBuffer@@QAEHEJJ@Z 0040cee0 f   lib_gt:gt_filebuffer.obj
 0001:0000bf20       ?Find@GT_FileBuffer@@QAEHPBDJJ@Z 0040cf20 f   lib_gt:gt_filebuffer.obj
 0001:0000c000       ?iFind@GT_FileBuffer@@QAEHPBDJJ@Z 0040d000 f   lib_gt:gt_filebuffer.obj
 0001:0000c150       ?Compare@GT_FileBuffer@@QAEHJJE@Z 0040d150 f   lib_gt:gt_filebuffer.obj
 0001:0000c190       ?Compare@GT_FileBuffer@@QAEHJJPBD@Z 0040d190 f   lib_gt:gt_filebuffer.obj
 0001:0000c1d0       ?iCompare@GT_FileBuffer@@QAEHJJPBD@Z 0040d1d0 f   lib_gt:gt_filebuffer.obj
 0001:0000c210       ??0GT_WindowsConsole@@QAE@XZ 0040d210 f   lib_gt:gt_winconsole.obj
 0001:0000c330       ??_EGT_WindowsConsole@@UAEPAXI@Z 0040d330 f i lib_gt:gt_winconsole.obj
 0001:0000c330       ??_GGT_WindowsConsole@@UAEPAXI@Z 0040d330 f i lib_gt:gt_winconsole.obj
 0001:0000c350       ??1GT_WindowsConsole@@UAE@XZ 0040d350 f   lib_gt:gt_winconsole.obj
 0001:0000c3e0       ?SetTextColor@GT_WindowsConsole@@QBEXW4GT_Color@@@Z 0040d3e0 f   lib_gt:gt_winconsole.obj
 0001:0000c4d0       ?RestoreOriginalColor@GT_WindowsConsole@@QBEXXZ 0040d4d0 f   lib_gt:gt_winconsole.obj
 0001:0000c500       ?SetTitle@GT_WindowsConsole@@QBEXPBD@Z 0040d500 f   lib_gt:gt_winconsole.obj
 0001:0000c510       ??0GT_Exception@@QAA@PBDJ0ZZ 0040d510 f   lib_gt:gt_exceptions.obj
 0001:0000c5a0       ?Print@GT_Exception@@QBEXXZ 0040d5a0 f   lib_gt:gt_exceptions.obj
 0001:0000c640       ?Check_EXT_EXE@GT_EXEAnalyzer@@AAEHJH@Z 0040d640 f   lib_data:gt_exe_analyzer.obj
 0001:0000c9a0       ?Check_EXE_Generic@GT_EXEAnalyzer@@AAEHJ@Z 0040d9a0 f   lib_data:gt_exe_analyzer.obj
 0001:0000cda0       ?CheckStartupCode@GT_EXEAnalyzer@@AAEHH@Z 0040dda0 f   lib_data:gt_exe_analyzer.obj
 0001:0000d0f0       ?ListCOM@GT_EXEAnalyzer@@QAEXXZ 0040e0f0 f   lib_data:gt_exe_analyzer.obj
 0001:0000d120       ?ListEXE@GT_EXEAnalyzer@@QAEXXZ 0040e120 f   lib_data:gt_exe_analyzer.obj
 0001:0000d360       ?_ListNEEXEs@GT_EXEAnalyzer@@AAEXXZ 0040e360 f   lib_data:gt_exe_analyzer.obj
 0001:0000d4e0       ??1GT_EXE_LE_Lister@@QAE@XZ 0040e4e0 f i lib_data:gt_exe_analyzer.obj
 0001:0000d520       ??0GT_DBFAnalyzer@@QAE@PAVGT_FileBuffer@@@Z 0040e520 f   lib_data:gt_generic.obj
 0001:0000d680       ?Analyze@GT_DBFAnalyzer@@QBE?AVPString@@XZ 0040e680 f   lib_data:gt_generic.obj
 0001:0000d980       ?Analyze@GT_HTMLAnalyzer@@QBE?AVPString@@XZ 0040e980 f   lib_data:gt_generic.obj
 0001:0000dac0       ?_SubAnalyze@GT_RIFFAnalyzer@@ABGXKKAAKAAVPString@@1@Z 0040eac0 f   lib_data:gt_generic.obj
 0001:0000dcd0       ?Analyze@GT_RIFFAnalyzer@@QBG?AVPString@@XZ 0040ecd0 f   lib_data:gt_generic.obj
 0001:0000e0f0       ?_GetPascalStartPos@GT_SourceAnalyzer@@ABGHXZ 0040f0f0 f   lib_data:gt_generic.obj
 0001:0000e1f0       ?_GetCStartPos@GT_SourceAnalyzer@@ABGHXZ 0040f1f0 f   lib_data:gt_generic.obj
 0001:0000e2c0       ?_Init@GT_SourceAnalyzer@@AAGXXZ 0040f2c0 f   lib_data:gt_generic.obj
 0001:0000f0b0       ?_GetNextString@GT_SourceAnalyzer@@AAGXHD@Z 004100b0 f   lib_data:gt_generic.obj
 0001:0000f170       ?_CheckString2@GT_SourceAnalyzer@@AAGHABVPString@@HPBD1@Z 00410170 f   lib_data:gt_generic.obj
 0001:0000f1f0       ?GetSourceType@GT_SourceAnalyzer@@QAGXAAVPString@@@Z 004101f0 f   lib_data:gt_generic.obj
 0001:0000f380       ??0GT_TTFAnalyzer@@QAE@PAVGT_FileBuffer@@@Z 00410380 f   lib_data:gt_generic.obj
 0001:0000f430       ?ReadEntry@GT_TTFAnalyzer@@ABE?AVPString@@PAU_GT_TTF_Name@@HH@Z 00410430 f   lib_data:gt_generic.obj
 0001:0000f630       ?Analyze@GT_TTFAnalyzer@@QBE?AVPString@@XZ 00410630 f   lib_data:gt_generic.obj
 0001:0000f900       ?GT_GenericAnalyze@@YG?AVPString@@PAVGT_FileBuffer@@AAJ@Z 00410900 f   lib_data:gt_generic.obj
 0001:00012a60       ?Search@PString@@QAGHD@Z   00413a60 f i lib_data:gt_generic.obj
 0001:00013af0       ?Analyze@GT_SYSAnalyzer@@QBE?AVPString@@XZ 00414af0 f i lib_data:gt_generic.obj
 0001:00013bd0       ??1GT_SourceAnalyzer@@QAE@XZ 00414bd0 f i lib_data:gt_generic.obj
 0001:00013be0       ??0GT_EXEHeader@@QAE@PAVGT_FileBuffer@@@Z 00414be0 f   lib_data:gt_exe_header.obj
 0001:00013c70       ?IsValidCOM@GT_EXEHeader@@QBEHXZ 00414c70 f   lib_data:gt_exe_header.obj
 0001:00013cd0       ?GetAbsoluteIP@GT_EXEHeader@@QBEJXZ 00414cd0 f   lib_data:gt_exe_header.obj
 0001:00013d00       ?GetOverlaySize@GT_EXEHeader@@QBEJXZ 00414d00 f   lib_data:gt_exe_header.obj
 0001:00013d40       ?GT_CheckForFixedName@@YIHPBDAAVPString@@@Z 00414d40 f   lib_data:gt_fixedname.obj
 0001:00013e90       ?GT_CheckForFixedExtension@@YIHPBDAAVPString@@@Z 00414e90 f   lib_data:gt_fixedname.obj
 0001:00013ff0       ?GT_CheckForRegistryExtension@@YIHPBDAAVPString@@@Z 00414ff0 f   lib_data:gt_fixedname.obj
 0001:00014200       ??0GT_Compare@@QAE@PAEEHPAVGT_FileBuffer@@P6IXPAU_EXEEntry@@01@Z@Z 00415200 f   lib_data:gt_compare.obj
 0001:00014230       ?ExplicitMatches@GT_Compare@@QAE?AW4GT_CompareError@@PAEH@Z 00415230 f   lib_data:gt_compare.obj
 0001:000142a0       ?Matches@GT_Compare@@QAE?AW4GT_CompareError@@PAU_EXEEntry@@@Z 004152a0 f   lib_data:gt_compare.obj
 0001:00014370       ?GetMacroPos@GT_MacroManager@@QAEHAAJPBDH@Z 00415370 f   lib_data:gt_macromanager.obj
 0001:00014530       ?GetLongCallPos@GT_MacroManager@@QAEHAAJJ@Z 00415530 f   lib_data:gt_macromanager.obj
 0001:00014590       ?GetJumpPos@GT_MacroManager@@QAEHAAJH@Z 00415590 f   lib_data:gt_macromanager.obj
 0001:000146e0       ?Get32BitRVAJumpPos@GT_MacroManager@@QAEHAAJH@Z 004156e0 f   lib_data:gt_macromanager.obj
 0001:00014770       ??_EGT_EXE_LE_ObjectTableHandler@@UAEPAXI@Z 00415770 f i lib_data:gt_exe_le.obj
 0001:00014770       ??_GGT_EXE_LE_ObjectTableHandler@@UAEPAXI@Z 00415770 f i lib_data:gt_exe_le.obj
 0001:000147b0       ??1GT_EXE_LE_ObjectTableHandler@@UAE@XZ 004157b0 f   lib_data:gt_exe_le.obj
 0001:000147d0       ?GetRealAddrOfObject@GT_EXE_LE_ObjectTableHandler@@QBEJH@Z 004157d0 f   lib_data:gt_exe_le.obj
 0001:00014800       ?GetSizeOfObject@GT_EXE_LE_ObjectTableHandler@@QBEJH@Z 00415800 f   lib_data:gt_exe_le.obj
 0001:00014860       ??0GT_EXE_LE_HeaderHandler@@QAE@PAVGT_FileBuffer@@J@Z 00415860 f   lib_data:gt_exe_le.obj
 0001:000148f0       ?Execute@GT_EXE_LE_Lister@@QAEXXZ 004158f0 f   lib_data:gt_exe_le.obj
 0001:00014c60       ??_EGT_TableField@@QAEPAXI@Z 00415c60 f i lib_data:gt_exe_pe.obj
 0001:00014cc0       ??1PExtendedHeap@@UAE@XZ   00415cc0 f i lib_data:gt_exe_pe.obj
 0001:00014cc0       ??1PString@@UAE@XZ         00415cc0 f i lib_data:gt_exe_pe.obj
 0001:00014cc0       ??1GT_TableField@@QAE@XZ   00415cc0 f i lib_data:gt_exe_pe.obj
 0001:00014cd0       ??_EGT_TableColumn@@UAEPAXI@Z 00415cd0 f i lib_data:gt_exe_pe.obj
 0001:00014d30       ??1GT_TableColumn@@UAE@XZ  00415d30 f i lib_data:gt_exe_pe.obj
 0001:00014db0       ?List@GT_EXE_PE_ExportAnalyzer@@UAEXXZ 00415db0 f   lib_data:gt_exe_pe.obj
 0001:00015120       ??0GT_TableColumn@@QAE@XZ  00416120 f i lib_data:gt_exe_pe.obj
 0001:00015160       ?Init@GT_TableColumn@@QAEXIIHW4GT_TableColumnType@@PBD@Z 00416160 f i lib_data:gt_exe_pe.obj
 0001:00015240       ??1GT_Table@@UAE@XZ        00416240 f i lib_data:gt_exe_pe.obj
 0001:00015260       ??_EGT_Table@@UAEPAXI@Z    00416260 f i lib_data:gt_exe_pe.obj
 0001:00015260       ??_GGT_Table@@UAEPAXI@Z    00416260 f i lib_data:gt_exe_pe.obj
 0001:00015290       ?_ListLookupTable@GT_EXE_PE_ImportAnalyzer@@AAEXJ@Z 00416290 f   lib_data:gt_exe_pe.obj
 0001:00015380       ?List@GT_EXE_PE_ImportAnalyzer@@UAEXXZ 00416380 f   lib_data:gt_exe_pe.obj
 0001:000154c0       ?_ListVersionInfo@GT_EXE_PE_ResourceAnalyzer@@AAEXPAE@Z 004164c0 f   lib_data:gt_exe_pe.obj
 0001:00015720       ?_ListTable@GT_EXE_PE_ResourceAnalyzer@@AAEXJ@Z 00416720 f   lib_data:gt_exe_pe.obj
 0001:000157d0       ?_ListEntry@GT_EXE_PE_ResourceAnalyzer@@AAEXJ@Z 004167d0 f   lib_data:gt_exe_pe.obj
 0001:00015a70       ?List@GT_EXE_PE_ResourceAnalyzer@@UAEXXZ 00416a70 f   lib_data:gt_exe_pe.obj
 0001:00015b20       ??_EGT_EXE_PE_DataDirectoryHandler@@UAEPAXI@Z 00416b20 f i lib_data:gt_exe_pe.obj
 0001:00015b20       ??_GGT_EXE_PE_DataDirectoryHandler@@UAEPAXI@Z 00416b20 f i lib_data:gt_exe_pe.obj
 0001:00015b60       ??0GT_EXE_PE_Lister@@QAE@JPAVGT_FileBuffer@@@Z 00416b60 f   lib_data:gt_exe_pe.obj
 0001:00015b80       ?CheckDataDirectory@GT_EXE_PE_Lister@@AAEXPAVGT_EXE_PE_SectionTableAnalyzer@@@Z 00416b80 f   lib_data:gt_exe_pe.obj
 0001:00015de0       ??1GT_EXE_PE_DataDirectoryHandler@@UAE@XZ 00416de0 f i lib_data:gt_exe_pe.obj
 0001:00015e00       ?Execute@GT_EXE_PE_Lister@@QAEXXZ 00416e00 f   lib_data:gt_exe_pe.obj
 0001:000167a0       ?Check_EXT_PE@GT_EXE_PE_Lister@@AAEHJPAVGT_EXE_PE_SectionTableAnalyzer@@@Z 004177a0 f   lib_data:gt_exe_pe.obj
 0001:00016890       ?CheckForCode@GT_EXE_PE_Lister@@AAEXJPAVGT_EXE_PE_SectionTableAnalyzer@@@Z 00417890 f   lib_data:gt_exe_pe.obj
 0001:00016b00       ?Execute@GT_EXE_NE_Lister@@QAEXXZ 00417b00 f   lib_data:gt_exe_ne.obj
 0001:00017380       ??0GT_EXE_NE_HeaderHdl@@QAE@JPAVGT_FileBuffer@@H@Z 00418380 f   lib_data:gt_exe_ne_header.obj
 0001:000173b0       ??0GT_EXE_PE_SectionTableAnalyzer@@QAE@PAVGT_FileBuffer@@PAU_GT_EXE_PE_ImageFileHeader@@J@Z 004183b0 f   lib_data:gt_exe_pe_sectiontablehdl.obj
 0001:00017450       ??_EGT_EXE_PE_SectionTableAnalyzer@@UAEPAXI@Z 00418450 f i lib_data:gt_exe_pe_sectiontablehdl.obj
 0001:00017450       ??_GGT_EXE_PE_SectionTableAnalyzer@@UAEPAXI@Z 00418450 f i lib_data:gt_exe_pe_sectiontablehdl.obj
 0001:00017490       ??1GT_EXE_PE_SectionTableAnalyzer@@UAE@XZ 00418490 f   lib_data:gt_exe_pe_sectiontablehdl.obj
 0001:000174b0       ?GetEXESize@GT_EXE_PE_SectionTableAnalyzer@@QBEJXZ 004184b0 f   lib_data:gt_exe_pe_sectiontablehdl.obj
 0001:000174e0       ?GetSectionName@GT_EXE_PE_SectionTableAnalyzer@@QBEPBDHH@Z 004184e0 f   lib_data:gt_exe_pe_sectiontablehdl.obj
 0001:00017550       ?r2o@GT_EXE_PE_SectionTableAnalyzer@@QBEJJ@Z 00418550 f   lib_data:gt_exe_pe_sectiontablehdl.obj
 0001:00017590       ?o2r@GT_EXE_PE_SectionTableAnalyzer@@QBEJJ@Z 00418590 f   lib_data:gt_exe_pe_sectiontablehdl.obj
 0001:000175e0       ??0GT_EXE_NE_SegmentHandler@@QAE@PAVGT_FileBuffer@@PAVGT_EXE_NE_HeaderHdl@@@Z 004185e0 f   lib_data:gt_exe_ne_segmenthdl.obj
 0001:00017690       ??_EGT_EXE_NE_SegmentHandler@@UAEPAXI@Z 00418690 f i lib_data:gt_exe_ne_segmenthdl.obj
 0001:00017690       ??_GGT_EXE_NE_SegmentHandler@@UAEPAXI@Z 00418690 f i lib_data:gt_exe_ne_segmenthdl.obj
 0001:000176d0       ??1GT_EXE_NE_SegmentHandler@@UAE@XZ 004186d0 f   lib_data:gt_exe_ne_segmenthdl.obj
 0001:000176f0       ?GetEndPos@GT_EXE_NE_SegmentHandler@@QBEJH@Z 004186f0 f   lib_data:gt_exe_ne_segmenthdl.obj
 0001:00017750       ?GetLength@GT_EXE_NE_SegmentHandler@@QBEJH@Z 00418750 f   lib_data:gt_exe_ne_segmenthdl.obj
 0001:00017780       ?GetStartPos@GT_EXE_NE_SegmentHandler@@QBEJH@Z 00418780 f   lib_data:gt_exe_ne_segmenthdl.obj
 0001:000177a0       ?GetAllocSize@GT_EXE_NE_SegmentHandler@@QBEJH@Z 004187a0 f   lib_data:gt_exe_ne_segmenthdl.obj
 0001:000177c0       ?GetEntryPoint@GT_EXE_NE_SegmentHandler@@QBEJXZ 004187c0 f   lib_data:gt_exe_ne_segmenthdl.obj
 0001:00017830       ?GetCalculatedFileSize@GT_EXE_NE_SegmentHandler@@QBEJXZ 00418830 f   lib_data:gt_exe_ne_segmenthdl.obj
 0001:00017890       ?GetType@GT_EXE_NE_SegmentHandler@@QBEPBDH@Z 00418890 f   lib_data:gt_exe_ne_segmenthdl.obj
 0001:000178b0       ??0GT_ArchiveAnalyzer@@QAE@PAVGT_FileBuffer@@@Z 004188b0 f   lib_archive:gt_archiver.obj
 0001:00017920       ?IsHAArchive@GT_ArchiveAnalyzer@@ABEHH@Z 00418920 f   lib_archive:gt_archiver.obj
 0001:00017ac0       ?GetPacker@GT_ArchiveAnalyzer@@AAEXH@Z 00418ac0 f   lib_archive:gt_archiver.obj
 0001:00018410       ?ListArchiveName@GT_ArchiveAnalyzer@@QBEXXZ 00419410 f   lib_archive:gt_archiver.obj
 0001:00018460       ?ListArchive@GT_ArchiveAnalyzer@@QAEHXZ 00419460 f   lib_archive:gt_archiver.obj
 0001:00018ee0       ?CheckForOverlay@GT_ArchiveAnalyzer@@QBEXXZ 00419ee0 f   lib_archive:gt_archiver.obj
 0001:00018ef0       ??0GT_BasicArchiveLister@@QAE@PAVGT_FileBuffer@@H@Z 00419ef0 f   lib_archive:gt_archiver.obj
 0001:00018f30       ?ShowHeader@GT_BasicArchiveLister@@UAEXXZ 00419f30 f   lib_archive:gt_archiver.obj
 0001:00018f80       ?ShowFile@GT_BasicArchiveLister@@UAEXJJNPBDHW4PDateTimeType@@H@Z 00419f80 f   lib_archive:gt_archiver.obj
 0001:00019100       ?ShowOverall@GT_BasicArchiveLister@@UAEXXZ 0041a100 f   lib_archive:gt_archiver.obj
 0001:00019230       ?ListFiles@GT_BasicArchiveLister@@UAEXXZ 0041a230 f   lib_archive:gt_archiver.obj
 0001:00019240       ?ListFiles@GT_777ArchiveLister@@UAEXXZ 0041a240 f   lib_archive:gt_archiver.obj
 0001:000194e0       ?ListFiles@GT_ACEArchiveLister@@UAEXXZ 0041a4e0 f   lib_archive:gt_archiver.obj
 0001:000196b0       ?ListFiles@GT_AINArchiveLister@@UAEXXZ 0041a6b0 f   lib_archive:gt_archiver.obj
 0001:00019720       ?ListFiles@GT_AKT7ArchiveLister@@UAEXXZ 0041a720 f   lib_archive:gt_archiver.obj
 0001:00019970       ?ListFiles@GT_AKT9ArchiveLister@@UAEXXZ 0041a970 f   lib_archive:gt_archiver.obj
 0001:00019bc0       ?ListFiles@GT_AMGArchiveLister@@UAEXXZ 0041abc0 f   lib_archive:gt_archiver.obj
 0001:00019db0       ?ListFiles@GT_ARCArchiveLister@@UAEXXZ 0041adb0 f   lib_archive:gt_archiver.obj
 0001:00019eb0       ?ListFiles@GT_ARGArchiveLister@@UAEXXZ 0041aeb0 f   lib_archive:gt_archiver.obj
 0001:00019f70       ?ListFiles@GT_ARJArchiveLister@@UAEXXZ 0041af70 f   lib_archive:gt_archiver.obj
 0001:0001a360       ?ListFiles@GT_ARQArchiveLister@@UAEXXZ 0041b360 f   lib_archive:gt_archiver.obj
 0001:0001a4e0       ?ListFiles@GT_ARXArchiveLister@@UAEXXZ 0041b4e0 f   lib_archive:gt_archiver.obj
 0001:0001a650       ?ListFiles@GT_ASDArchiveLister@@UAEXXZ 0041b650 f   lib_archive:gt_archiver.obj
 0001:0001a7a0       ?ListFiles@GT_BLIArchiveLister@@UAEXXZ 0041b7a0 f   lib_archive:gt_archiver.obj
 0001:0001a9a0       ?ListFiles@GT_CABArchiveLister@@UAEXXZ 0041b9a0 f   lib_archive:gt_archiver.obj
 0001:0001ab00       ?ListFiles@GT_DPAArchiveLister@@UAEXXZ 0041bb00 f   lib_archive:gt_archiver.obj
 0001:0001abe0       ?ListFiles@GT_GZArchiveLister@@UAEXXZ 0041bbe0 f   lib_archive:gt_archiver.obj
 0001:0001ad20       ?ListFiles@GT_HAArchiveLister@@UAEXXZ 0041bd20 f   lib_archive:gt_archiver.obj
 0001:0001aee0       ?ListFiles@GT_IDSKAArchiveLister@@UAEXXZ 0041bee0 f   lib_archive:gt_archiver.obj
 0001:0001af20       ??0GT_IMPArchiveLister@@QAE@PAVGT_FileBuffer@@H@Z 0041bf20 f   lib_archive:gt_archiver.obj
 0001:0001afc0       ?load_fixed_codes@GT_IMPArchiveLister@@IAEXPAEJ@Z 0041bfc0 f   lib_archive:gt_archiver.obj
 0001:0001b0c0       ?make_codes@GT_IMPArchiveLister@@IAEXPAKPAEH@Z 0041c0c0 f   lib_archive:gt_archiver.obj
 0001:0001b170       ?make_decode_tables@GT_IMPArchiveLister@@IAEHPAHQAY01HPAKPAEHH@Z 0041c170 f   lib_archive:gt_archiver.obj
 0001:0001b300       ?load_hcodes@GT_IMPArchiveLister@@IAEHPAEHHJ@Z 0041c300 f   lib_archive:gt_archiver.obj
 0001:0001b6f0       ?expand_lz@GT_IMPArchiveLister@@IAEHPAEHH@Z 0041c6f0 f   lib_archive:gt_archiver.obj
 0001:0001c110       ?ListFiles@GT_IMPArchiveLister@@UAEXXZ 0041d110 f   lib_archive:gt_archiver.obj
 0001:0001c5d0       ?ListFiles@GT_INSArchiveLister@@UAEXXZ 0041d5d0 f   lib_archive:gt_archiver.obj
 0001:0001c770       ?ListFiles@GT_ISCArchiveLister@@UAEXXZ 0041d770 f   lib_archive:gt_archiver.obj
 0001:0001c9c0       ?ListFiles@GT_LGArchiveLister@@UAEXXZ 0041d9c0 f   lib_archive:gt_archiver.obj
 0001:0001cb80       ?ListFiles@GT_LZHArchiveLister@@UAEXXZ 0041db80 f   lib_archive:gt_archiver.obj
 0001:0001cf60       ?ListFiles@GT_LZOArchiveLister@@UAEXXZ 0041df60 f   lib_archive:gt_archiver.obj
 0001:0001d0b0       ?ListFiles@GT_NEROArchiveLister@@UAEXXZ 0041e0b0 f   lib_archive:gt_archiver.obj
 0001:0001d170       ?ListFiles@GT_PAQArchiveLister@@UAEXXZ 0041e170 f   lib_archive:gt_archiver.obj
 0001:0001d280       ?ListFiles@GT_PPZArchiveLister@@UAEXXZ 0041e280 f   lib_archive:gt_archiver.obj
 0001:0001d330       ?ListFiles@GT_RARArchiveLister@@UAEXXZ 0041e330 f   lib_archive:gt_archiver.obj
 0001:0001d5f0       ?ListFiles@GT_STIArchiveLister@@UAEXXZ 0041e5f0 f   lib_archive:gt_archiver.obj
 0001:0001d9a0       ?ListFiles@GT_SYNArchiveLister@@UAEXXZ 0041e9a0 f   lib_archive:gt_archiver.obj
 0001:0001da60       ?ListFiles@GT_TARArchiveLister@@UAEXXZ 0041ea60 f   lib_archive:gt_archiver.obj
 0001:0001db70       ?ListFiles@GT_YCArchiveLister@@UAEXXZ 0041eb70 f   lib_archive:gt_archiver.obj
 0001:0001dd10       ?ListFiles@GT_ZETArchiveLister@@UAEXXZ 0041ed10 f   lib_archive:gt_archiver.obj
 0001:0001dfe0       ?ListFiles@GT_ZIPArchiveLister@@UAEXXZ 0041efe0 f   lib_archive:gt_archiver.obj
 0001:0001e2b0       ?ListFiles@GT_ZOOArchiveLister@@UAEXXZ 0041f2b0 f   lib_archive:gt_archiver.obj
 0001:0001e470       ??1?$GT_Sequence@VPString@@@@UAE@XZ 0041f470 f i lib_archive:gt_archiver.obj
 0001:0001e4c0       ??_G?$GT_Sequence@VPString@@@@UAEPAXI@Z 0041f4c0 f i lib_archive:gt_archiver.obj
 0001:0001e4c0       ??_E?$GT_Sequence@VPString@@@@UAEPAXI@Z 0041f4c0 f i lib_archive:gt_archiver.obj
 0001:0001e520       ?addLast@?$GT_Sequence@VPString@@@@QAEXABVPString@@@Z 0041f520 f i lib_archive:gt_archiver.obj
 0001:0001e5a0       ??0?$GT_Entry@VPString@@@@QAE@PAV0@ABVPString@@0@Z 0041f5a0 f i lib_archive:gt_archiver.obj
 0001:0001e5d0       ??1?$GT_Entry@VPString@@@@QAE@XZ 0041f5d0 f i lib_archive:gt_archiver.obj
 0001:0001e5e0       _RtlUnwind@16              0041f5e0 f   kernel32:KERNEL32.dll
 0001:0001e5e6       _realloc                   0041f5e6 f   libc:realloc.obj
 0001:0001e886       __itoa                     0041f886 f   libc:xtoa.obj
 0001:0001e90f       __ltoa                     0041f90f f   libc:xtoa.obj
 0001:0001e939       _vsprintf                  0041f939 f   libc:vsprintf.obj
 0001:0001e98a       _clock                     0041f98a f   libc:clock.obj
 0001:0001e9cd       ___inittime                0041f9cd f   libc:clock.obj
 0001:0001ea02       _vfprintf                  0041fa02 f   libc:vfprintf.obj
 0001:0001ea33       __onexit                   0041fa33 f   libc:onexit.obj
 0001:0001eaa0       _atexit                    0041faa0 f   libc:onexit.obj
 0001:0001eab2       ___onexitinit              0041fab2 f   libc:onexit.obj
 0001:0001eae1       _fputs                     0041fae1 f   libc:fputs.obj
 0001:0001eb24       ??2@YAPAXI@Z               0041fb24 f   libc:new.obj
 0001:0001eb32       __fsopen                   0041fb32 f   libc:fopen.obj
 0001:0001eb52       _fopen                     0041fb52 f   libc:fopen.obj
 0001:0001eb65       _fgets                     0041fb65 f   libc:fgets.obj
 0001:0001ebc0       _strrchr                   0041fbc0 f   libc:strrchr.obj
 0001:0001ebe7       _strerror                  0041fbe7 f   libc:strerror.obj
 0001:0001ec13       __open                     0041fc13 f   libc:open.obj
 0001:0001ec2a       __sopen                    0041fc2a f   libc:open.obj
 0001:0001eee3       __filelength               0041fee3 f   libc:flength.obj
 0001:0001ef5b       _setvbuf                   0041ff5b f   libc:setvbuf.obj
 0001:0001effc       __read                     0041fffc f   libc:read.obj
 0001:0001f1f2       _fread                     004201f2 f   libc:fread.obj
 0001:0001f2da       _fseek                     004202da f   libc:fseek.obj
 0001:0001f366       ??1type_info@@UAE@XZ       00420366 f   libc:typinfo.obj
 0001:0001f37b       ??_Etype_info@@UAEPAXI@Z   0042037b f i libc:typinfo.obj
 0001:0001f37b       ??_Gtype_info@@UAEPAXI@Z   0042037b f i libc:typinfo.obj
 0001:0001f397       __CxxThrowException@8      00420397 f   libc:throw.obj
 0001:0001f3e0       _strnicmp                  004203e0 f   libc:strnicmp.obj
 0001:0001f3e0       __strnicmp                 004203e0 f   libc:strnicmp.obj
 0001:0001f490       __ftol                     00420490 f   libc:ftol.obj
 0001:0001f4c0       __stricmp                  004204c0 f   libc:stricmp.obj
 0001:0001f4c0       _stricmp                   004204c0 f   libc:stricmp.obj
 0001:0001f4c0       __strcmpi                  004204c0 f   libc:stricmp.obj
 0001:0001f54c       _atol                      0042054c f   libc:atox.obj
 0001:0001f5d7       ??_M@YGXPAXIHP6EX0@Z@Z     004205d7 f   libc:ehvecdtr.obj
 0001:0001f657       ?__ArrayUnwind@@YGXPAXIHP6EX0@Z@Z 00420657 f   libc:ehvecdtr.obj
 0001:0001f6b5       __purecall                 004206b5 f   libc:purevirt.obj
 0001:0001f6be       ??_L@YGXPAXIHP6EX0@Z1@Z    004206be f   libc:ehvecctr.obj
 0001:0001f740       __allmul                   00420740 f   libc:llmul.obj
 0001:0001f774       __msize                    00420774 f   libc:msize.obj
 0001:0001f7d5       _fwrite                    004207d5 f   libc:fwrite.obj
 0001:0001f8df       __openfile                 004208df f   libc:_open.obj
 0001:0001fa4f       __getstream                00420a4f f   libc:stream.obj
 0001:0001fac7       __filbuf                   00420ac7 f   libc:_filbuf.obj
 0001:0001fba0       __chsize                   00420ba0 f   libc:chsize.obj
 0001:0001fce6       _ftell                     00420ce6 f   libc:ftell.obj
 0001:0001fe3e       __setmode                  00420e3e f   libc:setmode.obj
 0001:0001fec0       ?p_StrOct2Dec@@YGJPADH@Z   00420ec0 f   plib:pheader.obj
 0001:0001ff80       ?p_Align@@YGXAAJH@Z        00420f80 f   plib:pheader.obj
 0001:0001ffa0       ?p_HexToLong@@YGJPBD@Z     00420fa0 f   plib:pheader.obj
 0001:00020190       ?p_atol@@YGJPBD@Z          00421190 f   plib:pheader.obj
 0001:000201c0       ?p_long2str@@YGPBDJ@Z      004211c0 f   plib:pheader.obj
 0001:000201e0       ?p_unicode2ansi@@YGXPBDPADH@Z 004211e0 f   plib:pheader.obj
 0001:00020220       ?p_LongSwapByte@@YGKK@Z    00421220 f   plib:pheader.obj
 0001:00020250       ?GetCurrentUserString@PRegistry@@SIHPBD0JPAD@Z 00421250 f   plib:pregistry.obj
 0001:000202c0       ?GetClassesRootString@PRegistry@@SIHPBD0JPAD@Z 004212c0 f   plib:pregistry.obj
 0001:00020330       ?GT_Error_ShowInternalError@@YGXPBD0H@Z 00421330 f   lib_gt:gt_error.obj
 0001:000203c0       ?Print@GT_Table@@QBEXXZ    004213c0 f   lib_gt:gt_outputtable.obj
 0001:00020680       ??0GT_DateTimeEntry@@QAE@XZ 00421680 f   lib_gt:gt_time.obj
 0001:000206a0       ?SetDOSTime@GT_DateTime@@QAEXJ@Z 004216a0 f   lib_gt:gt_time.obj
 0001:000206f0       ?SetWindowsTime@GT_DateTime@@QAEXN@Z 004216f0 f   lib_gt:gt_time.obj
 0001:00020780       ?SetUnixTime@GT_DateTime@@QAEXJ@Z 00421780 f   lib_gt:gt_time.obj
 0001:00020a60       ?DateToBuffer@GT_DateTime@@QAEXPADH@Z 00421a60 f   lib_gt:gt_time.obj
 0002:00000000       __imp__RegQueryValueExA@24 00423000     advapi32:ADVAPI32.dll
 0002:00000004       __imp__RegOpenKeyExA@20    00423004     advapi32:ADVAPI32.dll
 0002:00000008       __imp__RegCloseKey@4       00423008     advapi32:ADVAPI32.dll
 0002:0000000c       \177ADVAPI32_NULL_THUNK_DATA 0042300c     advapi32:ADVAPI32.dll
 0002:00000010       __imp__WinExec@8           00423010     kernel32:KERNEL32.dll
 0002:00000014       __imp__GetACP@0            00423014     kernel32:KERNEL32.dll
 0002:00000018       __imp__RtlUnwind@16        00423018     kernel32:KERNEL32.dll
 0002:0000001c       __imp__ReadConsoleInputA@16 0042301c     kernel32:KERNEL32.dll
 0002:00000020       __imp__SetConsoleMode@8    00423020     kernel32:KERNEL32.dll
 0002:00000024       __imp__GetConsoleMode@8    00423024     kernel32:KERNEL32.dll
 0002:00000028       __imp__GetCommandLineA@0   00423028     kernel32:KERNEL32.dll
 0002:0000002c       __imp__GetVersion@0        0042302c     kernel32:KERNEL32.dll
 0002:00000030       __imp__ExitProcess@4       00423030     kernel32:KERNEL32.dll
 0002:00000034       __imp__SetHandleCount@4    00423034     kernel32:KERNEL32.dll
 0002:00000038       __imp__GetStdHandle@4      00423038     kernel32:KERNEL32.dll
 0002:0000003c       __imp__GetFileType@4       0042303c     kernel32:KERNEL32.dll
 0002:00000040       __imp__GetStartupInfoA@4   00423040     kernel32:KERNEL32.dll
 0002:00000044       __imp__HeapAlloc@12        00423044     kernel32:KERNEL32.dll
 0002:00000048       __imp__TerminateProcess@8  00423048     kernel32:KERNEL32.dll
 0002:0000004c       __imp__GetCurrentProcess@0 0042304c     kernel32:KERNEL32.dll
 0002:00000050       __imp__GetProcAddress@8    00423050     kernel32:KERNEL32.dll
 0002:00000054       __imp__GetModuleHandleA@4  00423054     kernel32:KERNEL32.dll
 0002:00000058       __imp__HeapFree@12         00423058     kernel32:KERNEL32.dll
 0002:0000005c       __imp__CreateFileA@28      0042305c     kernel32:KERNEL32.dll
 0002:00000060       __imp__CloseHandle@4       00423060     kernel32:KERNEL32.dll
 0002:00000064       __imp__UnhandledExceptionFilter@4 00423064     kernel32:KERNEL32.dll
 0002:00000068       __imp__GetModuleFileNameA@12 00423068     kernel32:KERNEL32.dll
 0002:0000006c       __imp__FreeEnvironmentStringsA@4 0042306c     kernel32:KERNEL32.dll
 0002:00000070       __imp__FreeEnvironmentStringsW@4 00423070     kernel32:KERNEL32.dll
 0002:00000074       __imp__WideCharToMultiByte@32 00423074     kernel32:KERNEL32.dll
 0002:00000078       __imp__GetEnvironmentStrings@0 00423078     kernel32:KERNEL32.dll
 0002:0000007c       __imp__GetEnvironmentStringsW@0 0042307c     kernel32:KERNEL32.dll
 0002:00000080       __imp__GetEnvironmentVariableA@12 00423080     kernel32:KERNEL32.dll
 0002:00000084       __imp__GetVersionExA@4     00423084     kernel32:KERNEL32.dll
 0002:00000088       __imp__HeapDestroy@4       00423088     kernel32:KERNEL32.dll
 0002:0000008c       __imp__HeapCreate@12       0042308c     kernel32:KERNEL32.dll
 0002:00000090       __imp__VirtualFree@12      00423090     kernel32:KERNEL32.dll
 0002:00000094       __imp__WriteFile@20        00423094     kernel32:KERNEL32.dll
 0002:00000098       __imp__GetLastError@0      00423098     kernel32:KERNEL32.dll
 0002:0000009c       __imp__SetFilePointer@16   0042309c     kernel32:KERNEL32.dll
 0002:000000a0       __imp__VirtualAlloc@16     004230a0     kernel32:KERNEL32.dll
 0002:000000a4       __imp__HeapReAlloc@16      004230a4     kernel32:KERNEL32.dll
 0002:000000a8       __imp__IsBadWritePtr@8     004230a8     kernel32:KERNEL32.dll
 0002:000000ac       __imp__FlushFileBuffers@4  004230ac     kernel32:KERNEL32.dll
 0002:000000b0       __imp__SetUnhandledExceptionFilter@4 004230b0     kernel32:KERNEL32.dll
 0002:000000b4       __imp__IsBadReadPtr@8      004230b4     kernel32:KERNEL32.dll
 0002:000000b8       __imp__IsBadCodePtr@4      004230b8     kernel32:KERNEL32.dll
 0002:000000bc       __imp__GetCPInfo@8         004230bc     kernel32:KERNEL32.dll
 0002:000000c0       __imp__SetConsoleCtrlHandler@8 004230c0     kernel32:KERNEL32.dll
 0002:000000c4       __imp__GetOEMCP@0          004230c4     kernel32:KERNEL32.dll
 0002:000000c8       __imp__LoadLibraryA@4      004230c8     kernel32:KERNEL32.dll
 0002:000000cc       __imp__SetStdHandle@8      004230cc     kernel32:KERNEL32.dll
 0002:000000d0       __imp__MultiByteToWideChar@24 004230d0     kernel32:KERNEL32.dll
 0002:000000d4       __imp__GetStringTypeA@20   004230d4     kernel32:KERNEL32.dll
 0002:000000d8       __imp__GetStringTypeW@16   004230d8     kernel32:KERNEL32.dll
 0002:000000dc       __imp__LCMapStringA@24     004230dc     kernel32:KERNEL32.dll
 0002:000000e0       __imp__LCMapStringW@24     004230e0     kernel32:KERNEL32.dll
 0002:000000e4       __imp__SetConsoleTextAttribute@8 004230e4     kernel32:KERNEL32.dll
 0002:000000e8       __imp__GetConsoleScreenBufferInfo@8 004230e8     kernel32:KERNEL32.dll
 0002:000000ec       __imp__LocalFree@4         004230ec     kernel32:KERNEL32.dll
 0002:000000f0       __imp__OutputDebugStringA@4 004230f0     kernel32:KERNEL32.dll
 0002:000000f4       __imp__FormatMessageA@28   004230f4     kernel32:KERNEL32.dll
 0002:000000f8       __imp__FindClose@4         004230f8     kernel32:KERNEL32.dll
 0002:000000fc       __imp__FindFirstFileA@8    004230fc     kernel32:KERNEL32.dll
 0002:00000100       __imp__FindNextFileA@8     00423100     kernel32:KERNEL32.dll
 0002:00000104       __imp__GetFileAttributesA@4 00423104     kernel32:KERNEL32.dll
 0002:00000108       __imp__GetConsoleTitleA@8  00423108     kernel32:KERNEL32.dll
 0002:0000010c       __imp__SetConsoleTitleA@4  0042310c     kernel32:KERNEL32.dll
 0002:00000110       __imp__SetEndOfFile@4      00423110     kernel32:KERNEL32.dll
 0002:00000114       __imp__HeapSize@12         00423114     kernel32:KERNEL32.dll
 0002:00000118       __imp__FileTimeToDosDateTime@12 00423118     kernel32:KERNEL32.dll
 0002:0000011c       __imp__ReadFile@20         0042311c     kernel32:KERNEL32.dll
 0002:00000120       __imp__GetSystemTimeAsFileTime@4 00423120     kernel32:KERNEL32.dll
 0002:00000124       __imp__RaiseException@16   00423124     kernel32:KERNEL32.dll
 0002:00000128       \177KERNEL32_NULL_THUNK_DATA 00423128     kernel32:KERNEL32.dll
 0002:0000012c       __imp__SendMessageA@16     0042312c     user32:USER32.dll
 0002:00000130       __imp__GetWindowTextA@12   00423130     user32:USER32.dll
 0002:00000134       __imp__EnumWindows@8       00423134     user32:USER32.dll
 0002:00000138       \177USER32_NULL_THUNK_DATA 00423138     user32:USER32.dll
 0002:0000013c       __imp__GT_EXT_EXE_Count    0042313c     gtdata:gtdata.dll
 0002:00000140       __imp__GT_FixedName_Index  00423140     gtdata:gtdata.dll
 0002:00000144       __imp__GT_FixedName_Count  00423144     gtdata:gtdata.dll
 0002:00000148       __imp__GT_FixedExtension_Index 00423148     gtdata:gtdata.dll
 0002:0000014c       __imp__GT_EXE_2J_Count     0042314c     gtdata:gtdata.dll
 0002:00000150       __imp__GT_EXT_EXE_Index    00423150     gtdata:gtdata.dll
 0002:00000154       __imp__GT_EXE_1LJ_Count    00423154     gtdata:gtdata.dll
 0002:00000158       __imp__GT_PE_0J_Count      00423158     gtdata:gtdata.dll
 0002:0000015c       __imp__GT_EXT_PE_Index     0042315c     gtdata:gtdata.dll
 0002:00000160       __imp__GT_EXT_PE_Count     00423160     gtdata:gtdata.dll
 0002:00000164       __imp__GT_NE_0J_Index      00423164     gtdata:gtdata.dll
 0002:00000168       __imp__GT_NE_0J_Count      00423168     gtdata:gtdata.dll
 0002:0000016c       __imp__GT_EXE_1LJ_Index    0042316c     gtdata:gtdata.dll
 0002:00000170       __imp__GT_EXE_1J_Index     00423170     gtdata:gtdata.dll
 0002:00000174       __imp__GT_EXE_2J_Index     00423174     gtdata:gtdata.dll
 0002:00000178       __imp__GT_EXE_1J_Count     00423178     gtdata:gtdata.dll
 0002:0000017c       __imp__GT_C2E_Count        0042317c     gtdata:gtdata.dll
 0002:00000180       __imp__GT_EXE_0J_Count     00423180     gtdata:gtdata.dll
 0002:00000184       __imp__GT_EXE_0J_Index     00423184     gtdata:gtdata.dll
 0002:00000188       __imp__GT_FixedExtension_Count 00423188     gtdata:gtdata.dll
 0002:0000018c       __imp__GT_C2E_Index        0042318c     gtdata:gtdata.dll
 0002:00000190       __imp__GT_PE_0J_Index      00423190     gtdata:gtdata.dll
 0002:00000194       \177gtdata_NULL_THUNK_DATA 00423194     gtdata:gtdata.dll
 0002:00000198       ??_C@_04KIIB@0?425?$AA@    00423198     gt_main.obj
 0002:000001a0       ??_C@_0BL@JEF@Found?5no?5matches?5for?5?8?$CFs?8?6?$AA@ 004231a0     gt_main.obj
 0002:000001bc       ??_7PHeap@@6B@             004231bc     gt_main.obj
 0002:000001c8       ??_C@_00A@?$AA@            004231c8     gt_main.obj
 0002:000001cc       ??_C@_0CF@EGM@GT?52000?5?9?5?$FLPHaX?$FN?5?9?5?$CF?41f?$CF?$CF?5identi@ 004231cc     gt_main.obj
 0002:000001f8       __real@4059000000000000    004231f8     gt_main.obj
 0002:00000200       ??_C@_0BB@ELPP@GT?52000?5?9?5?$FLPHaX?$FN?$AA@ 00423200     gt_main.obj
 0002:00000218       ??_C@_0GE@DHNA@?6GT?52000?5?$CFs?5?$CI?$CFs?5?$CFs?$CJ?5?$CIc?$CJ?51999?9200@ 00423218     gt_main.obj
 0002:0000027c       ??_C@_0M@PNEJ@Jan?528?52001?$AA@ 0042327c     gt_main.obj
 0002:00000288       ??_C@_08CAOL@15?327?327?$AA@ 00423288     gt_main.obj
 0002:00000294       ??_C@_0BB@LJJ@phax?$EAwriteme?4com?$AA@ 00423294     gt_main.obj
 0002:000002a8       ??_C@_0CL@HICP@Failed?5to?5read?5the?5config?5file?5?9@ 004232a8     gt_main.obj
 0002:000002d4       ??_C@_0BN@EECO@Could?5not?5set?5error?5handler?6?$AA@ 004232d4     gt_main.obj
 0002:000002f4       ??_C@_0BB@FELB@Initializing?5?4?4?4?$AA@ 004232f4     gt_main.obj
 0002:00000308       ??_C@_0BI@DBIG@?$DMCtrl?$DO?$CL?$DMC?$DO?5was?5pressed?6?$AA@ 00423308     gt_main.obj
 0002:00000320       ??_C@_0BM@JAII@?$DMCtrl?$DO?$CL?$DMBreak?$DO?5was?5pressed?6?$AA@ 00423320     gt_main.obj
 0002:0000033c       ??_C@_0BO@CLE@?$DMCtrl?$DO?$CL?$DMXYZ?$DO?5was?5pressed?5?$CFld?6?$AA@ 0042333c     gt_main.obj
 0002:0000035c       ??_C@_02JJJH@?6?6?$AA@     0042335c     gt_main.obj
 0002:00000360       ??_C@_0BP@JFFE@?5?$CI0x?$CF02X?50x?$CF02X?50x?$CF02X?50x?$CF02X?$CJ?$AA@ 00423360     gt_main.obj
 0002:00000380       ??_C@_0BH@IGOB@Unknown?5?$CFs?5file?5format?$AA@ 00423380     gt_main.obj
 0002:00000398       ??_C@_06FNBK@binary?$AA@   00423398     gt_main.obj
 0002:000003a0       ??_C@_04LHJL@text?$AA@     004233a0     gt_main.obj
 0002:000003a8       ??_7PString@@6B@           004233a8     gt_main.obj
 0002:000003b4       ??_C@_0DC@GNGP@Files?5with?5a?5size?5of?50?5bytes?5can@ 004233b4     gt_main.obj
 0002:000003e8       ??_7PExtendedHeap@@6B@     004233e8     gt_main.obj
 0002:000003f4       ??_C@_0BN@HMJK@Found?5no?5matches?5for?5?8?$CFs?$CFs?8?6?$AA@ 004233f4     gt_main.obj
 0002:00000414       ??_7PFileSearch@@6B@       00423414     gt_main.obj
 0002:00000418       ??_C@_0BE@FLPL@?5?5?1?$CF?910s?5?9?5?$CFs?5?9?5?$CFs?6?$AA@ 00423418     gt_main.obj
 0002:0000042c       ??_C@_0BI@MNCA@do?5extended?5WPG?5listing?$AA@ 0042342c     gt_main.obj
 0002:00000444       ??_C@_04CEDN@zwpg?$AA@     00423444     gt_main.obj
 0002:0000044c       ??_C@_0CL@DBCM@list?5a?5maximum?5of?5X?5entries?5of?5a@ 0042344c     gt_main.obj
 0002:00000478       ??_C@_06MFKC@zriffX?$AA@   00423478     gt_main.obj
 0002:00000480       ??_C@_0DG@DGBF@send?5a?5WM_COPYDATA?5msg?5to?5the?5sp@ 00423480     gt_main.obj
 0002:000004b8       ??_C@_06JLCK@zhwndX?$AA@   004234b8     gt_main.obj
 0002:000004c0       ??_C@_0CD@CEMG@wait?5for?5a?5key?5after?5the?5last?5fi@ 004234c0     gt_main.obj
 0002:000004e4       ??_C@_02HMFJ@wf?$AA@       004234e4     gt_main.obj
 0002:000004e8       ??_C@_0CF@BEFI@search?5in?5subdirectories?5?$CIrecurs@ 004234e8     gt_main.obj
 0002:00000510       ??_C@_04CPII@0?401?$AA@    00423510     gt_main.obj
 0002:00000518       ??_C@_01KBOJ@s?$AA@        00423518     gt_main.obj
 0002:0000051c       ??_C@_0BK@HCMM@do?5not?5list?5unknown?5files?$AA@ 0042351c     gt_main.obj
 0002:00000538       ??_C@_02ODMH@nu?$AA@       00423538     gt_main.obj
 0002:0000053c       ??_C@_0CC@DIJG@do?5not?5scan?5for?5special?5filename@ 0042353c     gt_main.obj
 0002:00000560       ??_C@_0L@OKEA@noscanname?$AA@ 00423560     gt_main.obj
 0002:0000056c       ??_C@_0CI@DMMK@do?5not?5scan?5for?5special?5file?5ext@ 0042356c     gt_main.obj
 0002:00000594       ??_C@_09FDLF@noscanext?$AA@ 00423594     gt_main.obj
 0002:000005a0       ??_C@_0FB@PPFD@Syntax?3?5?$CFs?5filemask?5?$FLfilemask?5?$FL?4@ 004235a0     gt_main.obj
 0002:000005f4       ??_C@_0BG@NCGH@do?5not?5show?5copyright?$AA@ 004235f4     gt_main.obj
 0002:0000060c       ??_C@_04CBG@0?424?$AA@     0042360c     gt_main.obj
 0002:00000614       ??_C@_06CAIJ@nologo?$AA@   00423614     gt_main.obj
 0002:0000061c       ??_C@_0BF@KPJA@do?5not?5output?5footer?$AA@ 0042361c     gt_main.obj
 0002:00000634       ??_C@_08EALB@nofooter?$AA@ 00423634     gt_main.obj
 0002:00000640       ??_C@_0BC@LEHI@do?5not?5use?5colors?$AA@ 00423640     gt_main.obj
 0002:00000654       ??_C@_07BAA@nocolor?$AA@   00423654     gt_main.obj
 0002:0000065c       ??_C@_0BO@DGPK@do?5not?5list?5files?5in?5archives?$AA@ 0042365c     gt_main.obj
 0002:0000067c       ??_C@_06BMKO@noarcs?$AA@   0042367c     gt_main.obj
 0002:00000684       ??_C@_0BN@ILMM@do?5not?5list?5identified?5files?$AA@ 00423684     gt_main.obj
 0002:000006a4       ??_C@_02LEFD@ni?$AA@       004236a4     gt_main.obj
 0002:000006a8       ??_C@_0DF@GKJN@do?5not?5read?5the?5config?5file?5in?5t@ 004236a8     gt_main.obj
 0002:000006e0       ??_C@_03PGHB@ncl?$AA@      004236e0     gt_main.obj
 0002:000006e4       ??_C@_0DB@PFCA@do?5not?5read?5the?5config?5file?5in?5t@ 004236e4     gt_main.obj
 0002:00000718       ??_C@_03FNHA@ncg?$AA@      00423718     gt_main.obj
 0002:0000071c       ??_C@_0BI@ONAB@use?5listmode?5for?5output?$AA@ 0042371c     gt_main.obj
 0002:00000734       ??_C@_04CPED@0?404?$AA@    00423734     gt_main.obj
 0002:0000073c       ??_C@_01JME@l?$AA@         0042373c     gt_main.obj
 0002:00000740       ??_C@_0CK@KDKJ@start?5gtui2?5and?5redirect?5the?5out@ 00423740     gt_main.obj
 0002:0000076c       ??_C@_05NNEE@gtui2?$AA@    0042376c     gt_main.obj
 0002:00000774       ??_C@_0DA@FMKG@set?5the?5fault?5tolerance?5in?5PE?5co@ 00423774     gt_main.obj
 0002:000007a4       ??_C@_04MCDC@ftpX?$AA@     004237a4     gt_main.obj
 0002:000007ac       ??_C@_0DA@PELD@set?5the?5fault?5tolerance?5in?5NE?5co@ 004237ac     gt_main.obj
 0002:000007dc       ??_C@_04GKDA@ftnX?$AA@     004237dc     gt_main.obj
 0002:000007e4       ??_C@_0DB@IKCN@set?5the?5fault?5tolerance?5in?5EXE?5c@ 004237e4     gt_main.obj
 0002:00000818       ??_C@_04OEJL@fteX?$AA@     00423818     gt_main.obj
 0002:00000820       ??_C@_0CG@BKDH@list?5VersionInfo?5resources?5of?5PE@ 00423820     gt_main.obj
 0002:00000848       ??_C@_05HDJN@pever?$AA@    00423848     gt_main.obj
 0002:00000850       ??_C@_0BO@MAMJ@list?5segment?5table?5of?5PE?5EXEs?$AA@ 00423850     gt_main.obj
 0002:00000870       ??_C@_06CGG@pesect?$AA@    00423870     gt_main.obj
 0002:00000878       ??_C@_0CK@JEEO@list?5resources?5of?5PE?5EXEs?5and?5al@ 00423878     gt_main.obj
 0002:000008a4       ??_C@_06BHCP@peres2?$AA@   004238a4     gt_main.obj
 0002:000008ac       ??_C@_0BK@LHEN@list?5resources?5of?5PE?5EXEs?$AA@ 004238ac     gt_main.obj
 0002:000008c8       ??_C@_05JBFA@peres?$AA@    004238c8     gt_main.obj
 0002:000008d0       ??_C@_0CM@GBON@list?5imported?5DLLs?5and?5functions@ 004238d0     gt_main.obj
 0002:000008fc       ??_C@_06KMCC@peimp2?$AA@   004238fc     gt_main.obj
 0002:00000904       ??_C@_0BO@GEIC@list?5imported?5DLLs?5of?5PE?5EXEs?$AA@ 00423904     gt_main.obj
 0002:00000924       ??_C@_05JMFJ@peimp?$AA@    00423924     gt_main.obj
 0002:0000092c       ??_C@_0BI@FKIM@list?5exports?5of?5PE?5EXEs?$AA@ 0042392c     gt_main.obj
 0002:00000944       ??_C@_05GCBP@peexp?$AA@    00423944     gt_main.obj
 0002:0000094c       ??_C@_0BP@HPCJ@list?5data?5directory?5of?5PE?5EXEs?$AA@ 0042394c     gt_main.obj
 0002:0000096c       ??_C@_04OPE@pedd?$AA@      0042396c     gt_main.obj
 0002:00000974       ??_C@_0CF@OBCK@substitution?5for?5?1epd?0?5?1eps?5and?5@ 00423974     gt_main.obj
 0002:0000099c       ??_C@_05ENNC@peall?$AA@    0042399c     gt_main.obj
 0002:000009a4       ??_C@_0BI@DJNC@show?5caching?5statistics?$AA@ 004239a4     gt_main.obj
 0002:000009bc       ??_C@_0L@OBJN@cachestats?$AA@ 004239bc     gt_main.obj
 0002:000009c8       ??_C@_0CE@DLLG@set?5the?5maximum?5buffersize?5in?5by@ 004239c8     gt_main.obj
 0002:000009ec       ??_C@_08JCBB@bufsizeX?$AA@ 004239ec     gt_main.obj
 0002:000009f8       ??_C@_0BJ@OGHD@use?5buffered?5IO?5?$CIslower?$CJ?$AA@ 004239f8     gt_main.obj
 0002:00000a14       ??_C@_03EJCG@bio?$AA@      00423a14     gt_main.obj
 0002:00000a18       ??_C@_0BG@KBFA@show?5this?5help?5screen?$AA@ 00423a18     gt_main.obj
 0002:00000a30       ??_C@_04NADB@0?402?$AA@    00423a30     gt_main.obj
 0002:00000a38       ??_C@_01PKMN@?$DP?$AA@     00423a38     gt_main.obj
 0002:00000a3c       ??_C@_04HKKG@0?403?$AA@    00423a3c     gt_main.obj
 0002:00000a44       ??_C@_04MGFA@0?417?$AA@    00423a44     gt_main.obj
 0002:00000a4c       ??_C@_04CNN@0?421?$AA@     00423a4c     gt_main.obj
 0002:00000a54       ??_C@_04KIEK@0?420?$AA@    00423a54     gt_main.obj
 0002:00000a5c       ??_C@_04GMMH@0?416?$AA@    00423a5c     gt_main.obj
 0002:00000a64       ??_C@_04GMAM@0?413?$AA@    00423a64     gt_main.obj
 0002:00000a6c       ??_C@_0CA@BGGE@Press?5any?5key?5to?5end?5GT?52000?5?5?5?$AA@ 00423a6c     gt_main.obj
 0002:00000a90       ??_C@_0HB@CJOF@?6Caching?5statistics?3?6?5?5?$CFld?5total@ 00423a90     gt_main.obj
 0002:00000b04       ??_C@_0BB@PNEN@flag?3?5no?5footer?6?$AA@ 00423b04     gt_main.obj
 0002:00000b18       ??_C@_0BN@CKHL@?5of?5which?5?$CFd?5may?5be?5damaged?6?$AA@ 00423b18     gt_main.obj
 0002:00000b38       ??_C@_0BD@EMCJ@Found?5?$CFd?5archive?$CFs?$AA@ 00423b38     gt_main.obj
 0002:00000b4c       ??_C@_0CF@OOBH@flag?3?5nTotalNonFlagsParameters?5?$DM@ 00423b4c     gt_main.obj
 0002:00000b74       ??_C@_0DN@LCMF@?6Time?5needed?3?5?$CF?42f?5seconds?5?$CI?$CF?43f@ 00423b74     gt_main.obj
 0002:00000bb8       __real@3f50624dd2f1a9fc    00423bb8     gt_main.obj
 0002:00000bc0       ??_C@_01BJG@?6?$AA@        00423bc0     gt_main.obj
 0002:00000bc4       ??_C@_0BO@MHBO@?5and?5identified?5?$CFd?5?$CI?$DN?5?$CF?43f?$CF?$CF?$CJ?$AA@ 00423bc4     gt_main.obj
 0002:00000be4       ??_C@_0BA@JNEF@Found?5?$CFd?5file?$CFs?$AA@ 00423be4     gt_main.obj
 0002:00000bf4       ??_C@_0DF@OALF@?6?9?9?9?9?9?9?9?9?9?9?9?9?9?9?9?9?9?9?9?9?9?9?9?9?9?9?9?9?9?9?9@ 00423bf4     gt_main.obj
 0002:00000c2c       ??_C@_0DH@NCPP@Cannot?5start?5GTUI2?3?5The?5specifie@ 00423c2c     gt_gtui_starter.obj
 0002:00000c64       ??_C@_0DH@OAPO@Cannot?5start?5GTUI2?3?5The?5specifie@ 00423c64     gt_gtui_starter.obj
 0002:00000ca0       ??_C@_0FH@DIJM@Cannot?5start?5GTUI2?3?5The?5?4exe?5fil@ 00423ca0     gt_gtui_starter.obj
 0002:00000cf8       ??_C@_0DP@MHMH@Cannot?5start?5GTUI2?3?5The?5system?5i@ 00423cf8     gt_gtui_starter.obj
 0002:00000d38       ??_C@_09EFGC@gtui2?4exe?$AA@ 00423d38     gt_gtui_starter.obj
 0002:00000d44       ??_C@_0CA@KBGL@Failed?5to?5clear?5window?5of?5GTUI?6?$AA@ 00423d44     gt_gtui_starter.obj
 0002:00000d74       ___lookuptable             00423d74     libc:output.obj
 0002:00000dd0       ??_C@_1O@POHA@?$AA?$CI?$AAn?$AAu?$AAl?$AAl?$AA?$CJ?$AA?$AA@ 00423dd0     libc:output.obj
 0002:00000de0       ??_C@_06ONKE@?$CInull?$CJ?$AA@ 00423de0     libc:output.obj
 0002:00000e60       __real@8@3fff8000000000000000 00423e60     libc:testfdiv.obj
 0002:00000e68       __real@8@4015800bf60000000000 00423e68     libc:testfdiv.obj
 0002:00000e70       __real@8@4014bffffc0000000000 00423e70     libc:testfdiv.obj
 0002:00000e78       ??_C@_0BK@JEGK@IsProcessorFeaturePresent?$AA@ 00423e78     libc:testfdiv.obj
 0002:00000e94       ??_C@_08OBID@KERNEL32?$AA@ 00423e94     libc:testfdiv.obj
 0002:00000ea0       __real@8@00000000000000000000 00423ea0     libc:cvt.obj
 0002:00000ea8       ??_C@_05OFLO@e?$CL000?$AA@ 00423ea8     libc:cvt.obj
 0002:00000eb0       ??_C@_06MICP@CONIN$?$AA@   00423eb0     libc:initcon.obj
 0002:00000eb8       ??_C@_0BH@PHHF@__GLOBAL_HEAP_SELECTED?$AA@ 00423eb8     libc:heapinit.obj
 0002:00000ed0       ??_C@_0BF@BBGL@__MSVCRT_HEAP_SELECT?$AA@ 00423ed0     libc:heapinit.obj
 0002:00000ee8       ??_C@_0P@GGKG@runtime?5error?5?$AA@ 00423ee8     libc:crt0msg.obj
 0002:00000ef8       ??_C@_02PIMC@?$AN?6?$AA@   00423ef8     libc:crt0msg.obj
 0002:00000efc       ??_C@_0O@DELO@TLOSS?5error?$AN?6?$AA@ 00423efc     libc:crt0msg.obj
 0002:00000f0c       ??_C@_0N@OMLL@SING?5error?$AN?6?$AA@ 00423f0c     libc:crt0msg.obj
 0002:00000f1c       ??_C@_0P@OJAK@DOMAIN?5error?$AN?6?$AA@ 00423f1c     libc:crt0msg.obj
 0002:00000f2c       ??_C@_0CF@EANP@R6028?$AN?6?9?5unable?5to?5initialize?5he@ 00423f2c     libc:crt0msg.obj
 0002:00000f54       ??_C@_0DF@ECGN@R6027?$AN?6?9?5not?5enough?5space?5for?5lo@ 00423f54     libc:crt0msg.obj
 0002:00000f8c       ??_C@_0DF@FKAC@R6026?$AN?6?9?5not?5enough?5space?5for?5st@ 00423f8c     libc:crt0msg.obj
 0002:00000fc4       ??_C@_0CG@DPMN@R6025?$AN?6?9?5pure?5virtual?5function?5c@ 00423fc4     libc:crt0msg.obj
 0002:00000fec       ??_C@_0DF@CKIP@R6024?$AN?6?9?5not?5enough?5space?5for?5_o@ 00423fec     libc:crt0msg.obj
 0002:00001024       ??_C@_0CJ@GGOE@R6019?$AN?6?9?5unable?5to?5open?5console?5@ 00424024     libc:crt0msg.obj
 0002:00001050       ??_C@_0CB@LBOB@R6018?$AN?6?9?5unexpected?5heap?5error?$AN?6@ 00424050     libc:crt0msg.obj
 0002:00001074       ??_C@_0CN@FPEG@R6017?$AN?6?9?5unexpected?5multithread?5@ 00424074     libc:crt0msg.obj
 0002:000010a4       ??_C@_0CM@OBIC@R6016?$AN?6?9?5not?5enough?5space?5for?5th@ 004240a4     libc:crt0msg.obj
 0002:000010d0       ??_C@_0CB@HPAL@?$AN?6abnormal?5program?5termination?$AN?6@ 004240d0     libc:crt0msg.obj
 0002:000010f4       ??_C@_0CM@JOOB@R6009?$AN?6?9?5not?5enough?5space?5for?5en@ 004240f4     libc:crt0msg.obj
 0002:00001120       ??_C@_0CK@OIBL@R6008?$AN?6?9?5not?5enough?5space?5for?5ar@ 00424120     libc:crt0msg.obj
 0002:0000114c       ??_C@_0CF@LKPB@R6002?$AN?6?9?5floating?5point?5not?5load@ 0042414c     libc:crt0msg.obj
 0002:00001174       ??_C@_0CF@JPDF@Microsoft?5Visual?5C?$CL?$CL?5Runtime?5Lib@ 00424174     libc:crt0msg.obj
 0002:0000119c       ??_C@_0BK@DEOK@Runtime?5Error?$CB?6?6Program?3?5?$AA@ 0042419c     libc:crt0msg.obj
 0002:000011b8       ??_C@_03NAME@?4?4?4?$AA@   004241b8     libc:crt0msg.obj
 0002:000011bc       ??_C@_0BH@NNCD@?$DMprogram?5name?5unknown?$DO?$AA@ 004241bc     libc:crt0msg.obj
 0002:000011d4       ??_C@_0BD@NJFP@GetLastActivePopup?$AA@ 004241d4     libc:crtmbox.obj
 0002:000011e8       ??_C@_0BA@GILI@GetActiveWindow?$AA@ 004241e8     libc:crtmbox.obj
 0002:000011f8       ??_C@_0M@PKCK@MessageBoxA?$AA@ 004241f8     libc:crtmbox.obj
 0002:00001204       ??_C@_0L@HKL@user32?4dll?$AA@ 00424204     libc:crtmbox.obj
 0002:00001210       ??_C@_01A@?$AA?$AA@        00424210     libc:a_str.obj
 0002:00001214       ??_C@_13A@?$AA?$AA?$AA?$AA@ 00424214     libc:a_str.obj
 0002:00001240       ??_C@_06PAPI@1?$CDQNAN?$AA@ 00424240     libc:x10fout.obj
 0002:00001248       ??_C@_05BGNL@1?$CDINF?$AA@ 00424248     libc:x10fout.obj
 0002:00001250       ??_C@_05EDPF@1?$CDIND?$AA@ 00424250     libc:x10fout.obj
 0002:00001258       ??_C@_06LKFM@1?$CDSNAN?$AA@ 00424258     libc:x10fout.obj
 0002:00001260       ??_C@_03MAMC@?$CFlf?$AA@   00424260     plib:pstring.obj
 0002:00001264       ??_C@_03MCHI@?$CFlx?$AA@   00424264     plib:pstring.obj
 0002:00001268       ??_C@_0N@MJEF@?$CFs?5?$CI?$CFld?$CJ?3?6?$CFs?$AA@ 00424268     plib:perror.obj
 0002:00001278       ??_C@_0BI@GIAN@A?5Windows?5error?5occured?$AA@ 00424278     plib:perror.obj
 0002:00001290       ??_7?$GT_Sequence@VGT_OutputMember@@@@6B@ 00424290     lib_gt:gt_output.obj
 0002:00001294       ??_7Cursor@?$GT_Sequence@VGT_OutputMember@@@@6B@ 00424294     lib_gt:gt_output.obj
 0002:000012a4       ??_C@_0DB@FJFB@Failed?5to?5send?5data?5to?5specified@ 004242a4     lib_gt:gt_output.obj
 0002:000012d8       ??_C@_0CE@MOAB@Internal?5buffer?5overflow?5at?5?$CFs?3?5@ 004242d8     lib_gt:gt_output.obj
 0002:000012fc       ??_C@_0O@HFKC@gt_output?4cxx?$AA@ 004242fc     lib_gt:gt_output.obj
 0002:0000130c       ??_C@_0BD@GOEG@?5?$FLoffline?5content?$FN?$AA@ 0042430c     lib_gt:gt_output.obj
 0002:00001320       ??_C@_0O@JNID@?5?$FLcompressed?$FN?$AA@ 00424320     lib_gt:gt_output.obj
 0002:00001330       ??_C@_0DJ@HOOH@?6Error?3?5Failed?5to?5retrieve?5attri@ 00424330     lib_gt:gt_output.obj
 0002:0000136c       ??_C@_0DB@ODPA@?9?5next?5level?5at?5?$CFld?1?$CF08Xh?5for?5?$CFl@ 0042436c     lib_gt:gt_output.obj
 0002:000013a0       ??_C@_0BB@IIEM@?9?5?$CFs?5?$CI?$CFld?5bytes?$CJ?$AA@ 004243a0     lib_gt:gt_output.obj
 0002:000013b4       ??_C@_04EKKG@?9?5?$CFs?$AA@ 004243b4     lib_gt:gt_output.obj
 0002:000013bc       ??_C@_05KKAP@zriff?$AA@    004243bc     lib_gt:gt_commandlineflags.obj
 0002:000013c4       ??_C@_05CCMI@zhwnd?$AA@    004243c4     lib_gt:gt_commandlineflags.obj
 0002:000013cc       ??_C@_03DKKM@ftp?$AA@      004243cc     lib_gt:gt_commandlineflags.obj
 0002:000013d0       ??_C@_03DIBG@ftn?$AA@      004243d0     lib_gt:gt_commandlineflags.obj
 0002:000013d4       ??_C@_03JDBH@fte?$AA@      004243d4     lib_gt:gt_commandlineflags.obj
 0002:000013d8       ??_C@_07BJIB@bufsize?$AA@  004243d8     lib_gt:gt_commandlineflags.obj
 0002:000013e0       ??_C@_02NDMB@?5?9?$AA@     004243e0     lib_gt:gt_commandlineflags.obj
 0002:000013e4       ??_C@_0L@FBPO@gt2000?4cfg?$AA@ 004243e4     lib_gt:gt_configfile.obj
 0002:000013f0       ??_C@_02MMAH@rt?$AA@       004243f0     lib_gt:gt_configfile.obj
 0002:000013f8       ??_C@_0EB@KFFC@Software?2Microsoft?2Windows?2Curre@ 004243f8     lib_gt:gt_configfile.obj
 0002:0000143c       ??_C@_07EELO@AppData?$AA@  0042443c     lib_gt:gt_configfile.obj
 0002:00001444       ??_7GT_ConfigFile@@6B@     00424444     lib_gt:gt_configfile.obj
 0002:00001448       ??_C@_0CH@IEPI@Error?5in?5the?5configuration?5file?5@ 00424448     lib_gt:gt_configfile.obj
 0002:00001470       ??_C@_0BO@FGHO@?5?5line?5?$CFd?3?5Invalid?5character?6?$AA@ 00424470     lib_gt:gt_configfile.obj
 0002:00001490       ??_C@_0CH@CNLE@?5?5Config?5file?5?$CIline?5?$CFd?$CJ?3?5Syntax?5@ 00424490     lib_gt:gt_configfile.obj
 0002:000014b8       ??_C@_0CA@GCJF@?5?5line?5?$CFd?3?5Unknown?5switch?5?8?$CFs?8?6?$AA@ 004244b8     lib_gt:gt_configfile.obj
 0002:000014d8       ??_7GT_FileBuffer@@6B@     004244d8     lib_gt:gt_filebuffer.obj
 0002:000014dc       ??_C@_0BI@BHFI@Error?5opening?5?8?$CFs?8?3?5?$CFs?6?$AA@ 004244dc     lib_gt:gt_filebuffer.obj
 0002:000014f4       ??_C@_0CO@PLNL@Failed?5to?5set?5the?5buffer?5of?5the?5@ 004244f4     lib_gt:gt_filebuffer.obj
 0002:00001524       ??_C@_02JKAF@rb?$AA@       00424524     lib_gt:gt_filebuffer.obj
 0002:00001528       ??_C@_0BC@ODN@gt_filebuffer?4cxx?$AA@ 00424528     lib_gt:gt_filebuffer.obj
 0002:0000153c       ??_C@_0CF@NLFE@Trying?5to?5set?5the?5filepointer?5to@ 0042453c     lib_gt:gt_filebuffer.obj
 0002:00001564       ??_C@_0CK@MCDP@Trying?5to?5increase?5the?5filepoint@ 00424564     lib_gt:gt_filebuffer.obj
 0002:00001590       ??_C@_0BJ@MNAG@Failed?5to?5read?5?$CFld?5bytes?$AA@ 00424590     lib_gt:gt_filebuffer.obj
 0002:000015ac       ??_C@_0CE@NLFP@Trying?5to?5read?5?$CFld?5bytes?5before?5@ 004245ac     lib_gt:gt_filebuffer.obj
 0002:000015d0       ??_C@_0CC@GDI@Trying?5to?5read?5?$CFld?5bytes?5over?5EO@ 004245d0     lib_gt:gt_filebuffer.obj
 0002:000015f4       ??_C@_0CE@GKHA@Failed?5to?5read?5C?5like?5string?5at?5@ 004245f4     lib_gt:gt_filebuffer.obj
 0002:00001618       ??_C@_0CJ@IJPD@Failed?5to?5read?5Pascal?5like?5strin@ 00424618     lib_gt:gt_filebuffer.obj
 0002:00001644       ??_C@_0BL@OOLK@GetConsoleScreenBufferInfo?$AA@ 00424644     lib_gt:gt_winconsole.obj
 0002:00001660       ??_C@_0BG@MBLK@stderr?5is?5redirected?6?$AA@ 00424660     lib_gt:gt_winconsole.obj
 0002:00001678       ??_C@_0BF@DINF@stdin?5is?5redirected?6?$AA@ 00424678     lib_gt:gt_winconsole.obj
 0002:00001690       ??_C@_0BG@ENJJ@stdout?5is?5redirected?6?$AA@ 00424690     lib_gt:gt_winconsole.obj
 0002:000016a8       ??_7GT_WindowsConsole@@6B@ 004246a8     lib_gt:gt_winconsole.obj
 0002:000016ac       ??_C@_0BK@FOFF@SetConsoleTextAttribute?52?$AA@ 004246ac     lib_gt:gt_winconsole.obj
 0002:000016c8       ??_C@_0BK@KBOM@SetConsoleTextAttribute?51?$AA@ 004246c8     lib_gt:gt_winconsole.obj
 0002:000016e4       ??_C@_0BP@KOHB@Exception?5in?5?$CFs?5line?5?$CFd?3?6?5?5?$CFs?6?$AA@ 004246e4     lib_gt:gt_exceptions.obj
 0002:00001748       ??_C@_0CL@BEBG@?5?5Header?5is?5now?5too?5large?4?5Skipp@ 00424748     lib_data:gt_exe_analyzer.obj
 0002:00001774       ??_C@_0DD@PGCG@?5?5?5?5Calculated?5new?5size?5of?5heade@ 00424774     lib_data:gt_exe_analyzer.obj
 0002:000017a8       ??_C@_0BN@LJIJ@?5?5Size?5of?5header?5is?5too?5?$CFs?4?6?$AA@ 004247a8     lib_data:gt_exe_analyzer.obj
 0002:000017c8       ??_C@_05PMKF@large?$AA@    004247c8     lib_data:gt_exe_analyzer.obj
 0002:000017d0       ??_C@_05IHCN@small?$AA@    004247d0     lib_data:gt_exe_analyzer.obj
 0002:000017d8       ??_C@_0CF@JHHA@?5?5Found?5COM2EXE?5converter?5from?5?$CC@ 004247d8     lib_data:gt_exe_analyzer.obj
 0002:00001800       ??_C@_0DD@OPMH@?5?5Found?5packer?5?8?$CFs?8?$DL?5version?5in?5@ 00424800     lib_data:gt_exe_analyzer.obj
 0002:00001834       ??_C@_0BF@LKMC@?5?$FLextra?5compression?$FN?$AA@ 00424834     lib_data:gt_exe_analyzer.obj
 0002:0000184c       ??_C@_0BH@BOAD@?5?5Found?5packer?5?8?$CFs?$CFs?8?6?$AA@ 0042484c     lib_data:gt_exe_analyzer.obj
 0002:00001864       ??_C@_0L@NJBM@?$DP?$DP?$DP?5?$CI3?400?$CJ?$AA@ 00424864     lib_data:gt_exe_analyzer.obj
 0002:00001870       ??_C@_0N@FBPJ@3?400?13?401?5PR?$AA@ 00424870     lib_data:gt_exe_analyzer.obj
 0002:00001880       ??_C@_0BF@KHII@?5?5Found?5packer?5?8?$CFs?8?6?$AA@ 00424880     lib_data:gt_exe_analyzer.obj
 0002:00001898       ??_C@_0O@CBFC@?$DP?$DP?$DP?5?$CI3?40x?5PR?$CJ?$AA@ 00424898     lib_data:gt_exe_analyzer.obj
 0002:000018a8       ??_C@_08HPLM@3?405?a?5PR?$AA@ 004248a8     lib_data:gt_exe_analyzer.obj
 0002:000018b4       ??_C@_07JLAG@3?404?5PR?$AA@ 004248b4     lib_data:gt_exe_analyzer.obj
 0002:000018bc       ??_C@_07GBLI@3?403?5PR?$AA@ 004248bc     lib_data:gt_exe_analyzer.obj
 0002:000018c4       ??_C@_07EEOK@3?402?5PR?$AA@ 004248c4     lib_data:gt_exe_analyzer.obj
 0002:000018cc       ??_C@_0N@GIHE@?$DP?$DP?$DP?5?$CI3?40x?5P?$CJ?$AA@ 004248cc     lib_data:gt_exe_analyzer.obj
 0002:000018dc       ??_C@_08CKJC@3?405?a?5PP?$AA@ 004248dc     lib_data:gt_exe_analyzer.obj
 0002:000018e8       ??_C@_08CKFJ@3?405?a?5PU?$AA@ 004248e8     lib_data:gt_exe_analyzer.obj
 0002:000018f4       ??_C@_07CCMN@3?405?a?5P?$AA@ 004248f4     lib_data:gt_exe_analyzer.obj
 0002:000018fc       ??_C@_07MOCI@3?404?5PP?$AA@ 004248fc     lib_data:gt_exe_analyzer.obj
 0002:00001904       ??_C@_07MOOD@3?404?5PU?$AA@ 00424904     lib_data:gt_exe_analyzer.obj
 0002:0000190c       ??_C@_06JINN@3?404?5P?$AA@ 0042490c     lib_data:gt_exe_analyzer.obj
 0002:00001914       ??_C@_07DEJG@3?403?5PP?$AA@ 00424914     lib_data:gt_exe_analyzer.obj
 0002:0000191c       ??_C@_07DEFN@3?403?5PU?$AA@ 0042491c     lib_data:gt_exe_analyzer.obj
 0002:00001924       ??_C@_06CGLM@3?403?5P?$AA@ 00424924     lib_data:gt_exe_analyzer.obj
 0002:0000192c       ??_C@_07BBAP@3?402?5PU?$AA@ 0042492c     lib_data:gt_exe_analyzer.obj
 0002:00001934       ??_C@_06HEKK@3?402?5P?$AA@ 00424934     lib_data:gt_exe_analyzer.obj
 0002:0000193c       ??_C@_07HOPJ@3?401?5PU?$AA@ 0042493c     lib_data:gt_exe_analyzer.obj
 0002:00001944       ??_C@_06ICJB@3?401?5P?$AA@ 00424944     lib_data:gt_exe_analyzer.obj
 0002:0000194c       ??_C@_07FLKL@3?400?5PU?$AA@ 0042494c     lib_data:gt_exe_analyzer.obj
 0002:00001954       ??_C@_06NAIH@3?400?5P?$AA@ 00424954     lib_data:gt_exe_analyzer.obj
 0002:0000195c       ??_C@_0BO@HJGD@?5?5Found?5linker?5?8TLink?5?$CFd?4?$CFd?8?6?$AA@ 0042495c     lib_data:gt_exe_analyzer.obj
 0002:0000197c       ??_C@_0DI@CCJP@Found?5encryptor?5?8Trap?51?42x?8?5?$CIdec@ 0042497c     lib_data:gt_exe_analyzer.obj
 0002:000019b4       ??_C@_04IMNP@?$LEJ?M?$CB?$AA@ 004249b4     lib_data:gt_exe_analyzer.obj
 0002:000019bc       ??_C@_0DJ@CKCN@?5?5Found?5packer?5?8SEA?9AXE?5?$CFs?8?6?5?5?5?5@ 004249bc     lib_data:gt_exe_analyzer.obj
 0002:000019f8       ??_C@_08EJOK@SEA?9AXE?5?$AA@ 004249f8     lib_data:gt_exe_analyzer.obj
 0002:00001a04       ??_C@_0BN@JBPG@?5?5Found?5packer?5?8EXEPack?5?$CFs?8?6?$AA@ 00424a04     lib_data:gt_exe_analyzer.obj
 0002:00001a24       ??_C@_03NMFM@?$DP?$DP?$DP?$AA@ 00424a24     lib_data:gt_exe_analyzer.obj
[...]
 0003:00003b40       ___fastflag                0042fb40     libc:fpinit.obj
 0003:00003b44       __adjust_fdiv              0042fb44     libc:fpinit.obj
 0003:00003b48       __aenvptr                  0042fb48     libc:crt0.obj
 0003:00003b4c       __wenvptr                  0042fb4c     libc:crt0.obj
 0003:00003b50       ___error_mode              0042fb50     libc:crt0.obj
 0003:00003b54       __stdbuf                   0042fb54     libc:_sftbuf.obj
 0003:00003b5c       _errno                     0042fb5c     libc:crt0dat.obj
 0003:00003b60       __doserrno                 0042fb60     libc:crt0dat.obj
 0003:00003b64       __umaskval                 0042fb64     libc:crt0dat.obj
 0003:00003b68       __osver                    0042fb68     libc:crt0dat.obj
 0003:00003b6c       __winver                   0042fb6c     libc:crt0dat.obj
 0003:00003b70       __winmajor                 0042fb70     libc:crt0dat.obj
 0003:00003b74       __winminor                 0042fb74     libc:crt0dat.obj
 0003:00003b78       ___argc                    0042fb78     libc:crt0dat.obj
 0003:00003b7c       ___argv                    0042fb7c     libc:crt0dat.obj
 0003:00003b80       ___wargv                   0042fb80     libc:crt0dat.obj
 0003:00003b84       __environ                  0042fb84     libc:crt0dat.obj
 0003:00003b88       ___initenv                 0042fb88     libc:crt0dat.obj
 0003:00003b8c       __wenviron                 0042fb8c     libc:crt0dat.obj
 0003:00003b90       ___winitenv                0042fb90     libc:crt0dat.obj
 0003:00003b94       __pgmptr                   0042fb94     libc:crt0dat.obj
 0003:00003b98       __wpgmptr                  0042fb98     libc:crt0dat.obj
 0003:00003b9c       __exitflag                 0042fb9c     libc:crt0dat.obj
 0003:00003ba0       __C_Termination_Done       0042fba0     libc:crt0dat.obj
 0003:00003ba4       __C_Exit_Done              0042fba4     libc:crt0dat.obj
 0003:00003ba8       ?_pCurrentException@@3PAUEHExceptionRecord@@A 0042fba8     libc:frame.obj
 0003:00003bac       ?_pCurrentExContext@@3PAU_CONTEXT@@A 0042fbac     libc:frame.obj
 0003:00003bb0       ?__pSETranslator@@3P6AXIPAU_EXCEPTION_POINTERS@@@ZA 0042fbb0     libc:hooks.obj
 0003:00003bb4       ?__pTerminate@@3P6AXXZA    0042fbb4     libc:hooks.obj
 0003:00003bc8       __pxcptinfoptrs            0042fbc8     libc:winxfltr.obj
 0003:00003cd4       __adbgmsg                  0042fcd4     libc:crt0msg.obj
 0003:00003cd8       ?_pnhHeap@@3P6AHI@ZA       0042fcd8     libc:handler.obj
 0003:00003cdc       __newmode                  0042fcdc     libc:_newmode.obj
 0003:00003d28       ___lc_handle               0042fd28     libc:nlsdata2.obj
 0003:00003d40       ___lc_codepage             0042fd40     libc:nlsdata2.obj
 0003:00003d44       ___lc_collate_cp           0042fd44     libc:nlsdata2.obj
 0003:00006664       ?gbNotReadLocalConfigFile@@3HA 00432664     lib_gt:gt_commandlineflags.obj
 0003:00006668       ?gbNotScanFileExtension@@3HA 00432668     lib_gt:gt_commandlineflags.obj
 0003:0000666c       ?gbPE_Imports@@3HA         0043266c     lib_gt:gt_commandlineflags.obj
 0003:00006670       ?gbHelp@@3HA               00432670     lib_gt:gt_commandlineflags.obj
 0003:00006674       ?gbCacheStats@@3HA         00432674     lib_gt:gt_commandlineflags.obj
 0003:00006678       ?gbNoArchives@@3HA         00432678     lib_gt:gt_commandlineflags.obj
 0003:0000667c       ?gnCodeToleranceEXE@@3KA   0043267c     lib_gt:gt_commandlineflags.obj
 0003:00006680       ?gnCodeTolerancePE@@3KA    00432680     lib_gt:gt_commandlineflags.obj
 0003:00006684       ?gbPE_SectionTable@@3HA    00432684     lib_gt:gt_commandlineflags.obj
 0003:00006688       ?gnCodeToleranceNE@@3KA    00432688     lib_gt:gt_commandlineflags.obj
 0003:0000668c       ?gbNotListUnknown@@3HA     0043268c     lib_gt:gt_commandlineflags.obj
 0003:00006690       ?gbPE_All@@3HA             00432690     lib_gt:gt_commandlineflags.obj
 0003:00006694       ?gbListMode@@3HA           00432694     lib_gt:gt_commandlineflags.obj
 0003:00006698       ?gnNumberOfRIFFEntries@@3KA 00432698     lib_gt:gt_commandlineflags.obj
 0003:0000669c       ?gbPE_Exports@@3HA         0043269c     lib_gt:gt_commandlineflags.obj
 0003:000066a0       ?gbNotListIdentified@@3HA  004326a0     lib_gt:gt_commandlineflags.obj
 0003:000066a4       ?gbPE_RessourceStrings@@3HA 004326a4     lib_gt:gt_commandlineflags.obj
 0003:000066a8       ?gbFooter@@3HA             004326a8     lib_gt:gt_commandlineflags.obj
 0003:000066ac       ?gbGTUI2@@3HA              004326ac     lib_gt:gt_commandlineflags.obj
 0003:000066b0       ?gbNotReadGlobalConfigFile@@3HA 004326b0     lib_gt:gt_commandlineflags.obj
 0003:000066b4       ?gbPE_ImportFunctions@@3HA 004326b4     lib_gt:gt_commandlineflags.obj
 0003:000066b8       ?gbNoLogo@@3HA             004326b8     lib_gt:gt_commandlineflags.obj
 0003:000066bc       ?gbWaitAfterLastFile@@3HA  004326bc     lib_gt:gt_commandlineflags.obj
 0003:000066c0       ?gbBufferedIO@@3HA         004326c0     lib_gt:gt_commandlineflags.obj
 0003:000066c4       ?gbXWPG@@3HA               004326c4     lib_gt:gt_commandlineflags.obj
 0003:000066c8       ?gbPE_DataDirectory@@3HA   004326c8     lib_gt:gt_commandlineflags.obj
 0003:000066cc       ?gbPE_Version@@3HA         004326cc     lib_gt:gt_commandlineflags.obj
 0003:000066d0       ?gbPE_Ressources@@3HA      004326d0     lib_gt:gt_commandlineflags.obj
 0003:000066d4       ?gbScanSubfolder@@3HA      004326d4     lib_gt:gt_commandlineflags.obj
 0003:000066d8       ?gnHWND@@3KA               004326d8     lib_gt:gt_commandlineflags.obj
 0003:000066dc       ?gbNotScanFileName@@3HA    004326dc     lib_gt:gt_commandlineflags.obj
 0003:000066e0       ?gnMaxBufferSize@@3KA      004326e0     lib_gt:gt_commandlineflags.obj
 0003:000066e4       ?gbNoColor@@3HA            004326e4     lib_gt:gt_commandlineflags.obj
 0003:000076f0       ?nFileBuffer_CacheHits@@3JA 004336f0     lib_gt:gt_filebuffer.obj
 0003:000076f4       ?nFileBuffer_PartialCacheHits@@3JA 004336f4     lib_gt:gt_filebuffer.obj
 0003:000076f8       ?nFileBuffer_CacheMisses@@3JA 004336f8     lib_gt:gt_filebuffer.obj
 0003:000076fc       ?aCSBI@@3U_CONSOLE_SCREEN_BUFFER_INFO@@A 004336fc     lib_gt:gt_winconsole.obj
 0003:00008798       ?sTemp@@3PADA              00434798     lib_archive:gt_archiver.obj
 0003:000089e0       ?nTotalArchives@GT_ArchiveAnalyzer@@2JA 004349e0     lib_archive:gt_archiver.obj
 0003:000089e4       ?nDamagedArchives@GT_ArchiveAnalyzer@@2JA 004349e4     lib_archive:gt_archiver.obj
 0003:00008a18       __fmode                    00434a18     libc:txtmode.obj
 0003:00008a1c       __commode                  00434a1c     libc:ncommode.obj
 0003:00008a28       ___mbcodepage              00434a28     <common>
 0003:00008a30       ___mbulinfo                00434a30     <common>
 0003:00008a3c       ___ismbcodepage            00434a3c     <common>
 0003:00008a40       __mbcasemap                00434a40     <common>
 0003:00008b40       __mbctype                  00434b40     <common>
 0003:00008c44       ___mblcid                  00434c44     <common>
 0003:00008c48       ___sbh_sizeHeaderList      00434c48     <common>
 0003:00008c4c       ___sbh_indGroupDefer       00434c4c     <common>
 0003:00008c50       ___sbh_pHeaderScan         00434c50     <common>
 0003:00008c54       ___sbh_pHeaderDefer        00434c54     <common>
 0003:00008c58       ___sbh_cntHeaderList       00434c58     <common>
 0003:00008c5c       ___sbh_pHeaderList         00434c5c     <common>
 0003:00008c60       ___sbh_threshold           00434c60     <common>
 0003:00008c64       __crtheap                  00434c64     <common>
 0003:00008c68       ___active_heap             00434c68     <common>
 0003:00008c6c       ___env_initialized         00434c6c     <common>
 0003:00008c70       ___mbctype_initialized     00434c70     <common>
 0003:00008c74       ___onexitend               00434c74     <common>
 0003:00008c78       ___onexitbegin             00434c78     <common>
 0003:00008c80       ___pioinfo                 00434c80     <common>
 0003:00008d80       __nhandle                  00434d80     <common>
 0003:00008d84       __acmdln                   00434d84     <common>
 0003:00008d88       ___piob                    00434d88     <common>
 0003:00008da0       __bufin                    00434da0     <common>
 0003:00009da0       __nstream                  00435da0     <common>

 entry point at        0001:00001f4b

 Static symbols

 0001:000016a0       _GT_EnumWindowsProc@8      004026a0 f   gt_gtui_starter.obj
 0001:00000000       _$E6                       00401000 f   gt_main.obj
 0001:00000020       _$E9                       00401020 f   gt_main.obj
 0001:000004d0       ?HandlerRoutine@@YGHK@Z    004014d0 f   gt_main.obj
 0001:00000510       ?GlobalListFile@@YGHPBDJ@Z 00401510 f   gt_main.obj
 0001:000009d0       ?CheckFilename@@YGHPAVGT_FileBuffer@@@Z 004019d0 f   gt_main.obj
 0001:00000c10       ?GlobalScanDirectory@@YGHPBD0@Z 00401c10 f   gt_main.obj
 0001:00000f70       ?_UpdateConsoleTitle@@YIXXZ 00401f70 f   gt_main.obj
 0001:00000fd0       ?GlobalShowSyntax@@YGXPBD@Z 00401fd0 f   gt_main.obj
 0001:000013c0       ?GlobalCleanUp@@YGXH@Z     004023c0 f   gt_main.obj
 0001:00003304       ?ArrayUnwindFilter@@YAHPAU_EXCEPTION_POINTERS@@@Z 00404304 f   libc:frame.obj
 0001:0001e8b3       _xtoa                      0041f8b3 f   libc:xtoa.obj
 0001:00008165       _strncnt                   00409165 f   libc:a_map.obj
 0001:00007db3       _siglookup                 00408db3 f   libc:winsig.obj
 0001:0000751c       _strtoxl                   0040851c f   libc:strtol.obj
 0001:00007240       LeadUp1                    00408240 f   libc:memcpy.obj
 0001:0000726c       LeadUp2                    0040826c f   libc:memcpy.obj
 0001:00007290       LeadUp3                    00408290 f   libc:memcpy.obj
 0001:0000730f       UnwindUp0                  0040830f f   libc:memcpy.obj
 0001:000072fc       UnwindUp1                  004082fc f   libc:memcpy.obj
 0001:000072f4       UnwindUp2                  004082f4 f   libc:memcpy.obj
 0001:000072ec       UnwindUp3                  004082ec f   libc:memcpy.obj
 0001:000072e4       UnwindUp4                  004082e4 f   libc:memcpy.obj
 0001:000072dc       UnwindUp5                  004082dc f   libc:memcpy.obj
 0001:000072d4       UnwindUp6                  004082d4 f   libc:memcpy.obj
 0001:000072cc       UnwindUp7                  004082cc f   libc:memcpy.obj
 0001:00007328       TrailUp0                   00408328 f   libc:memcpy.obj
 0001:00007330       TrailUp1                   00408330 f   libc:memcpy.obj
 0001:0000733c       TrailUp2                   0040833c f   libc:memcpy.obj
 0001:00007350       TrailUp3                   00408350 f   libc:memcpy.obj
 0001:000073c8       LeadDown1                  004083c8 f   libc:memcpy.obj
 0001:000073e8       LeadDown2                  004083e8 f   libc:memcpy.obj
 0001:00007410       LeadDown3                  00408410 f   libc:memcpy.obj
 0001:00007464       UnwindDown7                00408464 f   libc:memcpy.obj
 0001:0000746c       UnwindDown6                0040846c f   libc:memcpy.obj
 0001:00007474       UnwindDown5                00408474 f   libc:memcpy.obj
 0001:0000747c       UnwindDown4                0040847c f   libc:memcpy.obj
 0001:00007484       UnwindDown3                00408484 f   libc:memcpy.obj
 0001:0000748c       UnwindDown2                0040848c f   libc:memcpy.obj
 0001:00007494       UnwindDown1                00408494 f   libc:memcpy.obj
 0001:000074a7       UnwindDown0                004084a7 f   libc:memcpy.obj
 0001:000074c0       TrailDown0                 004084c0 f   libc:memcpy.obj
 0001:000074c8       TrailDown1                 004084c8 f   libc:memcpy.obj
 0001:000074d8       TrailDown2                 004084d8 f   libc:memcpy.obj
 0001:000074ec       TrailDown3                 004084ec f   libc:memcpy.obj
 0001:00006f83       _getSystemCP               00407f83 f   libc:mbctype.obj
 0001:00006fcd       _CPtoLCID                  00407fcd f   libc:mbctype.obj
 0001:00007000       _setSBCS                   00408000 f   libc:mbctype.obj
 0001:00007029       _setSBUpLow                00408029 f   libc:mbctype.obj
 0001:00006517       __abstract_cw              00407517 f   libc:ieee87.obj
 0001:000065a9       __hw_cw                    004075a9 f   libc:ieee87.obj
 0001:000061f0       LeadUp1                    004071f0 f   libc:memmove.obj
 0001:0000621c       LeadUp2                    0040721c f   libc:memmove.obj
 0001:00006240       LeadUp3                    00407240 f   libc:memmove.obj
 0001:000062bf       UnwindUp0                  004072bf f   libc:memmove.obj
 0001:000062ac       UnwindUp1                  004072ac f   libc:memmove.obj
 0001:000062a4       UnwindUp2                  004072a4 f   libc:memmove.obj
 0001:0000629c       UnwindUp3                  0040729c f   libc:memmove.obj
 0001:00006294       UnwindUp4                  00407294 f   libc:memmove.obj
 0001:0000628c       UnwindUp5                  0040728c f   libc:memmove.obj
 0001:00006284       UnwindUp6                  00407284 f   libc:memmove.obj
 0001:0000627c       UnwindUp7                  0040727c f   libc:memmove.obj
 0001:000062d8       TrailUp0                   004072d8 f   libc:memmove.obj
 0001:000062e0       TrailUp1                   004072e0 f   libc:memmove.obj
 0001:000062ec       TrailUp2                   004072ec f   libc:memmove.obj
 0001:00006300       TrailUp3                   00407300 f   libc:memmove.obj
 0001:00006378       LeadDown1                  00407378 f   libc:memmove.obj
 0001:00006398       LeadDown2                  00407398 f   libc:memmove.obj
 0001:000063c0       LeadDown3                  004073c0 f   libc:memmove.obj
 0001:00006414       UnwindDown7                00407414 f   libc:memmove.obj
 0001:0000641c       UnwindDown6                0040741c f   libc:memmove.obj
 0001:00006424       UnwindDown5                00407424 f   libc:memmove.obj
 0001:0000642c       UnwindDown4                0040742c f   libc:memmove.obj
 0001:00006434       UnwindDown3                00407434 f   libc:memmove.obj
 0001:0000643c       UnwindDown2                0040743c f   libc:memmove.obj
 0001:00006444       UnwindDown1                00407444 f   libc:memmove.obj
 0001:00006457       UnwindDown0                00407457 f   libc:memmove.obj
 0001:00006470       TrailDown0                 00407470 f   libc:memmove.obj
 0001:00006478       TrailDown1                 00407478 f   libc:memmove.obj
 0001:00006488       TrailDown2                 00407488 f   libc:memmove.obj
 0001:0000649c       TrailDown3                 0040749c f   libc:memmove.obj
 0001:00004095       _parse_cmdline             00405095 f   libc:stdargv.obj
 0001:00003f00       _xcptlookup                00404f00 f   libc:winxfltr.obj
 0001:00003c0c       __cftoe_g                  00404c0c f   libc:cvt.obj
 0001:00003c33       __cftof_g                  00404c33 f   libc:cvt.obj
 0001:00003ca7       __shift                    00404ca7 f   libc:cvt.obj
 0001:00002fba       ?FindHandler@@YAXPAUEHExceptionRecord@@PAUEHRegistrationNode@@PAU_CONTEXT@@PAXPBU_s_FuncInfo@@EH1@Z 00403fba f   libc:frame.obj
 0001:00003161       ?FindHandlerForForeignException@@YAXPAUEHExceptionRecord@@PAUEHRegistrationNode@@PAU_CONTEXT@@PAXPBU_s_FuncInfo@@HH1@Z 00404161 f   libc:frame.obj
 0001:00003209       ?TypeMatch@@YAHPBU_s_HandlerType@@PBU_s_CatchableType@@PBU_s_ThrowInfo@@@Z 00404209 f   libc:frame.obj
 0001:00003304       ?FrameUnwindFilter@@YAHPAU_EXCEPTION_POINTERS@@@Z 00404304 f   libc:frame.obj
 0001:0000331a       ?CatchIt@@YAXPAUEHExceptionRecord@@PAUEHRegistrationNode@@PAU_CONTEXT@@PAXPBU_s_FuncInfo@@PBU_s_HandlerType@@PBU_s_CatchableType@@PBU_s_TryBlockMapEntry@@H1E@Z 0040431a f   libc:frame.obj
 0001:00003395       ?CallCatchBlock@@YAPAXPAUEHExceptionRecord@@PAUEHRegistrationNode@@PAU_CONTEXT@@PBU_s_FuncInfo@@PAXHK@Z 00404395 f   libc:frame.obj
 0001:000034a1       ?ExFilterRethrow@@YAHPAU_EXCEPTION_POINTERS@@@Z 004044a1 f   libc:frame.obj
 0001:000034cb       ?BuildCatchObject@@YAXPAUEHExceptionRecord@@PAUEHRegistrationNode@@PBU_s_HandlerType@@PBU_s_CatchableType@@@Z 004044cb f   libc:frame.obj
 0001:000036f6       ?AdjustPointer@@YAPAXPAXABUPMD@@@Z 004046f6 f   libc:frame.obj
 0001:00002eb2       _flsall                    00403eb2 f   libc:fflush.obj
 0001:00002d5f       _doexit                    00403d5f f   libc:crt0dat.obj
 0001:00002df8       __initterm                 00403df8 f   libc:crt0dat.obj
 0001:000028c9       _write_char                004038c9 f   libc:output.obj
 0001:000028fe       _write_multi_char          004038fe f   libc:output.obj
 0001:0000292f       _write_string              0040392f f   libc:output.obj
 0001:00002967       _get_int_arg               00403967 f   libc:output.obj
 0001:00002974       _get_int64_arg             00403974 f   libc:output.obj
 0001:00002984       _get_short_arg             00403984 f   libc:output.obj
 0001:0000204f       _fast_error_exit           0040304f f   libc:crt0.obj
 0001:00001e8b       __getextendedkeycode       00402e8b f   libc:getch.obj
 0001:00001ca8       _gu_return                 00402ca8 f   libc:exsup.obj
 0001:00001cb0       __unwind_handler           00402cb0 f   libc:exsup.obj
 0001:00001a74       ?CatchGuardHandler@@YA?AW4_EXCEPTION_DISPOSITION@@PAUEHExceptionRecord@@PAUCatchGuardRN@@PAX2@Z 00402a74 f   libc:trnsctrl.obj
 0001:00001b4d       ?TranslatorGuardHandler@@YA?AW4_EXCEPTION_DISPOSITION@@PAUEHExceptionRecord@@PAUTranslatorGuardRN@@PAX2@Z 00402b4d f   libc:trnsctrl.obj
 0001:000099b0       _$E6                       0040a9b0 f   lib_gt:gt_output.obj
 0001:000099d0       _$E4                       0040a9d0 f   lib_gt:gt_output.obj
 0001:000099e0       _$E11                      0040a9e0 f   lib_gt:gt_output.obj
 0001:00009a10       _$E9                       0040aa10 f   lib_gt:gt_output.obj
 0001:00009cb0       ?_report2hwnd@@YGXPBDPAPAD@Z 0040acb0 f   lib_gt:gt_output.obj
 0001:00009d70       ?_out_string@@YGXAAVPString@@@Z 0040ad70 f   lib_gt:gt_output.obj
 0001:00009ed0       ?_out_append@@YGXPBDHW4GT_Color@@@Z 0040aed0 f   lib_gt:gt_output.obj
 0001:0000a670       _$E14                      0040b670 f   lib_gt:gt_output.obj
 0001:0000d4f0       _$E6                       0040e4f0 f   lib_data:gt_generic.obj
 0001:0000d510       _$E4                       0040e510 f   lib_data:gt_generic.obj
 0001:00012a90       ?GetInfo_GIF@@YIXPAVGT_FileBuffer@@AAVPString@@@Z 00413a90 f   lib_data:gt_generic.obj
 0001:00012e70       ?GetInfo_GRP@@YIXPAVGT_FileBuffer@@AAVPString@@@Z 00413e70 f   lib_data:gt_generic.obj
 0001:00012f40       ?GetInfo_HeadText@@YIXPAVGT_FileBuffer@@AAVPString@@@Z 00413f40 f   lib_data:gt_generic.obj
 0001:00013000       ?GetInfo_IFF@@YIXPAVGT_FileBuffer@@AAVPString@@@Z 00414000 f   lib_data:gt_generic.obj
 0001:000130d0       ?_SubIFF@@YIPBDPBJ@Z       004140d0 f   lib_data:gt_generic.obj
 0001:000133d0       ?GetInfo_ImpulseTracker@@YIXPAVGT_FileBuffer@@AAVPString@@@Z 004143d0 f   lib_data:gt_generic.obj
 0001:000134a0       ?GetInfo_MP3TAG@@YI?AVPString@@PAVGT_FileBuffer@@@Z 004144a0 f   lib_data:gt_generic.obj
 0001:00013790       ?GetInfo_VOC@@YIXPAVGT_FileBuffer@@AAVPString@@@Z 00414790 f   lib_data:gt_generic.obj
 0001:0000c5e0       ?_PKLite@@YIXPAU_EXEEntry@@PAEPAVGT_FileBuffer@@@Z 0040d5e0 f   lib_data:gt_exe_analyzer.obj
 0001:0000c740       ?_WWPack300PR@@YIXPAU_EXEEntry@@PAEPAVGT_FileBuffer@@@Z 0040d740 f   lib_data:gt_exe_analyzer.obj
 0001:0000c770       ?_WWPack30xPR@@YIXPAU_EXEEntry@@PAEPAVGT_FileBuffer@@@Z 0040d770 f   lib_data:gt_exe_analyzer.obj
 0001:0000c850       ?_WWPack30xP@@YIXPAU_EXEEntry@@PAEPAVGT_FileBuffer@@@Z 0040d850 f   lib_data:gt_exe_analyzer.obj

 167 bytes saved through ICF

