 gt2

 Timestamp is 3a64049d (Tue Jan 16 09:21:49 2001)

 Preferred load address is 00400000

 Start         Length     Name                   Class
 0001:00000000 0001fa90H .text                   CODE
 0001:0001fa90 00000cd2H .text$x                 CODE
 0002:00000000 00000198H .idata$5                DATA
 0002:00000198 00006907H .rdata                  DATA
 0002:00006aa0 00000044H .rdata$r                DATA
 0002:00006ae4 000011dcH .xdata$x                DATA
 0002:00007cc0 00000050H .idata$2                DATA
 0002:00007d10 00000014H .idata$3                DATA
 0002:00007d24 00000198H .idata$4                DATA
 0002:00007ebc 00000726H .idata$6                DATA
 0002:000085e2 00000000H .edata                  DATA
 0003:00000000 00000004H .CRT$XCA                DATA
 0003:00000004 00000014H .CRT$XCU                DATA
 0003:00000018 00000004H .CRT$XCZ                DATA
 0003:0000001c 00000004H .CRT$XIA                DATA
 0003:00000020 00000010H .CRT$XIC                DATA
 0003:00000030 00000004H .CRT$XIY                DATA
 0003:00000034 00000004H .CRT$XIZ                DATA
 0003:00000038 00000004H .CRT$XPA                DATA
 0003:0000003c 00000008H .CRT$XPX                DATA
 0003:00000044 00000004H .CRT$XPZ                DATA
 0003:00000048 00000004H .CRT$XTA                DATA
 0003:0000004c 00000004H .CRT$XTB                DATA
 0003:00000050 00000004H .CRT$XTZ                DATA
 0003:00000060 00003714H .data                   DATA
 0003:00003778 0000568cH .bss                    DATA

  Address         Publics by Value              Rva+Base     Lib:Object

 0001:00000040       _main                      00401040 f   gt_main.obj
 0001:00000450       ?resize@PHeap@@UAGXH@Z     00401450 f i gt_main.obj
 0001:00000470       ??_EPHeap@@UAEPAXI@Z       00401470 f i gt_main.obj
 0001:00000470       ??_GPHeap@@UAEPAXI@Z       00401470 f i gt_main.obj
 0001:000004a0       ??1PString@@UAE@XZ         004014a0 f i gt_main.obj
 0001:000004a0       ??1PExtendedHeap@@UAE@XZ   004014a0 f i gt_main.obj
 0001:00000930       ??0PHeap@@QAE@XZ           00401930 f i gt_main.obj
 0001:00000950       ??_EPString@@UAEPAXI@Z     00401950 f i gt_main.obj
 0001:00000950       ??_GPString@@UAEPAXI@Z     00401950 f i gt_main.obj
 0001:00000950       ??_EPExtendedHeap@@UAEPAXI@Z 00401950 f i gt_main.obj
 0001:00000950       ??_GPExtendedHeap@@UAEPAXI@Z 00401950 f i gt_main.obj
 0001:00000ce0       ??0PExtendedHeap@@QAE@H@Z  00401ce0 f i gt_main.obj
 0001:00000d00       ??_EPFileSearch@@UAEPAXI@Z 00401d00 f i gt_main.obj
 0001:00000d00       ??_GPFileSearch@@UAEPAXI@Z 00401d00 f i gt_main.obj
 0001:00001330       @StartGTUI2@0              00402330 f   gt_gtui_starter.obj
 0001:000014b0       _strchr                    004024b0 f   libc:strchr.obj
 0001:000014b6       ___from_strstr_to_strchr   004024b6 f   libc:strchr.obj
 0001:0000156c       _sprintf                   0040256c f   libc:sprintf.obj
 0001:000015be       _fprintf                   004025be f   libc:fprintf.obj
 0001:000015f0       ___initstdio               004025f0 f   libc:_file.obj
 0001:00001695       ___endstdio                00402695 f   libc:_file.obj
 0001:000016a9       ?_JumpToContinuation@@YGXPAXPAUEHRegistrationNode@@@Z 004026a9 f   libc:trnsctrl.obj
 0001:000016dd       ?_CallMemberFunction1@@YGXPAX00@Z 004026dd f   libc:trnsctrl.obj
 0001:000016dd       ?_CallMemberFunction0@@YGXPAX0@Z 004026dd f   libc:trnsctrl.obj
 0001:000016e4       ?_CallMemberFunction2@@YGXPAX00H@Z 004026e4 f   libc:trnsctrl.obj
 0001:000016eb       ?_UnwindNestedFrames@@YGXPAUEHRegistrationNode@@PAUEHExceptionRecord@@@Z 004026eb f   libc:trnsctrl.obj
 0001:0000173a       ___CxxFrameHandler         0040273a f   libc:trnsctrl.obj
 0001:00001770       ?_CallCatchBlock2@@YAPAXPAUEHRegistrationNode@@PBU_s_FuncInfo@@PAXHK@Z 00402770 f   libc:trnsctrl.obj
 0001:000017e9       ?_CallSETranslator@@YAHPAUEHExceptionRecord@@PAUEHRegistrationNode@@PAX2PBU_s_FuncInfo@@H1@Z 004027e9 f   libc:trnsctrl.obj
 0001:00001912       ?_GetRangeOfTrysToCheck@@YAPBU_s_TryBlockMapEntry@@PBU_s_FuncInfo@@HHPAI1@Z 00402912 f   libc:trnsctrl.obj
 0001:0000198d       __fpmath                   0040298d f   libc:fpinit.obj
 0001:000019a4       __fpclear                  004029a4 f   libc:fpinit.obj
 0001:000019a5       __cfltcvt_init             004029a5 f   libc:fpinit.obj
 0001:000019e0       __global_unwind2           004029e0 f   libc:exsup.obj
 0001:00001a22       __local_unwind2            00402a22 f   libc:exsup.obj
 0001:00001a7a       __NLG_Return2              00402a7a f   libc:exsup.obj
 0001:00001a8a       __abnormal_termination     00402a8a f   libc:exsup.obj
 0001:00001aad       __NLG_Notify1              00402aad f   libc:exsup.obj
 0001:00001ab6       __NLG_Notify               00402ab6 f   libc:exsup.obj
 0001:00001ac9       __NLG_Dispatch             00402ac9 f   libc:exsup.obj
 0001:00001ace       ??3@YAXPAX@Z               00402ace f   libc:delete.obj
 0001:00001ad9       _printf                    00402ad9 f   libc:printf.obj
 0001:00001b0a       __getch                    00402b0a f   libc:getch.obj
 0001:00001c9b       _mainCRTStartup            00402c9b f   libc:crt0.obj
 0001:00001d7a       __amsg_exit                00402d7a f   libc:crt0.obj
 0001:00001dc3       __flsbuf                   00402dc3 f   libc:_flsbuf.obj
 0001:00001ed8       __output                   00402ed8 f   libc:output.obj
 0001:000026e2       __stbuf                    004036e2 f   libc:_sftbuf.obj
 0001:0000276f       __ftbuf                    0040376f f   libc:_sftbuf.obj
 0001:000027ac       __ioinit                   004037ac f   libc:ioinit.obj
 0001:00002957       _calloc                    00403957 f   libc:calloc.obj
 0001:00002a08       __fcloseall                00403a08 f   libc:closeall.obj
 0001:00002a60       __cinit                    00403a60 f   libc:crt0dat.obj
 0001:00002a8d       _exit                      00403a8d f   libc:crt0dat.obj
 0001:00002a9e       __exit                     00403a9e f   libc:crt0dat.obj
 0001:00002b62       _fflush                    00403b62 f   libc:fflush.obj
 0001:00002b9d       __flush                    00403b9d f   libc:fflush.obj
 0001:00002bf9       __flushall                 00403bf9 f   libc:fflush.obj
 0001:00002c6f       ___InternalCxxFrameHandler 00403c6f f   libc:frame.obj
 0001:00002fb6       ___FrameUnwindToState      00403fb6 f   libc:frame.obj
 0001:000033df       ?_DestructExceptionObject@@YAXPAUEHExceptionRecord@@E@Z 004043df f   libc:frame.obj
 0001:00003470       __CallSettingFrame@12      00404470 f   libc:lowhelpr.obj
 0001:00003497       __NLG_Return               00404497 f   libc:lowhelpr.obj
 0001:000034bc       ?terminate@@YAXXZ          004044bc f   libc:hooks.obj
 0001:00003512       ?_inconsistency@@YAXXZ     00404512 f   libc:hooks.obj
 0001:00003568       __setdefaultprecision      00404568 f   libc:fp8.obj
 0001:0000357a       __ms_p5_test_fdiv          0040457a f   libc:testfdiv.obj
 0001:000035b8       __ms_p5_mp_test_fdiv       004045b8 f   libc:testfdiv.obj
 0001:000035e1       __forcdecpt                004045e1 f   libc:cvt.obj
 0001:0000363b       __cropzeros                0040463b f   libc:cvt.obj
 0001:00003689       __positive                 00404689 f   libc:cvt.obj
 0001:000036a1       __fassign                  004046a1 f   libc:cvt.obj
 0001:000036df       __cftoe                    004046df f   libc:cvt.obj
 0001:000037e3       __cftof                    004047e3 f   libc:cvt.obj
 0001:000038c1       __cftog                    004048c1 f   libc:cvt.obj
 0001:000039a6       __cfltcvt                  004049a6 f   libc:cvt.obj
 0001:00003a1c       _free                      00404a1c f   libc:free.obj
 0001:00003a85       ___initconin               00404a85 f   libc:initcon.obj
 0001:00003aa4       ___termcon                 00404aa4 f   libc:initcon.obj
 0001:00003ae0       __chkstk                   00404ae0 f   libc:chkstk.obj
 0001:00003ae0       __alloca_probe             00404ae0 f   libc:chkstk.obj
 0001:00003b0f       __XcptFilter               00404b0f f   libc:winxfltr.obj
 0001:00003c93       __setenvp                  00404c93 f   libc:stdenvp.obj
 0001:00003d4c       __setargv                  00404d4c f   libc:stdargv.obj
 0001:00003f99       ___crtGetEnvironmentStringsA 00404f99 f   libc:a_env.obj
 0001:000040cb       __GetLinkerVersion         004050cb f   libc:heapinit.obj
 0001:000040f8       ___heap_select             004050f8 f   libc:heapinit.obj
 0001:00004240       __heap_init                00405240 f   libc:heapinit.obj
 0001:000042a8       __except_handler3          004052a8 f   libc:exsup3.obj
 0001:00004365       __seh_longjmp_unwind@4     00405365 f   libc:exsup3.obj
 0001:00004380       __FF_MSGBANNER             00405380 f   libc:crt0msg.obj
 0001:000043b9       __NMSG_WRITE               004053b9 f   libc:crt0msg.obj
 0001:0000450c       __lseek                    0040550c f   libc:lseek.obj
 0001:000045a6       __write                    004055a6 f   libc:write.obj
 0001:00004753       __getbuf                   00405753 f   libc:_getbuf.obj
 0001:00004797       __isatty                   00405797 f   libc:isatty.obj
 0001:000047c0       _strlen                    004057c0 f   libc:strlen.obj
 0001:0000483b       _wctomb                    0040583b f   libc:wctomb.obj
 0001:000048b0       __aulldiv                  004058b0 f   libc:ulldiv.obj
 0001:00004920       __aullrem                  00405920 f   libc:ullrem.obj
 0001:00004995       _malloc                    00405995 f   libc:malloc.obj
 0001:000049a7       __nh_malloc                004059a7 f   libc:malloc.obj
 0001:000049d3       __heap_alloc               004059d3 f   libc:malloc.obj
 0001:00004a50       _memset                    00405a50 f   libc:memset.obj
 0001:00004aa8       __callnewh                 00405aa8 f   libc:handler.obj
 0001:00004ac3       ___sbh_heap_init           00405ac3 f   libc:sbheap.obj
 0001:00004b0b       ___sbh_find_block          00405b0b f   libc:sbheap.obj
 0001:00004b36       ___sbh_free_block          00405b36 f   libc:sbheap.obj
 0001:00004e5f       ___sbh_alloc_block         00405e5f f   libc:sbheap.obj
 0001:00005168       ___sbh_alloc_new_region    00406168 f   libc:sbheap.obj
 0001:00005219       ___sbh_alloc_new_group     00406219 f   libc:sbheap.obj
 0001:00005314       ___sbh_resize_block        00406314 f   libc:sbheap.obj
 0001:0000560a       ___old_sbh_new_region      0040660a f   libc:sbheap.obj
 0001:0000574e       ___old_sbh_release_region  0040674e f   libc:sbheap.obj
 0001:000057a4       ___old_sbh_decommit_pages  004067a4 f   libc:sbheap.obj
 0001:00005866       ___old_sbh_find_block      00406866 f   libc:sbheap.obj
 0001:000058bd       ___old_sbh_free_block      004068bd f   libc:sbheap.obj
 0001:00005902       ___old_sbh_alloc_block     00406902 f   libc:sbheap.obj
 0001:00005b0a       ___old_sbh_alloc_block_from_page 00406b0a f   libc:sbheap.obj
 0001:00005c2e       ___old_sbh_resize_block    00406c2e f   libc:sbheap.obj
 0001:00005cd7       _fclose                    00406cd7 f   libc:fclose.obj
 0001:00005d2d       __commit                   00406d2d f   libc:commit.obj
 0001:00005d84       ?__CxxUnhandledExceptionFilter@@YGJPAU_EXCEPTION_POINTERS@@@Z 00406d84 f   libc:unhandld.obj
 0001:00005dca       ?__CxxSetUnhandledExceptionFilter@@YAXXZ 00406dca f   libc:unhandld.obj
 0001:00005ddb       ?__CxxRestoreUnhandledExceptionFilter@@YAXXZ 00406ddb f   libc:unhandld.obj
 0001:00005de8       ?_ValidateRead@@YAHPBXI@Z  00406de8 f   libc:validate.obj
 0001:00005e04       ?_ValidateWrite@@YAHPAXI@Z 00406e04 f   libc:validate.obj
 0001:00005e20       ?_ValidateExecute@@YAHP6GHXZ@Z 00406e20 f   libc:validate.obj
 0001:00005e40       _strcmp                    00406e40 f   libc:strcmp.obj
 0001:00005ed0       _memmove                   00406ed0 f   libc:memmove.obj
 0001:00006205       _abort                     00407205 f   libc:abort.obj
 0001:0000621c       __control87                0040721c f   libc:ieee87.obj
 0001:00006251       __controlfp                00407251 f   libc:ieee87.obj
 0001:00006382       __isctype                  00407382 f   libc:isctype.obj
 0001:000063f7       _tolower                   004073f7 f   libc:tolower.obj
 0001:000064c2       __ZeroTail                 004074c2 f   libc:intrncvt.obj
 0001:0000650b       __IncMan                   0040750b f   libc:intrncvt.obj
 0001:00006561       __RoundMan                 00407561 f   libc:intrncvt.obj
 0001:000065ed       __CopyMan                  004075ed f   libc:intrncvt.obj
 0001:00006608       __FillZeroMan              00407608 f   libc:intrncvt.obj
 0001:00006614       __IsZeroMan                00407614 f   libc:intrncvt.obj
 0001:0000662f       __ShrMan                   0040762f f   libc:intrncvt.obj
 0001:000066bc       __ld12cvt                  004076bc f   libc:intrncvt.obj
 0001:00006828       __ld12tod                  00407828 f   libc:intrncvt.obj
 0001:0000683e       __ld12tof                  0040783e f   libc:intrncvt.obj
 0001:00006854       __atodbl                   00407854 f   libc:intrncvt.obj
 0001:00006881       __atoflt                   00407881 f   libc:intrncvt.obj
 0001:000068b0       _strcpy                    004078b0 f   libc:strcat.obj
 0001:000068c0       _strcat                    004078c0 f   libc:strcat.obj
 0001:000069a0       __fptostr                  004079a0 f   libc:_fptostr.obj
 0001:00006a17       __fltout                   00407a17 f   libc:cfout.obj
 0001:00006a7b       ___dtold                   00407a7b f   libc:cfout.obj
 0001:00006b31       __fptrap                   00407b31 f   libc:crt0fp.obj
 0001:00006b3a       __setmbcp                  00407b3a f   libc:mbctype.obj
 0001:00006efe       ___initmbctable            00407efe f   libc:mbctype.obj
 0001:00006f20       _memcpy                    00407f20 f   libc:memcpy.obj
 0001:00007255       _strtol                    00408255 f   libc:strtol.obj
 0001:00007480       _strstr                    00408480 f   libc:strstr.obj
 0001:00007500       _strncmp                   00408500 f   libc:strncmp.obj
 0001:00007538       ___crtMessageBoxA          00408538 f   libc:crtmbox.obj
 0001:000075d0       _strncpy                   004085d0 f   libc:strncpy.obj
 0001:000076ce       __dosmaperr                004086ce f   libc:dosmap.obj
 0001:00007735       __alloc_osfhnd             00408735 f   libc:osfinfo.obj
 0001:000077ca       __set_osfhnd               004087ca f   libc:osfinfo.obj
 0001:00007841       __free_osfhnd              00408841 f   libc:osfinfo.obj
 0001:000078bb       __get_osfhandle            004088bb f   libc:osfinfo.obj
 0001:000078f8       __close                    004088f8 f   libc:close.obj
 0001:000079ab       __freebuf                  004089ab f   libc:_freebuf.obj
 0001:000079d6       _raise                     004089d6 f   libc:winsig.obj
 0001:00007b48       ___crtGetStringTypeA       00408b48 f   libc:a_str.obj
 0001:00007c91       ___crtLCMapStringA         00408c91 f   libc:a_map.obj
 0001:00007ee0       ___addl                    00408ee0 f   libc:mantold.obj
 0001:00007f01       ___add_12                  00408f01 f   libc:mantold.obj
 0001:00007f5f       ___shl_12                  00408f5f f   libc:mantold.obj
 0001:00007f8d       ___shr_12                  00408f8d f   libc:mantold.obj
 0001:00007fba       ___mtold12                 00408fba f   libc:mantold.obj
 0001:00008081       ___strgtold12              00409081 f   libc:strgtold.obj
 0001:00008552       _$I10_OUTPUT               00409552 f   libc:x10fout.obj
 0001:000087e5       _toupper                   004097e5 f   libc:toupper.obj
 0001:000088b1       ___ld12mul                 004098b1 f   libc:tenpow.obj
 0001:00008ad1       ___multtenpow12            00409ad1 f   libc:tenpow.obj
 0001:00008b50       ?clear@PHeap@@UAGXXZ       00409b50 f   plib:pdynamicheap.obj
 0001:00008b70       ?_resize@PHeap@@IAGXH@Z    00409b70 f   plib:pdynamicheap.obj
 0001:00008ba0       ?clear@PExtendedHeap@@UAGXXZ 00409ba0 f   plib:pdynamicheap.obj
 0001:00008bc0       ?resize@PExtendedHeap@@UAGXH@Z 00409bc0 f   plib:pdynamicheap.obj
 0001:00008c00       ?set@PExtendedHeap@@QAGXPBDHH@Z 00409c00 f   plib:pdynamicheap.obj
 0001:00008c40       ??0PString@@QAE@PBD@Z      00409c40 f   plib:pstring.obj
 0001:00008cd0       ??0PString@@QAE@PBDH@Z     00409cd0 f   plib:pstring.obj
 0001:00008d60       ??0PString@@QAE@ABV0@@Z    00409d60 f   plib:pstring.obj
 0001:00008de0       ?EraseTrailingChars@PString@@QAGXD@Z 00409de0 f   plib:pstring.obj
 0001:00008e20       ?buf@PString@@QBGPADXZ     00409e20 f   plib:pstring.obj
 0001:00008e30       ?ToLower@PString@@QAGXXZ   00409e30 f   plib:pstring.obj
 0001:00008e60       ?at@PString@@QAGAADH@Z     00409e60 f   plib:pstring.obj
 0001:00008e70       ?alloc@PString@@QAGXH@Z    00409e70 f   plib:pstring.obj
 0001:00008ea0       ?checkalloc@PString@@QAGXXZ 00409ea0 f   plib:pstring.obj
 0001:00008ee0       ?del_first@PString@@QAGXH@Z 00409ee0 f   plib:pstring.obj
 0001:00008f10       ?del_last@PString@@QAGXH@Z 00409f10 f   plib:pstring.obj
 0001:00008f40       ?keep_first@PString@@QAGXH@Z 00409f40 f   plib:pstring.obj
 0001:00008f60       ?replace_all@PString@@QAGHHH@Z 00409f60 f   plib:pstring.obj
 0001:00008fa0       ??4PString@@QAEAAV0@D@Z    00409fa0 f   plib:pstring.obj
 0001:00008fd0       ??4PString@@QAEAAV0@PBD@Z  00409fd0 f   plib:pstring.obj
 0001:00009030       ??4PString@@QAEAAV0@ABV0@@Z 0040a030 f   plib:pstring.obj
 0001:00009070       ??YPString@@QAEXD@Z        0040a070 f   plib:pstring.obj
 0001:000090b0       ?_append_charptr@PString@@AAEXPBDI@Z 0040a0b0 f   plib:pstring.obj
 0001:00009100       ??YPString@@QAEXPBD@Z      0040a100 f   plib:pstring.obj
 0001:00009160       ??YPString@@QAEXABV0@@Z    0040a160 f   plib:pstring.obj
 0001:000091b0       ??YPString@@QAEXH@Z        0040a1b0 f   plib:pstring.obj
 0001:00009210       ??YPString@@QAEXJ@Z        0040a210 f   plib:pstring.obj
 0001:00009270       ??YPString@@QAEXK@Z        0040a270 f   plib:pstring.obj
 0001:000092d0       ?Set@PString@@QAGXPBDI@Z   0040a2d0 f   plib:pstring.obj
 0001:00009310       ?AppendMax@PString@@QAGXPBDI@Z 0040a310 f   plib:pstring.obj
 0001:00009370       ?AppendFormat@PString@@QAAXPBDZZ 0040a370 f   plib:pstring.obj
 0001:000093d0       ?Append@PString@@QAGXNPBD@Z 0040a3d0 f   plib:pstring.obj
 0001:00009440       ?Append@PString@@QAGXHPBD@Z 0040a440 f   plib:pstring.obj
 0001:000094b0       ?Start@PTimer@@QAEXXZ      0040a4b0 f   plib:ptimer.obj
 0001:000094d0       ?Stop@PTimer@@QAEXXZ       0040a4d0 f   plib:ptimer.obj
 0001:000094f0       ?PError_ShowErrorMessage@@YAXPBDZZ 0040a4f0 f   plib:perror.obj
 0001:00009540       ?PError_ShowWin32Error@@YGXPBD@Z 0040a540 f   plib:perror.obj
 0001:000095b0       ?PError_ShowWin32Error@@YGXKPBD@Z 0040a5b0 f   plib:perror.obj
 0001:00009620       ??1PFileSearch@@UAE@XZ     0040a620 f   plib:pfilesearch.obj
 0001:00009650       ?FindFirst@PFileSearch@@QAEXPBD@Z 0040a650 f   plib:pfilesearch.obj
 0001:000096b0       ?FindNext@PFileSearch@@QAEXXZ 0040a6b0 f   plib:pfilesearch.obj
 0001:000096e0       ?FindClose@PFileSearch@@QAEXXZ 0040a6e0 f   plib:pfilesearch.obj
 0001:00009710       ?GetFilename@PFileSearch@@QBEPBDXZ 0040a710 f   plib:pfilesearch.obj
 0001:00009740       ?IsDirectory@PFileSearch@@QBEHXZ 0040a740 f   plib:pfilesearch.obj
 0001:00009810       ?out_init_listmode@@YGXH@Z 0040a810 f   lib_gt:gt_output.obj
 0001:00009820       ?out_init_all@@YGXHHJ@Z    0040a820 f   lib_gt:gt_output.obj
 0001:00009840       ?out_flush@@YGXXZ          0040a840 f   lib_gt:gt_output.obj
 0001:00009c60       ?out_append@@YGXPBD@Z      0040ac60 f   lib_gt:gt_output.obj
 0001:00009ed0       ??0GT_OutputMember@@QAE@ABV0@@Z 0040aed0 f i lib_gt:gt_output.obj
 0001:00009ef0       ?out_append@@YGXPBDW4GT_Color@@@Z 0040aef0 f   lib_gt:gt_output.obj
 0001:00009f20       ?out_append@@YGXABVPString@@@Z 0040af20 f   lib_gt:gt_output.obj
 0001:00009f40       ?out_append@@YGXABVPString@@W4GT_Color@@@Z 0040af40 f   lib_gt:gt_output.obj
 0001:00009f70       ?out_format@@YAXPBDZZ      0040af70 f   lib_gt:gt_output.obj
 0001:0000a110       ?out_color_format@@YAXW4GT_Color@@PBDZZ 0040b110 f   lib_gt:gt_output.obj
 0001:0000a380       ?out_title@@YGXPBD@Z       0040b380 f   lib_gt:gt_output.obj
 0001:0000a420       ??0PString@@QAE@XZ         0040b420 f i lib_gt:gt_output.obj
 0001:0000a460       ?out_filename@@YGXPAVGT_FileBuffer@@@Z 0040b460 f   lib_gt:gt_output.obj
 0001:0000a5a0       ?element@Cursor@?$GT_Sequence@VGT_OutputMember@@@@UAEABVGT_OutputMember@@XZ 0040b5a0 f i lib_gt:gt_output.obj
 0001:0000a5a0       ?firstElement@?$GT_Sequence@VGT_OutputMember@@@@QAEAAVGT_OutputMember@@XZ 0040b5a0 f i lib_gt:gt_output.obj
 0001:0000a5b0       ?setFirst@Cursor@?$GT_Sequence@VGT_OutputMember@@@@UAEXXZ 0040b5b0 f i lib_gt:gt_output.obj
 0001:0000a5c0       ?setNext@Cursor@?$GT_Sequence@VGT_OutputMember@@@@UAEXXZ 0040b5c0 f i lib_gt:gt_output.obj
 0001:0000a5d0       ?isValid@Cursor@?$GT_Sequence@VGT_OutputMember@@@@UBEHXZ 0040b5d0 f i lib_gt:gt_output.obj
 0001:0000a5e0       ??_E?$GT_Sequence@VGT_OutputMember@@@@UAEPAXI@Z 0040b5e0 f i lib_gt:gt_output.obj
 0001:0000a5e0       ??_G?$GT_Sequence@VGT_OutputMember@@@@UAEPAXI@Z 0040b5e0 f i lib_gt:gt_output.obj
 0001:0000a630       ?addFirst@?$GT_Sequence@VGT_OutputMember@@@@QAEXABVGT_OutputMember@@@Z 0040b630 f i lib_gt:gt_output.obj
 0001:0000a680       ?addLast@?$GT_Sequence@VGT_OutputMember@@@@QAEXABVGT_OutputMember@@@Z 0040b680 f i lib_gt:gt_output.obj
 0001:0000a6d0       ?GT_Flags_Init@@YGXHPAPAD@Z 0040b6d0 f   lib_gt:gt_commandlineflags.obj
 0001:0000a720       ?GT_Flags_Parse@@YGXXZ     0040b720 f   lib_gt:gt_commandlineflags.obj
 0001:0000a760       ?GT_Flags_SetFlag@@YGHPBD@Z 0040b760 f   lib_gt:gt_commandlineflags.obj
 0001:0000a800       ?GT_Flags_OptimizeFlags@@YGXXZ 0040b800 f   lib_gt:gt_commandlineflags.obj
 0001:0000a8a0       ?GT_Flags_GetAsString@@YG?AVPString@@XZ 0040b8a0 f   lib_gt:gt_commandlineflags.obj
 0001:0000a9c0       ??0GT_ConfigFile@@QAE@XZ   0040b9c0 f   lib_gt:gt_configfile.obj
 0001:0000ab30       ??_GGT_ConfigFile@@UAEPAXI@Z 0040bb30 f i lib_gt:gt_configfile.obj
 0001:0000ab30       ??_EGT_ConfigFile@@UAEPAXI@Z 0040bb30 f i lib_gt:gt_configfile.obj
 0001:0000ab70       ??1GT_ConfigFile@@UAE@XZ   0040bb70 f   lib_gt:gt_configfile.obj
 0001:0000aba0       ?Read@GT_ConfigFile@@QAEHXZ 0040bba0 f   lib_gt:gt_configfile.obj
 0001:0000ad60       ??0GT_FileBuffer@@QAE@PBDJP6GX0J@ZJHH@Z 0040bd60 f   lib_gt:gt_filebuffer.obj
 0001:0000ae90       ??_GGT_FileBuffer@@UAEPAXI@Z 0040be90 f i lib_gt:gt_filebuffer.obj
 0001:0000ae90       ??_EGT_FileBuffer@@UAEPAXI@Z 0040be90 f i lib_gt:gt_filebuffer.obj
 0001:0000aeb0       ?_Open@GT_FileBuffer@@AAE?AW4GT_OpenReturnCode@@XZ 0040beb0 f   lib_gt:gt_filebuffer.obj
 0001:0000af90       ?Init@GT_FileBuffer@@QAE?AW4GT_OpenReturnCode@@XZ 0040bf90 f   lib_gt:gt_filebuffer.obj
 0001:0000afd0       ??1GT_FileBuffer@@UAE@XZ   0040bfd0 f   lib_gt:gt_filebuffer.obj
 0001:0000b090       ?_InitBuffer@GT_FileBuffer@@AAEXXZ 0040c090 f   lib_gt:gt_filebuffer.obj
 0001:0000b1b0       ?_DetermineIfText@GT_FileBuffer@@AAEXXZ 0040c1b0 f   lib_gt:gt_filebuffer.obj
 0001:0000b270       ?SetActFilePos@GT_FileBuffer@@QAEXJ@Z 0040c270 f   lib_gt:gt_filebuffer.obj
 0001:0000b2c0       ??0GT_FileException@@QAE@W4GT_ExceptionType@@PBDJ@Z 0040c2c0 f i lib_gt:gt_filebuffer.obj
 0001:0000b2f0       ??1GT_FileException@@QAE@XZ 0040c2f0 f i lib_gt:gt_filebuffer.obj
 0001:0000b360       ??1PThrowable@@QAE@XZ      0040c360 f i lib_gt:gt_filebuffer.obj
 0001:0000b3c0       ??0GT_FileException@@QAE@ABV0@@Z 0040c3c0 f i lib_gt:gt_filebuffer.obj
 0001:0000b440       ??0GT_Exception@@QAE@ABV0@@Z 0040c440 f i lib_gt:gt_filebuffer.obj
 0001:0000b4c0       ??0PThrowable@@QAE@ABV0@@Z 0040c4c0 f i lib_gt:gt_filebuffer.obj
 0001:0000b520       ?IncActFilePos@GT_FileBuffer@@QAEXJ@Z 0040c520 f   lib_gt:gt_filebuffer.obj
 0001:0000b570       ?GetFileNameExtension@GT_FileBuffer@@QBEPBDXZ 0040c570 f   lib_gt:gt_filebuffer.obj
 0001:0000b5a0       ?CallListProc@GT_FileBuffer@@QBEXJ@Z 0040c5a0 f   lib_gt:gt_filebuffer.obj
 0001:0000b5d0       ?GetByte@GT_FileBuffer@@QAEEJ@Z 0040c5d0 f   lib_gt:gt_filebuffer.obj
 0001:0000b690       ?GetWord@GT_FileBuffer@@QAEGJ@Z 0040c690 f   lib_gt:gt_filebuffer.obj
 0001:0000b770       ?GetLong@GT_FileBuffer@@QAEJJ@Z 0040c770 f   lib_gt:gt_filebuffer.obj
 0001:0000b850       ?GetBufferX@GT_FileBuffer@@QAEXJPAXJ@Z 0040c850 f   lib_gt:gt_filebuffer.obj
 0001:0000b9d0       ??0GT_BufferException@@QAE@W4GT_ExceptionType@@PBDJ@Z 0040c9d0 f i lib_gt:gt_filebuffer.obj
 0001:0000ba00       ??1GT_BufferException@@QAE@XZ 0040ca00 f i lib_gt:gt_filebuffer.obj
 0001:0000ba70       ??0GT_BufferException@@QAE@ABV0@@Z 0040ca70 f i lib_gt:gt_filebuffer.obj
 0001:0000baf0       ?GetBuffer@GT_FileBuffer@@QAEHJPAXJ@Z 0040caf0 f   lib_gt:gt_filebuffer.obj
 0001:0000bbf0       ?GetString@GT_FileBuffer@@QAEHJAAVPString@@J@Z 0040cbf0 f   lib_gt:gt_filebuffer.obj
 0001:0000bc30       ?GetCString@GT_FileBuffer@@QAEXAAVPString@@JJ@Z 0040cc30 f   lib_gt:gt_filebuffer.obj
 0001:0000bcb0       ?GetPascalString@GT_FileBuffer@@QAEXAAVPString@@J@Z 0040ccb0 f   lib_gt:gt_filebuffer.obj
 0001:0000bdf0       ?GetUntil@GT_FileBuffer@@QAEHJEPAXHAAH@Z 0040cdf0 f   lib_gt:gt_filebuffer.obj
 0001:0000be80       ?SkipUntil@GT_FileBuffer@@QAEHJE@Z 0040ce80 f   lib_gt:gt_filebuffer.obj
 0001:0000bf30       ?Find@GT_FileBuffer@@QAEHEJJ@Z 0040cf30 f   lib_gt:gt_filebuffer.obj
 0001:0000bf70       ?Find@GT_FileBuffer@@QAEHPBDJJ@Z 0040cf70 f   lib_gt:gt_filebuffer.obj
 0001:0000c050       ?iFind@GT_FileBuffer@@QAEHPBDJJ@Z 0040d050 f   lib_gt:gt_filebuffer.obj
 0001:0000c1a0       ?Compare@GT_FileBuffer@@QAEHJJE@Z 0040d1a0 f   lib_gt:gt_filebuffer.obj
 0001:0000c1e0       ?Compare@GT_FileBuffer@@QAEHJJPBD@Z 0040d1e0 f   lib_gt:gt_filebuffer.obj
 0001:0000c220       ?iCompare@GT_FileBuffer@@QAEHJJPBD@Z 0040d220 f   lib_gt:gt_filebuffer.obj
 0001:0000c260       ??0GT_WindowsConsole@@QAE@XZ 0040d260 f   lib_gt:gt_winconsole.obj
 0001:0000c380       ??_EGT_WindowsConsole@@UAEPAXI@Z 0040d380 f i lib_gt:gt_winconsole.obj
 0001:0000c380       ??_GGT_WindowsConsole@@UAEPAXI@Z 0040d380 f i lib_gt:gt_winconsole.obj
 0001:0000c3a0       ??1GT_WindowsConsole@@UAE@XZ 0040d3a0 f   lib_gt:gt_winconsole.obj
 0001:0000c430       ?SetTextColor@GT_WindowsConsole@@QBEXW4GT_Color@@@Z 0040d430 f   lib_gt:gt_winconsole.obj
 0001:0000c520       ?RestoreOriginalColor@GT_WindowsConsole@@QBEXXZ 0040d520 f   lib_gt:gt_winconsole.obj
 0001:0000c550       ?SetTitle@GT_WindowsConsole@@QBEXPBD@Z 0040d550 f   lib_gt:gt_winconsole.obj
 0001:0000c560       ??0GT_Exception@@IAE@PBDW4GT_ExceptionType@@0J@Z 0040d560 f   lib_gt:gt_exceptions.obj
 0001:0000c650       ?GetText@GT_Exception@@QBE?AVPString@@XZ 0040d650 f   lib_gt:gt_exceptions.obj
 0001:0000c770       ?Print@GT_Exception@@QBEXXZ 0040d770 f   lib_gt:gt_exceptions.obj
 0001:0000c830       ?Check_EXT_EXE@GT_EXEAnalyzer@@AAEHJH@Z 0040d830 f   lib_data:gt_exe_analyzer.obj
 0001:0000cb90       ?Check_EXE_Generic@GT_EXEAnalyzer@@AAEHJ@Z 0040db90 f   lib_data:gt_exe_analyzer.obj
 0001:0000cfd0       ?CheckStartupCode@GT_EXEAnalyzer@@AAEHH@Z 0040dfd0 f   lib_data:gt_exe_analyzer.obj
 0001:0000d320       ?ListCOM@GT_EXEAnalyzer@@QAEXXZ 0040e320 f   lib_data:gt_exe_analyzer.obj
 0001:0000d350       ?ListEXE@GT_EXEAnalyzer@@QAEXXZ 0040e350 f   lib_data:gt_exe_analyzer.obj
 0001:0000d590       ?_ListNEEXEs@GT_EXEAnalyzer@@AAEXXZ 0040e590 f   lib_data:gt_exe_analyzer.obj
 0001:0000d710       ??1GT_EXE_LE_Lister@@QAE@XZ 0040e710 f i lib_data:gt_exe_analyzer.obj
 0001:0000d750       ??0GT_DBFAnalyzer@@QAE@PAVGT_FileBuffer@@@Z 0040e750 f   lib_data:gt_generic.obj
 0001:0000d8b0       ?Analyze@GT_DBFAnalyzer@@QBE?AVPString@@XZ 0040e8b0 f   lib_data:gt_generic.obj
 0001:0000dbb0       ?Analyze@GT_HTMLAnalyzer@@QBE?AVPString@@XZ 0040ebb0 f   lib_data:gt_generic.obj
 0001:0000dcf0       ?_SubAnalyze@GT_RIFFAnalyzer@@ABGXKKAAKAAVPString@@1@Z 0040ecf0 f   lib_data:gt_generic.obj
 0001:0000df00       ?Analyze@GT_RIFFAnalyzer@@QBG?AVPString@@XZ 0040ef00 f   lib_data:gt_generic.obj
 0001:0000e320       ?_GetPascalStartPos@GT_SourceAnalyzer@@ABGHXZ 0040f320 f   lib_data:gt_generic.obj
 0001:0000e420       ?_GetCStartPos@GT_SourceAnalyzer@@ABGHXZ 0040f420 f   lib_data:gt_generic.obj
 0001:0000e4f0       ?_Init@GT_SourceAnalyzer@@AAGXXZ 0040f4f0 f   lib_data:gt_generic.obj
 0001:0000f330       ?_GetNextString@GT_SourceAnalyzer@@AAGXHD@Z 00410330 f   lib_data:gt_generic.obj
 0001:0000f3f0       ?_CheckString2@GT_SourceAnalyzer@@AAGHABVPString@@HPBD1@Z 004103f0 f   lib_data:gt_generic.obj
 0001:0000f470       ?GetSourceType@GT_SourceAnalyzer@@QAGXAAVPString@@@Z 00410470 f   lib_data:gt_generic.obj
 0001:0000f600       ??0GT_TTFAnalyzer@@QAE@PAVGT_FileBuffer@@@Z 00410600 f   lib_data:gt_generic.obj
 0001:0000f6b0       ?ReadEntry@GT_TTFAnalyzer@@ABE?AVPString@@PAU_GT_TTF_Name@@HH@Z 004106b0 f   lib_data:gt_generic.obj
 0001:0000f8b0       ?Analyze@GT_TTFAnalyzer@@QBE?AVPString@@XZ 004108b0 f   lib_data:gt_generic.obj
 0001:0000fb80       ?GT_GenericAnalyze@@YG?AVPString@@PAVGT_FileBuffer@@AAJ@Z 00410b80 f   lib_data:gt_generic.obj
 0001:00012bf0       ?Clear@PString@@QAGXXZ     00413bf0 f i lib_data:gt_generic.obj
 0001:00012c10       ?Search@PString@@QAGHD@Z   00413c10 f i lib_data:gt_generic.obj
 0001:00013be0       ?Analyze@GT_SYSAnalyzer@@QBE?AVPString@@XZ 00414be0 f i lib_data:gt_generic.obj
 0001:00013cc0       ??1GT_SourceAnalyzer@@QAE@XZ 00414cc0 f i lib_data:gt_generic.obj
 0001:00013cd0       ??0GT_EXEHeader@@QAE@PAVGT_FileBuffer@@@Z 00414cd0 f   lib_data:gt_exe_header.obj
 0001:00013d60       ?IsValidCOM@GT_EXEHeader@@QBEHXZ 00414d60 f   lib_data:gt_exe_header.obj
 0001:00013dc0       ?GetAbsoluteIP@GT_EXEHeader@@QBEJXZ 00414dc0 f   lib_data:gt_exe_header.obj
 0001:00013df0       ?GetOverlaySize@GT_EXEHeader@@QBEJXZ 00414df0 f   lib_data:gt_exe_header.obj
 0001:00013e30       ?GT_CheckForFixedName@@YIHPBDAAVPString@@@Z 00414e30 f   lib_data:gt_fixedname.obj
 0001:00013f80       ?GT_CheckForFixedExtension@@YIHPBDAAVPString@@@Z 00414f80 f   lib_data:gt_fixedname.obj
 0001:000140e0       ??0GT_Compare@@QAE@PAEEHPAVGT_FileBuffer@@P6IXPAU_EXEEntry@@01@Z@Z 004150e0 f   lib_data:gt_compare.obj
 0001:00014110       ?ExplicitMatches@GT_Compare@@QAE?AW4GT_CompareError@@PAEH@Z 00415110 f   lib_data:gt_compare.obj
 0001:00014180       ?Matches@GT_Compare@@QAE?AW4GT_CompareError@@PAU_EXEEntry@@@Z 00415180 f   lib_data:gt_compare.obj
 0001:00014250       ?GetMacroPos@GT_MacroManager@@QAEHAAJPBDH@Z 00415250 f   lib_data:gt_macromanager.obj
 0001:00014410       ?GetLongCallPos@GT_MacroManager@@QAEHAAJJ@Z 00415410 f   lib_data:gt_macromanager.obj
 0001:00014470       ?GetJumpPos@GT_MacroManager@@QAEHAAJH@Z 00415470 f   lib_data:gt_macromanager.obj
 0001:000145c0       ?Get32BitRVAJumpPos@GT_MacroManager@@QAEHAAJH@Z 004155c0 f   lib_data:gt_macromanager.obj
 0001:00014650       ??_GGT_EXE_LE_ObjectTableHandler@@UAEPAXI@Z 00415650 f i lib_data:gt_exe_le.obj
 0001:00014650       ??_EGT_EXE_LE_ObjectTableHandler@@UAEPAXI@Z 00415650 f i lib_data:gt_exe_le.obj
 0001:00014690       ??1GT_EXE_LE_ObjectTableHandler@@UAE@XZ 00415690 f   lib_data:gt_exe_le.obj
 0001:000146b0       ?GetRealAddrOfObject@GT_EXE_LE_ObjectTableHandler@@QBEJH@Z 004156b0 f   lib_data:gt_exe_le.obj
 0001:000146e0       ?GetSizeOfObject@GT_EXE_LE_ObjectTableHandler@@QBEJH@Z 004156e0 f   lib_data:gt_exe_le.obj
 0001:00014740       ??0GT_EXE_LE_HeaderHandler@@QAE@PAVGT_FileBuffer@@J@Z 00415740 f   lib_data:gt_exe_le.obj
 0001:000147d0       ?Execute@GT_EXE_LE_Lister@@QAEXXZ 004157d0 f   lib_data:gt_exe_le.obj
 0001:00014b40       ?List@GT_EXE_PE_ExportAnalyzer@@UAEXXZ 00415b40 f   lib_data:gt_exe_pe.obj
 0001:00014e40       ?_ListLookupTable@GT_EXE_PE_ImportAnalyzer@@AAEXJ@Z 00415e40 f   lib_data:gt_exe_pe.obj
 0001:00014f30       ?List@GT_EXE_PE_ImportAnalyzer@@UAEXXZ 00415f30 f   lib_data:gt_exe_pe.obj
 0001:00015070       ?_ListVersionInfo@GT_EXE_PE_ResourceAnalyzer@@AAEXPAE@Z 00416070 f   lib_data:gt_exe_pe.obj
 0001:000152d0       ?_ListTable@GT_EXE_PE_ResourceAnalyzer@@AAEXJ@Z 004162d0 f   lib_data:gt_exe_pe.obj
 0001:00015380       ?_ListEntry@GT_EXE_PE_ResourceAnalyzer@@AAEXJ@Z 00416380 f   lib_data:gt_exe_pe.obj
 0001:00015620       ?List@GT_EXE_PE_ResourceAnalyzer@@UAEXXZ 00416620 f   lib_data:gt_exe_pe.obj
 0001:000156d0       ??_GGT_EXE_PE_DataDirectoryHandler@@UAEPAXI@Z 004166d0 f i lib_data:gt_exe_pe.obj
 0001:000156d0       ??_EGT_EXE_PE_DataDirectoryHandler@@UAEPAXI@Z 004166d0 f i lib_data:gt_exe_pe.obj
 0001:00015710       ??0GT_EXE_PE_Lister@@QAE@JPAVGT_FileBuffer@@@Z 00416710 f   lib_data:gt_exe_pe.obj
 0001:00015730       ?CheckDataDirectory@GT_EXE_PE_Lister@@AAEXPAVGT_EXE_PE_SectionTableAnalyzer@@@Z 00416730 f   lib_data:gt_exe_pe.obj
 0001:00015990       ??1GT_EXE_PE_DataDirectoryHandler@@UAE@XZ 00416990 f i lib_data:gt_exe_pe.obj
 0001:000159b0       ?Execute@GT_EXE_PE_Lister@@QAEXXZ 004169b0 f   lib_data:gt_exe_pe.obj
 0001:00015f20       ?Check_EXT_PE@GT_EXE_PE_Lister@@AAEHJPAVGT_EXE_PE_SectionTableAnalyzer@@@Z 00416f20 f   lib_data:gt_exe_pe.obj
 0001:00016010       ?CheckForCode@GT_EXE_PE_Lister@@AAEXJPAVGT_EXE_PE_SectionTableAnalyzer@@@Z 00417010 f   lib_data:gt_exe_pe.obj
 0001:00016280       ?Execute@GT_EXE_NE_Lister@@QAEXXZ 00417280 f   lib_data:gt_exe_ne.obj
 0001:000167f0       ??0GT_EXE_NE_HeaderHdl@@QAE@JPAVGT_FileBuffer@@H@Z 004177f0 f   lib_data:gt_exe_ne_header.obj
 0001:00016820       ??0GT_EXE_PE_SectionTableAnalyzer@@QAE@PAVGT_FileBuffer@@PAU_GT_EXE_PE_ImageFileHeader@@J@Z 00417820 f   lib_data:gt_exe_pe_sectiontablehdl.obj
 0001:000168c0       ??_GGT_EXE_PE_SectionTableAnalyzer@@UAEPAXI@Z 004178c0 f i lib_data:gt_exe_pe_sectiontablehdl.obj
 0001:000168c0       ??_EGT_EXE_PE_SectionTableAnalyzer@@UAEPAXI@Z 004178c0 f i lib_data:gt_exe_pe_sectiontablehdl.obj
 0001:00016900       ??1GT_EXE_PE_SectionTableAnalyzer@@UAE@XZ 00417900 f   lib_data:gt_exe_pe_sectiontablehdl.obj
 0001:00016920       ?GetEXESize@GT_EXE_PE_SectionTableAnalyzer@@QBEJXZ 00417920 f   lib_data:gt_exe_pe_sectiontablehdl.obj
 0001:00016950       ?GetSectionName@GT_EXE_PE_SectionTableAnalyzer@@QBEPBDHH@Z 00417950 f   lib_data:gt_exe_pe_sectiontablehdl.obj
 0001:000169c0       ?GetPhysicalOffsetOfRVA@GT_EXE_PE_SectionTableAnalyzer@@QBEJJ@Z 004179c0 f   lib_data:gt_exe_pe_sectiontablehdl.obj
 0001:00016a00       ?GetRVAByPhysicalOffset@GT_EXE_PE_SectionTableAnalyzer@@QBEJJ@Z 00417a00 f   lib_data:gt_exe_pe_sectiontablehdl.obj
 0001:00016a50       ??0GT_EXE_NE_SegmentHandler@@QAE@PAVGT_FileBuffer@@PAVGT_EXE_NE_HeaderHdl@@@Z 00417a50 f   lib_data:gt_exe_ne_segmenthdl.obj
 0001:00016b00       ??_GGT_EXE_NE_SegmentHandler@@UAEPAXI@Z 00417b00 f i lib_data:gt_exe_ne_segmenthdl.obj
 0001:00016b00       ??_EGT_EXE_NE_SegmentHandler@@UAEPAXI@Z 00417b00 f i lib_data:gt_exe_ne_segmenthdl.obj
 0001:00016b40       ??1GT_EXE_NE_SegmentHandler@@UAE@XZ 00417b40 f   lib_data:gt_exe_ne_segmenthdl.obj
 0001:00016b60       ?GetEndPos@GT_EXE_NE_SegmentHandler@@QBEJH@Z 00417b60 f   lib_data:gt_exe_ne_segmenthdl.obj
 0001:00016bc0       ?GetLength@GT_EXE_NE_SegmentHandler@@QBEJH@Z 00417bc0 f   lib_data:gt_exe_ne_segmenthdl.obj
 0001:00016bf0       ?GetStartPos@GT_EXE_NE_SegmentHandler@@QBEJH@Z 00417bf0 f   lib_data:gt_exe_ne_segmenthdl.obj
 0001:00016c10       ?GetAllocSize@GT_EXE_NE_SegmentHandler@@QBEJH@Z 00417c10 f   lib_data:gt_exe_ne_segmenthdl.obj
 0001:00016c30       ?GetEntryPoint@GT_EXE_NE_SegmentHandler@@QBEJXZ 00417c30 f   lib_data:gt_exe_ne_segmenthdl.obj
 0001:00016ca0       ?GetCalculatedFileSize@GT_EXE_NE_SegmentHandler@@QBEJXZ 00417ca0 f   lib_data:gt_exe_ne_segmenthdl.obj
 0001:00016d00       ?GetType@GT_EXE_NE_SegmentHandler@@QBEPBDH@Z 00417d00 f   lib_data:gt_exe_ne_segmenthdl.obj
 0001:00016d20       ??0GT_ArchiveAnalyzer@@QAE@PAVGT_FileBuffer@@@Z 00417d20 f   lib_archive:gt_archiver.obj
 0001:00016d90       ?IsHAArchive@GT_ArchiveAnalyzer@@ABEHH@Z 00417d90 f   lib_archive:gt_archiver.obj
 0001:00016f60       ?GetPacker@GT_ArchiveAnalyzer@@AAEXH@Z 00417f60 f   lib_archive:gt_archiver.obj
 0001:000178b0       ?ListArchiveName@GT_ArchiveAnalyzer@@QBEXXZ 004188b0 f   lib_archive:gt_archiver.obj
 0001:00017900       ?ListArchive@GT_ArchiveAnalyzer@@QAEHXZ 00418900 f   lib_archive:gt_archiver.obj
 0001:00018400       ?CheckForOverlay@GT_ArchiveAnalyzer@@QBEXXZ 00419400 f   lib_archive:gt_archiver.obj
 0001:00018410       ??0GT_BasicArchiveLister@@QAE@PAVGT_FileBuffer@@H@Z 00419410 f   lib_archive:gt_archiver.obj
 0001:00018450       ?ShowHeader@GT_BasicArchiveLister@@UAEXXZ 00419450 f   lib_archive:gt_archiver.obj
 0001:000184a0       ?ShowFile@GT_BasicArchiveLister@@UAEXJJNPBDHW4PDateTimeType@@H@Z 004194a0 f   lib_archive:gt_archiver.obj
 0001:00018620       ?ShowOverall@GT_BasicArchiveLister@@UAEXXZ 00419620 f   lib_archive:gt_archiver.obj
 0001:00018750       ?ListFiles@GT_BasicArchiveLister@@UAEXXZ 00419750 f   lib_archive:gt_archiver.obj
 0001:00018760       ?ListFiles@GT_777ArchiveLister@@UAEXXZ 00419760 f   lib_archive:gt_archiver.obj
 0001:00018a00       ?ListFiles@GT_ACEArchiveLister@@UAEXXZ 00419a00 f   lib_archive:gt_archiver.obj
 0001:00018bd0       ?ListFiles@GT_AINArchiveLister@@UAEXXZ 00419bd0 f   lib_archive:gt_archiver.obj
 0001:00018c40       ?ListFiles@GT_AKT7ArchiveLister@@UAEXXZ 00419c40 f   lib_archive:gt_archiver.obj
 0001:00018e90       ?ListFiles@GT_AKT9ArchiveLister@@UAEXXZ 00419e90 f   lib_archive:gt_archiver.obj
 0001:000190e0       ?ListFiles@GT_AMGArchiveLister@@UAEXXZ 0041a0e0 f   lib_archive:gt_archiver.obj
 0001:000192d0       ?ListFiles@GT_ARCArchiveLister@@UAEXXZ 0041a2d0 f   lib_archive:gt_archiver.obj
 0001:000193d0       ?ListFiles@GT_ARGArchiveLister@@UAEXXZ 0041a3d0 f   lib_archive:gt_archiver.obj
 0001:00019490       ?ListFiles@GT_ARJArchiveLister@@UAEXXZ 0041a490 f   lib_archive:gt_archiver.obj
 0001:00019880       ?ListFiles@GT_ARQArchiveLister@@UAEXXZ 0041a880 f   lib_archive:gt_archiver.obj
 0001:00019a00       ?ListFiles@GT_ARXArchiveLister@@UAEXXZ 0041aa00 f   lib_archive:gt_archiver.obj
 0001:00019b70       ?ListFiles@GT_ASDArchiveLister@@UAEXXZ 0041ab70 f   lib_archive:gt_archiver.obj
 0001:00019cc0       ?ListFiles@GT_BLIArchiveLister@@UAEXXZ 0041acc0 f   lib_archive:gt_archiver.obj
 0001:00019ec0       ?ListFiles@GT_CABArchiveLister@@UAEXXZ 0041aec0 f   lib_archive:gt_archiver.obj
 0001:0001a040       ?ListFiles@GT_GZArchiveLister@@UAEXXZ 0041b040 f   lib_archive:gt_archiver.obj
 0001:0001a180       ?ListFiles@GT_HAArchiveLister@@UAEXXZ 0041b180 f   lib_archive:gt_archiver.obj
 0001:0001a340       ?ListFiles@GT_IDSKAArchiveLister@@UAEXXZ 0041b340 f   lib_archive:gt_archiver.obj
 0001:0001a380       ??0GT_IMPArchiveLister@@QAE@PAVGT_FileBuffer@@H@Z 0041b380 f   lib_archive:gt_archiver.obj
 0001:0001a420       ?load_fixed_codes@GT_IMPArchiveLister@@IAEXPAEJ@Z 0041b420 f   lib_archive:gt_archiver.obj
 0001:0001a520       ?make_codes@GT_IMPArchiveLister@@IAEXPAKPAEH@Z 0041b520 f   lib_archive:gt_archiver.obj
 0001:0001a5d0       ?make_decode_tables@GT_IMPArchiveLister@@IAEHPAHQAY01HPAKPAEHH@Z 0041b5d0 f   lib_archive:gt_archiver.obj
 0001:0001a760       ?load_hcodes@GT_IMPArchiveLister@@IAEHPAEHHJ@Z 0041b760 f   lib_archive:gt_archiver.obj
 0001:0001ab50       ?expand_lz@GT_IMPArchiveLister@@IAEHPAEHH@Z 0041bb50 f   lib_archive:gt_archiver.obj
 0001:0001b570       ?ListFiles@GT_IMPArchiveLister@@UAEXXZ 0041c570 f   lib_archive:gt_archiver.obj
 0001:0001ba30       ?ListFiles@GT_INSArchiveLister@@UAEXXZ 0041ca30 f   lib_archive:gt_archiver.obj
 0001:0001bbd0       ?ListFiles@GT_ISCArchiveLister@@UAEXXZ 0041cbd0 f   lib_archive:gt_archiver.obj
 0001:0001be20       ?ListFiles@GT_LGArchiveLister@@UAEXXZ 0041ce20 f   lib_archive:gt_archiver.obj
 0001:0001bfe0       ?ListFiles@GT_LZHArchiveLister@@UAEXXZ 0041cfe0 f   lib_archive:gt_archiver.obj
 0001:0001c3c0       ?ListFiles@GT_LZOArchiveLister@@UAEXXZ 0041d3c0 f   lib_archive:gt_archiver.obj
 0001:0001c510       ?ListFiles@GT_NEROArchiveLister@@UAEXXZ 0041d510 f   lib_archive:gt_archiver.obj
 0001:0001c5d0       ?ListFiles@GT_PAQArchiveLister@@UAEXXZ 0041d5d0 f   lib_archive:gt_archiver.obj
 0001:0001c6e0       ?ListFiles@GT_PPZArchiveLister@@UAEXXZ 0041d6e0 f   lib_archive:gt_archiver.obj
 0001:0001c790       ?ListFiles@GT_RARArchiveLister@@UAEXXZ 0041d790 f   lib_archive:gt_archiver.obj
 0001:0001ca50       ?ListFiles@GT_STIArchiveLister@@UAEXXZ 0041da50 f   lib_archive:gt_archiver.obj
 0001:0001ce00       ?ListFiles@GT_SYNArchiveLister@@UAEXXZ 0041de00 f   lib_archive:gt_archiver.obj
 0001:0001cec0       ?ListFiles@GT_TARArchiveLister@@UAEXXZ 0041dec0 f   lib_archive:gt_archiver.obj
 0001:0001cfd0       ?ListFiles@GT_YCArchiveLister@@UAEXXZ 0041dfd0 f   lib_archive:gt_archiver.obj
 0001:0001d170       ?ListFiles@GT_ZETArchiveLister@@UAEXXZ 0041e170 f   lib_archive:gt_archiver.obj
 0001:0001d440       ?ListFiles@GT_ZIPArchiveLister@@UAEXXZ 0041e440 f   lib_archive:gt_archiver.obj
 0001:0001d710       ?ListFiles@GT_ZOOArchiveLister@@UAEXXZ 0041e710 f   lib_archive:gt_archiver.obj
 0001:0001d8d0       ??1?$GT_Sequence@VPString@@@@UAE@XZ 0041e8d0 f i lib_archive:gt_archiver.obj
 0001:0001d920       ??_E?$GT_Sequence@VPString@@@@UAEPAXI@Z 0041e920 f i lib_archive:gt_archiver.obj
 0001:0001d920       ??_G?$GT_Sequence@VPString@@@@UAEPAXI@Z 0041e920 f i lib_archive:gt_archiver.obj
 0001:0001d980       ?addLast@?$GT_Sequence@VPString@@@@QAEXABVPString@@@Z 0041e980 f i lib_archive:gt_archiver.obj
 0001:0001da00       ??0?$GT_Entry@VPString@@@@QAE@PAV0@ABVPString@@0@Z 0041ea00 f i lib_archive:gt_archiver.obj
 0001:0001da30       ??1?$GT_Entry@VPString@@@@QAE@XZ 0041ea30 f i lib_archive:gt_archiver.obj
 0001:0001da40       _RtlUnwind@16              0041ea40 f   kernel32:KERNEL32.dll
 0001:0001da46       _realloc                   0041ea46 f   libc:realloc.obj
 0001:0001dce6       __itoa                     0041ece6 f   libc:xtoa.obj
 0001:0001dd6f       __ltoa                     0041ed6f f   libc:xtoa.obj
 0001:0001dd99       _vsprintf                  0041ed99 f   libc:vsprintf.obj
 0001:0001ddea       _clock                     0041edea f   libc:clock.obj
 0001:0001de2d       ___inittime                0041ee2d f   libc:clock.obj
 0001:0001de62       _vfprintf                  0041ee62 f   libc:vfprintf.obj
 0001:0001de93       __onexit                   0041ee93 f   libc:onexit.obj
 0001:0001df00       _atexit                    0041ef00 f   libc:onexit.obj
 0001:0001df12       ___onexitinit              0041ef12 f   libc:onexit.obj
 0001:0001df41       _fputs                     0041ef41 f   libc:fputs.obj
 0001:0001df84       ??2@YAPAXI@Z               0041ef84 f   libc:new.obj
 0001:0001df92       __fsopen                   0041ef92 f   libc:fopen.obj
 0001:0001dfb2       _fopen                     0041efb2 f   libc:fopen.obj
 0001:0001dfc5       _fgets                     0041efc5 f   libc:fgets.obj
 0001:0001e020       _strrchr                   0041f020 f   libc:strrchr.obj
 0001:0001e047       _strerror                  0041f047 f   libc:strerror.obj
 0001:0001e073       __open                     0041f073 f   libc:open.obj
 0001:0001e08a       __sopen                    0041f08a f   libc:open.obj
 0001:0001e343       __filelength               0041f343 f   libc:flength.obj
 0001:0001e3bb       _setvbuf                   0041f3bb f   libc:setvbuf.obj
 0001:0001e45c       __read                     0041f45c f   libc:read.obj
 0001:0001e652       _fread                     0041f652 f   libc:fread.obj
 0001:0001e73a       _fseek                     0041f73a f   libc:fseek.obj
 0001:0001e7c6       ??1type_info@@UAE@XZ       0041f7c6 f   libc:typinfo.obj
 0001:0001e7db       ??_Etype_info@@UAEPAXI@Z   0041f7db f i libc:typinfo.obj
 0001:0001e7db       ??_Gtype_info@@UAEPAXI@Z   0041f7db f i libc:typinfo.obj
 0001:0001e7f7       __CxxThrowException@8      0041f7f7 f   libc:throw.obj
 0001:0001e840       __strnicmp                 0041f840 f   libc:strnicmp.obj
 0001:0001e840       _strnicmp                  0041f840 f   libc:strnicmp.obj
 0001:0001e8f0       __ftol                     0041f8f0 f   libc:ftol.obj
 0001:0001e920       _stricmp                   0041f920 f   libc:stricmp.obj
 0001:0001e920       __strcmpi                  0041f920 f   libc:stricmp.obj
 0001:0001e920       __stricmp                  0041f920 f   libc:stricmp.obj
 0001:0001e9ac       _atol                      0041f9ac f   libc:atox.obj
 0001:0001ea37       __purecall                 0041fa37 f   libc:purevirt.obj
 0001:0001ea40       __allmul                   0041fa40 f   libc:llmul.obj
 0001:0001ea74       __msize                    0041fa74 f   libc:msize.obj
 0001:0001ead5       _fwrite                    0041fad5 f   libc:fwrite.obj
 0001:0001ebdf       __openfile                 0041fbdf f   libc:_open.obj
 0001:0001ed4f       __getstream                0041fd4f f   libc:stream.obj
 0001:0001edc7       __filbuf                   0041fdc7 f   libc:_filbuf.obj
 0001:0001eea0       __chsize                   0041fea0 f   libc:chsize.obj
 0001:0001efe6       _ftell                     0041ffe6 f   libc:ftell.obj
 0001:0001f13e       __setmode                  0042013e f   libc:setmode.obj
 0001:0001f1c0       ?p_StrOct2Dec@@YGJPADH@Z   004201c0 f   plib:pheader.obj
 0001:0001f280       ?p_Align@@YGXAAJH@Z        00420280 f   plib:pheader.obj
 0001:0001f2a0       ?p_HexToLong@@YGJPBD@Z     004202a0 f   plib:pheader.obj
 0001:0001f490       ?p_atol@@YGJPBD@Z          00420490 f   plib:pheader.obj
 0001:0001f4c0       ?p_long2str@@YGPBDJ@Z      004204c0 f   plib:pheader.obj
 0001:0001f4e0       ?p_unicode2ansi@@YGXPBDPADH@Z 004204e0 f   plib:pheader.obj
 0001:0001f520       ?p_LongSwapByte@@YGKK@Z    00420520 f   plib:pheader.obj
 0001:0001f550       ?GetCurrentUserString@PRegistry@@SIHPBD0JPAD@Z 00420550 f   plib:pregistry.obj
 0001:0001f5d0       ?GT_Error_ShowInternalError@@YGXPBD0H@Z 004205d0 f   lib_gt:gt_error.obj
 0001:0001f660       ??0GT_DateTimeEntry@@QAE@XZ 00420660 f   lib_gt:gt_time.obj
 0001:0001f680       ?SetDOSTime@GT_DateTime@@QAEXJ@Z 00420680 f   lib_gt:gt_time.obj
 0001:0001f6d0       ?SetWindowsTime@GT_DateTime@@QAEXN@Z 004206d0 f   lib_gt:gt_time.obj
 0001:0001f760       ?SetUnixTime@GT_DateTime@@QAEXJ@Z 00420760 f   lib_gt:gt_time.obj
 0001:0001fa40       ?DateToBuffer@GT_DateTime@@QAEXPADH@Z 00420a40 f   lib_gt:gt_time.obj
 0002:00000000       __imp__RegQueryValueExA@24 00422000     advapi32:ADVAPI32.dll
 0002:00000004       __imp__RegOpenKeyExA@20    00422004     advapi32:ADVAPI32.dll
 0002:00000008       __imp__RegCloseKey@4       00422008     advapi32:ADVAPI32.dll
 0002:0000000c       \177ADVAPI32_NULL_THUNK_DATA 0042200c     advapi32:ADVAPI32.dll
 0002:00000010       __imp__WinExec@8           00422010     kernel32:KERNEL32.dll
 0002:00000014       __imp__GetACP@0            00422014     kernel32:KERNEL32.dll
 0002:00000018       __imp__RtlUnwind@16        00422018     kernel32:KERNEL32.dll
 0002:0000001c       __imp__ReadConsoleInputA@16 0042201c     kernel32:KERNEL32.dll
 0002:00000020       __imp__SetConsoleMode@8    00422020     kernel32:KERNEL32.dll
 0002:00000024       __imp__GetConsoleMode@8    00422024     kernel32:KERNEL32.dll
 0002:00000028       __imp__GetCommandLineA@0   00422028     kernel32:KERNEL32.dll
 0002:0000002c       __imp__GetVersion@0        0042202c     kernel32:KERNEL32.dll
 0002:00000030       __imp__ExitProcess@4       00422030     kernel32:KERNEL32.dll
 0002:00000034       __imp__SetHandleCount@4    00422034     kernel32:KERNEL32.dll
 0002:00000038       __imp__GetStdHandle@4      00422038     kernel32:KERNEL32.dll
 0002:0000003c       __imp__GetFileType@4       0042203c     kernel32:KERNEL32.dll
 0002:00000040       __imp__GetStartupInfoA@4   00422040     kernel32:KERNEL32.dll
 0002:00000044       __imp__HeapAlloc@12        00422044     kernel32:KERNEL32.dll
 0002:00000048       __imp__TerminateProcess@8  00422048     kernel32:KERNEL32.dll
 0002:0000004c       __imp__GetCurrentProcess@0 0042204c     kernel32:KERNEL32.dll
 0002:00000050       __imp__GetProcAddress@8    00422050     kernel32:KERNEL32.dll
 0002:00000054       __imp__GetModuleHandleA@4  00422054     kernel32:KERNEL32.dll
 0002:00000058       __imp__HeapFree@12         00422058     kernel32:KERNEL32.dll
 0002:0000005c       __imp__CreateFileA@28      0042205c     kernel32:KERNEL32.dll
 0002:00000060       __imp__CloseHandle@4       00422060     kernel32:KERNEL32.dll
 0002:00000064       __imp__UnhandledExceptionFilter@4 00422064     kernel32:KERNEL32.dll
 0002:00000068       __imp__GetModuleFileNameA@12 00422068     kernel32:KERNEL32.dll
 0002:0000006c       __imp__FreeEnvironmentStringsA@4 0042206c     kernel32:KERNEL32.dll
 0002:00000070       __imp__FreeEnvironmentStringsW@4 00422070     kernel32:KERNEL32.dll
 0002:00000074       __imp__WideCharToMultiByte@32 00422074     kernel32:KERNEL32.dll
 0002:00000078       __imp__GetEnvironmentStrings@0 00422078     kernel32:KERNEL32.dll
 0002:0000007c       __imp__GetEnvironmentStringsW@0 0042207c     kernel32:KERNEL32.dll
 0002:00000080       __imp__GetEnvironmentVariableA@12 00422080     kernel32:KERNEL32.dll
 0002:00000084       __imp__GetVersionExA@4     00422084     kernel32:KERNEL32.dll
 0002:00000088       __imp__HeapDestroy@4       00422088     kernel32:KERNEL32.dll
 0002:0000008c       __imp__HeapCreate@12       0042208c     kernel32:KERNEL32.dll
 0002:00000090       __imp__VirtualFree@12      00422090     kernel32:KERNEL32.dll
 0002:00000094       __imp__WriteFile@20        00422094     kernel32:KERNEL32.dll
 0002:00000098       __imp__GetLastError@0      00422098     kernel32:KERNEL32.dll
 0002:0000009c       __imp__SetFilePointer@16   0042209c     kernel32:KERNEL32.dll
 0002:000000a0       __imp__VirtualAlloc@16     004220a0     kernel32:KERNEL32.dll
 0002:000000a4       __imp__HeapReAlloc@16      004220a4     kernel32:KERNEL32.dll
 0002:000000a8       __imp__IsBadWritePtr@8     004220a8     kernel32:KERNEL32.dll
 0002:000000ac       __imp__FlushFileBuffers@4  004220ac     kernel32:KERNEL32.dll
 0002:000000b0       __imp__SetUnhandledExceptionFilter@4 004220b0     kernel32:KERNEL32.dll
 0002:000000b4       __imp__IsBadReadPtr@8      004220b4     kernel32:KERNEL32.dll
 0002:000000b8       __imp__IsBadCodePtr@4      004220b8     kernel32:KERNEL32.dll
 0002:000000bc       __imp__GetCPInfo@8         004220bc     kernel32:KERNEL32.dll
 0002:000000c0       __imp__SetConsoleCtrlHandler@8 004220c0     kernel32:KERNEL32.dll
 0002:000000c4       __imp__GetOEMCP@0          004220c4     kernel32:KERNEL32.dll
 0002:000000c8       __imp__LoadLibraryA@4      004220c8     kernel32:KERNEL32.dll
 0002:000000cc       __imp__SetStdHandle@8      004220cc     kernel32:KERNEL32.dll
 0002:000000d0       __imp__MultiByteToWideChar@24 004220d0     kernel32:KERNEL32.dll
 0002:000000d4       __imp__GetStringTypeA@20   004220d4     kernel32:KERNEL32.dll
 0002:000000d8       __imp__GetStringTypeW@16   004220d8     kernel32:KERNEL32.dll
 0002:000000dc       __imp__LCMapStringA@24     004220dc     kernel32:KERNEL32.dll
 0002:000000e0       __imp__LCMapStringW@24     004220e0     kernel32:KERNEL32.dll
 0002:000000e4       __imp__SetConsoleTextAttribute@8 004220e4     kernel32:KERNEL32.dll
 0002:000000e8       __imp__GetConsoleScreenBufferInfo@8 004220e8     kernel32:KERNEL32.dll
 0002:000000ec       __imp__LocalFree@4         004220ec     kernel32:KERNEL32.dll
 0002:000000f0       __imp__OutputDebugStringA@4 004220f0     kernel32:KERNEL32.dll
 0002:000000f4       __imp__FormatMessageA@28   004220f4     kernel32:KERNEL32.dll
 0002:000000f8       __imp__FindClose@4         004220f8     kernel32:KERNEL32.dll
 0002:000000fc       __imp__FindFirstFileA@8    004220fc     kernel32:KERNEL32.dll
 0002:00000100       __imp__FindNextFileA@8     00422100     kernel32:KERNEL32.dll
 0002:00000104       __imp__GetFileAttributesA@4 00422104     kernel32:KERNEL32.dll
 0002:00000108       __imp__GetConsoleTitleA@8  00422108     kernel32:KERNEL32.dll
 0002:0000010c       __imp__SetConsoleTitleA@4  0042210c     kernel32:KERNEL32.dll
 0002:00000110       __imp__SetEndOfFile@4      00422110     kernel32:KERNEL32.dll
 0002:00000114       __imp__HeapSize@12         00422114     kernel32:KERNEL32.dll
 0002:00000118       __imp__FileTimeToDosDateTime@12 00422118     kernel32:KERNEL32.dll
 0002:0000011c       __imp__ReadFile@20         0042211c     kernel32:KERNEL32.dll
 0002:00000120       __imp__GetSystemTimeAsFileTime@4 00422120     kernel32:KERNEL32.dll
 0002:00000124       __imp__RaiseException@16   00422124     kernel32:KERNEL32.dll
 0002:00000128       \177KERNEL32_NULL_THUNK_DATA 00422128     kernel32:KERNEL32.dll
 0002:0000012c       __imp__SendMessageA@16     0042212c     user32:USER32.dll
 0002:00000130       __imp__GetWindowTextA@12   00422130     user32:USER32.dll
 0002:00000134       __imp__EnumWindows@8       00422134     user32:USER32.dll
 0002:00000138       \177USER32_NULL_THUNK_DATA 00422138     user32:USER32.dll
 0002:0000013c       __imp__GT_EXT_EXE_Count    0042213c     gtdata:gtdata.dll
 0002:00000140       __imp__GT_FixedName_Index  00422140     gtdata:gtdata.dll
 0002:00000144       __imp__GT_FixedName_Count  00422144     gtdata:gtdata.dll
 0002:00000148       __imp__GT_FixedExtension_Index 00422148     gtdata:gtdata.dll
 0002:0000014c       __imp__GT_EXE_2J_Count     0042214c     gtdata:gtdata.dll
 0002:00000150       __imp__GT_EXT_EXE_Index    00422150     gtdata:gtdata.dll
 0002:00000154       __imp__GT_EXE_1LJ_Count    00422154     gtdata:gtdata.dll
 0002:00000158       __imp__GT_PE_0J_Count      00422158     gtdata:gtdata.dll
 0002:0000015c       __imp__GT_EXT_PE_Index     0042215c     gtdata:gtdata.dll
 0002:00000160       __imp__GT_EXT_PE_Count     00422160     gtdata:gtdata.dll
 0002:00000164       __imp__GT_NE_0J_Index      00422164     gtdata:gtdata.dll
 0002:00000168       __imp__GT_NE_0J_Count      00422168     gtdata:gtdata.dll
 0002:0000016c       __imp__GT_EXE_1LJ_Index    0042216c     gtdata:gtdata.dll
 0002:00000170       __imp__GT_EXE_1J_Index     00422170     gtdata:gtdata.dll
 0002:00000174       __imp__GT_EXE_2J_Index     00422174     gtdata:gtdata.dll
 0002:00000178       __imp__GT_EXE_1J_Count     00422178     gtdata:gtdata.dll
 0002:0000017c       __imp__GT_C2E_Count        0042217c     gtdata:gtdata.dll
 0002:00000180       __imp__GT_EXE_0J_Count     00422180     gtdata:gtdata.dll
 0002:00000184       __imp__GT_EXE_0J_Index     00422184     gtdata:gtdata.dll
 0002:00000188       __imp__GT_FixedExtension_Count 00422188     gtdata:gtdata.dll
 0002:0000018c       __imp__GT_C2E_Index        0042218c     gtdata:gtdata.dll
 0002:00000190       __imp__GT_PE_0J_Index      00422190     gtdata:gtdata.dll
 0002:00000194       \177gtdata_NULL_THUNK_DATA 00422194     gtdata:gtdata.dll
 0002:00000198       ??_C@_04CBG@0?424?$AA@     00422198     gt_main.obj
 0002:000001a0       ??_C@_0BL@JEF@Found?5no?5matches?5for?5?8?$CFs?8?6?$AA@ 004221a0     gt_main.obj
 0002:000001bc       ??_7PHeap@@6B@             004221bc     gt_main.obj
 0002:000001c8       ??_C@_00A@?$AA@            004221c8     gt_main.obj
 0002:000001cc       ??_C@_0CF@EGM@GT?52000?5?9?5?$FLPHaX?$FN?5?9?5?$CF?41f?$CF?$CF?5identi@ 004221cc     gt_main.obj
 0002:000001f8       __real@4059000000000000    004221f8     gt_main.obj
 0002:00000200       ??_C@_0BB@ELPP@GT?52000?5?9?5?$FLPHaX?$FN?$AA@ 00422200     gt_main.obj
 0002:00000218       ??_C@_0GE@DHNA@?6GT?52000?5?$CFs?5?$CI?$CFs?5?$CFs?$CJ?5?$CIc?$CJ?51999?9200@ 00422218     gt_main.obj
 0002:0000027c       ??_C@_0M@FODG@Jan?516?52001?$AA@ 0042227c     gt_main.obj
 0002:00000288       ??_C@_08PKKJ@08?337?301?$AA@ 00422288     gt_main.obj
 0002:00000294       ??_C@_0BB@LJJ@phax?$EAwriteme?4com?$AA@ 00422294     gt_main.obj
 0002:000002a8       ??_C@_0CL@HICP@Failed?5to?5read?5the?5config?5file?5?9@ 004222a8     gt_main.obj
 0002:000002d4       ??_C@_0BN@EECO@Could?5not?5set?5error?5handler?6?$AA@ 004222d4     gt_main.obj
 0002:000002f4       ??_C@_0BB@FELB@Initializing?5?4?4?4?$AA@ 004222f4     gt_main.obj
 0002:00000308       ??_C@_0BI@DBIG@?$DMCtrl?$DO?$CL?$DMC?$DO?5was?5pressed?6?$AA@ 00422308     gt_main.obj
 0002:00000320       ??_C@_0BM@JAII@?$DMCtrl?$DO?$CL?$DMBreak?$DO?5was?5pressed?6?$AA@ 00422320     gt_main.obj
 0002:0000033c       ??_C@_0BO@CLE@?$DMCtrl?$DO?$CL?$DMXYZ?$DO?5was?5pressed?5?$CFld?6?$AA@ 0042233c     gt_main.obj
 0002:0000035c       ??_C@_02JJJH@?6?6?$AA@     0042235c     gt_main.obj
 0002:00000360       ??_C@_0BP@JFFE@?5?$CI0x?$CF02X?50x?$CF02X?50x?$CF02X?50x?$CF02X?$CJ?$AA@ 00422360     gt_main.obj
 0002:00000380       ??_C@_0BH@IGOB@Unknown?5?$CFs?5file?5format?$AA@ 00422380     gt_main.obj
 0002:00000398       ??_C@_06FNBK@binary?$AA@   00422398     gt_main.obj
 0002:000003a0       ??_C@_04LHJL@text?$AA@     004223a0     gt_main.obj
 0002:000003a8       ??_C@_0DC@GNGP@Files?5with?5a?5size?5of?50?5bytes?5can@ 004223a8     gt_main.obj
 0002:000003dc       ??_7PString@@6B@           004223dc     gt_main.obj
 0002:000003e8       ??_C@_0BN@HMJK@Found?5no?5matches?5for?5?8?$CFs?$CFs?8?6?$AA@ 004223e8     gt_main.obj
 0002:00000408       ??_7PFileSearch@@6B@       00422408     gt_main.obj
 0002:0000040c       ??_7PExtendedHeap@@6B@     0042240c     gt_main.obj
 0002:00000418       ??_C@_0BE@FLPL@?5?5?1?$CF?910s?5?9?5?$CFs?5?9?5?$CFs?6?$AA@ 00422418     gt_main.obj
 0002:0000042c       ??_C@_0BI@MNCA@do?5extended?5WPG?5listing?$AA@ 0042242c     gt_main.obj
 0002:00000444       ??_C@_04CEDN@zwpg?$AA@     00422444     gt_main.obj
 0002:0000044c       ??_C@_0CL@DBCM@list?5a?5maximum?5of?5X?5entries?5of?5a@ 0042244c     gt_main.obj
 0002:00000478       ??_C@_06MFKC@zriffX?$AA@   00422478     gt_main.obj
 0002:00000480       ??_C@_0DK@JLDL@send?5a?5WM_COPYDATA?5message?5to?5th@ 00422480     gt_main.obj
 0002:000004bc       ??_C@_06JLCK@zhwndX?$AA@   004224bc     gt_main.obj
 0002:000004c4       ??_C@_0CD@CEMG@wait?5for?5a?5key?5after?5the?5last?5fi@ 004224c4     gt_main.obj
 0002:000004e8       ??_C@_02HMFJ@wf?$AA@       004224e8     gt_main.obj
 0002:000004ec       ??_C@_0CF@BEFI@search?5in?5subdirectories?5?$CIrecurs@ 004224ec     gt_main.obj
 0002:00000514       ??_C@_04CPII@0?401?$AA@    00422514     gt_main.obj
 0002:0000051c       ??_C@_01KBOJ@s?$AA@        0042251c     gt_main.obj
 0002:00000520       ??_C@_0BK@HCMM@do?5not?5list?5unknown?5files?$AA@ 00422520     gt_main.obj
 0002:0000053c       ??_C@_02ODMH@nu?$AA@       0042253c     gt_main.obj
 0002:00000540       ??_C@_0CC@DIJG@do?5not?5scan?5for?5special?5filename@ 00422540     gt_main.obj
 0002:00000564       ??_C@_0L@OKEA@noscanname?$AA@ 00422564     gt_main.obj
 0002:00000570       ??_C@_0CI@DMMK@do?5not?5scan?5for?5special?5file?5ext@ 00422570     gt_main.obj
 0002:00000598       ??_C@_09FDLF@noscanext?$AA@ 00422598     gt_main.obj
 0002:000005a8       ??_C@_0FB@PPFD@Syntax?3?5?$CFs?5filemask?5?$FLfilemask?5?$FL?4@ 004225a8     gt_main.obj
 0002:000005fc       ??_C@_0BG@NCGH@do?5not?5show?5copyright?$AA@ 004225fc     gt_main.obj
 0002:00000614       ??_C@_06CAIJ@nologo?$AA@   00422614     gt_main.obj
 0002:0000061c       ??_C@_0BF@KPJA@do?5not?5output?5footer?$AA@ 0042261c     gt_main.obj
 0002:00000634       ??_C@_08EALB@nofooter?$AA@ 00422634     gt_main.obj
 0002:00000640       ??_C@_0BC@LEHI@do?5not?5use?5colors?$AA@ 00422640     gt_main.obj
 0002:00000654       ??_C@_07BAA@nocolor?$AA@   00422654     gt_main.obj
 0002:0000065c       ??_C@_0BO@DGPK@do?5not?5list?5files?5in?5archives?$AA@ 0042265c     gt_main.obj
 0002:0000067c       ??_C@_06BMKO@noarcs?$AA@   0042267c     gt_main.obj
 0002:00000684       ??_C@_0BN@ILMM@do?5not?5list?5identified?5files?$AA@ 00422684     gt_main.obj
 0002:000006a4       ??_C@_02LEFD@ni?$AA@       004226a4     gt_main.obj
 0002:000006a8       ??_C@_0DF@GKJN@do?5not?5read?5the?5config?5file?5in?5t@ 004226a8     gt_main.obj
 0002:000006e0       ??_C@_03PGHB@ncl?$AA@      004226e0     gt_main.obj
 0002:000006e4       ??_C@_0DB@PFCA@do?5not?5read?5the?5config?5file?5in?5t@ 004226e4     gt_main.obj
 0002:00000718       ??_C@_03FNHA@ncg?$AA@      00422718     gt_main.obj
 0002:0000071c       ??_C@_0BI@ONAB@use?5listmode?5for?5output?$AA@ 0042271c     gt_main.obj
 0002:00000734       ??_C@_04CPED@0?404?$AA@    00422734     gt_main.obj
 0002:0000073c       ??_C@_01JME@l?$AA@         0042273c     gt_main.obj
 0002:00000740       ??_C@_0CK@KDKJ@start?5gtui2?5and?5redirect?5the?5out@ 00422740     gt_main.obj
 0002:0000076c       ??_C@_05NNEE@gtui2?$AA@    0042276c     gt_main.obj
 0002:00000774       ??_C@_0DA@FMKG@set?5the?5fault?5tolerance?5in?5PE?5co@ 00422774     gt_main.obj
 0002:000007a4       ??_C@_04MCDC@ftpX?$AA@     004227a4     gt_main.obj
 0002:000007ac       ??_C@_0DA@PELD@set?5the?5fault?5tolerance?5in?5NE?5co@ 004227ac     gt_main.obj
 0002:000007dc       ??_C@_04GKDA@ftnX?$AA@     004227dc     gt_main.obj
 0002:000007e4       ??_C@_0DB@IKCN@set?5the?5fault?5tolerance?5in?5EXE?5c@ 004227e4     gt_main.obj
 0002:00000818       ??_C@_04OEJL@fteX?$AA@     00422818     gt_main.obj
 0002:00000820       ??_C@_0CG@BKDH@list?5VersionInfo?5resources?5of?5PE@ 00422820     gt_main.obj
 0002:00000848       ??_C@_05HDJN@pever?$AA@    00422848     gt_main.obj
 0002:00000850       ??_C@_0BO@MAMJ@list?5segment?5table?5of?5PE?5EXEs?$AA@ 00422850     gt_main.obj
 0002:00000870       ??_C@_06CGG@pesect?$AA@    00422870     gt_main.obj
 0002:00000878       ??_C@_0CK@JEEO@list?5resources?5of?5PE?5EXEs?5and?5al@ 00422878     gt_main.obj
 0002:000008a4       ??_C@_06BHCP@peres2?$AA@   004228a4     gt_main.obj
 0002:000008ac       ??_C@_0BK@LHEN@list?5resources?5of?5PE?5EXEs?$AA@ 004228ac     gt_main.obj
 0002:000008c8       ??_C@_05JBFA@peres?$AA@    004228c8     gt_main.obj
 0002:000008d0       ??_C@_0CM@GBON@list?5imported?5DLLs?5and?5functions@ 004228d0     gt_main.obj
 0002:000008fc       ??_C@_06KMCC@peimp2?$AA@   004228fc     gt_main.obj
 0002:00000904       ??_C@_0BO@GEIC@list?5imported?5DLLs?5of?5PE?5EXEs?$AA@ 00422904     gt_main.obj
 0002:00000924       ??_C@_05JMFJ@peimp?$AA@    00422924     gt_main.obj
 0002:0000092c       ??_C@_0BI@FKIM@list?5exports?5of?5PE?5EXEs?$AA@ 0042292c     gt_main.obj
 0002:00000944       ??_C@_05GCBP@peexp?$AA@    00422944     gt_main.obj
 0002:0000094c       ??_C@_0BP@HPCJ@list?5data?5directory?5of?5PE?5EXEs?$AA@ 0042294c     gt_main.obj
 0002:0000096c       ??_C@_04OPE@pedd?$AA@      0042296c     gt_main.obj
 0002:00000974       ??_C@_0CF@OBCK@substitution?5for?5?1epd?0?5?1eps?5and?5@ 00422974     gt_main.obj
 0002:0000099c       ??_C@_05ENNC@peall?$AA@    0042299c     gt_main.obj
 0002:000009a4       ??_C@_0BI@DJNC@show?5caching?5statistics?$AA@ 004229a4     gt_main.obj
 0002:000009bc       ??_C@_0L@OBJN@cachestats?$AA@ 004229bc     gt_main.obj
 0002:000009c8       ??_C@_0CE@DLLG@set?5the?5maximum?5buffersize?5in?5by@ 004229c8     gt_main.obj
 0002:000009ec       ??_C@_08JCBB@bufsizeX?$AA@ 004229ec     gt_main.obj
 0002:000009f8       ??_C@_0BJ@OGHD@use?5buffered?5IO?5?$CIslower?$CJ?$AA@ 004229f8     gt_main.obj
 0002:00000a14       ??_C@_03EJCG@bio?$AA@      00422a14     gt_main.obj
 0002:00000a18       ??_C@_0BG@KBFA@show?5this?5help?5screen?$AA@ 00422a18     gt_main.obj
 0002:00000a30       ??_C@_04NADB@0?402?$AA@    00422a30     gt_main.obj
 0002:00000a38       ??_C@_01PKMN@?$DP?$AA@     00422a38     gt_main.obj
 0002:00000a3c       ??_C@_04HKKG@0?403?$AA@    00422a3c     gt_main.obj
 0002:00000a44       ??_C@_04MGFA@0?417?$AA@    00422a44     gt_main.obj
 0002:00000a4c       ??_C@_04CNN@0?421?$AA@     00422a4c     gt_main.obj
 0002:00000a54       ??_C@_04KIEK@0?420?$AA@    00422a54     gt_main.obj
 0002:00000a5c       ??_C@_04GMMH@0?416?$AA@    00422a5c     gt_main.obj
 0002:00000a64       ??_C@_04GMAM@0?413?$AA@    00422a64     gt_main.obj
 0002:00000a6c       ??_C@_0CA@BGGE@Press?5any?5key?5to?5end?5GT?52000?5?5?5?$AA@ 00422a6c     gt_main.obj
 0002:00000a90       ??_C@_0HB@CJOF@?6Caching?5statistics?3?6?5?5?$CFld?5total@ 00422a90     gt_main.obj
 0002:00000b04       ??_C@_0BB@PNEN@flag?3?5no?5footer?6?$AA@ 00422b04     gt_main.obj
 0002:00000b18       ??_C@_0BN@CKHL@?5of?5which?5?$CFd?5may?5be?5damaged?6?$AA@ 00422b18     gt_main.obj
 0002:00000b38       ??_C@_0BD@EMCJ@Found?5?$CFd?5archive?$CFs?$AA@ 00422b38     gt_main.obj
 0002:00000b4c       ??_C@_0CF@OOBH@flag?3?5nTotalNonFlagsParameters?5?$DM@ 00422b4c     gt_main.obj
 0002:00000b74       ??_C@_0DN@LCMF@?6Time?5needed?3?5?$CF?42f?5seconds?5?$CI?$CF?43f@ 00422b74     gt_main.obj
 0002:00000bb8       __real@3f50624dd2f1a9fc    00422bb8     gt_main.obj
 0002:00000bc0       ??_C@_01BJG@?6?$AA@        00422bc0     gt_main.obj
 0002:00000bc4       ??_C@_0BO@MHBO@?5and?5identified?5?$CFd?5?$CI?$DN?5?$CF?43f?$CF?$CF?$CJ?$AA@ 00422bc4     gt_main.obj
 0002:00000be4       ??_C@_0BA@JNEF@Found?5?$CFd?5file?$CFs?$AA@ 00422be4     gt_main.obj
 0002:00000bf4       ??_C@_0DF@OALF@?6?9?9?9?9?9?9?9?9?9?9?9?9?9?9?9?9?9?9?9?9?9?9?9?9?9?9?9?9?9?9?9@ 00422bf4     gt_main.obj
 0002:00000c2c       ??_C@_0DH@NCPP@Cannot?5start?5GTUI2?3?5The?5specifie@ 00422c2c     gt_gtui_starter.obj
 0002:00000c64       ??_C@_0DH@OAPO@Cannot?5start?5GTUI2?3?5The?5specifie@ 00422c64     gt_gtui_starter.obj
 0002:00000ca0       ??_C@_0FH@DIJM@Cannot?5start?5GTUI2?3?5The?5?4exe?5fil@ 00422ca0     gt_gtui_starter.obj
 0002:00000cf8       ??_C@_0DP@MHMH@Cannot?5start?5GTUI2?3?5The?5system?5i@ 00422cf8     gt_gtui_starter.obj
 0002:00000d38       ??_C@_09EFGC@gtui2?4exe?$AA@ 00422d38     gt_gtui_starter.obj
 0002:00000d44       ??_C@_0CA@KBGL@Failed?5to?5clear?5window?5of?5GTUI?6?$AA@ 00422d44     gt_gtui_starter.obj
 0002:00000d74       ___lookuptable             00422d74     libc:output.obj
 0002:00000dd0       ??_C@_1O@POHA@?$AA?$CI?$AAn?$AAu?$AAl?$AAl?$AA?$CJ?$AA?$AA@ 00422dd0     libc:output.obj
 0002:00000de0       ??_C@_06ONKE@?$CInull?$CJ?$AA@ 00422de0     libc:output.obj
 0002:00000e60       __real@8@3fff8000000000000000 00422e60     libc:testfdiv.obj
 0002:00000e68       __real@8@4015800bf60000000000 00422e68     libc:testfdiv.obj
 0002:00000e70       __real@8@4014bffffc0000000000 00422e70     libc:testfdiv.obj
 0002:00000e78       ??_C@_0BK@JEGK@IsProcessorFeaturePresent?$AA@ 00422e78     libc:testfdiv.obj
 0002:00000e94       ??_C@_08OBID@KERNEL32?$AA@ 00422e94     libc:testfdiv.obj
 0002:00000ea0       __real@8@00000000000000000000 00422ea0     libc:cvt.obj
 0002:00000ea8       ??_C@_05OFLO@e?$CL000?$AA@ 00422ea8     libc:cvt.obj
 0002:00000eb0       ??_C@_06MICP@CONIN$?$AA@   00422eb0     libc:initcon.obj
 0002:00000eb8       ??_C@_0BH@PHHF@__GLOBAL_HEAP_SELECTED?$AA@ 00422eb8     libc:heapinit.obj
 0002:00000ed0       ??_C@_0BF@BBGL@__MSVCRT_HEAP_SELECT?$AA@ 00422ed0     libc:heapinit.obj
 0002:00000ee8       ??_C@_0P@GGKG@runtime?5error?5?$AA@ 00422ee8     libc:crt0msg.obj
 0002:00000ef8       ??_C@_02PIMC@?$AN?6?$AA@   00422ef8     libc:crt0msg.obj
 0002:00000efc       ??_C@_0O@DELO@TLOSS?5error?$AN?6?$AA@ 00422efc     libc:crt0msg.obj
 0002:00000f0c       ??_C@_0N@OMLL@SING?5error?$AN?6?$AA@ 00422f0c     libc:crt0msg.obj
 0002:00000f1c       ??_C@_0P@OJAK@DOMAIN?5error?$AN?6?$AA@ 00422f1c     libc:crt0msg.obj
 0002:00000f2c       ??_C@_0CF@EANP@R6028?$AN?6?9?5unable?5to?5initialize?5he@ 00422f2c     libc:crt0msg.obj
 0002:00000f54       ??_C@_0DF@ECGN@R6027?$AN?6?9?5not?5enough?5space?5for?5lo@ 00422f54     libc:crt0msg.obj
 0002:00000f8c       ??_C@_0DF@FKAC@R6026?$AN?6?9?5not?5enough?5space?5for?5st@ 00422f8c     libc:crt0msg.obj
 0002:00000fc4       ??_C@_0CG@DPMN@R6025?$AN?6?9?5pure?5virtual?5function?5c@ 00422fc4     libc:crt0msg.obj
 0002:00000fec       ??_C@_0DF@CKIP@R6024?$AN?6?9?5not?5enough?5space?5for?5_o@ 00422fec     libc:crt0msg.obj
 0002:00001024       ??_C@_0CJ@GGOE@R6019?$AN?6?9?5unable?5to?5open?5console?5@ 00423024     libc:crt0msg.obj
 0002:00001050       ??_C@_0CB@LBOB@R6018?$AN?6?9?5unexpected?5heap?5error?$AN?6@ 00423050     libc:crt0msg.obj
 0002:00001074       ??_C@_0CN@FPEG@R6017?$AN?6?9?5unexpected?5multithread?5@ 00423074     libc:crt0msg.obj
 0002:000010a4       ??_C@_0CM@OBIC@R6016?$AN?6?9?5not?5enough?5space?5for?5th@ 004230a4     libc:crt0msg.obj
 0002:000010d0       ??_C@_0CB@HPAL@?$AN?6abnormal?5program?5termination?$AN?6@ 004230d0     libc:crt0msg.obj
 0002:000010f4       ??_C@_0CM@JOOB@R6009?$AN?6?9?5not?5enough?5space?5for?5en@ 004230f4     libc:crt0msg.obj
 0002:00001120       ??_C@_0CK@OIBL@R6008?$AN?6?9?5not?5enough?5space?5for?5ar@ 00423120     libc:crt0msg.obj
 0002:0000114c       ??_C@_0CF@LKPB@R6002?$AN?6?9?5floating?5point?5not?5load@ 0042314c     libc:crt0msg.obj
 0002:00001174       ??_C@_0CF@JPDF@Microsoft?5Visual?5C?$CL?$CL?5Runtime?5Lib@ 00423174     libc:crt0msg.obj
 0002:0000119c       ??_C@_0BK@DEOK@Runtime?5Error?$CB?6?6Program?3?5?$AA@ 0042319c     libc:crt0msg.obj
 0002:000011b8       ??_C@_03NAME@?4?4?4?$AA@   004231b8     libc:crt0msg.obj
 0002:000011bc       ??_C@_0BH@NNCD@?$DMprogram?5name?5unknown?$DO?$AA@ 004231bc     libc:crt0msg.obj
 0002:000011d4       ??_C@_0BD@NJFP@GetLastActivePopup?$AA@ 004231d4     libc:crtmbox.obj
 0002:000011e8       ??_C@_0BA@GILI@GetActiveWindow?$AA@ 004231e8     libc:crtmbox.obj
 0002:000011f8       ??_C@_0M@PKCK@MessageBoxA?$AA@ 004231f8     libc:crtmbox.obj
 0002:00001204       ??_C@_0L@HKL@user32?4dll?$AA@ 00423204     libc:crtmbox.obj
 0002:00001210       ??_C@_01A@?$AA?$AA@        00423210     libc:a_str.obj
 0002:00001214       ??_C@_13A@?$AA?$AA?$AA?$AA@ 00423214     libc:a_str.obj
 0002:00001240       ??_C@_06PAPI@1?$CDQNAN?$AA@ 00423240     libc:x10fout.obj
 0002:00001248       ??_C@_05BGNL@1?$CDINF?$AA@ 00423248     libc:x10fout.obj
 0002:00001250       ??_C@_05EDPF@1?$CDIND?$AA@ 00423250     libc:x10fout.obj
 0002:00001258       ??_C@_06LKFM@1?$CDSNAN?$AA@ 00423258     libc:x10fout.obj
 0002:00001260       ??_C@_03MAMC@?$CFlf?$AA@   00423260     plib:pstring.obj
 0002:00001264       ??_C@_03MCHI@?$CFlx?$AA@   00423264     plib:pstring.obj
 0002:00001268       ??_C@_0N@MJEF@?$CFs?5?$CI?$CFld?$CJ?3?6?$CFs?$AA@ 00423268     plib:perror.obj
 0002:00001278       ??_C@_0BI@GIAN@A?5Windows?5error?5occured?$AA@ 00423278     plib:perror.obj
 0002:00001290       ??_7?$GT_Sequence@VGT_OutputMember@@@@6B@ 00423290     lib_gt:gt_output.obj
 0002:00001294       ??_7Cursor@?$GT_Sequence@VGT_OutputMember@@@@6B@ 00423294     lib_gt:gt_output.obj
 0002:000012a4       ??_C@_0DB@FJFB@Failed?5to?5send?5data?5to?5specified@ 004232a4     lib_gt:gt_output.obj
 0002:000012d8       ??_C@_0CE@MOAB@Internal?5buffer?5overflow?5at?5?$CFs?3?5@ 004232d8     lib_gt:gt_output.obj
 0002:000012fc       ??_C@_0O@HFKC@gt_output?4cxx?$AA@ 004232fc     lib_gt:gt_output.obj
 0002:0000130c       ??_C@_0BD@GOEG@?5?$FLoffline?5content?$FN?$AA@ 0042330c     lib_gt:gt_output.obj
 0002:00001320       ??_C@_0O@JNID@?5?$FLcompressed?$FN?$AA@ 00423320     lib_gt:gt_output.obj
 0002:00001330       ??_C@_0DJ@HOOH@?6Error?3?5Failed?5to?5retrieve?5attri@ 00423330     lib_gt:gt_output.obj
 0002:0000136c       ??_C@_0DB@ODPA@?9?5next?5level?5at?5?$CFld?1?$CF08Xh?5for?5?$CFl@ 0042336c     lib_gt:gt_output.obj
 0002:000013a0       ??_C@_0BB@IIEM@?9?5?$CFs?5?$CI?$CFld?5bytes?$CJ?$AA@ 004233a0     lib_gt:gt_output.obj
 0002:000013b4       ??_C@_04EKKG@?9?5?$CFs?$AA@ 004233b4     lib_gt:gt_output.obj
 0002:000013bc       ??_C@_05KKAP@zriff?$AA@    004233bc     lib_gt:gt_commandlineflags.obj
 0002:000013c4       ??_C@_05CCMI@zhwnd?$AA@    004233c4     lib_gt:gt_commandlineflags.obj
 0002:000013cc       ??_C@_03DKKM@ftp?$AA@      004233cc     lib_gt:gt_commandlineflags.obj
 0002:000013d0       ??_C@_03DIBG@ftn?$AA@      004233d0     lib_gt:gt_commandlineflags.obj
 0002:000013d4       ??_C@_03JDBH@fte?$AA@      004233d4     lib_gt:gt_commandlineflags.obj
 0002:000013d8       ??_C@_07BJIB@bufsize?$AA@  004233d8     lib_gt:gt_commandlineflags.obj
 0002:000013e0       ??_C@_02NDMB@?5?9?$AA@     004233e0     lib_gt:gt_commandlineflags.obj
 0002:000013e4       ??_C@_0L@FBPO@gt2000?4cfg?$AA@ 004233e4     lib_gt:gt_configfile.obj
 0002:000013f0       ??_C@_02MMAH@rt?$AA@       004233f0     lib_gt:gt_configfile.obj
 0002:000013f8       ??_C@_0EB@KFFC@Software?2Microsoft?2Windows?2Curre@ 004233f8     lib_gt:gt_configfile.obj
 0002:0000143c       ??_C@_07EELO@AppData?$AA@  0042343c     lib_gt:gt_configfile.obj
 0002:00001444       ??_7GT_ConfigFile@@6B@     00423444     lib_gt:gt_configfile.obj
 0002:00001448       ??_C@_0CH@IEPI@Error?5in?5the?5configuration?5file?5@ 00423448     lib_gt:gt_configfile.obj
 0002:00001470       ??_C@_0BO@FGHO@?5?5line?5?$CFd?3?5Invalid?5character?6?$AA@ 00423470     lib_gt:gt_configfile.obj
 0002:00001490       ??_C@_0CH@CNLE@?5?5Config?5file?5?$CIline?5?$CFd?$CJ?3?5Syntax?5@ 00423490     lib_gt:gt_configfile.obj
 0002:000014b8       ??_C@_0CA@GCJF@?5?5line?5?$CFd?3?5Unknown?5switch?5?8?$CFs?8?6?$AA@ 004234b8     lib_gt:gt_configfile.obj
 0002:000014d8       ??_7GT_FileBuffer@@6B@     004234d8     lib_gt:gt_filebuffer.obj
 0002:000014dc       ??_C@_0BI@BHFI@Error?5opening?5?8?$CFs?8?3?5?$CFs?6?$AA@ 004234dc     lib_gt:gt_filebuffer.obj
 0002:000014f4       ??_C@_0CO@PLNL@Failed?5to?5set?5the?5buffer?5of?5the?5@ 004234f4     lib_gt:gt_filebuffer.obj
 0002:00001524       ??_C@_02JKAF@rb?$AA@       00423524     lib_gt:gt_filebuffer.obj
 0002:00001528       ??_C@_0BC@ODN@gt_filebuffer?4cxx?$AA@ 00423528     lib_gt:gt_filebuffer.obj
 0002:0000153c       ??_C@_0BB@OOAF@GT_FileException?$AA@ 0042353c     lib_gt:gt_filebuffer.obj
 0002:00001550       ??_C@_0BD@DBDD@GT_BufferException?$AA@ 00423550     lib_gt:gt_filebuffer.obj
 0002:00001564       ??_C@_0BL@OOLK@GetConsoleScreenBufferInfo?$AA@ 00423564     lib_gt:gt_winconsole.obj
 0002:00001580       ??_C@_0BG@MBLK@stderr?5is?5redirected?6?$AA@ 00423580     lib_gt:gt_winconsole.obj
 0002:00001598       ??_C@_0BF@DINF@stdin?5is?5redirected?6?$AA@ 00423598     lib_gt:gt_winconsole.obj
 0002:000015b0       ??_C@_0BG@ENJJ@stdout?5is?5redirected?6?$AA@ 004235b0     lib_gt:gt_winconsole.obj
 0002:000015c8       ??_7GT_WindowsConsole@@6B@ 004235c8     lib_gt:gt_winconsole.obj
 0002:000015cc       ??_C@_0BK@FOFF@SetConsoleTextAttribute?52?$AA@ 004235cc     lib_gt:gt_winconsole.obj
 0002:000015e8       ??_C@_0BK@KBOM@SetConsoleTextAttribute?51?$AA@ 004235e8     lib_gt:gt_winconsole.obj
 0002:00001604       ??_C@_0DF@DAIN@GetBuffer?5could?5not?5read?5the?5des@ 00423604     lib_gt:gt_exceptions.obj
 0002:0000163c       ??_C@_0CL@DOBH@GetBuffer?5was?5called?5with?5an?5inv@ 0042363c     lib_gt:gt_exceptions.obj
 0002:00001668       ??_C@_0BP@BMMA@GetPascalString?5reads?5over?5EOF?$AA@ 00423668     lib_gt:gt_exceptions.obj
 0002:00001688       ??_C@_0BP@GBAP@GetCString?5buffer?5is?5too?5small?$AA@ 00423688     lib_gt:gt_exceptions.obj
 0002:000016a8       ??_C@_0CB@HDCA@SetActFilePos?5out?5of?5file?5bounds@ 004236a8     lib_gt:gt_exceptions.obj
 0002:000016cc       ??_C@_0CB@MALH@IncActFilePos?5out?5of?5file?5bounds@ 004236cc     lib_gt:gt_exceptions.obj
 0002:000016f0       ??_C@_04JPK@?$CB?$DO?6?6?$AA@ 004236f0     lib_gt:gt_exceptions.obj
 0002:000016f8       ??_C@_02NDAK@?5?$CI?$AA@   004236f8     lib_gt:gt_exceptions.obj
 0002:000016fc       ??_C@_06BDOK@?5line?5?$AA@ 004236fc     lib_gt:gt_exceptions.obj
 0002:00001704       ??_C@_04EACC@?5in?5?$AA@   00423704     lib_gt:gt_exceptions.obj
 0002:0000170c       ??_C@_05BIF@?6?5?5?$DM?$CB?$AA@ 0042370c     lib_gt:gt_exceptions.obj
 0002:00001758       ??_C@_0CL@BEBG@?5?5Header?5is?5now?5too?5large?4?5Skipp@ 00423758     lib_data:gt_exe_analyzer.obj
 0002:00001784       ??_C@_0DD@PGCG@?5?5?5?5Calculated?5new?5size?5of?5heade@ 00423784     lib_data:gt_exe_analyzer.obj
 0002:000017b8       ??_C@_0BN@LJIJ@?5?5Size?5of?5header?5is?5too?5?$CFs?4?6?$AA@ 004237b8     lib_data:gt_exe_analyzer.obj
 0002:000017d8       ??_C@_05PMKF@large?$AA@    004237d8     lib_data:gt_exe_analyzer.obj
 0002:000017e0       ??_C@_05IHCN@small?$AA@    004237e0     lib_data:gt_exe_analyzer.obj
 0002:000017e8       ??_C@_0CF@JHHA@?5?5Found?5COM2EXE?5converter?5from?5?$CC@ 004237e8     lib_data:gt_exe_analyzer.obj
 0002:00001810       ??_C@_0DD@OPMH@?5?5Found?5packer?5?8?$CFs?8?$DL?5version?5in?5@ 00423810     lib_data:gt_exe_analyzer.obj
 0002:00001844       ??_C@_0BF@LKMC@?5?$FLextra?5compression?$FN?$AA@ 00423844     lib_data:gt_exe_analyzer.obj
 0002:0000185c       ??_C@_0BH@BOAD@?5?5Found?5packer?5?8?$CFs?$CFs?8?6?$AA@ 0042385c     lib_data:gt_exe_analyzer.obj
 0002:00001874       ??_C@_0L@NJBM@?$DP?$DP?$DP?5?$CI3?400?$CJ?$AA@ 00423874     lib_data:gt_exe_analyzer.obj
 0002:00001880       ??_C@_0N@FBPJ@3?400?13?401?5PR?$AA@ 00423880     lib_data:gt_exe_analyzer.obj
 0002:00001890       ??_C@_0BF@KHII@?5?5Found?5packer?5?8?$CFs?8?6?$AA@ 00423890     lib_data:gt_exe_analyzer.obj
 0002:000018a8       ??_C@_0O@CBFC@?$DP?$DP?$DP?5?$CI3?40x?5PR?$CJ?$AA@ 004238a8     lib_data:gt_exe_analyzer.obj
 0002:000018b8       ??_C@_08HPLM@3?405?a?5PR?$AA@ 004238b8     lib_data:gt_exe_analyzer.obj
 0002:000018c4       ??_C@_07JLAG@3?404?5PR?$AA@ 004238c4     lib_data:gt_exe_analyzer.obj
 0002:000018cc       ??_C@_07GBLI@3?403?5PR?$AA@ 004238cc     lib_data:gt_exe_analyzer.obj
 0002:000018d4       ??_C@_07EEOK@3?402?5PR?$AA@ 004238d4     lib_data:gt_exe_analyzer.obj
 0002:000018dc       ??_C@_0N@GIHE@?$DP?$DP?$DP?5?$CI3?40x?5P?$CJ?$AA@ 004238dc     lib_data:gt_exe_analyzer.obj
 0002:000018ec       ??_C@_08CKJC@3?405?a?5PP?$AA@ 004238ec     lib_data:gt_exe_analyzer.obj
 0002:000018f8       ??_C@_08CKFJ@3?405?a?5PU?$AA@ 004238f8     lib_data:gt_exe_analyzer.obj
 0002:00001904       ??_C@_07CCMN@3?405?a?5P?$AA@ 00423904     lib_data:gt_exe_analyzer.obj
 0002:0000190c       ??_C@_07MOCI@3?404?5PP?$AA@ 0042390c     lib_data:gt_exe_analyzer.obj
 0002:00001914       ??_C@_07MOOD@3?404?5PU?$AA@ 00423914     lib_data:gt_exe_analyzer.obj
 0002:0000191c       ??_C@_06JINN@3?404?5P?$AA@ 0042391c     lib_data:gt_exe_analyzer.obj
 0002:00001924       ??_C@_07DEJG@3?403?5PP?$AA@ 00423924     lib_data:gt_exe_analyzer.obj
 0002:0000192c       ??_C@_07DEFN@3?403?5PU?$AA@ 0042392c     lib_data:gt_exe_analyzer.obj
 0002:00001934       ??_C@_06CGLM@3?403?5P?$AA@ 00423934     lib_data:gt_exe_analyzer.obj
 0002:0000193c       ??_C@_07BBAP@3?402?5PU?$AA@ 0042393c     lib_data:gt_exe_analyzer.obj
 0002:00001944       ??_C@_06HEKK@3?402?5P?$AA@ 00423944     lib_data:gt_exe_analyzer.obj
 0002:0000194c       ??_C@_07HOPJ@3?401?5PU?$AA@ 0042394c     lib_data:gt_exe_analyzer.obj
 0002:00001954       ??_C@_06ICJB@3?401?5P?$AA@ 00423954     lib_data:gt_exe_analyzer.obj
 0002:0000195c       ??_C@_07FLKL@3?400?5PU?$AA@ 0042395c     lib_data:gt_exe_analyzer.obj
 0002:00001964       ??_C@_06NAIH@3?400?5P?$AA@ 00423964     lib_data:gt_exe_analyzer.obj
 0002:0000196c       ??_C@_0BO@HJGD@?5?5Found?5linker?5?8TLink?5?$CFd?4?$CFd?8?6?$AA@ 0042396c     lib_data:gt_exe_analyzer.obj
 0002:0000198c       ??_C@_0DI@CCJP@Found?5encryptor?5?8Trap?51?42x?8?5?$CIdec@ 0042398c     lib_data:gt_exe_analyzer.obj
 0002:000019c4       ??_C@_04IMNP@?$LEJ?M?$CB?$AA@ 004239c4     lib_data:gt_exe_analyzer.obj
 0002:000019cc       ??_C@_0DJ@CKCN@?5?5Found?5packer?5?8SEA?9AXE?5?$CFs?8?6?5?5?5?5@ 004239cc     lib_data:gt_exe_analyzer.obj
 0002:00001a08       ??_C@_08EJOK@SEA?9AXE?5?$AA@ 00423a08     lib_data:gt_exe_analyzer.obj
 0002:00001a14       ??_C@_0BN@JBPG@?5?5Found?5packer?5?8EXEPack?5?$CFs?8?6?$AA@ 00423a14     lib_data:gt_exe_analyzer.obj
 0002:00001a34       ??_C@_03NMFM@?$DP?$DP?$DP?$AA@ 00423a34     lib_data:gt_exe_analyzer.obj
 0002:00001a38       ??_C@_04CMAE@ID_2?$AA@     00423a38     lib_data:gt_exe_analyzer.obj
 0002:00001a40       ??_C@_04OPOO@4?403?$AA@    00423a40     lib_data:gt_exe_analyzer.obj
[...]
 0003:00003790       ?sConsoleTitle@@3PADA      0042e790     gt_main.obj
 0003:00003b90       ?nTotalFilesFound@@3JA     0042eb90     gt_main.obj
 0003:00003b94       ?nTotalFilesIdentified@@3JA 0042eb94     gt_main.obj
 0003:00003b98       _bFound                    0042eb98     gt_gtui_starter.obj
 0003:00003b9c       __cflush                   0042eb9c     libc:_file.obj
 0003:00003ba0       ___fastflag                0042eba0     libc:fpinit.obj
 0003:00003ba4       __adjust_fdiv              0042eba4     libc:fpinit.obj
 0003:00003ba8       __aenvptr                  0042eba8     libc:crt0.obj
 0003:00003bac       __wenvptr                  0042ebac     libc:crt0.obj
 0003:00003bb0       ___error_mode              0042ebb0     libc:crt0.obj
 0003:00003bb4       __stdbuf                   0042ebb4     libc:_sftbuf.obj
 0003:00003bbc       _errno                     0042ebbc     libc:crt0dat.obj
 0003:00003bc0       __doserrno                 0042ebc0     libc:crt0dat.obj
 0003:00003bc4       __umaskval                 0042ebc4     libc:crt0dat.obj
 0003:00003bc8       __osver                    0042ebc8     libc:crt0dat.obj
 0003:00003bcc       __winver                   0042ebcc     libc:crt0dat.obj
 0003:00003bd0       __winmajor                 0042ebd0     libc:crt0dat.obj
 0003:00003bd4       __winminor                 0042ebd4     libc:crt0dat.obj
 0003:00003bd8       ___argc                    0042ebd8     libc:crt0dat.obj
 0003:00003bdc       ___argv                    0042ebdc     libc:crt0dat.obj
 0003:00003be0       ___wargv                   0042ebe0     libc:crt0dat.obj
 0003:00003be4       __environ                  0042ebe4     libc:crt0dat.obj
 0003:00003be8       ___initenv                 0042ebe8     libc:crt0dat.obj
 0003:00003bec       __wenviron                 0042ebec     libc:crt0dat.obj
 0003:00003bf0       ___winitenv                0042ebf0     libc:crt0dat.obj
 0003:00003bf4       __pgmptr                   0042ebf4     libc:crt0dat.obj
 0003:00003bf8       __wpgmptr                  0042ebf8     libc:crt0dat.obj
 0003:00003bfc       __exitflag                 0042ebfc     libc:crt0dat.obj
 0003:00003c00       __C_Termination_Done       0042ec00     libc:crt0dat.obj
 0003:00003c04       __C_Exit_Done              0042ec04     libc:crt0dat.obj
 0003:00003c08       ?_pCurrentException@@3PAUEHExceptionRecord@@A 0042ec08     libc:frame.obj
 0003:00003c0c       ?_pCurrentExContext@@3PAU_CONTEXT@@A 0042ec0c     libc:frame.obj
 0003:00003c10       ?__pSETranslator@@3P6AXIPAU_EXCEPTION_POINTERS@@@ZA 0042ec10     libc:hooks.obj
 0003:00003c14       ?__pTerminate@@3P6AXXZA    0042ec14     libc:hooks.obj
 0003:00003c28       __pxcptinfoptrs            0042ec28     libc:winxfltr.obj
 0003:00003d34       __adbgmsg                  0042ed34     libc:crt0msg.obj
 0003:00003d38       ?_pnhHeap@@3P6AHI@ZA       0042ed38     libc:handler.obj
 0003:00003d3c       __newmode                  0042ed3c     libc:_newmode.obj
 0003:00003d88       ___lc_handle               0042ed88     libc:nlsdata2.obj
 0003:00003da0       ___lc_codepage             0042eda0     libc:nlsdata2.obj
 0003:00003da4       ___lc_collate_cp           0042eda4     libc:nlsdata2.obj
 0003:000066c4       ?gbNotReadLocalConfigFile@@3HA 004316c4     lib_gt:gt_commandlineflags.obj
 0003:000066c8       ?gbNotScanFileExtension@@3HA 004316c8     lib_gt:gt_commandlineflags.obj
 0003:000066cc       ?gbPE_Imports@@3HA         004316cc     lib_gt:gt_commandlineflags.obj
 0003:000066d0       ?gbHelp@@3HA               004316d0     lib_gt:gt_commandlineflags.obj
 0003:000066d4       ?gbCacheStats@@3HA         004316d4     lib_gt:gt_commandlineflags.obj
 0003:000066d8       ?gbNoArchives@@3HA         004316d8     lib_gt:gt_commandlineflags.obj
 0003:000066dc       ?gnCodeToleranceEXE@@3KA   004316dc     lib_gt:gt_commandlineflags.obj
 0003:000066e0       ?gnCodeTolerancePE@@3KA    004316e0     lib_gt:gt_commandlineflags.obj
 0003:000066e4       ?gbPE_SectionTable@@3HA    004316e4     lib_gt:gt_commandlineflags.obj
 0003:000066e8       ?gnCodeToleranceNE@@3KA    004316e8     lib_gt:gt_commandlineflags.obj
 0003:000066ec       ?gbNotListUnknown@@3HA     004316ec     lib_gt:gt_commandlineflags.obj
 0003:000066f0       ?gbPE_All@@3HA             004316f0     lib_gt:gt_commandlineflags.obj
 0003:000066f4       ?gbListMode@@3HA           004316f4     lib_gt:gt_commandlineflags.obj
 0003:000066f8       ?gnNumberOfRIFFEntries@@3KA 004316f8     lib_gt:gt_commandlineflags.obj
 0003:000066fc       ?gbPE_Exports@@3HA         004316fc     lib_gt:gt_commandlineflags.obj
 0003:00006700       ?gbNotListIdentified@@3HA  00431700     lib_gt:gt_commandlineflags.obj
 0003:00006704       ?gbPE_RessourceStrings@@3HA 00431704     lib_gt:gt_commandlineflags.obj
 0003:00006708       ?gbFooter@@3HA             00431708     lib_gt:gt_commandlineflags.obj
 0003:0000670c       ?gbGTUI2@@3HA              0043170c     lib_gt:gt_commandlineflags.obj
 0003:00006710       ?gbNotReadGlobalConfigFile@@3HA 00431710     lib_gt:gt_commandlineflags.obj
 0003:00006714       ?gbPE_ImportFunctions@@3HA 00431714     lib_gt:gt_commandlineflags.obj
 0003:00006718       ?gbNoLogo@@3HA             00431718     lib_gt:gt_commandlineflags.obj
 0003:0000671c       ?gbWaitAfterLastFile@@3HA  0043171c     lib_gt:gt_commandlineflags.obj
 0003:00006720       ?gbBufferedIO@@3HA         00431720     lib_gt:gt_commandlineflags.obj
 0003:00006724       ?gbXWPG@@3HA               00431724     lib_gt:gt_commandlineflags.obj
 0003:00006728       ?gbPE_DataDirectory@@3HA   00431728     lib_gt:gt_commandlineflags.obj
 0003:0000672c       ?gbPE_Version@@3HA         0043172c     lib_gt:gt_commandlineflags.obj
 0003:00006730       ?gbPE_Ressources@@3HA      00431730     lib_gt:gt_commandlineflags.obj
 0003:00006734       ?gbScanSubfolder@@3HA      00431734     lib_gt:gt_commandlineflags.obj
 0003:00006738       ?gnHWND@@3KA               00431738     lib_gt:gt_commandlineflags.obj
 0003:0000673c       ?gbNotScanFileName@@3HA    0043173c     lib_gt:gt_commandlineflags.obj
 0003:00006740       ?gnMaxBufferSize@@3KA      00431740     lib_gt:gt_commandlineflags.obj
 0003:00006744       ?gbNoColor@@3HA            00431744     lib_gt:gt_commandlineflags.obj
 0003:00007750       ?nFileBuffer_CacheHits@@3JA 00432750     lib_gt:gt_filebuffer.obj
 0003:00007754       ?nFileBuffer_PartialCacheHits@@3JA 00432754     lib_gt:gt_filebuffer.obj
 0003:00007758       ?nFileBuffer_CacheMisses@@3JA 00432758     lib_gt:gt_filebuffer.obj
 0003:0000775c       ?aCSBI@@3U_CONSOLE_SCREEN_BUFFER_INFO@@A 0043275c     lib_gt:gt_winconsole.obj
 0003:000077f8       ?sTemp@@3PADA              004327f8     lib_archive:gt_archiver.obj
 0003:00007a40       ?nTotalArchives@GT_ArchiveAnalyzer@@2JA 00432a40     lib_archive:gt_archiver.obj
 0003:00007a44       ?nDamagedArchives@GT_ArchiveAnalyzer@@2JA 00432a44     lib_archive:gt_archiver.obj
 0003:00007a78       __fmode                    00432a78     libc:txtmode.obj
 0003:00007a7c       __commode                  00432a7c     libc:ncommode.obj
 0003:00007a88       ___mbcodepage              00432a88     <common>
 0003:00007a90       ___mbulinfo                00432a90     <common>
 0003:00007a9c       ___ismbcodepage            00432a9c     <common>
 0003:00007aa0       __mbcasemap                00432aa0     <common>
 0003:00007ba0       __mbctype                  00432ba0     <common>
 0003:00007ca4       ___mblcid                  00432ca4     <common>
 0003:00007ca8       ___sbh_sizeHeaderList      00432ca8     <common>
 0003:00007cac       ___sbh_indGroupDefer       00432cac     <common>
 0003:00007cb0       ___sbh_pHeaderScan         00432cb0     <common>
 0003:00007cb4       ___sbh_pHeaderDefer        00432cb4     <common>
 0003:00007cb8       ___sbh_cntHeaderList       00432cb8     <common>
 0003:00007cbc       ___sbh_pHeaderList         00432cbc     <common>
 0003:00007cc0       ___sbh_threshold           00432cc0     <common>
 0003:00007cc4       __crtheap                  00432cc4     <common>
 0003:00007cc8       ___active_heap             00432cc8     <common>
 0003:00007ccc       ___env_initialized         00432ccc     <common>
 0003:00007cd0       ___mbctype_initialized     00432cd0     <common>
 0003:00007cd4       ___onexitend               00432cd4     <common>
 0003:00007cd8       ___onexitbegin             00432cd8     <common>
 0003:00007ce0       ___pioinfo                 00432ce0     <common>
 0003:00007de0       __nhandle                  00432de0     <common>
 0003:00007de4       __acmdln                   00432de4     <common>
 0003:00007de8       ___piob                    00432de8     <common>
 0003:00007e00       __bufin                    00432e00     <common>
 0003:00008e00       __nstream                  00433e00     <common>

 entry point at        0001:00001c9b

 Static symbols

 0001:000013f0       _GT_EnumWindowsProc@8      004023f0 f   gt_gtui_starter.obj
 0001:00000000       _$E6                       00401000 f   gt_main.obj
 0001:00000020       _$E9                       00401020 f   gt_main.obj
 0001:000004b0       ?HandlerRoutine@@YGHK@Z    004014b0 f   gt_main.obj
 0001:000004f0       ?GlobalListFile@@YGXPBDJ@Z 004014f0 f   gt_main.obj
 0001:00000970       ?GlobalScanDirectory@@YGHPBD0@Z 00401970 f   gt_main.obj
 0001:00000d20       ?GlobalShowSyntax@@YGXPBD@Z 00401d20 f   gt_main.obj
 0001:00001110       ?GlobalCleanUp@@YGXH@Z     00402110 f   gt_main.obj
 0001:0001dd13       _xtoa                      0041ed13 f   libc:xtoa.obj
 0001:00007eb5       _strncnt                   00408eb5 f   libc:a_map.obj
 0001:00007b03       _siglookup                 00408b03 f   libc:winsig.obj
 0001:0000726c       _strtoxl                   0040826c f   libc:strtol.obj
 0001:00006f90       LeadUp1                    00407f90 f   libc:memcpy.obj
 0001:00006fbc       LeadUp2                    00407fbc f   libc:memcpy.obj
 0001:00006fe0       LeadUp3                    00407fe0 f   libc:memcpy.obj
 0001:0000705f       UnwindUp0                  0040805f f   libc:memcpy.obj
 0001:0000704c       UnwindUp1                  0040804c f   libc:memcpy.obj
 0001:00007044       UnwindUp2                  00408044 f   libc:memcpy.obj
 0001:0000703c       UnwindUp3                  0040803c f   libc:memcpy.obj
 0001:00007034       UnwindUp4                  00408034 f   libc:memcpy.obj
 0001:0000702c       UnwindUp5                  0040802c f   libc:memcpy.obj
 0001:00007024       UnwindUp6                  00408024 f   libc:memcpy.obj
 0001:0000701c       UnwindUp7                  0040801c f   libc:memcpy.obj
 0001:00007078       TrailUp0                   00408078 f   libc:memcpy.obj
 0001:00007080       TrailUp1                   00408080 f   libc:memcpy.obj
 0001:0000708c       TrailUp2                   0040808c f   libc:memcpy.obj
 0001:000070a0       TrailUp3                   004080a0 f   libc:memcpy.obj
 0001:00007118       LeadDown1                  00408118 f   libc:memcpy.obj
 0001:00007138       LeadDown2                  00408138 f   libc:memcpy.obj
 0001:00007160       LeadDown3                  00408160 f   libc:memcpy.obj
 0001:000071b4       UnwindDown7                004081b4 f   libc:memcpy.obj
 0001:000071bc       UnwindDown6                004081bc f   libc:memcpy.obj
 0001:000071c4       UnwindDown5                004081c4 f   libc:memcpy.obj
 0001:000071cc       UnwindDown4                004081cc f   libc:memcpy.obj
 0001:000071d4       UnwindDown3                004081d4 f   libc:memcpy.obj
 0001:000071dc       UnwindDown2                004081dc f   libc:memcpy.obj
 0001:000071e4       UnwindDown1                004081e4 f   libc:memcpy.obj
 0001:000071f7       UnwindDown0                004081f7 f   libc:memcpy.obj
 0001:00007210       TrailDown0                 00408210 f   libc:memcpy.obj
 0001:00007218       TrailDown1                 00408218 f   libc:memcpy.obj
 0001:00007228       TrailDown2                 00408228 f   libc:memcpy.obj
 0001:0000723c       TrailDown3                 0040823c f   libc:memcpy.obj
 0001:00006cd3       _getSystemCP               00407cd3 f   libc:mbctype.obj
 0001:00006d1d       _CPtoLCID                  00407d1d f   libc:mbctype.obj
 0001:00006d50       _setSBCS                   00407d50 f   libc:mbctype.obj
 0001:00006d79       _setSBUpLow                00407d79 f   libc:mbctype.obj
 0001:00006267       __abstract_cw              00407267 f   libc:ieee87.obj
 0001:000062f9       __hw_cw                    004072f9 f   libc:ieee87.obj
 0001:00005f40       LeadUp1                    00406f40 f   libc:memmove.obj
 0001:00005f6c       LeadUp2                    00406f6c f   libc:memmove.obj
 0001:00005f90       LeadUp3                    00406f90 f   libc:memmove.obj
 0001:0000600f       UnwindUp0                  0040700f f   libc:memmove.obj
 0001:00005ffc       UnwindUp1                  00406ffc f   libc:memmove.obj
 0001:00005ff4       UnwindUp2                  00406ff4 f   libc:memmove.obj
 0001:00005fec       UnwindUp3                  00406fec f   libc:memmove.obj
 0001:00005fe4       UnwindUp4                  00406fe4 f   libc:memmove.obj
 0001:00005fdc       UnwindUp5                  00406fdc f   libc:memmove.obj
 0001:00005fd4       UnwindUp6                  00406fd4 f   libc:memmove.obj
 0001:00005fcc       UnwindUp7                  00406fcc f   libc:memmove.obj
 0001:00006028       TrailUp0                   00407028 f   libc:memmove.obj
 0001:00006030       TrailUp1                   00407030 f   libc:memmove.obj
 0001:0000603c       TrailUp2                   0040703c f   libc:memmove.obj
 0001:00006050       TrailUp3                   00407050 f   libc:memmove.obj
 0001:000060c8       LeadDown1                  004070c8 f   libc:memmove.obj
 0001:000060e8       LeadDown2                  004070e8 f   libc:memmove.obj
 0001:00006110       LeadDown3                  00407110 f   libc:memmove.obj
 0001:00006164       UnwindDown7                00407164 f   libc:memmove.obj
 0001:0000616c       UnwindDown6                0040716c f   libc:memmove.obj
 0001:00006174       UnwindDown5                00407174 f   libc:memmove.obj
 0001:0000617c       UnwindDown4                0040717c f   libc:memmove.obj
 0001:00006184       UnwindDown3                00407184 f   libc:memmove.obj
 0001:0000618c       UnwindDown2                0040718c f   libc:memmove.obj
 0001:00006194       UnwindDown1                00407194 f   libc:memmove.obj
 0001:000061a7       UnwindDown0                004071a7 f   libc:memmove.obj
 0001:000061c0       TrailDown0                 004071c0 f   libc:memmove.obj
 0001:000061c8       TrailDown1                 004071c8 f   libc:memmove.obj
 0001:000061d8       TrailDown2                 004071d8 f   libc:memmove.obj
 0001:000061ec       TrailDown3                 004071ec f   libc:memmove.obj
 0001:00003de5       _parse_cmdline             00404de5 f   libc:stdargv.obj
 0001:00003c50       _xcptlookup                00404c50 f   libc:winxfltr.obj
 0001:0000395c       __cftoe_g                  0040495c f   libc:cvt.obj
 0001:00003983       __cftof_g                  00404983 f   libc:cvt.obj
 0001:000039f7       __shift                    004049f7 f   libc:cvt.obj
 0001:00002d0a       ?FindHandler@@YAXPAUEHExceptionRecord@@PAUEHRegistrationNode@@PAU_CONTEXT@@PAXPBU_s_FuncInfo@@EH1@Z 00403d0a f   libc:frame.obj
 0001:00002eb1       ?FindHandlerForForeignException@@YAXPAUEHExceptionRecord@@PAUEHRegistrationNode@@PAU_CONTEXT@@PAXPBU_s_FuncInfo@@HH1@Z 00403eb1 f   libc:frame.obj
 0001:00002f59       ?TypeMatch@@YAHPBU_s_HandlerType@@PBU_s_CatchableType@@PBU_s_ThrowInfo@@@Z 00403f59 f   libc:frame.obj
 0001:00003054       ?FrameUnwindFilter@@YAHPAU_EXCEPTION_POINTERS@@@Z 00404054 f   libc:frame.obj
 0001:0000306a       ?CatchIt@@YAXPAUEHExceptionRecord@@PAUEHRegistrationNode@@PAU_CONTEXT@@PAXPBU_s_FuncInfo@@PBU_s_HandlerType@@PBU_s_CatchableType@@PBU_s_TryBlockMapEntry@@H1E@Z 0040406a f   libc:frame.obj
 0001:000030e5       ?CallCatchBlock@@YAPAXPAUEHExceptionRecord@@PAUEHRegistrationNode@@PAU_CONTEXT@@PBU_s_FuncInfo@@PAXHK@Z 004040e5 f   libc:frame.obj
 0001:000031f1       ?ExFilterRethrow@@YAHPAU_EXCEPTION_POINTERS@@@Z 004041f1 f   libc:frame.obj
 0001:0000321b       ?BuildCatchObject@@YAXPAUEHExceptionRecord@@PAUEHRegistrationNode@@PBU_s_HandlerType@@PBU_s_CatchableType@@@Z 0040421b f   libc:frame.obj
 0001:00003446       ?AdjustPointer@@YAPAXPAXABUPMD@@@Z 00404446 f   libc:frame.obj
 0001:00002c02       _flsall                    00403c02 f   libc:fflush.obj
 0001:00002aaf       _doexit                    00403aaf f   libc:crt0dat.obj
 0001:00002b48       __initterm                 00403b48 f   libc:crt0dat.obj
 0001:00002619       _write_char                00403619 f   libc:output.obj
 0001:0000264e       _write_multi_char          0040364e f   libc:output.obj
 0001:0000267f       _write_string              0040367f f   libc:output.obj
 0001:000026b7       _get_int_arg               004036b7 f   libc:output.obj
 0001:000026c4       _get_int64_arg             004036c4 f   libc:output.obj
 0001:000026d4       _get_short_arg             004036d4 f   libc:output.obj
 0001:00001d9f       _fast_error_exit           00402d9f f   libc:crt0.obj
 0001:00001bdb       __getextendedkeycode       00402bdb f   libc:getch.obj
 0001:000019f8       _gu_return                 004029f8 f   libc:exsup.obj
 0001:00001a00       __unwind_handler           00402a00 f   libc:exsup.obj
 0001:000017c4       ?CatchGuardHandler@@YA?AW4_EXCEPTION_DISPOSITION@@PAUEHExceptionRecord@@PAUCatchGuardRN@@PAX2@Z 004027c4 f   libc:trnsctrl.obj
 0001:0000189d       ?TranslatorGuardHandler@@YA?AW4_EXCEPTION_DISPOSITION@@PAUEHExceptionRecord@@PAUTranslatorGuardRN@@PAX2@Z 0040289d f   libc:trnsctrl.obj
 0001:00009760       _$E6                       0040a760 f   lib_gt:gt_output.obj
 0001:00009780       _$E4                       0040a780 f   lib_gt:gt_output.obj
 0001:00009790       _$E11                      0040a790 f   lib_gt:gt_output.obj
 0001:000097c0       _$E9                       0040a7c0 f   lib_gt:gt_output.obj
 0001:00009a60       ?_report2hwnd@@YGXPBDPAPAD@Z 0040aa60 f   lib_gt:gt_output.obj
 0001:00009b20       ?_out_string@@YGXAAVPString@@@Z 0040ab20 f   lib_gt:gt_output.obj
 0001:00009c80       ?_out_append@@YGXPBDHW4GT_Color@@@Z 0040ac80 f   lib_gt:gt_output.obj
 0001:0000a450       _$E14                      0040b450 f   lib_gt:gt_output.obj
 0001:0000d720       _$E6                       0040e720 f   lib_data:gt_generic.obj
 0001:0000d740       _$E4                       0040e740 f   lib_data:gt_generic.obj
 0001:00012c40       ?GetInfo_GIF@@YIXPAVGT_FileBuffer@@AAVPString@@@Z 00413c40 f   lib_data:gt_generic.obj
 0001:00013020       ?GetInfo_GRP@@YIXPAVGT_FileBuffer@@AAVPString@@@Z 00414020 f   lib_data:gt_generic.obj
 0001:000130f0       ?GetInfo_IFF@@YIXPAVGT_FileBuffer@@AAVPString@@@Z 004140f0 f   lib_data:gt_generic.obj
 0001:000131c0       ?_SubIFF@@YIPBDPBJ@Z       004141c0 f   lib_data:gt_generic.obj
 0001:000134c0       ?GetInfo_ImpulseTracker@@YIXPAVGT_FileBuffer@@AAVPString@@@Z 004144c0 f   lib_data:gt_generic.obj
 0001:00013590       ?GetInfo_MP3TAG@@YI?AVPString@@PAVGT_FileBuffer@@@Z 00414590 f   lib_data:gt_generic.obj
 0001:00013880       ?GetInfo_VOC@@YIXPAVGT_FileBuffer@@AAVPString@@@Z 00414880 f   lib_data:gt_generic.obj
 0001:0000c7d0       ?_PKLite@@YIXPAU_EXEEntry@@PAEPAVGT_FileBuffer@@@Z 0040d7d0 f   lib_data:gt_exe_analyzer.obj
 0001:0000c930       ?_WWPack300PR@@YIXPAU_EXEEntry@@PAEPAVGT_FileBuffer@@@Z 0040d930 f   lib_data:gt_exe_analyzer.obj
 0001:0000c960       ?_WWPack30xPR@@YIXPAU_EXEEntry@@PAEPAVGT_FileBuffer@@@Z 0040d960 f   lib_data:gt_exe_analyzer.obj
 0001:0000ca40       ?_WWPack30xP@@YIXPAU_EXEEntry@@PAEPAVGT_FileBuffer@@@Z 0040da40 f   lib_data:gt_exe_analyzer.obj

 103 bytes saved through ICF

