 gt2

 Timestamp is 3a2fafd5 (Thu Dec 07 16:42:13 2000)

 Preferred load address is 00400000

 Start         Length     Name                   Class
 0001:00000000 00020200H .text                   CODE
 0001:00020200 000011c5H .text$x                 CODE
 0002:00000000 00000198H .idata$5                DATA
 0002:00000198 000062f3H .rdata                  DATA
 0002:00006490 00000044H .rdata$r                DATA
 0002:000064d4 0000154cH .xdata$x                DATA
 0002:00007a20 00000050H .idata$2                DATA
 0002:00007a70 00000014H .idata$3                DATA
 0002:00007a84 00000198H .idata$4                DATA
 0002:00007c1c 00000728H .idata$6                DATA
 0002:00008344 00000000H .edata                  DATA
 0003:00000000 00000004H .CRT$XCA                DATA
 0003:00000004 00000014H .CRT$XCU                DATA
 0003:00000018 00000004H .CRT$XCZ                DATA
 0003:0000001c 00000004H .CRT$XIA                DATA
 0003:00000020 00000010H .CRT$XIC                DATA
 0003:00000030 00000004H .CRT$XIY                DATA
 0003:00000034 00000004H .CRT$XIZ                DATA
 0003:00000038 00000004H .CRT$XPA                DATA
 0003:0000003c 00000008H .CRT$XPX                DATA
 0003:00000044 00000004H .CRT$XPZ                DATA
 0003:00000048 00000004H .CRT$XTA                DATA
 0003:0000004c 00000004H .CRT$XTB                DATA
 0003:00000050 00000004H .CRT$XTZ                DATA
 0003:00000060 000037fcH .data                   DATA
 0003:00003860 000063c4H .bss                    DATA

  Address         Publics by Value              Rva+Base     Lib:Object

 0001:00000020       _main                      00401020 f   gt_main.obj
 0001:00000670       ?resize@PHeap@@UAIXH@Z     00401670 f i gt_main.obj
 0001:00000680       ??_EPHeap@@UAEPAXI@Z       00401680 f i gt_main.obj
 0001:00000680       ??_GPHeap@@UAEPAXI@Z       00401680 f i gt_main.obj
 0001:00000ca0       ??1PString@@UAE@XZ         00401ca0 f i gt_main.obj
 0001:00000ca0       ??1PExtendedHeap@@UAE@XZ   00401ca0 f i gt_main.obj
 0001:00000ed0       @StartGTUI2@0              00401ed0 f   gt_gtui_starter.obj
 0001:00001050       _strchr                    00402050 f   libc:strchr.obj
 0001:00001056       ___from_strstr_to_strchr   00402056 f   libc:strchr.obj
 0001:0000110c       _fprintf                   0040210c f   libc:fprintf.obj
 0001:0000113e       ___initstdio               0040213e f   libc:_file.obj
 0001:000011e3       ___endstdio                004021e3 f   libc:_file.obj
 0001:000011f7       ?_JumpToContinuation@@YGXPAXPAUEHRegistrationNode@@@Z 004021f7 f   libc:trnsctrl.obj
 0001:0000122b       ?_CallMemberFunction0@@YGXPAX0@Z 0040222b f   libc:trnsctrl.obj
 0001:0000122b       ?_CallMemberFunction1@@YGXPAX00@Z 0040222b f   libc:trnsctrl.obj
 0001:00001232       ?_CallMemberFunction2@@YGXPAX00H@Z 00402232 f   libc:trnsctrl.obj
 0001:00001239       ?_UnwindNestedFrames@@YGXPAUEHRegistrationNode@@PAUEHExceptionRecord@@@Z 00402239 f   libc:trnsctrl.obj
 0001:00001288       ___CxxFrameHandler         00402288 f   libc:trnsctrl.obj
 0001:000012be       ?_CallCatchBlock2@@YAPAXPAUEHRegistrationNode@@PBU_s_FuncInfo@@PAXHK@Z 004022be f   libc:trnsctrl.obj
 0001:00001337       ?_CallSETranslator@@YAHPAUEHExceptionRecord@@PAUEHRegistrationNode@@PAX2PBU_s_FuncInfo@@H1@Z 00402337 f   libc:trnsctrl.obj
 0001:00001460       ?_GetRangeOfTrysToCheck@@YAPBU_s_TryBlockMapEntry@@PBU_s_FuncInfo@@HHPAI1@Z 00402460 f   libc:trnsctrl.obj
 0001:000014dc       __global_unwind2           004024dc f   libc:exsup.obj
 0001:0000151e       __local_unwind2            0040251e f   libc:exsup.obj
 0001:00001576       __NLG_Return2              00402576 f   libc:exsup.obj
 0001:00001586       __abnormal_termination     00402586 f   libc:exsup.obj
 0001:000015a9       __NLG_Notify1              004025a9 f   libc:exsup.obj
 0001:000015b2       __NLG_Notify               004025b2 f   libc:exsup.obj
 0001:000015c5       __NLG_Dispatch             004025c5 f   libc:exsup.obj
 0001:000015ca       ??3@YAXPAX@Z               004025ca f   libc:delete.obj
 0001:000015d5       _printf                    004025d5 f   libc:printf.obj
 0001:00001606       __getch                    00402606 f   libc:getch.obj
 0001:00001797       __fpmath                   00402797 f   libc:fpinit.obj
 0001:000017ae       __fpclear                  004027ae f   libc:fpinit.obj
 0001:000017af       __cfltcvt_init             004027af f   libc:fpinit.obj
 0001:000017e7       _mainCRTStartup            004027e7 f   libc:crt0.obj
 0001:000018c6       __amsg_exit                004028c6 f   libc:crt0.obj
 0001:0000190f       __stbuf                    0040290f f   libc:_sftbuf.obj
 0001:0000199c       __ftbuf                    0040299c f   libc:_sftbuf.obj
 0001:000019d9       __output                   004029d9 f   libc:output.obj
 0001:000021e3       __ioinit                   004031e3 f   libc:ioinit.obj
 0001:0000238e       _calloc                    0040338e f   libc:calloc.obj
 0001:0000243f       __fcloseall                0040343f f   libc:closeall.obj
 0001:00002497       __cinit                    00403497 f   libc:crt0dat.obj
 0001:000024c4       _exit                      004034c4 f   libc:crt0dat.obj
 0001:000024d5       __exit                     004034d5 f   libc:crt0dat.obj
 0001:00002599       _fflush                    00403599 f   libc:fflush.obj
 0001:000025d4       __flush                    004035d4 f   libc:fflush.obj
 0001:00002630       __flushall                 00403630 f   libc:fflush.obj
 0001:000026a6       ___InternalCxxFrameHandler 004036a6 f   libc:frame.obj
 0001:000029ed       ___FrameUnwindToState      004039ed f   libc:frame.obj
 0001:00002e16       ?_DestructExceptionObject@@YAXPAUEHExceptionRecord@@E@Z 00403e16 f   libc:frame.obj
 0001:00002ea0       __CallSettingFrame@12      00403ea0 f   libc:lowhelpr.obj
 0001:00002ec7       __NLG_Return               00403ec7 f   libc:lowhelpr.obj
 0001:00002eec       ?terminate@@YAXXZ          00403eec f   libc:hooks.obj
 0001:00002f42       ?_inconsistency@@YAXXZ     00403f42 f   libc:hooks.obj
 0001:00002f98       _free                      00403f98 f   libc:free.obj
 0001:00003001       ___initconin               00404001 f   libc:initcon.obj
 0001:00003020       ___termcon                 00404020 f   libc:initcon.obj
 0001:00003050       __alloca_probe             00404050 f   libc:chkstk.obj
 0001:00003050       __chkstk                   00404050 f   libc:chkstk.obj
 0001:0000307f       __setdefaultprecision      0040407f f   libc:fp8.obj
 0001:00003091       __ms_p5_test_fdiv          00404091 f   libc:testfdiv.obj
 0001:000030cf       __ms_p5_mp_test_fdiv       004040cf f   libc:testfdiv.obj
 0001:000030f8       __forcdecpt                004040f8 f   libc:cvt.obj
 0001:00003152       __cropzeros                00404152 f   libc:cvt.obj
 0001:000031a0       __positive                 004041a0 f   libc:cvt.obj
 0001:000031b8       __fassign                  004041b8 f   libc:cvt.obj
 0001:000031f6       __cftoe                    004041f6 f   libc:cvt.obj
 0001:000032fa       __cftof                    004042fa f   libc:cvt.obj
 0001:000033d8       __cftog                    004043d8 f   libc:cvt.obj
 0001:000034bd       __cfltcvt                  004044bd f   libc:cvt.obj
 0001:00003533       __XcptFilter               00404533 f   libc:winxfltr.obj
 0001:000036b7       __setenvp                  004046b7 f   libc:stdenvp.obj
 0001:00003770       __setargv                  00404770 f   libc:stdargv.obj
 0001:000039bd       ___crtGetEnvironmentStringsA 004049bd f   libc:a_env.obj
 0001:00003aef       __GetLinkerVersion         00404aef f   libc:heapinit.obj
 0001:00003b1c       ___heap_select             00404b1c f   libc:heapinit.obj
 0001:00003c64       __heap_init                00404c64 f   libc:heapinit.obj
 0001:00003ccc       __except_handler3          00404ccc f   libc:exsup3.obj
 0001:00003d89       __seh_longjmp_unwind@4     00404d89 f   libc:exsup3.obj
 0001:00003da4       __FF_MSGBANNER             00404da4 f   libc:crt0msg.obj
 0001:00003ddd       __NMSG_WRITE               00404ddd f   libc:crt0msg.obj
 0001:00003f30       _malloc                    00404f30 f   libc:malloc.obj
 0001:00003f42       __nh_malloc                00404f42 f   libc:malloc.obj
 0001:00003f6e       __heap_alloc               00404f6e f   libc:malloc.obj
 0001:00003fe2       __isatty                   00404fe2 f   libc:isatty.obj
 0001:00004010       _strlen                    00405010 f   libc:strlen.obj
 0001:0000408b       _wctomb                    0040508b f   libc:wctomb.obj
 0001:00004100       __aulldiv                  00405100 f   libc:ulldiv.obj
 0001:00004170       __aullrem                  00405170 f   libc:ullrem.obj
 0001:000041e5       __flsbuf                   004051e5 f   libc:_flsbuf.obj
 0001:00004300       _memset                    00405300 f   libc:memset.obj
 0001:00004358       __callnewh                 00405358 f   libc:handler.obj
 0001:00004373       ___sbh_heap_init           00405373 f   libc:sbheap.obj
 0001:000043bb       ___sbh_find_block          004053bb f   libc:sbheap.obj
 0001:000043e6       ___sbh_free_block          004053e6 f   libc:sbheap.obj
 0001:0000470f       ___sbh_alloc_block         0040570f f   libc:sbheap.obj
 0001:00004a18       ___sbh_alloc_new_region    00405a18 f   libc:sbheap.obj
 0001:00004ac9       ___sbh_alloc_new_group     00405ac9 f   libc:sbheap.obj
 0001:00004bc4       ___sbh_resize_block        00405bc4 f   libc:sbheap.obj
 0001:00004eba       ___old_sbh_new_region      00405eba f   libc:sbheap.obj
 0001:00004ffe       ___old_sbh_release_region  00405ffe f   libc:sbheap.obj
 0001:00005054       ___old_sbh_decommit_pages  00406054 f   libc:sbheap.obj
 0001:00005116       ___old_sbh_find_block      00406116 f   libc:sbheap.obj
 0001:0000516d       ___old_sbh_free_block      0040616d f   libc:sbheap.obj
 0001:000051b2       ___old_sbh_alloc_block     004061b2 f   libc:sbheap.obj
 0001:000053ba       ___old_sbh_alloc_block_from_page 004063ba f   libc:sbheap.obj
 0001:000054de       ___old_sbh_resize_block    004064de f   libc:sbheap.obj
 0001:00005587       _fclose                    00406587 f   libc:fclose.obj
 0001:000055dd       __commit                   004065dd f   libc:commit.obj
 0001:00005634       __write                    00406634 f   libc:write.obj
 0001:000057e1       ?__CxxUnhandledExceptionFilter@@YGJPAU_EXCEPTION_POINTERS@@@Z 004067e1 f   libc:unhandld.obj
 0001:00005827       ?__CxxSetUnhandledExceptionFilter@@YAXXZ 00406827 f   libc:unhandld.obj
 0001:00005838       ?__CxxRestoreUnhandledExceptionFilter@@YAXXZ 00406838 f   libc:unhandld.obj
 0001:00005845       ?_ValidateRead@@YAHPBXI@Z  00406845 f   libc:validate.obj
 0001:00005861       ?_ValidateWrite@@YAHPAXI@Z 00406861 f   libc:validate.obj
 0001:0000587d       ?_ValidateExecute@@YAHP6GHXZ@Z 0040687d f   libc:validate.obj
 0001:000058a0       _strcmp                    004068a0 f   libc:strcmp.obj
 0001:00005930       _memmove                   00406930 f   libc:memmove.obj
 0001:00005c65       _abort                     00406c65 f   libc:abort.obj
 0001:00005c7c       __control87                00406c7c f   libc:ieee87.obj
 0001:00005cb1       __controlfp                00406cb1 f   libc:ieee87.obj
 0001:00005de2       __isctype                  00406de2 f   libc:isctype.obj
 0001:00005e57       _tolower                   00406e57 f   libc:tolower.obj
 0001:00005f22       __ZeroTail                 00406f22 f   libc:intrncvt.obj
 0001:00005f6b       __IncMan                   00406f6b f   libc:intrncvt.obj
 0001:00005fc1       __RoundMan                 00406fc1 f   libc:intrncvt.obj
 0001:0000604d       __CopyMan                  0040704d f   libc:intrncvt.obj
 0001:00006068       __FillZeroMan              00407068 f   libc:intrncvt.obj
 0001:00006074       __IsZeroMan                00407074 f   libc:intrncvt.obj
 0001:0000608f       __ShrMan                   0040708f f   libc:intrncvt.obj
 0001:0000611c       __ld12cvt                  0040711c f   libc:intrncvt.obj
 0001:00006288       __ld12tod                  00407288 f   libc:intrncvt.obj
 0001:0000629e       __ld12tof                  0040729e f   libc:intrncvt.obj
 0001:000062b4       __atodbl                   004072b4 f   libc:intrncvt.obj
 0001:000062e1       __atoflt                   004072e1 f   libc:intrncvt.obj
 0001:00006310       _strcpy                    00407310 f   libc:strcat.obj
 0001:00006320       _strcat                    00407320 f   libc:strcat.obj
 0001:00006400       __fptostr                  00407400 f   libc:_fptostr.obj
 0001:00006477       __fltout                   00407477 f   libc:cfout.obj
 0001:000064db       ___dtold                   004074db f   libc:cfout.obj
 0001:00006591       __fptrap                   00407591 f   libc:crt0fp.obj
 0001:0000659a       __setmbcp                  0040759a f   libc:mbctype.obj
 0001:0000695e       ___initmbctable            0040795e f   libc:mbctype.obj
 0001:00006980       _memcpy                    00407980 f   libc:memcpy.obj
 0001:00006cb5       _strtol                    00407cb5 f   libc:strtol.obj
 0001:00006ee0       _strstr                    00407ee0 f   libc:strstr.obj
 0001:00006f60       _strncmp                   00407f60 f   libc:strncmp.obj
 0001:00006f98       ___crtMessageBoxA          00407f98 f   libc:crtmbox.obj
 0001:00007030       _strncpy                   00408030 f   libc:strncpy.obj
 0001:0000712e       __lseek                    0040812e f   libc:lseek.obj
 0001:000071c8       __getbuf                   004081c8 f   libc:_getbuf.obj
 0001:0000720c       __close                    0040820c f   libc:close.obj
 0001:000072bf       __freebuf                  004082bf f   libc:_freebuf.obj
 0001:000072ea       __alloc_osfhnd             004082ea f   libc:osfinfo.obj
 0001:0000737f       __set_osfhnd               0040837f f   libc:osfinfo.obj
 0001:000073f6       __free_osfhnd              004083f6 f   libc:osfinfo.obj
 0001:00007470       __get_osfhandle            00408470 f   libc:osfinfo.obj
 0001:000074ad       __dosmaperr                004084ad f   libc:dosmap.obj
 0001:00007514       _raise                     00408514 f   libc:winsig.obj
 0001:00007686       ___crtGetStringTypeA       00408686 f   libc:a_str.obj
 0001:000077cf       ___crtLCMapStringA         004087cf f   libc:a_map.obj
 0001:000079f3       ___addl                    004089f3 f   libc:mantold.obj
 0001:00007a14       ___add_12                  00408a14 f   libc:mantold.obj
 0001:00007a72       ___shl_12                  00408a72 f   libc:mantold.obj
 0001:00007aa0       ___shr_12                  00408aa0 f   libc:mantold.obj
 0001:00007acd       ___mtold12                 00408acd f   libc:mantold.obj
 0001:00007b94       ___strgtold12              00408b94 f   libc:strgtold.obj
 0001:00008065       _$I10_OUTPUT               00409065 f   libc:x10fout.obj
 0001:000082f8       _toupper                   004092f8 f   libc:toupper.obj
 0001:000083c4       ___ld12mul                 004093c4 f   libc:tenpow.obj
 0001:000085e4       ___multtenpow12            004095e4 f   libc:tenpow.obj
 0001:00008660       ??0PTimer@@QAE@XZ          00409660 f   plib:ptimer.obj
 0001:00008670       ?Start@PTimer@@QAEXXZ      00409670 f   plib:ptimer.obj
 0001:00008690       ?Stop@PTimer@@QAEXXZ       00409690 f   plib:ptimer.obj
 0001:000086b0       ?GetSeconds@PTimer@@QBENXZ 004096b0 f   plib:ptimer.obj
 0001:000086c0       ?clear@PHeap@@UAIXXZ       004096c0 f   plib:pdynamicheap.obj
 0001:000086e0       ?_resize@PHeap@@IAIXH@Z    004096e0 f   plib:pdynamicheap.obj
 0001:00008700       ?clear@PExtendedHeap@@UAIXXZ 00409700 f   plib:pdynamicheap.obj
 0001:00008720       ?resize@PExtendedHeap@@UAIXH@Z 00409720 f   plib:pdynamicheap.obj
 0001:00008760       ?set@PExtendedHeap@@QAIXPBDHH@Z 00409760 f   plib:pdynamicheap.obj
 0001:000087a0       ??0PString@@QAE@PBD@Z      004097a0 f   plib:pstring.obj
 0001:00008830       ??0PString@@QAE@PBDH@Z     00409830 f   plib:pstring.obj
 0001:000088c0       ??0PString@@QAE@ABV0@@Z    004098c0 f   plib:pstring.obj
 0001:00008940       ?buf@PString@@QBIPADXZ     00409940 f   plib:pstring.obj
 0001:00008950       ?at@PString@@QAIAADF@Z     00409950 f   plib:pstring.obj
 0001:00008960       ?alloc@PString@@QAIXH@Z    00409960 f   plib:pstring.obj
 0001:00008980       ??_GPString@@UAEPAXI@Z     00409980 f i plib:pstring.obj
 0001:00008980       ??_GPExtendedHeap@@UAEPAXI@Z 00409980 f i plib:pstring.obj
 0001:00008980       ??_EPExtendedHeap@@UAEPAXI@Z 00409980 f i plib:pstring.obj
 0001:00008980       ??_EPString@@UAEPAXI@Z     00409980 f i plib:pstring.obj
 0001:000089a0       ?checkalloc@PString@@QAIXXZ 004099a0 f   plib:pstring.obj
 0001:000089e0       ?del_last@PString@@QAIXH@Z 004099e0 f   plib:pstring.obj
 0001:00008a00       ?keep_first@PString@@QAIXH@Z 00409a00 f   plib:pstring.obj
 0001:00008a20       ?replace_all@PString@@QAIHHH@Z 00409a20 f   plib:pstring.obj
 0001:00008a60       ?search@PString@@QAIHD@Z   00409a60 f   plib:pstring.obj
 0001:00008a90       ??4PString@@QAEAAV0@PBD@Z  00409a90 f   plib:pstring.obj
 0001:00008af0       ??4PString@@QAEAAV0@ABV0@@Z 00409af0 f   plib:pstring.obj
 0001:00008b30       ??YPString@@QAEXD@Z        00409b30 f   plib:pstring.obj
 0001:00008b70       ??YPString@@QAEXPBD@Z      00409b70 f   plib:pstring.obj
 0001:00008bc0       ??YPString@@QAEXABV0@@Z    00409bc0 f   plib:pstring.obj
 0001:00008c00       ??YPString@@QAEXH@Z        00409c00 f   plib:pstring.obj
 0001:00008c60       ??YPString@@QAEXJ@Z        00409c60 f   plib:pstring.obj
 0001:00008cc0       ??YPString@@QAEXK@Z        00409cc0 f   plib:pstring.obj
 0001:00008d20       ?append_format@PString@@QAAXPBDZZ 00409d20 f   plib:pstring.obj
 0001:00008d70       ?append@PString@@QAIXNPBD@Z 00409d70 f   plib:pstring.obj
 0001:00008dd0       ?append@PString@@QAIXHPBD@Z 00409dd0 f   plib:pstring.obj
 0001:00008e20       ?PError_ShowErrorMessage@@YAXPBDZZ 00409e20 f   plib:perror.obj
 0001:00008e70       ?PError_ShowWin32Error@@YIXPBD@Z 00409e70 f   plib:perror.obj
 0001:00008ee0       ?PError_ShowWin32Error@@YIXKPBD@Z 00409ee0 f   plib:perror.obj
 0001:00008f50       ??_GPFileSearch@@UAEPAXI@Z 00409f50 f i plib:pfilesearch.obj
 0001:00008f50       ??_EPFileSearch@@UAEPAXI@Z 00409f50 f i plib:pfilesearch.obj
 0001:00008fa0       ??0PFileSearch@@QAE@PBD@Z  00409fa0 f   plib:pfilesearch.obj
 0001:00008ff0       ??1PFileSearch@@UAE@XZ     00409ff0 f   plib:pfilesearch.obj
 0001:00009020       ?FindFirst@PFileSearch@@QAEXPBD@Z 0040a020 f   plib:pfilesearch.obj
 0001:00009080       ?FindNext@PFileSearch@@QAEXXZ 0040a080 f   plib:pfilesearch.obj
 0001:000090b0       ?FindClose@PFileSearch@@QAEXXZ 0040a0b0 f   plib:pfilesearch.obj
 0001:000090e0       ?GetFilename@PFileSearch@@QBEPBDXZ 0040a0e0 f   plib:pfilesearch.obj
 0001:00009110       ?IsValidDirectory@PFileSearch@@QBE?AW4P_BOOL@@XZ 0040a110 f   plib:pfilesearch.obj
 0001:00009150       ?IsValidFile@PFileSearch@@QBE?AW4P_BOOL@@XZ 0040a150 f   plib:pfilesearch.obj
 0001:00009210       ??0PExtendedHeap@@QAE@H@Z  0040a210 f i lib_gt:gt_output.obj
 0001:000092b0       ?out_flush@@YIXXZ          0040a2b0 f   lib_gt:gt_output.obj
 0001:00009420       ?GetType@OUTString@@UAE?AW4OUTType@@XZ 0040a420 f i lib_gt:gt_output.obj
 0001:00009430       ?Execute@OUTString@@UAEXXZ 0040a430 f i lib_gt:gt_output.obj
 0001:00009570       ??1OUTString@@QAE@XZ       0040a570 f i lib_gt:gt_output.obj
 0001:00009570       ??1?$GT_Entry@VPString@@@@QAE@XZ 0040a570 f i lib_gt:gt_output.obj
 0001:00009580       ?out_append@@YIXPBDW4GT_Color@@@Z 0040a580 f   lib_gt:gt_output.obj
 0001:000097b0       ?GetType@OUTColor@@UAE?AW4OUTType@@XZ 0040a7b0 f i lib_gt:gt_output.obj
 0001:000097c0       ?Execute@OUTColor@@UAEXXZ  0040a7c0 f i lib_gt:gt_output.obj
 0001:000097e0       ?GetType@OUTDefColor@@UAE?AW4OUTType@@XZ 0040a7e0 f i lib_gt:gt_output.obj
 0001:000097f0       ?Execute@OUTDefColor@@UAEXXZ 0040a7f0 f i lib_gt:gt_output.obj
 0001:00009810       ?out_append@@YIXABVPString@@W4GT_Color@@@Z 0040a810 f   lib_gt:gt_output.obj
 0001:00009a40       ?out_format@@YAXPBDZZ      0040aa40 f   lib_gt:gt_output.obj
 0001:00009bd0       ?out_color_format@@YAXW4GT_Color@@PBDZZ 0040abd0 f   lib_gt:gt_output.obj
 0001:00009e30       ?out_color@@YIXW4GT_Color@@@Z 0040ae30 f   lib_gt:gt_output.obj
 0001:00009ef0       ?out_defcolor@@YIXXZ       0040aef0 f   lib_gt:gt_output.obj
 0001:00009fa0       ??_G?$GT_Sequence@PAVOUTMember@@@@UAEPAXI@Z 0040afa0 f i lib_gt:gt_output.obj
 0001:00009fa0       ??_E?$GT_Sequence@PAVOUTMember@@@@UAEPAXI@Z 0040afa0 f i lib_gt:gt_output.obj
 0001:00009ff0       ?addFirst@?$GT_Sequence@PAVOUTMember@@@@QAEXABQAVOUTMember@@@Z 0040aff0 f i lib_gt:gt_output.obj
 0001:0000a040       ?addLast@?$GT_Sequence@PAVOUTMember@@@@QAEXABQAVOUTMember@@@Z 0040b040 f i lib_gt:gt_output.obj
 0001:0000a090       ?GT_Flags_Init@@YIXHPAPAD@Z 0040b090 f   lib_gt:gt_commandlineflags.obj
 0001:0000a0d0       ?GT_Flags_Parse@@YIXXZ     0040b0d0 f   lib_gt:gt_commandlineflags.obj
 0001:0000a110       ?GT_Flags_SetFlag@@YI?AW4P_BOOL@@PBD@Z 0040b110 f   lib_gt:gt_commandlineflags.obj
 0001:0000a190       ?GT_Flags_OptimizeFlags@@YIXXZ 0040b190 f   lib_gt:gt_commandlineflags.obj
 0001:0000a230       ?GT_Flags_GetAsString@@YI?AVPString@@XZ 0040b230 f   lib_gt:gt_commandlineflags.obj
 0001:0000a340       ??0GT_ConfigFile@@QAE@XZ   0040b340 f   lib_gt:gt_configfile.obj
 0001:0000a4c0       ??_GGT_ConfigFile@@UAEPAXI@Z 0040b4c0 f i lib_gt:gt_configfile.obj
 0001:0000a4c0       ??_EGT_ConfigFile@@UAEPAXI@Z 0040b4c0 f i lib_gt:gt_configfile.obj
 0001:0000a500       ??1GT_ConfigFile@@UAE@XZ   0040b500 f   lib_gt:gt_configfile.obj
 0001:0000a530       ?Read@GT_ConfigFile@@QAE?AW4P_BOOL@@XZ 0040b530 f   lib_gt:gt_configfile.obj
 0001:0000a670       ??0GT_FileBuffer@@QAE@PBDJP6IX0J@ZJ@Z 0040b670 f   lib_gt:gt_filebuffer.obj
 0001:0000a6d0       ??_EGT_FileBuffer@@UAEPAXI@Z 0040b6d0 f i lib_gt:gt_filebuffer.obj
 0001:0000a6d0       ??_GGT_FileBuffer@@UAEPAXI@Z 0040b6d0 f i lib_gt:gt_filebuffer.obj
 0001:0000a6f0       ?_Open@GT_FileBuffer@@AAE?AW4P_BOOL@@XZ 0040b6f0 f   lib_gt:gt_filebuffer.obj
 0001:0000a7d0       ?Init@GT_FileBuffer@@QAE?AW4P_BOOL@@XZ 0040b7d0 f   lib_gt:gt_filebuffer.obj
 0001:0000a880       ??1GT_FileBuffer@@UAE@XZ   0040b880 f   lib_gt:gt_filebuffer.obj
 0001:0000a910       ?_DetermineIfText@GT_FileBuffer@@AAEXXZ 0040b910 f   lib_gt:gt_filebuffer.obj
 0001:0000a9b0       ?ShowInfo@GT_FileBuffer@@QAEXXZ 0040b9b0 f   lib_gt:gt_filebuffer.obj
 0001:0000aa90       ?SetActFilePos@GT_FileBuffer@@QAEXJ@Z 0040ba90 f   lib_gt:gt_filebuffer.obj
 0001:0000aad0       ??1GT_FileException@@QAE@XZ 0040bad0 f i lib_gt:gt_filebuffer.obj
 0001:0000ab40       ??0GT_FileException@@QAE@ABV0@@Z 0040bb40 f i lib_gt:gt_filebuffer.obj
 0001:0000abd0       ??0GT_Exception@@QAE@ABV0@@Z 0040bbd0 f i lib_gt:gt_filebuffer.obj
 0001:0000ac60       ??0PThrowable@@QAE@ABV0@@Z 0040bc60 f i lib_gt:gt_filebuffer.obj
 0001:0000acc0       ??1PThrowable@@QAE@XZ      0040bcc0 f i lib_gt:gt_filebuffer.obj
 0001:0000ad20       ?DecActFilePos@GT_FileBuffer@@QAEXJ@Z 0040bd20 f   lib_gt:gt_filebuffer.obj
 0001:0000add0       ?IncActFilePos@GT_FileBuffer@@QAEXJ@Z 0040bdd0 f   lib_gt:gt_filebuffer.obj
 0001:0000ae20       ?GetFileNameExtension@GT_FileBuffer@@QBEPBDXZ 0040be20 f   lib_gt:gt_filebuffer.obj
 0001:0000ae40       ?CallListProc@GT_FileBuffer@@QBEXJ@Z 0040be40 f   lib_gt:gt_filebuffer.obj
 0001:0000ae70       ??AGT_FileBuffer@@QBEEH@Z  0040be70 f   lib_gt:gt_filebuffer.obj
 0001:0000af30       ?GetByte@GT_FileBuffer@@QAEEH@Z 0040bf30 f   lib_gt:gt_filebuffer.obj
 0001:0000b040       ?GetWord@GT_FileBuffer@@QAEGH@Z 0040c040 f   lib_gt:gt_filebuffer.obj
 0001:0000b160       ?GetTriple@GT_FileBuffer@@QAE?AW4P_BOOL@@HAAJ@Z 0040c160 f   lib_gt:gt_filebuffer.obj
 0001:0000b270       ?GetTriple@GT_FileBuffer@@QAEJH@Z 0040c270 f   lib_gt:gt_filebuffer.obj
 0001:0000b2c0       ?GetLong@GT_FileBuffer@@QAE?AW4P_BOOL@@HAAJ@Z 0040c2c0 f   lib_gt:gt_filebuffer.obj
 0001:0000b3d0       ?GetLong@GT_FileBuffer@@QAEJH@Z 0040c3d0 f   lib_gt:gt_filebuffer.obj
 0001:0000b420       ?GetBufferX@GT_FileBuffer@@QAEXHPAXH@Z 0040c420 f   lib_gt:gt_filebuffer.obj
 0001:0000b590       ??1GT_BufferException@@QAE@XZ 0040c590 f i lib_gt:gt_filebuffer.obj
 0001:0000b600       ??0GT_BufferException@@QAE@ABV0@@Z 0040c600 f i lib_gt:gt_filebuffer.obj
 0001:0000b690       ?GetBuffer@GT_FileBuffer@@QAE?AW4P_BOOL@@HPAXH@Z 0040c690 f   lib_gt:gt_filebuffer.obj
 0001:0000b790       ?GetString@GT_FileBuffer@@QAE?AW4P_BOOL@@HAAVPString@@H@Z 0040c790 f   lib_gt:gt_filebuffer.obj
 0001:0000b7d0       ?GetCString@GT_FileBuffer@@QAEXAAVPString@@HH@Z 0040c7d0 f   lib_gt:gt_filebuffer.obj
 0001:0000b850       ?GetPascalString@GT_FileBuffer@@QAEXAAVPString@@H@Z 0040c850 f   lib_gt:gt_filebuffer.obj
 0001:0000b9e0       ?GetUntil@GT_FileBuffer@@QAE?AW4P_BOOL@@JEPAXHAAH@Z 0040c9e0 f   lib_gt:gt_filebuffer.obj
 0001:0000ba60       ?SkipUntil@GT_FileBuffer@@QAE?AW4P_BOOL@@HE@Z 0040ca60 f   lib_gt:gt_filebuffer.obj
 0001:0000bb10       ?Find@GT_FileBuffer@@QAEHEHH@Z 0040cb10 f   lib_gt:gt_filebuffer.obj
 0001:0000bb40       ?iFind@GT_FileBuffer@@QAEHPBDHH@Z 0040cb40 f   lib_gt:gt_filebuffer.obj
 0001:0000bc90       ?Compare@GT_FileBuffer@@QAE?AW4P_BOOL@@HHE@Z 0040cc90 f   lib_gt:gt_filebuffer.obj
 0001:0000bcd0       ?Compare@GT_FileBuffer@@QAE?AW4P_BOOL@@HHPBD@Z 0040ccd0 f   lib_gt:gt_filebuffer.obj
 0001:0000bd10       ?iCompare@GT_FileBuffer@@QAE?AW4P_BOOL@@HHPBD@Z 0040cd10 f   lib_gt:gt_filebuffer.obj
 0001:0000bd50       ??0GT_WindowsConsole@@QAE@XZ 0040cd50 f   lib_gt:gt_winconsole.obj
 0001:0000bde0       ??_GGT_WindowsConsole@@UAEPAXI@Z 0040cde0 f i lib_gt:gt_winconsole.obj
 0001:0000bde0       ??_EGT_WindowsConsole@@UAEPAXI@Z 0040cde0 f i lib_gt:gt_winconsole.obj
 0001:0000be30       ??1GT_WindowsConsole@@UAE@XZ 0040ce30 f   lib_gt:gt_winconsole.obj
 0001:0000be60       ?SetTextColor@GT_WindowsConsole@@QBEXW4GT_Color@@@Z 0040ce60 f   lib_gt:gt_winconsole.obj
 0001:0000bf50       ?RestoreOriginalColor@GT_WindowsConsole@@QBEXXZ 0040cf50 f   lib_gt:gt_winconsole.obj
 0001:0000bf80       ?GT_Error_ShowInternalError@@YIXPBD0H@Z 0040cf80 f   lib_gt:gt_error.obj
 0001:0000c010       ??0GT_Exception@@IAE@PBDW4GT_ExceptionType@@0J@Z 0040d010 f   lib_gt:gt_exceptions.obj
 0001:0000c0e0       ?GetText@GT_Exception@@UBE?AVPString@@XZ 0040d0e0 f   lib_gt:gt_exceptions.obj
 0001:0000c200       ??0GT_BufferException@@QAE@W4GT_ExceptionType@@PBDJ@Z 0040d200 f   lib_gt:gt_exceptions.obj
 0001:0000c230       ??0GT_FileException@@QAE@W4GT_ExceptionType@@PBDJ@Z 0040d230 f   lib_gt:gt_exceptions.obj
 0001:0000c260       ??0GT_EXEHeader@@QAE@PAVGT_FileBuffer@@@Z 0040d260 f   lib_exe:gt_exeanalyzer.obj
 0001:0000c300       ?IsValidEXE@GT_EXEHeader@@QBE?AW4P_BOOL@@XZ 0040d300 f   lib_exe:gt_exeanalyzer.obj
 0001:0000c320       ?IsValidCOM@GT_EXEHeader@@QBE?AW4P_BOOL@@XZ 0040d320 f   lib_exe:gt_exeanalyzer.obj
 0001:0000c380       ??0GT_EXEAnalyzer@@QAE@PAVGT_FileBuffer@@@Z 0040d380 f   lib_exe:gt_exeanalyzer.obj
 0001:0000c400       ?Check_EXT_EXE@GT_EXEAnalyzer@@AAE?AW4P_BOOL@@JW42@@Z 0040d400 f   lib_exe:gt_exeanalyzer.obj
 0001:0000c760       ?Check_EXE_Generic@GT_EXEAnalyzer@@AAE?AW4P_BOOL@@J@Z 0040d760 f   lib_exe:gt_exeanalyzer.obj
 0001:0000ca30       ?CheckStartupCode@GT_EXEAnalyzer@@AAE?AW4P_BOOL@@W42@@Z 0040da30 f   lib_exe:gt_exeanalyzer.obj
 0001:0000cd70       ?ListCOM@GT_EXEAnalyzer@@QAEXXZ 0040dd70 f   lib_exe:gt_exeanalyzer.obj
 0001:0000cd90       ?ListEXE@GT_EXEAnalyzer@@QAEXXZ 0040dd90 f   lib_exe:gt_exeanalyzer.obj
 0001:0000cfd0       ?_ListNEEXEs@GT_EXEAnalyzer@@AAEXXZ 0040dfd0 f   lib_exe:gt_exeanalyzer.obj
 0001:0000d150       ??1GT_EXE_LE_Lister@@QAE@XZ 0040e150 f i lib_exe:gt_exeanalyzer.obj
 0001:0000d160       ??0GT_Compare@@QAE@PAEEHPAVGT_FileBuffer@@P6IXPAU_EXEEntry@@01@Z@Z 0040e160 f   lib_exe:gt_compare.obj
 0001:0000d190       ?ExplicitMatches@GT_Compare@@QAE?AW4GT_CompareError@@PAEH@Z 0040e190 f   lib_exe:gt_compare.obj
 0001:0000d200       ?Matches@GT_Compare@@QAE?AW4GT_CompareError@@PAU_EXEEntry@@@Z 0040e200 f   lib_exe:gt_compare.obj
 0001:0000d2d0       ??0GT_EXE_PE_Lister@@QAE@JPAVGT_FileBuffer@@@Z 0040e2d0 f   lib_exe:gt_macromanager.obj
 0001:0000d2d0       ??0GT_MacroManager@@QAE@PAVGT_FileBuffer@@PAVGT_EXE_PE_SectionTableAnalyzer@@@Z 0040e2d0 f   lib_exe:gt_macromanager.obj
 0001:0000d2f0       ?GetMacroPos@GT_MacroManager@@QAE?AW4P_BOOL@@AAJPBDW42@@Z 0040e2f0 f   lib_exe:gt_macromanager.obj
 0001:0000d4b0       ?GetLongCallPos@GT_MacroManager@@QAE?AW4P_BOOL@@AAJJ@Z 0040e4b0 f   lib_exe:gt_macromanager.obj
 0001:0000d510       ?GetJumpPos@GT_MacroManager@@QAE?AW4P_BOOL@@AAJH@Z 0040e510 f   lib_exe:gt_macromanager.obj
 0001:0000d660       ?Get32BitRVAJumpPos@GT_MacroManager@@QAE?AW4P_BOOL@@AAJH@Z 0040e660 f   lib_exe:gt_macromanager.obj
 0001:0000d6f0       ??_EGT_EXE_LE_ObjectTableHandler@@UAEPAXI@Z 0040e6f0 f i lib_exe:gt_exe_le.obj
 0001:0000d6f0       ??_GGT_EXE_LE_ObjectTableHandler@@UAEPAXI@Z 0040e6f0 f i lib_exe:gt_exe_le.obj
 0001:0000d730       ??1GT_EXE_LE_ObjectTableHandler@@UAE@XZ 0040e730 f   lib_exe:gt_exe_le.obj
 0001:0000d750       ?GetRealAddrOfObject@GT_EXE_LE_ObjectTableHandler@@QBEJH@Z 0040e750 f   lib_exe:gt_exe_le.obj
 0001:0000d780       ?GetSizeOfObject@GT_EXE_LE_ObjectTableHandler@@QBEJH@Z 0040e780 f   lib_exe:gt_exe_le.obj
 0001:0000d7e0       ??0GT_EXE_LE_Lister@@QAE@PAVGT_FileBuffer@@J@Z 0040e7e0 f   lib_exe:gt_exe_le.obj
 0001:0000d870       ?Execute@GT_EXE_LE_Lister@@QAEXXZ 0040e870 f   lib_exe:gt_exe_le.obj
 0001:0000db10       ?List@GT_EXE_PE_ExportAnalyzer@@UAEXXZ 0040eb10 f   lib_exe:gt_exe_pe.obj
 0001:0000dea0       ?_ListLookupTable@GT_EXE_PE_ImportAnalyzer@@AAEXJ@Z 0040eea0 f   lib_exe:gt_exe_pe.obj
 0001:0000e000       ?List@GT_EXE_PE_ImportAnalyzer@@UAEXXZ 0040f000 f   lib_exe:gt_exe_pe.obj
 0001:0000e1b0       ?_ListVersionInfo@GT_EXE_PE_ResourceAnalyzer@@AAEXPAE@Z 0040f1b0 f   lib_exe:gt_exe_pe.obj
 0001:0000e350       ?_ListTable@GT_EXE_PE_ResourceAnalyzer@@AAEXJ@Z 0040f350 f   lib_exe:gt_exe_pe.obj
 0001:0000e400       ?_ListEntry@GT_EXE_PE_ResourceAnalyzer@@AAEXJ@Z 0040f400 f   lib_exe:gt_exe_pe.obj
 0001:0000e6a0       ?List@GT_EXE_PE_ResourceAnalyzer@@UAEXXZ 0040f6a0 f   lib_exe:gt_exe_pe.obj
 0001:0000e7b0       ??_GGT_EXE_PE_DataDirectoryHandler@@UAEPAXI@Z 0040f7b0 f i lib_exe:gt_exe_pe.obj
 0001:0000e7b0       ??_EGT_EXE_PE_DataDirectoryHandler@@UAEPAXI@Z 0040f7b0 f i lib_exe:gt_exe_pe.obj
 0001:0000e7f0       ??1GT_EXE_PE_DataDirectoryHandler@@UAE@XZ 0040f7f0 f   lib_exe:gt_exe_pe.obj
 0001:0000e810       ?CheckDataDirectory@GT_EXE_PE_Lister@@AAEXPAVGT_EXE_PE_SectionTableAnalyzer@@@Z 0040f810 f   lib_exe:gt_exe_pe.obj
 0001:0000ea70       ?Execute@GT_EXE_PE_Lister@@QAEXXZ 0040fa70 f   lib_exe:gt_exe_pe.obj
 0001:0000f040       ?Check_EXT_PE@GT_EXE_PE_Lister@@AAE?AW4P_BOOL@@JPAVGT_EXE_PE_SectionTableAnalyzer@@@Z 00410040 f   lib_exe:gt_exe_pe.obj
 0001:0000f130       ?CheckForCode@GT_EXE_PE_Lister@@AAEXJPAVGT_EXE_PE_SectionTableAnalyzer@@@Z 00410130 f   lib_exe:gt_exe_pe.obj
 0001:0000f3a0       ?GetAbsoluteSegmentTableOffset@GT_EXE_NE_HeaderHdl@@QBEJXZ 004103a0 f   lib_exe:gt_exe_ne.obj
 0001:0000f3b0       ?GetSectorSize@GT_EXE_NE_HeaderHdl@@QBEJXZ 004103b0 f   lib_exe:gt_exe_ne.obj
 0001:0000f3c0       ?HasSelfLoader@GT_EXE_NE_HeaderHdl@@QBE?AW4P_BOOL@@XZ 004103c0 f   lib_exe:gt_exe_ne.obj
 0001:0000f3e0       ?GetpHeader@GT_EXE_NE_HeaderHdl@@QBEPBU_GT_EXE_NE_Header@@XZ 004103e0 f   lib_exe:gt_exe_ne.obj
 0001:0000f3f0       ??0GT_EXE_NE_Lister@@QAE@PAVGT_FileBuffer@@J@Z 004103f0 f   lib_exe:gt_exe_ne.obj
 0001:0000f420       ?Execute@GT_EXE_NE_Lister@@QAEXXZ 00410420 f   lib_exe:gt_exe_ne.obj
 0001:0000fa10       ??0GT_EXE_PE_SectionTableAnalyzer@@QAE@PAVGT_FileBuffer@@PAU_GT_EXE_PE_ImageFileHeader@@J@Z 00410a10 f   lib_exe:gt_exe_pe_sectiontablehdl.obj
 0001:0000fab0       ??_GGT_EXE_PE_SectionTableAnalyzer@@UAEPAXI@Z 00410ab0 f i lib_exe:gt_exe_pe_sectiontablehdl.obj
 0001:0000fab0       ??_EGT_EXE_PE_SectionTableAnalyzer@@UAEPAXI@Z 00410ab0 f i lib_exe:gt_exe_pe_sectiontablehdl.obj
 0001:0000faf0       ??1GT_EXE_PE_SectionTableAnalyzer@@UAE@XZ 00410af0 f   lib_exe:gt_exe_pe_sectiontablehdl.obj
 0001:0000fb10       ?GetEXESize@GT_EXE_PE_SectionTableAnalyzer@@QBEJXZ 00410b10 f   lib_exe:gt_exe_pe_sectiontablehdl.obj
 0001:0000fb40       ?GetSectionName@GT_EXE_PE_SectionTableAnalyzer@@QBEPBDHW4P_BOOL@@@Z 00410b40 f   lib_exe:gt_exe_pe_sectiontablehdl.obj
 0001:0000fbb0       ?GetSectionOfPos@GT_EXE_PE_SectionTableAnalyzer@@QBEPAU_GT_EXE_PE_Section@@H@Z 00410bb0 f   lib_exe:gt_exe_pe_sectiontablehdl.obj
 0001:0000fbc0       ?GetPhysicalOffsetOfRVA@GT_EXE_PE_SectionTableAnalyzer@@QBEJJ@Z 00410bc0 f   lib_exe:gt_exe_pe_sectiontablehdl.obj
 0001:0000fc00       ?GetRVAByPhysicalOffset@GT_EXE_PE_SectionTableAnalyzer@@QBEJJ@Z 00410c00 f   lib_exe:gt_exe_pe_sectiontablehdl.obj
 0001:0000fc50       ??0GT_EXE_NE_SegmentHandler@@QAE@PAVGT_FileBuffer@@PAVGT_EXE_NE_HeaderHdl@@@Z 00410c50 f   lib_exe:gt_exe_ne_segmenthdl.obj
 0001:0000fcf0       ??_EGT_EXE_NE_SegmentHandler@@UAEPAXI@Z 00410cf0 f i lib_exe:gt_exe_ne_segmenthdl.obj
 0001:0000fcf0       ??_GGT_EXE_NE_SegmentHandler@@UAEPAXI@Z 00410cf0 f i lib_exe:gt_exe_ne_segmenthdl.obj
 0001:0000fd30       ??1GT_EXE_NE_SegmentHandler@@UAE@XZ 00410d30 f   lib_exe:gt_exe_ne_segmenthdl.obj
 0001:0000fd50       ?GetEndPos@GT_EXE_NE_SegmentHandler@@QBEJH@Z 00410d50 f   lib_exe:gt_exe_ne_segmenthdl.obj
 0001:0000fdb0       ?GetLength@GT_EXE_NE_SegmentHandler@@QBEJH@Z 00410db0 f   lib_exe:gt_exe_ne_segmenthdl.obj
 0001:0000fde0       ?GetStartPos@GT_EXE_NE_SegmentHandler@@QBEJH@Z 00410de0 f   lib_exe:gt_exe_ne_segmenthdl.obj
 0001:0000fe00       ?GetAllocSize@GT_EXE_NE_SegmentHandler@@QBEJH@Z 00410e00 f   lib_exe:gt_exe_ne_segmenthdl.obj
 0001:0000fe20       ?GetEntryPoint@GT_EXE_NE_SegmentHandler@@QBEJXZ 00410e20 f   lib_exe:gt_exe_ne_segmenthdl.obj
 0001:0000fe90       ?GetCalculatedFileSize@GT_EXE_NE_SegmentHandler@@QBEJXZ 00410e90 f   lib_exe:gt_exe_ne_segmenthdl.obj
 0001:0000fef0       ?GetType@GT_EXE_NE_SegmentHandler@@QBEPBDH@Z 00410ef0 f   lib_exe:gt_exe_ne_segmenthdl.obj
 0001:0000ff10       ??0GT_ArchiveAnalyzer@@QAE@PAVGT_FileBuffer@@@Z 00410f10 f   lib_archive:gt_archiver.obj
 0001:0000ff80       ?IsHAArchive@GT_ArchiveAnalyzer@@ABE?AW4P_BOOL@@H@Z 00410f80 f   lib_archive:gt_archiver.obj
 0001:00010130       ?GetPacker@GT_ArchiveAnalyzer@@AAEXH@Z 00411130 f   lib_archive:gt_archiver.obj
 0001:00010a40       ?IsValidPacker@GT_ArchiveAnalyzer@@QBE?AW4P_BOOL@@XZ 00411a40 f   lib_archive:gt_archiver.obj
 0001:00010a50       ?ListArchiveName@GT_ArchiveAnalyzer@@QBEXXZ 00411a50 f   lib_archive:gt_archiver.obj
 0001:00010aa0       ?ListArchive@GT_ArchiveAnalyzer@@QAE?AW4P_BOOL@@XZ 00411aa0 f   lib_archive:gt_archiver.obj
 0001:000114d0       ?CheckForOverlay@GT_ArchiveAnalyzer@@QBEXXZ 004124d0 f   lib_archive:gt_archiver.obj
 0001:000114e0       ??0GT_BasicArchiveLister@@QAE@PAVGT_FileBuffer@@H@Z 004124e0 f   lib_archive:gt_archiver.obj
 0001:00011520       ?ShowHeader@GT_BasicArchiveLister@@UAEXXZ 00412520 f   lib_archive:gt_archiver.obj
 0001:00011580       ?ShowFile@GT_BasicArchiveLister@@UAEXJJNPBDW4P_BOOL@@W4GT_DateTimeType@@1@Z 00412580 f   lib_archive:gt_archiver.obj
 0001:000116e0       ?ShowOverall@GT_BasicArchiveLister@@UAEXXZ 004126e0 f   lib_archive:gt_archiver.obj
 0001:00011800       ?ListFiles@GT_BasicArchiveLister@@UAEXXZ 00412800 f   lib_archive:gt_archiver.obj
 0001:00011810       ?ListFiles@GT_777ArchiveLister@@UAEXXZ 00412810 f   lib_archive:gt_archiver.obj
 0001:00011a90       ??0PHeap@@QAE@XZ           00412a90 f i lib_archive:gt_archiver.obj
 0001:00011ab0       ?ListFiles@GT_ACEArchiveLister@@UAEXXZ 00412ab0 f   lib_archive:gt_archiver.obj
 0001:00011c40       ?ListFiles@GT_AINArchiveLister@@UAEXXZ 00412c40 f   lib_archive:gt_archiver.obj
 0001:00011cb0       ?ListFiles@GT_AKT7ArchiveLister@@UAEXXZ 00412cb0 f   lib_archive:gt_archiver.obj
 0001:00011f00       ?ListFiles@GT_AKT9ArchiveLister@@UAEXXZ 00412f00 f   lib_archive:gt_archiver.obj
 0001:00012130       ?ListFiles@GT_AMGArchiveLister@@UAEXXZ 00413130 f   lib_archive:gt_archiver.obj
 0001:000122e0       ?ListFiles@GT_ARCArchiveLister@@UAEXXZ 004132e0 f   lib_archive:gt_archiver.obj
 0001:000123e0       ?ListFiles@GT_ARGArchiveLister@@UAEXXZ 004133e0 f   lib_archive:gt_archiver.obj
 0001:000124a0       ?ListFiles@GT_ARJArchiveLister@@UAEXXZ 004134a0 f   lib_archive:gt_archiver.obj
 0001:000128d0       ?ListFiles@GT_ARQArchiveLister@@UAEXXZ 004138d0 f   lib_archive:gt_archiver.obj
 0001:00012a70       ?ListFiles@GT_ARXArchiveLister@@UAEXXZ 00413a70 f   lib_archive:gt_archiver.obj
 0001:00012bd0       ?ListFiles@GT_ASDArchiveLister@@UAEXXZ 00413bd0 f   lib_archive:gt_archiver.obj
 0001:00012d20       ?ListFiles@GT_BLIArchiveLister@@UAEXXZ 00413d20 f   lib_archive:gt_archiver.obj
 0001:00012f10       ?ListFiles@GT_CABArchiveLister@@UAEXXZ 00413f10 f   lib_archive:gt_archiver.obj
 0001:00013080       ?ListFiles@GT_GZArchiveLister@@UAEXXZ 00414080 f   lib_archive:gt_archiver.obj
 0001:000131c0       ?ListFiles@GT_HAArchiveLister@@UAEXXZ 004141c0 f   lib_archive:gt_archiver.obj
 0001:00013380       ??0GT_IMPArchiveLister@@QAE@PAVGT_FileBuffer@@H@Z 00414380 f   lib_archive:gt_archiver.obj
 0001:00013420       ?load_fixed_codes@GT_IMPArchiveLister@@IAEXPAEJ@Z 00414420 f   lib_archive:gt_archiver.obj
 0001:00013520       ?make_codes@GT_IMPArchiveLister@@IAEXPAKPAEH@Z 00414520 f   lib_archive:gt_archiver.obj
 0001:000135d0       ?make_decode_tables@GT_IMPArchiveLister@@IAEHPAHQAY01HPAKPAEHH@Z 004145d0 f   lib_archive:gt_archiver.obj
 0001:00013760       ?load_hcodes@GT_IMPArchiveLister@@IAEHPAEHHJ@Z 00414760 f   lib_archive:gt_archiver.obj
 0001:00013b40       ?expand_lz@GT_IMPArchiveLister@@IAEHPAEHH@Z 00414b40 f   lib_archive:gt_archiver.obj
 0001:00014540       ?ListFiles@GT_IMPArchiveLister@@UAEXXZ 00415540 f   lib_archive:gt_archiver.obj
 0001:00014a00       ?ListFiles@GT_INSArchiveLister@@UAEXXZ 00415a00 f   lib_archive:gt_archiver.obj
 0001:00014ba0       ?ListFiles@GT_LGArchiveLister@@UAEXXZ 00415ba0 f   lib_archive:gt_archiver.obj
 0001:00014d60       ?ListFiles@GT_LZHArchiveLister@@UAEXXZ 00415d60 f   lib_archive:gt_archiver.obj
 0001:00015120       ?ListFiles@GT_LZOArchiveLister@@UAEXXZ 00416120 f   lib_archive:gt_archiver.obj
 0001:000152d0       ?ListFiles@GT_NEROArchiveLister@@UAEXXZ 004162d0 f   lib_archive:gt_archiver.obj
 0001:000153d0       ?ListFiles@GT_PAQArchiveLister@@UAEXXZ 004163d0 f   lib_archive:gt_archiver.obj
 0001:000154e0       ?ListFiles@GT_PPZArchiveLister@@UAEXXZ 004164e0 f   lib_archive:gt_archiver.obj
 0001:000155a0       ?ListFiles@GT_RARArchiveLister@@UAEXXZ 004165a0 f   lib_archive:gt_archiver.obj
 0001:00015850       ?ListFiles@GT_STIArchiveLister@@UAEXXZ 00416850 f   lib_archive:gt_archiver.obj
 0001:00015bc0       ?ListFiles@GT_TARArchiveLister@@UAEXXZ 00416bc0 f   lib_archive:gt_archiver.obj
 0001:00015cc0       ?ListFiles@GT_YCArchiveLister@@UAEXXZ 00416cc0 f   lib_archive:gt_archiver.obj
 0001:00015e60       ?ListFiles@GT_ZETArchiveLister@@UAEXXZ 00416e60 f   lib_archive:gt_archiver.obj
 0001:00016100       ?ListFiles@GT_ZIPArchiveLister@@UAEXXZ 00417100 f   lib_archive:gt_archiver.obj
 0001:000163a0       ?ListFiles@GT_ZOOArchiveLister@@UAEXXZ 004173a0 f   lib_archive:gt_archiver.obj
 0001:00016540       ??1?$GT_Sequence@VPString@@@@UAE@XZ 00417540 f i lib_archive:gt_archiver.obj
 0001:00016590       ??_G?$GT_Sequence@VPString@@@@UAEPAXI@Z 00417590 f i lib_archive:gt_archiver.obj
 0001:00016590       ??_E?$GT_Sequence@VPString@@@@UAEPAXI@Z 00417590 f i lib_archive:gt_archiver.obj
 0001:000165f0       ??0?$GT_Entry@VPString@@@@QAE@PAV0@ABVPString@@0@Z 004175f0 f i lib_archive:gt_archiver.obj
 0001:00016620       ?Analyze@GT_BMPAnalyzer@@QBE?AVPString@@XZ 00417620 f   lib_generic:gt_generic.obj
 0001:00016900       ??0GT_DBFAnalyzer@@QAE@PAVGT_FileBuffer@@@Z 00417900 f   lib_generic:gt_generic.obj
 0001:00016a60       ?Analyze@GT_DBFAnalyzer@@QBE?AVPString@@XZ 00417a60 f   lib_generic:gt_generic.obj
 0001:00016d50       ?Analyze@GT_HTMLAnalyzer@@QBE?AVPString@@XZ 00417d50 f   lib_generic:gt_generic.obj
 0001:00016e90       ?GetSectionName@GT_INIAnalyzer@@QBE?AVPString@@XZ 00417e90 f   lib_generic:gt_generic.obj
 0001:00016f90       ?GetImageJPGString@GT_FileTypeAnalyzer@@ABE?AVPString@@XZ 00417f90 f   lib_generic:gt_generic.obj
 0001:00017310       ?_SubAnalyze@GT_RIFFAnalyzer@@ABIXKKAAKAAVPString@@1@Z 00418310 f   lib_generic:gt_generic.obj
 0001:00017520       ?Analyze@GT_RIFFAnalyzer@@QBI?AVPString@@XZ 00418520 f   lib_generic:gt_generic.obj
 0001:000179a0       ?_GetPascalStartPos@GT_SourceAnalyzer@@ABIHXZ 004189a0 f   lib_generic:gt_generic.obj
 0001:00017a90       ?_GetCStartPos@GT_SourceAnalyzer@@ABIHXZ 00418a90 f   lib_generic:gt_generic.obj
 0001:00017b80       ?_Init@GT_SourceAnalyzer@@AAIXXZ 00418b80 f   lib_generic:gt_generic.obj
 0001:00018730       ?_GetNextString@GT_SourceAnalyzer@@AAIXHD@Z 00419730 f   lib_generic:gt_generic.obj
 0001:000187e0       ?_CheckString1@GT_SourceAnalyzer@@AAI?AW4P_BOOL@@ABVPString@@HPBD@Z 004197e0 f   lib_generic:gt_generic.obj
 0001:00018850       ?_CheckString2@GT_SourceAnalyzer@@AAI?AW4P_BOOL@@ABVPString@@HPBD1@Z 00419850 f   lib_generic:gt_generic.obj
 0001:000188e0       ?GetSourceType@GT_SourceAnalyzer@@QAI?AVPString@@XZ 004198e0 f   lib_generic:gt_generic.obj
 0001:00018aa0       ?Analyze@GT_SYSAnalyzer@@QBE?AVPString@@XZ 00419aa0 f   lib_generic:gt_generic.obj
 0001:00018ba0       ??0GT_TPUAnalyzer@@QAE@PAVGT_FileBuffer@@@Z 00419ba0 f   lib_generic:gt_generic.obj
 0001:00018c30       ?Analyze@GT_TPUAnalyzer@@QBE?AVPString@@XZ 00419c30 f   lib_generic:gt_generic.obj
 0001:00018d20       ??0GT_TTFAnalyzer@@QAE@PAVGT_FileBuffer@@@Z 00419d20 f   lib_generic:gt_generic.obj
 0001:00018de0       ?ReadEntry@GT_TTFAnalyzer@@ABE?AVPString@@PAU_GT_TTF_Name@@HH@Z 00419de0 f   lib_generic:gt_generic.obj
 0001:00019020       ?Analyze@GT_TTFAnalyzer@@QBE?AVPString@@XZ 0041a020 f   lib_generic:gt_generic.obj
 0001:00019290       ?GetIFFType@GT_FileTypeAnalyzer@@ABE?AVPString@@PBJ@Z 0041a290 f   lib_generic:gt_generic.obj
 0001:00019670       ?GetImageIFFString@GT_FileTypeAnalyzer@@ABE?AVPString@@XZ 0041a670 f   lib_generic:gt_generic.obj
 0001:00019850       ?GetSoundMIDIString@GT_FileTypeAnalyzer@@ABE?AVPString@@XZ 0041a850 f   lib_generic:gt_generic.obj
 0001:00019970       ?GetSoundMP3String@GT_FileTypeAnalyzer@@ABE?AVPString@@XZ 0041a970 f   lib_generic:gt_generic.obj
 0001:00019e60       ?GetSoundVOCString@GT_FileTypeAnalyzer@@ABE?AVPString@@XZ 0041ae60 f   lib_generic:gt_generic.obj
 0001:0001a260       ??0GT_FileTypeAnalyzer@@QAE@PAVGT_FileBuffer@@@Z 0041b260 f   lib_generic:gt_generic.obj
 0001:0001a280       ?Analyze@GT_FileTypeAnalyzer@@QAE?AVPString@@XZ 0041b280 f   lib_generic:gt_generic.obj
 0001:0001d270       ??1GT_SourceAnalyzer@@QAE@XZ 0041e270 f i lib_generic:gt_generic.obj
 0001:0001d280       ?CheckOverlay@GT_FileTypeAnalyzer@@QAE?AW4P_BOOL@@XZ 0041e280 f   lib_generic:gt_generic.obj
 0001:0001d2a0       _RtlUnwind@16              0041e2a0 f   kernel32:KERNEL32.dll
 0001:0001d2a6       _clock                     0041e2a6 f   libc:clock.obj
 0001:0001d2e9       ___inittime                0041e2e9 f   libc:clock.obj
 0001:0001d31e       _realloc                   0041e31e f   libc:realloc.obj
 0001:0001d5be       __itoa                     0041e5be f   libc:xtoa.obj
 0001:0001d647       __ltoa                     0041e647 f   libc:xtoa.obj
 0001:0001d671       _vsprintf                  0041e671 f   libc:vsprintf.obj
 0001:0001d6c2       _sprintf                   0041e6c2 f   libc:sprintf.obj
 0001:0001d714       _vfprintf                  0041e714 f   libc:vfprintf.obj
 0001:0001d745       __findfirst                0041e745 f   libc:findfile.obj
 0001:0001d80f       __findnext                 0041e80f f   libc:findfile.obj
 0001:0001d8d4       __findclose                0041e8d4 f   libc:findfile.obj
 0001:0001d8f3       ___timet_from_ft           0041e8f3 f   libc:findfile.obj
 0001:0001d957       __onexit                   0041e957 f   libc:onexit.obj
 0001:0001d9c4       _atexit                    0041e9c4 f   libc:onexit.obj
 0001:0001d9d6       ___onexitinit              0041e9d6 f   libc:onexit.obj
 0001:0001da05       __purecall                 0041ea05 f   libc:purevirt.obj
 0001:0001da0e       _fputs                     0041ea0e f   libc:fputs.obj
 0001:0001da51       ??2@YAPAXI@Z               0041ea51 f   libc:new.obj
 0001:0001da5f       __fsopen                   0041ea5f f   libc:fopen.obj
 0001:0001da7f       _fopen                     0041ea7f f   libc:fopen.obj
 0001:0001da92       _fgets                     0041ea92 f   libc:fgets.obj
 0001:0001dae9       _strerror                  0041eae9 f   libc:strerror.obj
 0001:0001db15       __open                     0041eb15 f   libc:open.obj
 0001:0001db2c       __sopen                    0041eb2c f   libc:open.obj
 0001:0001dde5       __filelength               0041ede5 f   libc:flength.obj
 0001:0001de5d       _setvbuf                   0041ee5d f   libc:setvbuf.obj
 0001:0001defe       __read                     0041eefe f   libc:read.obj
 0001:0001e0f4       _fread                     0041f0f4 f   libc:fread.obj
 0001:0001e1dc       _fseek                     0041f1dc f   libc:fseek.obj
 0001:0001e268       ??1type_info@@UAE@XZ       0041f268 f   libc:typinfo.obj
 0001:0001e27d       ??_Etype_info@@UAEPAXI@Z   0041f27d f i libc:typinfo.obj
 0001:0001e27d       ??_Gtype_info@@UAEPAXI@Z   0041f27d f i libc:typinfo.obj
 0001:0001e299       __CxxThrowException@8      0041f299 f   libc:throw.obj
 0001:0001e2e0       _strrchr                   0041f2e0 f   libc:strrchr.obj
 0001:0001e307       _isupper                   0041f307 f   libc:_ctype.obj
 0001:0001e32f       _isalnum                   0041f32f f   libc:_ctype.obj
 0001:0001e360       __strnicmp                 0041f360 f   libc:strnicmp.obj
 0001:0001e360       _strnicmp                  0041f360 f   libc:strnicmp.obj
 0001:0001e410       __stricmp                  0041f410 f   libc:stricmp.obj
 0001:0001e410       _stricmp                   0041f410 f   libc:stricmp.obj
 0001:0001e410       __strcmpi                  0041f410 f   libc:stricmp.obj
 0001:0001e49c       _atol                      0041f49c f   libc:atox.obj
 0001:0001e528       __ftol                     0041f528 f   libc:ftol.obj
 0001:0001e550       __allmul                   0041f550 f   libc:llmul.obj
 0001:0001e584       ___loctotime_t             0041f584 f   libc:dtoxtime.obj
 0001:0001e646       __msize                    0041f646 f   libc:msize.obj
 0001:0001e6a7       _fwrite                    0041f6a7 f   libc:fwrite.obj
 0001:0001e7b1       __openfile                 0041f7b1 f   libc:_open.obj
 0001:0001e921       __getstream                0041f921 f   libc:stream.obj
 0001:0001e999       __filbuf                   0041f999 f   libc:_filbuf.obj
 0001:0001ea72       __chsize                   0041fa72 f   libc:chsize.obj
 0001:0001ebb8       _ftell                     0041fbb8 f   libc:ftell.obj
 0001:0001ed10       ___tzset                   0041fd10 f   libc:tzset.obj
 0001:0001ed25       __tzset                    0041fd25 f   libc:tzset.obj
 0001:0001ef83       __isindst                  0041ff83 f   libc:tzset.obj
 0001:0001f26f       __setmode                  0042026f f   libc:setmode.obj
 0001:0001f2e5       _getenv                    004202e5 f   libc:getenv.obj
 0001:0001f362       __mbsnbicoll               00420362 f   libc:mbsnbico.obj
 0001:0001f3a1       ___wtomb_environ           004203a1 f   libc:wtombenv.obj
 0001:0001f40f       ___crtCompareStringA       0042040f f   libc:a_cmp.obj
 0001:0001f6b7       ___crtsetenv               004206b7 f   libc:setenv.obj
 0001:0001f8fd       __mbschr                   004208fd f   libc:mbschr.obj
 0001:0001f970       __strdup                   00420970 f   libc:strdup.obj
 0001:0001f9a0       ?p_StrOct2Dec@@YIJPADH@Z   004209a0 f   plib:pheader.obj
 0001:0001fa50       ?p_Align@@YIXAAJH@Z        00420a50 f   plib:pheader.obj
 0001:0001fa70       ?p_HexToLong@@YIJPBD@Z     00420a70 f   plib:pheader.obj
 0001:0001fc60       ?p_atol@@YIJPBD@Z          00420c60 f   plib:pheader.obj
 0001:0001fc80       ?p_long2str@@YIPBDJ@Z      00420c80 f   plib:pheader.obj
 0001:0001fca0       ?p_unicode2ansi@@YIXPBDPADH@Z 00420ca0 f   plib:pheader.obj
 0001:0001fcd0       ?GetCurrentUserString@PRegistry@@SI?AW4P_BOOL@@PBD0JPAD@Z 00420cd0 f   plib:pregistry.obj
 0001:0001fd60       ??0PThrowable@@QAE@PBD@Z   00420d60 f   plib:pexceptions.obj
 0001:0001fdd0       ??0GT_DateTimeEntry@@QAE@XZ 00420dd0 f   lib_gt:gt_time.obj
 0001:0001fdf0       ?SetDOSTime@GT_DateTime@@QAEXJ@Z 00420df0 f   lib_gt:gt_time.obj
 0001:0001fe40       ?SetWindowsTime@GT_DateTime@@QAEXN@Z 00420e40 f   lib_gt:gt_time.obj
 0001:0001fed0       ?SetUnixTime@GT_DateTime@@QAEXJ@Z 00420ed0 f   lib_gt:gt_time.obj
 0001:000201b0       ?DateToBuffer@GT_DateTime@@QAEXPADHW4P_BOOL@@@Z 004211b0 f   lib_gt:gt_time.obj
 0002:00000000       __imp__RegQueryValueExA@24 00423000     advapi32:ADVAPI32.dll
 0002:00000004       __imp__RegOpenKeyExA@20    00423004     advapi32:ADVAPI32.dll
 0002:00000008       __imp__RegCloseKey@4       00423008     advapi32:ADVAPI32.dll
 0002:0000000c       \177ADVAPI32_NULL_THUNK_DATA 0042300c     advapi32:ADVAPI32.dll
 0002:00000010       __imp__WinExec@8           00423010     kernel32:KERNEL32.dll
 0002:00000014       __imp__GetOEMCP@0          00423014     kernel32:KERNEL32.dll
 0002:00000018       __imp__RtlUnwind@16        00423018     kernel32:KERNEL32.dll
 0002:0000001c       __imp__ReadConsoleInputA@16 0042301c     kernel32:KERNEL32.dll
 0002:00000020       __imp__SetConsoleMode@8    00423020     kernel32:KERNEL32.dll
 0002:00000024       __imp__GetConsoleMode@8    00423024     kernel32:KERNEL32.dll
 0002:00000028       __imp__GetCommandLineA@0   00423028     kernel32:KERNEL32.dll
 0002:0000002c       __imp__GetVersion@0        0042302c     kernel32:KERNEL32.dll
 0002:00000030       __imp__ExitProcess@4       00423030     kernel32:KERNEL32.dll
 0002:00000034       __imp__SetHandleCount@4    00423034     kernel32:KERNEL32.dll
 0002:00000038       __imp__GetStdHandle@4      00423038     kernel32:KERNEL32.dll
 0002:0000003c       __imp__GetFileType@4       0042303c     kernel32:KERNEL32.dll
 0002:00000040       __imp__GetStartupInfoA@4   00423040     kernel32:KERNEL32.dll
 0002:00000044       __imp__HeapAlloc@12        00423044     kernel32:KERNEL32.dll
 0002:00000048       __imp__TerminateProcess@8  00423048     kernel32:KERNEL32.dll
 0002:0000004c       __imp__GetCurrentProcess@0 0042304c     kernel32:KERNEL32.dll
 0002:00000050       __imp__HeapFree@12         00423050     kernel32:KERNEL32.dll
 0002:00000054       __imp__CreateFileA@28      00423054     kernel32:KERNEL32.dll
 0002:00000058       __imp__CloseHandle@4       00423058     kernel32:KERNEL32.dll
 0002:0000005c       __imp__GetProcAddress@8    0042305c     kernel32:KERNEL32.dll
 0002:00000060       __imp__GetModuleHandleA@4  00423060     kernel32:KERNEL32.dll
 0002:00000064       __imp__UnhandledExceptionFilter@4 00423064     kernel32:KERNEL32.dll
 0002:00000068       __imp__GetModuleFileNameA@12 00423068     kernel32:KERNEL32.dll
 0002:0000006c       __imp__FreeEnvironmentStringsA@4 0042306c     kernel32:KERNEL32.dll
 0002:00000070       __imp__FreeEnvironmentStringsW@4 00423070     kernel32:KERNEL32.dll
 0002:00000074       __imp__WideCharToMultiByte@32 00423074     kernel32:KERNEL32.dll
 0002:00000078       __imp__GetEnvironmentStrings@0 00423078     kernel32:KERNEL32.dll
 0002:0000007c       __imp__GetEnvironmentStringsW@0 0042307c     kernel32:KERNEL32.dll
 0002:00000080       __imp__GetEnvironmentVariableA@12 00423080     kernel32:KERNEL32.dll
 0002:00000084       __imp__GetVersionExA@4     00423084     kernel32:KERNEL32.dll
 0002:00000088       __imp__HeapDestroy@4       00423088     kernel32:KERNEL32.dll
 0002:0000008c       __imp__HeapCreate@12       0042308c     kernel32:KERNEL32.dll
 0002:00000090       __imp__VirtualFree@12      00423090     kernel32:KERNEL32.dll
 0002:00000094       __imp__WriteFile@20        00423094     kernel32:KERNEL32.dll
 0002:00000098       __imp__VirtualAlloc@16     00423098     kernel32:KERNEL32.dll
 0002:0000009c       __imp__HeapReAlloc@16      0042309c     kernel32:KERNEL32.dll
 0002:000000a0       __imp__IsBadWritePtr@8     004230a0     kernel32:KERNEL32.dll
 0002:000000a4       __imp__GetLastError@0      004230a4     kernel32:KERNEL32.dll
 0002:000000a8       __imp__FlushFileBuffers@4  004230a8     kernel32:KERNEL32.dll
 0002:000000ac       __imp__SetUnhandledExceptionFilter@4 004230ac     kernel32:KERNEL32.dll
 0002:000000b0       __imp__IsBadReadPtr@8      004230b0     kernel32:KERNEL32.dll
 0002:000000b4       __imp__IsBadCodePtr@4      004230b4     kernel32:KERNEL32.dll
 0002:000000b8       __imp__GetCPInfo@8         004230b8     kernel32:KERNEL32.dll
 0002:000000bc       __imp__GetACP@0            004230bc     kernel32:KERNEL32.dll
 0002:000000c0       __imp__SetConsoleCtrlHandler@8 004230c0     kernel32:KERNEL32.dll
 0002:000000c4       __imp__LoadLibraryA@4      004230c4     kernel32:KERNEL32.dll
 0002:000000c8       __imp__SetFilePointer@16   004230c8     kernel32:KERNEL32.dll
 0002:000000cc       __imp__SetStdHandle@8      004230cc     kernel32:KERNEL32.dll
 0002:000000d0       __imp__MultiByteToWideChar@24 004230d0     kernel32:KERNEL32.dll
 0002:000000d4       __imp__GetStringTypeA@20   004230d4     kernel32:KERNEL32.dll
 0002:000000d8       __imp__GetStringTypeW@16   004230d8     kernel32:KERNEL32.dll
 0002:000000dc       __imp__LCMapStringA@24     004230dc     kernel32:KERNEL32.dll
 0002:000000e0       __imp__LCMapStringW@24     004230e0     kernel32:KERNEL32.dll
 0002:000000e4       __imp__SetConsoleTextAttribute@8 004230e4     kernel32:KERNEL32.dll
 0002:000000e8       __imp__GetConsoleScreenBufferInfo@8 004230e8     kernel32:KERNEL32.dll
 0002:000000ec       __imp__LocalFree@4         004230ec     kernel32:KERNEL32.dll
 0002:000000f0       __imp__OutputDebugStringA@4 004230f0     kernel32:KERNEL32.dll
 0002:000000f4       __imp__FormatMessageA@28   004230f4     kernel32:KERNEL32.dll
 0002:000000f8       __imp__GetFileAttributesA@4 004230f8     kernel32:KERNEL32.dll
 0002:000000fc       __imp__HeapSize@12         004230fc     kernel32:KERNEL32.dll
 0002:00000100       __imp__FileTimeToDosDateTime@12 00423100     kernel32:KERNEL32.dll
 0002:00000104       __imp__SetEnvironmentVariableA@8 00423104     kernel32:KERNEL32.dll
 0002:00000108       __imp__CompareStringW@24   00423108     kernel32:KERNEL32.dll
 0002:0000010c       __imp__CompareStringA@24   0042310c     kernel32:KERNEL32.dll
 0002:00000110       __imp__GetTimeZoneInformation@4 00423110     kernel32:KERNEL32.dll
 0002:00000114       __imp__SetEndOfFile@4      00423114     kernel32:KERNEL32.dll
 0002:00000118       __imp__GetSystemTimeAsFileTime@4 00423118     kernel32:KERNEL32.dll
 0002:0000011c       __imp__RaiseException@16   0042311c     kernel32:KERNEL32.dll
 0002:00000120       __imp__ReadFile@20         00423120     kernel32:KERNEL32.dll
 0002:00000124       __imp__FileTimeToLocalFileTime@8 00423124     kernel32:KERNEL32.dll
 0002:00000128       __imp__FileTimeToSystemTime@8 00423128     kernel32:KERNEL32.dll
 0002:0000012c       __imp__FindClose@4         0042312c     kernel32:KERNEL32.dll
 0002:00000130       __imp__FindNextFileA@8     00423130     kernel32:KERNEL32.dll
 0002:00000134       __imp__FindFirstFileA@8    00423134     kernel32:KERNEL32.dll
 0002:00000138       \177KERNEL32_NULL_THUNK_DATA 00423138     kernel32:KERNEL32.dll
 0002:0000013c       __imp__SendMessageA@16     0042313c     user32:USER32.dll
 0002:00000140       __imp__GetWindowTextA@12   00423140     user32:USER32.dll
 0002:00000144       __imp__EnumWindows@8       00423144     user32:USER32.dll
 0002:00000148       \177USER32_NULL_THUNK_DATA 00423148     user32:USER32.dll
 0002:0000014c       __imp__GT_C2E_Index        0042314c     gtdata:gtdata.dll
 0002:00000150       __imp__GT_NE_0J_Count      00423150     gtdata:gtdata.dll
 0002:00000154       __imp__GT_EXT_EXE_Count    00423154     gtdata:gtdata.dll
 0002:00000158       __imp__GT_EXT_PE_Count     00423158     gtdata:gtdata.dll
 0002:0000015c       __imp__GT_EXT_PE_Index     0042315c     gtdata:gtdata.dll
 0002:00000160       __imp__GT_PE_0J_Count      00423160     gtdata:gtdata.dll
 0002:00000164       __imp__GT_PE_0J_Index      00423164     gtdata:gtdata.dll
 0002:00000168       __imp__GT_NE_0J_Index      00423168     gtdata:gtdata.dll
 0002:0000016c       __imp__GT_EXT_EXE_Index    0042316c     gtdata:gtdata.dll
 0002:00000170       __imp__GT_EXE_1LJ_Count    00423170     gtdata:gtdata.dll
 0002:00000174       __imp__GT_EXE_1LJ_Index    00423174     gtdata:gtdata.dll
 0002:00000178       __imp__GT_EXE_2J_Count     00423178     gtdata:gtdata.dll
 0002:0000017c       __imp__GT_EXE_2J_Index     0042317c     gtdata:gtdata.dll
 0002:00000180       __imp__GT_EXE_1J_Count     00423180     gtdata:gtdata.dll
 0002:00000184       __imp__GT_EXE_1J_Index     00423184     gtdata:gtdata.dll
 0002:00000188       __imp__GT_EXE_0J_Count     00423188     gtdata:gtdata.dll
 0002:0000018c       __imp__GT_EXE_0J_Index     0042318c     gtdata:gtdata.dll
 0002:00000190       __imp__GT_C2E_Count        00423190     gtdata:gtdata.dll
 0002:00000194       \177gtdata_NULL_THUNK_DATA 00423194     gtdata:gtdata.dll
 0002:00000198       ??_C@_04CNN@0?421?$AA@     00423198     gt_main.obj
 0002:000001a0       ??_7PHeap@@6B@             004231a0     gt_main.obj
 0002:000001ac       ??_C@_00A@?$AA@            004231ac     gt_main.obj
 0002:000001b0       ??_C@_0GD@IBNA@?6gt2000?5?$CFs?5?$CI?$CFs?5?$CFs?$CJ?5?$CIc?$CJ?51999?92000@ 004231b0     gt_main.obj
 0002:00000214       ??_C@_0M@GLLA@Dec?5?57?52000?$AA@ 00423214     gt_main.obj
 0002:00000220       ??_C@_08PJI@16?342?308?$AA@ 00423220     gt_main.obj
 0002:0000022c       ??_C@_0BB@LJJ@phax?$EAwriteme?4com?$AA@ 0042322c     gt_main.obj
 0002:00000240       ??_C@_0CL@HICP@Failed?5to?5read?5the?5config?5file?5?9@ 00423240     gt_main.obj
 0002:0000026c       ??_C@_0BN@EECO@Could?5not?5set?5error?5handler?6?$AA@ 0042326c     gt_main.obj
 0002:0000028c       ??_C@_0BI@DBIG@?$DMCtrl?$DO?$CL?$DMC?$DO?5was?5pressed?6?$AA@ 0042328c     gt_main.obj
 0002:000002a4       ??_C@_0BM@JAII@?$DMCtrl?$DO?$CL?$DMBreak?$DO?5was?5pressed?6?$AA@ 004232a4     gt_main.obj
 0002:000002c0       ??_C@_0BO@CLE@?$DMCtrl?$DO?$CL?$DMXYZ?$DO?5was?5pressed?5?$CFld?6?$AA@ 004232c0     gt_main.obj
 0002:000002e0       ??_C@_02JJJH@?6?6?$AA@     004232e0     gt_main.obj
 0002:000002e4       ??_C@_0BP@JFFE@?5?$CI0x?$CF02X?50x?$CF02X?50x?$CF02X?50x?$CF02X?$CJ?$AA@ 004232e4     gt_main.obj
 0002:00000304       ??_C@_0BH@IGOB@Unknown?5?$CFs?5file?5format?$AA@ 00423304     gt_main.obj
 0002:0000031c       ??_C@_06FNBK@binary?$AA@   0042331c     gt_main.obj
 0002:00000324       ??_C@_04LHJL@text?$AA@     00423324     gt_main.obj
 0002:0000032c       ??_C@_0DC@GNGP@Files?5with?5a?5size?5of?50?5bytes?5can@ 0042332c     gt_main.obj
 0002:00000360       ??_C@_0BN@HMJK@Found?5no?5matches?5for?5?8?$CFs?$CFs?8?6?$AA@ 00423360     gt_main.obj
 0002:00000380       ??_C@_0BE@FLPL@?5?5?1?$CF?910s?5?9?5?$CFs?5?9?5?$CFs?6?$AA@ 00423380     gt_main.obj
 0002:00000394       ??_C@_0BI@MNCA@do?5extended?5WPG?5listing?$AA@ 00423394     gt_main.obj
 0002:000003ac       ??_C@_04CEDN@zwpg?$AA@     004233ac     gt_main.obj
 0002:000003b4       ??_C@_0CL@DBCM@list?5a?5maximum?5of?5X?5entries?5of?5a@ 004233b4     gt_main.obj
 0002:000003e0       ??_C@_06MFKC@zriffX?$AA@   004233e0     gt_main.obj
 0002:000003e8       ??_C@_0DK@JLDL@send?5a?5WM_COPYDATA?5message?5to?5th@ 004233e8     gt_main.obj
 0002:00000424       ??_C@_06JLCK@zhwndX?$AA@   00423424     gt_main.obj
 0002:0000042c       ??_C@_0CD@CEMG@wait?5for?5a?5key?5after?5the?5last?5fi@ 0042342c     gt_main.obj
 0002:00000450       ??_C@_02HMFJ@wf?$AA@       00423450     gt_main.obj
 0002:00000454       ??_C@_0CF@BEFI@search?5in?5subdirectories?5?$CIrecurs@ 00423454     gt_main.obj
 0002:0000047c       ??_C@_04CPII@0?401?$AA@    0042347c     gt_main.obj
 0002:00000484       ??_C@_01KBOJ@s?$AA@        00423484     gt_main.obj
 0002:00000488       ??_C@_0BK@HCMM@do?5not?5list?5unknown?5files?$AA@ 00423488     gt_main.obj
 0002:000004a4       ??_C@_02ODMH@nu?$AA@       004234a4     gt_main.obj
 0002:000004a8       ??_C@_0BG@NCGH@do?5not?5show?5copyright?$AA@ 004234a8     gt_main.obj
 0002:000004c0       ??_C@_0FB@PPFD@Syntax?3?5?$CFs?5filemask?5?$FLfilemask?5?$FL?4@ 004234c0     gt_main.obj
 0002:00000514       ??_C@_06CAIJ@nologo?$AA@   00423514     gt_main.obj
 0002:0000051c       ??_C@_0BF@KPJA@do?5not?5output?5footer?$AA@ 0042351c     gt_main.obj
 0002:00000534       ??_C@_08EALB@nofooter?$AA@ 00423534     gt_main.obj
 0002:00000540       ??_C@_0BC@LEHI@do?5not?5use?5colors?$AA@ 00423540     gt_main.obj
 0002:00000554       ??_C@_07BAA@nocolor?$AA@   00423554     gt_main.obj
 0002:0000055c       ??_C@_0BO@DGPK@do?5not?5list?5files?5in?5archives?$AA@ 0042355c     gt_main.obj
 0002:0000057c       ??_C@_06BMKO@noarcs?$AA@   0042357c     gt_main.obj
 0002:00000584       ??_C@_0BN@ILMM@do?5not?5list?5identified?5files?$AA@ 00423584     gt_main.obj
 0002:000005a4       ??_C@_02LEFD@ni?$AA@       004235a4     gt_main.obj
 0002:000005a8       ??_C@_0DF@GKJN@do?5not?5read?5the?5config?5file?5in?5t@ 004235a8     gt_main.obj
 0002:000005e0       ??_C@_03PGHB@ncl?$AA@      004235e0     gt_main.obj
 0002:000005e4       ??_C@_0DB@PFCA@do?5not?5read?5the?5config?5file?5in?5t@ 004235e4     gt_main.obj
 0002:00000618       ??_C@_03FNHA@ncg?$AA@      00423618     gt_main.obj
 0002:0000061c       ??_C@_0BI@ONAB@use?5listmode?5for?5output?$AA@ 0042361c     gt_main.obj
 0002:00000634       ??_C@_04CPED@0?404?$AA@    00423634     gt_main.obj
 0002:0000063c       ??_C@_01JME@l?$AA@         0042363c     gt_main.obj
 0002:00000640       ??_C@_0CK@KDKJ@start?5gtui2?5and?5redirect?5the?5out@ 00423640     gt_main.obj
 0002:0000066c       ??_C@_04MGFA@0?417?$AA@    0042366c     gt_main.obj
 0002:00000674       ??_C@_05NNEE@gtui2?$AA@    00423674     gt_main.obj
 0002:0000067c       ??_C@_0DA@FMKG@set?5the?5fault?5tolerance?5in?5PE?5co@ 0042367c     gt_main.obj
 0002:000006ac       ??_C@_04MCDC@ftpX?$AA@     004236ac     gt_main.obj
 0002:000006b4       ??_C@_0DA@PELD@set?5the?5fault?5tolerance?5in?5NE?5co@ 004236b4     gt_main.obj
 0002:000006e4       ??_C@_04GKDA@ftnX?$AA@     004236e4     gt_main.obj
 0002:000006ec       ??_C@_0DB@IKCN@set?5the?5fault?5tolerance?5in?5EXE?5c@ 004236ec     gt_main.obj
 0002:00000720       ??_C@_04OEJL@fteX?$AA@     00423720     gt_main.obj
 0002:00000728       ??_C@_0CG@BKDH@list?5VersionInfo?5resources?5of?5PE@ 00423728     gt_main.obj
 0002:00000750       ??_C@_05HDJN@pever?$AA@    00423750     gt_main.obj
 0002:00000758       ??_C@_0BO@MAMJ@list?5segment?5table?5of?5PE?5EXEs?$AA@ 00423758     gt_main.obj
 0002:00000778       ??_C@_06CGG@pesect?$AA@    00423778     gt_main.obj
 0002:00000780       ??_C@_0CK@JEEO@list?5resources?5of?5PE?5EXEs?5and?5al@ 00423780     gt_main.obj
 0002:000007ac       ??_C@_06BHCP@peres2?$AA@   004237ac     gt_main.obj
 0002:000007b4       ??_C@_0BK@LHEN@list?5resources?5of?5PE?5EXEs?$AA@ 004237b4     gt_main.obj
 0002:000007d0       ??_C@_05JBFA@peres?$AA@    004237d0     gt_main.obj
 0002:000007d8       ??_C@_0CM@GBON@list?5imported?5DLLs?5and?5functions@ 004237d8     gt_main.obj
 0002:00000804       ??_C@_06KMCC@peimp2?$AA@   00423804     gt_main.obj
 0002:0000080c       ??_C@_0BO@GEIC@list?5imported?5DLLs?5of?5PE?5EXEs?$AA@ 0042380c     gt_main.obj
 0002:0000082c       ??_C@_05JMFJ@peimp?$AA@    0042382c     gt_main.obj
 0002:00000834       ??_C@_0BI@FKIM@list?5exports?5of?5PE?5EXEs?$AA@ 00423834     gt_main.obj
 0002:0000084c       ??_C@_05GCBP@peexp?$AA@    0042384c     gt_main.obj
 0002:00000854       ??_C@_0BP@HPCJ@list?5data?5directory?5of?5PE?5EXEs?$AA@ 00423854     gt_main.obj
 0002:00000874       ??_C@_04OPE@pedd?$AA@      00423874     gt_main.obj
 0002:0000087c       ??_C@_0CF@OBCK@substitution?5for?5?1epd?0?5?1eps?5and?5@ 0042387c     gt_main.obj
 0002:000008a4       ??_C@_05ENNC@peall?$AA@    004238a4     gt_main.obj
 0002:000008ac       ??_C@_0BI@DJNC@show?5caching?5statistics?$AA@ 004238ac     gt_main.obj
 0002:000008c4       ??_C@_0L@OBJN@cachestats?$AA@ 004238c4     gt_main.obj
 0002:000008d0       ??_C@_0CE@DLLG@set?5the?5maximum?5buffersize?5in?5by@ 004238d0     gt_main.obj
 0002:000008f4       ??_C@_08JCBB@bufsizeX?$AA@ 004238f4     gt_main.obj
 0002:00000900       ??_C@_0BJ@OGHD@use?5buffered?5IO?5?$CIslower?$CJ?$AA@ 00423900     gt_main.obj
 0002:0000091c       ??_C@_03EJCG@bio?$AA@      0042391c     gt_main.obj
 0002:00000920       ??_C@_0BG@KBFA@show?5this?5help?5screen?$AA@ 00423920     gt_main.obj
 0002:00000938       ??_C@_04NADB@0?402?$AA@    00423938     gt_main.obj
 0002:00000940       ??_C@_01PKMN@?$DP?$AA@     00423940     gt_main.obj
 0002:00000944       ??_C@_04HKKG@0?403?$AA@    00423944     gt_main.obj
 0002:0000094c       ??_C@_04KIEK@0?420?$AA@    0042394c     gt_main.obj
 0002:00000954       ??_C@_04GMMH@0?416?$AA@    00423954     gt_main.obj
 0002:0000095c       ??_C@_04GMAM@0?413?$AA@    0042395c     gt_main.obj
 0002:00000964       ??_C@_0CB@OFJ@Press?5any?5key?5to?5end?5the?5program@ 00423964     gt_main.obj
 0002:00000988       ??_C@_0HB@CJOF@?6Caching?5statistics?3?6?5?5?$CFld?5total@ 00423988     gt_main.obj
 0002:000009fc       ??_C@_0BN@CKHL@?5of?5which?5?$CFd?5may?5be?5damaged?6?$AA@ 004239fc     gt_main.obj
 0002:00000a1c       ??_C@_0BD@EMCJ@Found?5?$CFd?5archive?$CFs?$AA@ 00423a1c     gt_main.obj
 0002:00000a30       ??_C@_0DN@LCMF@?6Time?5needed?3?5?$CF?42f?5seconds?5?$CI?$CF?43f@ 00423a30     gt_main.obj
 0002:00000a70       ??_C@_01BJG@?6?$AA@        00423a70     gt_main.obj
 0002:00000a74       ??_C@_0BO@MHBO@?5and?5identified?5?$CFd?5?$CI?$DN?5?$CF?43f?$CF?$CF?$CJ?$AA@ 00423a74     gt_main.obj
 0002:00000a98       __real@4059000000000000    00423a98     gt_main.obj
 0002:00000aa0       ??_C@_0BB@NANF@?6Found?5?$CFd?5file?$CFs?$AA@ 00423aa0     gt_main.obj
 0002:00000ab4       ??_C@_0DE@CDEJ@?6?9?9?9?9?9?9?9?9?9?9?9?9?9?9?9?9?9?9?9?9?9?9?9?9?9?9?9?9?9?9?9@ 00423ab4     gt_main.obj
 0002:00000ae8       ??_C@_0DH@NCPP@Cannot?5start?5GTUI2?3?5The?5specifie@ 00423ae8     gt_gtui_starter.obj
 0002:00000b20       ??_C@_0DH@OAPO@Cannot?5start?5GTUI2?3?5The?5specifie@ 00423b20     gt_gtui_starter.obj
 0002:00000b58       ??_C@_0FH@DIJM@Cannot?5start?5GTUI2?3?5The?5?4exe?5fil@ 00423b58     gt_gtui_starter.obj
 0002:00000bb0       ??_C@_0DP@MHMH@Cannot?5start?5GTUI2?3?5The?5system?5i@ 00423bb0     gt_gtui_starter.obj
 0002:00000bf0       ??_C@_09EFGC@gtui2?4exe?$AA@ 00423bf0     gt_gtui_starter.obj
 0002:00000bfc       ??_C@_0CA@KBGL@Failed?5to?5clear?5window?5of?5GTUI?6?$AA@ 00423bfc     gt_gtui_starter.obj
 0002:00000c2c       ___lookuptable             00423c2c     libc:output.obj
 0002:00000c88       ??_C@_1O@POHA@?$AA?$CI?$AAn?$AAu?$AAl?$AAl?$AA?$CJ?$AA?$AA@ 00423c88     libc:output.obj
 0002:00000c98       ??_C@_06ONKE@?$CInull?$CJ?$AA@ 00423c98     libc:output.obj
 0002:00000d18       ??_C@_06MICP@CONIN$?$AA@   00423d18     libc:initcon.obj
 0002:00000d20       __real@8@3fff8000000000000000 00423d20     libc:testfdiv.obj
 0002:00000d28       __real@8@4015800bf60000000000 00423d28     libc:testfdiv.obj
 0002:00000d30       __real@8@4014bffffc0000000000 00423d30     libc:testfdiv.obj
 0002:00000d38       ??_C@_0BK@JEGK@IsProcessorFeaturePresent?$AA@ 00423d38     libc:testfdiv.obj
 0002:00000d54       ??_C@_08OBID@KERNEL32?$AA@ 00423d54     libc:testfdiv.obj
 0002:00000d60       __real@8@00000000000000000000 00423d60     libc:cvt.obj
 0002:00000d68       ??_C@_05OFLO@e?$CL000?$AA@ 00423d68     libc:cvt.obj
 0002:00000d70       ??_C@_0BH@PHHF@__GLOBAL_HEAP_SELECTED?$AA@ 00423d70     libc:heapinit.obj
 0002:00000d88       ??_C@_0BF@BBGL@__MSVCRT_HEAP_SELECT?$AA@ 00423d88     libc:heapinit.obj
 0002:00000da0       ??_C@_0P@GGKG@runtime?5error?5?$AA@ 00423da0     libc:crt0msg.obj
 0002:00000db0       ??_C@_02PIMC@?$AN?6?$AA@   00423db0     libc:crt0msg.obj
 0002:00000db4       ??_C@_0O@DELO@TLOSS?5error?$AN?6?$AA@ 00423db4     libc:crt0msg.obj
 0002:00000dc4       ??_C@_0N@OMLL@SING?5error?$AN?6?$AA@ 00423dc4     libc:crt0msg.obj
 0002:00000dd4       ??_C@_0P@OJAK@DOMAIN?5error?$AN?6?$AA@ 00423dd4     libc:crt0msg.obj
 0002:00000de4       ??_C@_0CF@EANP@R6028?$AN?6?9?5unable?5to?5initialize?5he@ 00423de4     libc:crt0msg.obj
 0002:00000e0c       ??_C@_0DF@ECGN@R6027?$AN?6?9?5not?5enough?5space?5for?5lo@ 00423e0c     libc:crt0msg.obj
 0002:00000e44       ??_C@_0DF@FKAC@R6026?$AN?6?9?5not?5enough?5space?5for?5st@ 00423e44     libc:crt0msg.obj
 0002:00000e7c       ??_C@_0CG@DPMN@R6025?$AN?6?9?5pure?5virtual?5function?5c@ 00423e7c     libc:crt0msg.obj
 0002:00000ea4       ??_C@_0DF@CKIP@R6024?$AN?6?9?5not?5enough?5space?5for?5_o@ 00423ea4     libc:crt0msg.obj
 0002:00000edc       ??_C@_0CJ@GGOE@R6019?$AN?6?9?5unable?5to?5open?5console?5@ 00423edc     libc:crt0msg.obj
 0002:00000f08       ??_C@_0CB@LBOB@R6018?$AN?6?9?5unexpected?5heap?5error?$AN?6@ 00423f08     libc:crt0msg.obj
 0002:00000f2c       ??_C@_0CN@FPEG@R6017?$AN?6?9?5unexpected?5multithread?5@ 00423f2c     libc:crt0msg.obj
 0002:00000f5c       ??_C@_0CM@OBIC@R6016?$AN?6?9?5not?5enough?5space?5for?5th@ 00423f5c     libc:crt0msg.obj
 0002:00000f88       ??_C@_0CB@HPAL@?$AN?6abnormal?5program?5termination?$AN?6@ 00423f88     libc:crt0msg.obj
 0002:00000fac       ??_C@_0CM@JOOB@R6009?$AN?6?9?5not?5enough?5space?5for?5en@ 00423fac     libc:crt0msg.obj
 0002:00000fd8       ??_C@_0CK@OIBL@R6008?$AN?6?9?5not?5enough?5space?5for?5ar@ 00423fd8     libc:crt0msg.obj
 0002:00001004       ??_C@_0CF@LKPB@R6002?$AN?6?9?5floating?5point?5not?5load@ 00424004     libc:crt0msg.obj
 0002:0000102c       ??_C@_0CF@JPDF@Microsoft?5Visual?5C?$CL?$CL?5Runtime?5Lib@ 0042402c     libc:crt0msg.obj
 0002:00001054       ??_C@_0BK@DEOK@Runtime?5Error?$CB?6?6Program?3?5?$AA@ 00424054     libc:crt0msg.obj
 0002:00001070       ??_C@_03NAME@?4?4?4?$AA@   00424070     libc:crt0msg.obj
 0002:00001074       ??_C@_0BH@NNCD@?$DMprogram?5name?5unknown?$DO?$AA@ 00424074     libc:crt0msg.obj
 0002:0000108c       ??_C@_0BD@NJFP@GetLastActivePopup?$AA@ 0042408c     libc:crtmbox.obj
 0002:000010a0       ??_C@_0BA@GILI@GetActiveWindow?$AA@ 004240a0     libc:crtmbox.obj
 0002:000010b0       ??_C@_0M@PKCK@MessageBoxA?$AA@ 004240b0     libc:crtmbox.obj
 0002:000010bc       ??_C@_0L@HKL@user32?4dll?$AA@ 004240bc     libc:crtmbox.obj
 0002:000010c8       ??_C@_01A@?$AA?$AA@        004240c8     libc:a_str.obj
 0002:000010cc       ??_C@_13A@?$AA?$AA?$AA?$AA@ 004240cc     libc:a_str.obj
 0002:000010f8       ??_C@_06PAPI@1?$CDQNAN?$AA@ 004240f8     libc:x10fout.obj
 0002:00001100       ??_C@_05BGNL@1?$CDINF?$AA@ 00424100     libc:x10fout.obj
 0002:00001108       ??_C@_05EDPF@1?$CDIND?$AA@ 00424108     libc:x10fout.obj
 0002:00001110       ??_C@_06LKFM@1?$CDSNAN?$AA@ 00424110     libc:x10fout.obj
 0002:00001118       __real@3f50624dd2f1a9fc    00424118     plib:ptimer.obj
 0002:00001120       ??_7PString@@6B@           00424120     plib:pstring.obj
 0002:0000112c       ??_7PExtendedHeap@@6B@     0042412c     plib:pstring.obj
 0002:00001138       ??_C@_03MAMC@?$CFlf?$AA@   00424138     plib:pstring.obj
 0002:0000113c       ??_C@_03MCHI@?$CFlx?$AA@   0042413c     plib:pstring.obj
 0002:00001140       ??_C@_0N@MJEF@?$CFs?5?$CI?$CFld?$CJ?3?6?$CFs?$AA@ 00424140     plib:perror.obj
 0002:00001150       ??_C@_0BI@GIAN@A?5Windows?5error?5occured?$AA@ 00424150     plib:perror.obj
 0002:00001168       ??_7PFileSearch@@6B@       00424168     plib:pfilesearch.obj
 0002:0000116c       ??_7?$GT_Sequence@PAVOUTMember@@@@6B@ 0042416c     lib_gt:gt_output.obj
 0002:00001170       ??_7OUTString@@6B@         00424170     lib_gt:gt_output.obj
 0002:00001178       ??_7OUTMember@@6B@         00424178     lib_gt:gt_output.obj
 0002:00001180       ??_C@_0DB@FJFB@Failed?5to?5send?5data?5to?5specified@ 00424180     lib_gt:gt_output.obj
 0002:000011b4       ??_7OUTDefColor@@6B@       004241b4     lib_gt:gt_output.obj
 0002:000011bc       ??_7OUTColor@@6B@          004241bc     lib_gt:gt_output.obj
 0002:000011c4       ??_C@_09OLBL@this?5file?$AA@ 004241c4     lib_gt:gt_output.obj
 0002:000011d0       ??_C@_0O@HFKC@gt_output?4cxx?$AA@ 004241d0     lib_gt:gt_output.obj
 0002:000011e0       ??_C@_05KKAP@zriff?$AA@    004241e0     lib_gt:gt_commandlineflags.obj
 0002:000011e8       ??_C@_05CCMI@zhwnd?$AA@    004241e8     lib_gt:gt_commandlineflags.obj
 0002:000011f0       ??_C@_03DKKM@ftp?$AA@      004241f0     lib_gt:gt_commandlineflags.obj
 0002:000011f4       ??_C@_03DIBG@ftn?$AA@      004241f4     lib_gt:gt_commandlineflags.obj
 0002:000011f8       ??_C@_03JDBH@fte?$AA@      004241f8     lib_gt:gt_commandlineflags.obj
 0002:000011fc       ??_C@_07BJIB@bufsize?$AA@  004241fc     lib_gt:gt_commandlineflags.obj
 0002:00001204       ??_C@_02IGOP@?5?1?$AA@     00424204     lib_gt:gt_commandlineflags.obj
 0002:00001208       ??_C@_02MMAH@rt?$AA@       00424208     lib_gt:gt_configfile.obj
 0002:0000120c       ??_C@_0L@FBPO@gt2000?4cfg?$AA@ 0042420c     lib_gt:gt_configfile.obj
 0002:00001218       ??_C@_0EB@KFFC@Software?2Microsoft?2Windows?2Curre@ 00424218     lib_gt:gt_configfile.obj
 0002:0000125c       ??_C@_07EELO@AppData?$AA@  0042425c     lib_gt:gt_configfile.obj
 0002:00001264       ??_7GT_ConfigFile@@6B@     00424264     lib_gt:gt_configfile.obj
 0002:00001268       ??_C@_0DJ@NCPD@Config?5file?5?$CIline?5?$CFd?$CJ?3?5Invalid?5c@ 00424268     lib_gt:gt_configfile.obj
 0002:000012a4       ??_C@_0CF@CMKE@Config?5file?5?$CIline?5?$CFd?$CJ?3?5Syntax?5er@ 004242a4     lib_gt:gt_configfile.obj
 0002:000012cc       ??_C@_0CM@GELC@Config?5file?5?$CIline?5?$CFd?$CJ?3?5Unknown?5s@ 004242cc     lib_gt:gt_configfile.obj
 0002:000012f8       ??_7GT_FileBuffer@@6B@     004242f8     lib_gt:gt_filebuffer.obj
 0002:000012fc       ??_C@_0BI@BHFI@Error?5opening?5?8?$CFs?8?3?5?$CFs?6?$AA@ 004242fc     lib_gt:gt_filebuffer.obj
 0002:00001314       ??_C@_0CO@PLNL@Failed?5to?5set?5the?5buffer?5of?5the?5@ 00424314     lib_gt:gt_filebuffer.obj
 0002:00001344       ??_C@_02JKAF@rb?$AA@       00424344     lib_gt:gt_filebuffer.obj
 0002:00001348       ??_C@_0BD@GOEG@?5?$FLoffline?5content?$FN?$AA@ 00424348     lib_gt:gt_filebuffer.obj
 0002:0000135c       ??_C@_0O@JNID@?5?$FLcompressed?$FN?$AA@ 0042435c     lib_gt:gt_filebuffer.obj
 0002:0000136c       ??_C@_0DJ@HOOH@?6Error?3?5Failed?5to?5retrieve?5attri@ 0042436c     lib_gt:gt_filebuffer.obj
 0002:000013a8       ??_C@_0DB@ODPA@?9?5next?5level?5at?5?$CFld?1?$CF08Xh?5for?5?$CFl@ 004243a8     lib_gt:gt_filebuffer.obj
 0002:000013dc       ??_C@_0BB@IIEM@?9?5?$CFs?5?$CI?$CFld?5bytes?$CJ?$AA@ 004243dc     lib_gt:gt_filebuffer.obj
 0002:000013f0       ??_C@_0BC@ODN@gt_filebuffer?4cxx?$AA@ 004243f0     lib_gt:gt_filebuffer.obj
 0002:00001404       ??_7GT_FileException@@6B@  00424404     lib_gt:gt_filebuffer.obj
 0002:00001408       ??_7PThrowable@@6B@        00424408     lib_gt:gt_filebuffer.obj
 0002:0000140c       ??_7GT_Exception@@6B@      0042440c     lib_gt:gt_filebuffer.obj
 0002:00001410       ??_7GT_BufferException@@6B@ 00424410     lib_gt:gt_filebuffer.obj
 0002:00001414       ??_C@_0BL@OOLK@GetConsoleScreenBufferInfo?$AA@ 00424414     lib_gt:gt_winconsole.obj
 0002:00001430       ??_C@_0BG@MBLK@stderr?5is?5redirected?6?$AA@ 00424430     lib_gt:gt_winconsole.obj
 0002:00001448       ??_C@_0BF@DINF@stdin?5is?5redirected?6?$AA@ 00424448     lib_gt:gt_winconsole.obj
 0002:00001460       ??_C@_0BG@ENJJ@stdout?5is?5redirected?6?$AA@ 00424460     lib_gt:gt_winconsole.obj
 0002:00001478       ??_7GT_WindowsConsole@@6B@ 00424478     lib_gt:gt_winconsole.obj
 0002:0000147c       ??_C@_0BL@DAEE@SetConsoleTextAttribute?5II?$AA@ 0042447c     lib_gt:gt_winconsole.obj
 0002:00001498       ??_C@_0BK@KLAE@SetConsoleTextAttribute?5I?$AA@ 00424498     lib_gt:gt_winconsole.obj
 0002:000014b8       ??_C@_0LF@PLM@?$CB?$CB?$CB?$CB?$CB?$CB?$CB?$CB?$CB?$CB?$CB?$CB?$CB?$CB?$CB?$CB?$CB?$CB?$CB?$CB?$CB?$CB?$CB?$CB?$CB?$CB?$CB?$CB?$CB?$CB?$CB?$CB@ 004244b8     lib_gt:gt_error.obj
 0002:00001570       ??_C@_0DF@DAIN@GetBuffer?5could?5not?5read?5the?5des@ 00424570     lib_gt:gt_exceptions.obj
 0002:000015a8       ??_C@_0CL@DOBH@GetBuffer?5was?5called?5with?5an?5inv@ 004245a8     lib_gt:gt_exceptions.obj
 0002:000015d4       ??_C@_0BP@BMMA@GetPascalString?5reads?5over?5EOF?$AA@ 004245d4     lib_gt:gt_exceptions.obj
 0002:000015f4       ??_C@_0BP@GBAP@GetCString?5buffer?5is?5too?5small?$AA@ 004245f4     lib_gt:gt_exceptions.obj
 0002:00001614       ??_C@_0CB@HDCA@SetActFilePos?5out?5of?5file?5bounds@ 00424614     lib_gt:gt_exceptions.obj
 0002:00001638       ??_C@_0CB@JOJE@DecActFilePos?5out?5of?5file?5bounds@ 00424638     lib_gt:gt_exceptions.obj
 0002:0000165c       ??_C@_0CB@MALH@IncActFilePos?5out?5of?5file?5bounds@ 0042465c     lib_gt:gt_exceptions.obj
 0002:00001680       ??_C@_04JPK@?$CB?$DO?6?6?$AA@ 00424680     lib_gt:gt_exceptions.obj
 0002:00001688       ??_C@_02NDAK@?5?$CI?$AA@   00424688     lib_gt:gt_exceptions.obj
 0002:0000168c       ??_C@_06BDOK@?5line?5?$AA@ 0042468c     lib_gt:gt_exceptions.obj
 0002:00001694       ??_C@_04EACC@?5in?5?$AA@   00424694     lib_gt:gt_exceptions.obj
 0002:0000169c       ??_C@_05BIF@?6?5?5?$DM?$CB?$AA@ 0042469c     lib_gt:gt_exceptions.obj
 0002:000016a4       ??_C@_0BD@DBDD@GT_BufferException?$AA@ 004246a4     lib_gt:gt_exceptions.obj
 0002:000016b8       ??_C@_0BB@OOAF@GT_FileException?$AA@ 004246b8     lib_gt:gt_exceptions.obj
 0002:000016cc       ??_C@_04BAIL@?4EXE?$AA@    004246cc     lib_exe:gt_exeanalyzer.obj
 0002:000016d4       ??_C@_04KDLI@?4COM?$AA@    004246d4     lib_exe:gt_exeanalyzer.obj
 0002:000016dc       ??_C@_0CL@BEBG@?5?5Header?5is?5now?5too?5large?4?5Skipp@ 004246dc     lib_exe:gt_exeanalyzer.obj
 0002:00001708       ??_C@_0DD@PGCG@?5?5?5?5Calculated?5new?5size?5of?5heade@ 00424708     lib_exe:gt_exeanalyzer.obj
 0002:0000173c       ??_C@_0BN@LJIJ@?5?5Size?5of?5header?5is?5too?5?$CFs?4?6?$AA@ 0042473c     lib_exe:gt_exeanalyzer.obj
 0002:0000175c       ??_C@_05PMKF@large?$AA@    0042475c     lib_exe:gt_exeanalyzer.obj
 0002:00001764       ??_C@_05IHCN@small?$AA@    00424764     lib_exe:gt_exeanalyzer.obj
 0002:0000176c       ??_C@_0CF@JHHA@?5?5Found?5COM2EXE?5converter?5from?5?$CC@ 0042476c     lib_exe:gt_exeanalyzer.obj
 0002:00001794       ??_C@_0DD@OPMH@?5?5Found?5packer?5?8?$CFs?8?$DL?5version?5in?5@ 00424794     lib_exe:gt_exeanalyzer.obj
 0002:000017c8       ??_C@_0BF@LKMC@?5?$FLextra?5compression?$FN?$AA@ 004247c8     lib_exe:gt_exeanalyzer.obj
 0002:000017e0       ??_C@_0BH@BOAD@?5?5Found?5packer?5?8?$CFs?$CFs?8?6?$AA@ 004247e0     lib_exe:gt_exeanalyzer.obj
 0002:000017f8       ??_C@_03NMFM@?$DP?$DP?$DP?$AA@ 004247f8     lib_exe:gt_exeanalyzer.obj
 0002:000017fc       ??_C@_0N@FBPJ@3?400?13?401?5PR?$AA@ 004247fc     lib_exe:gt_exeanalyzer.obj
 0002:0000180c       ??_C@_0BF@KHII@?5?5Found?5packer?5?8?$CFs?8?6?$AA@ 0042480c     lib_exe:gt_exeanalyzer.obj
 0002:00001824       ??_C@_08HPLM@3?405?a?5PR?$AA@ 00424824     lib_exe:gt_exeanalyzer.obj
 0002:00001830       ??_C@_07JLAG@3?404?5PR?$AA@ 00424830     lib_exe:gt_exeanalyzer.obj
 0002:00001838       ??_C@_07GBLI@3?403?5PR?$AA@ 00424838     lib_exe:gt_exeanalyzer.obj
 0002:00001840       ??_C@_07EEOK@3?402?5PR?$AA@ 00424840     lib_exe:gt_exeanalyzer.obj
[...]
 0003:000038b0       __osver                    0042f8b0     libc:crt0dat.obj
 0003:000038b4       __winver                   0042f8b4     libc:crt0dat.obj
 0003:000038b8       __winmajor                 0042f8b8     libc:crt0dat.obj
 0003:000038bc       __winminor                 0042f8bc     libc:crt0dat.obj
 0003:000038c0       ___argc                    0042f8c0     libc:crt0dat.obj
 0003:000038c4       ___argv                    0042f8c4     libc:crt0dat.obj
 0003:000038c8       ___wargv                   0042f8c8     libc:crt0dat.obj
 0003:000038cc       __environ                  0042f8cc     libc:crt0dat.obj
 0003:000038d0       ___initenv                 0042f8d0     libc:crt0dat.obj
 0003:000038d4       __wenviron                 0042f8d4     libc:crt0dat.obj
 0003:000038d8       ___winitenv                0042f8d8     libc:crt0dat.obj
 0003:000038dc       __pgmptr                   0042f8dc     libc:crt0dat.obj
 0003:000038e0       __wpgmptr                  0042f8e0     libc:crt0dat.obj
 0003:000038e4       __exitflag                 0042f8e4     libc:crt0dat.obj
 0003:000038e8       __C_Termination_Done       0042f8e8     libc:crt0dat.obj
 0003:000038ec       __C_Exit_Done              0042f8ec     libc:crt0dat.obj
 0003:000038f0       ?_pCurrentException@@3PAUEHExceptionRecord@@A 0042f8f0     libc:frame.obj
 0003:000038f4       ?_pCurrentExContext@@3PAU_CONTEXT@@A 0042f8f4     libc:frame.obj
 0003:000038f8       ?__pSETranslator@@3P6AXIPAU_EXCEPTION_POINTERS@@@ZA 0042f8f8     libc:hooks.obj
 0003:000038fc       ?__pTerminate@@3P6AXXZA    0042f8fc     libc:hooks.obj
 0003:00003910       __pxcptinfoptrs            0042f910     libc:winxfltr.obj
 0003:00003a1c       __adbgmsg                  0042fa1c     libc:crt0msg.obj
 0003:00003a20       ?_pnhHeap@@3P6AHI@ZA       0042fa20     libc:handler.obj
 0003:00003a24       __newmode                  0042fa24     libc:_newmode.obj
 0003:00003a70       ___lc_handle               0042fa70     libc:nlsdata2.obj
 0003:00003a88       ___lc_codepage             0042fa88     libc:nlsdata2.obj
 0003:00003a8c       ___lc_collate_cp           0042fa8c     libc:nlsdata2.obj
 0003:00007398       ?gbNotReadLocalConfigFile@@3W4P_BOOL@@A 00433398     lib_gt:gt_commandlineflags.obj
 0003:0000739c       ?gbPE_Imports@@3W4P_BOOL@@A 0043339c     lib_gt:gt_commandlineflags.obj
 0003:000073a0       ?gbHelp@@3W4P_BOOL@@A      004333a0     lib_gt:gt_commandlineflags.obj
 0003:000073a4       ?gbCacheStats@@3W4P_BOOL@@A 004333a4     lib_gt:gt_commandlineflags.obj
 0003:000073a8       ?gbNoFooter@@3W4P_BOOL@@A  004333a8     lib_gt:gt_commandlineflags.obj
 0003:000073ac       ?gbNoArchives@@3W4P_BOOL@@A 004333ac     lib_gt:gt_commandlineflags.obj
 0003:000073b0       ?gnCodeToleranceEXE@@3KA   004333b0     lib_gt:gt_commandlineflags.obj
 0003:000073b4       ?gnCodeTolerancePE@@3KA    004333b4     lib_gt:gt_commandlineflags.obj
 0003:000073b8       ?gbPE_SectionTable@@3W4P_BOOL@@A 004333b8     lib_gt:gt_commandlineflags.obj
 0003:000073bc       ?gnCodeToleranceNE@@3KA    004333bc     lib_gt:gt_commandlineflags.obj
 0003:000073c0       ?gbNotListUnknown@@3W4P_BOOL@@A 004333c0     lib_gt:gt_commandlineflags.obj
 0003:000073c4       ?gbPE_All@@3W4P_BOOL@@A    004333c4     lib_gt:gt_commandlineflags.obj
 0003:000073c8       ?gbListMode@@3W4P_BOOL@@A  004333c8     lib_gt:gt_commandlineflags.obj
 0003:000073cc       ?gnNumberOfRIFFEntries@@3KA 004333cc     lib_gt:gt_commandlineflags.obj
 0003:000073d0       ?gbPE_Exports@@3W4P_BOOL@@A 004333d0     lib_gt:gt_commandlineflags.obj
 0003:000073d4       ?gbNotListIdentified@@3W4P_BOOL@@A 004333d4     lib_gt:gt_commandlineflags.obj
 0003:000073d8       ?gbPE_RessourceStrings@@3W4P_BOOL@@A 004333d8     lib_gt:gt_commandlineflags.obj
 0003:000073dc       ?gbGTUI2@@3W4P_BOOL@@A     004333dc     lib_gt:gt_commandlineflags.obj
 0003:000073e0       ?gbNotReadGlobalConfigFile@@3W4P_BOOL@@A 004333e0     lib_gt:gt_commandlineflags.obj
 0003:000073e4       ?gbPE_ImportFunctions@@3W4P_BOOL@@A 004333e4     lib_gt:gt_commandlineflags.obj
 0003:000073e8       ?gbNoLogo@@3W4P_BOOL@@A    004333e8     lib_gt:gt_commandlineflags.obj
 0003:000073ec       ?gbWaitAfterLastFile@@3W4P_BOOL@@A 004333ec     lib_gt:gt_commandlineflags.obj
 0003:000073f0       ?gbBufferedIO@@3W4P_BOOL@@A 004333f0     lib_gt:gt_commandlineflags.obj
 0003:000073f4       ?gbXWPG@@3W4P_BOOL@@A      004333f4     lib_gt:gt_commandlineflags.obj
 0003:000073f8       ?gbPE_DataDirectory@@3W4P_BOOL@@A 004333f8     lib_gt:gt_commandlineflags.obj
 0003:000073fc       ?gbPE_Version@@3W4P_BOOL@@A 004333fc     lib_gt:gt_commandlineflags.obj
 0003:00007400       ?gbPE_Ressources@@3W4P_BOOL@@A 00433400     lib_gt:gt_commandlineflags.obj
 0003:00007404       ?gbScanSubfolder@@3W4P_BOOL@@A 00433404     lib_gt:gt_commandlineflags.obj
 0003:00007408       ?gnHWND@@3KA               00433408     lib_gt:gt_commandlineflags.obj
 0003:0000740c       ?gnMaxBufferSize@@3KA      0043340c     lib_gt:gt_commandlineflags.obj
 0003:00007410       ?gbNoColor@@3W4P_BOOL@@A   00433410     lib_gt:gt_commandlineflags.obj
 0003:00008420       ?nFileBuffer_CacheHits@@3JA 00434420     lib_gt:gt_filebuffer.obj
 0003:00008424       ?nFileBuffer_PartialCacheHits@@3JA 00434424     lib_gt:gt_filebuffer.obj
 0003:00008428       ?nFileBuffer_CacheMisses@@3JA 00434428     lib_gt:gt_filebuffer.obj
 0003:00008450       ?sTemp@@3PADA              00434450     lib_archive:gt_archiver.obj
 0003:0000879c       ?nTotalArchives@GT_ArchiveAnalyzer@@2JA 0043479c     lib_archive:gt_archiver.obj
 0003:000087a0       ?nDamagedArchives@GT_ArchiveAnalyzer@@2JA 004347a0     lib_archive:gt_archiver.obj
 0003:000087d8       __fmode                    004347d8     libc:txtmode.obj
 0003:0000889c       __commode                  0043489c     libc:ncommode.obj
 0003:000088ac       ___mbcodepage              004348ac     <common>
 0003:000088b0       ___mbulinfo                004348b0     <common>
 0003:000088bc       ___ismbcodepage            004348bc     <common>
 0003:000088c0       __mbcasemap                004348c0     <common>
 0003:000089c0       __mbctype                  004349c0     <common>
 0003:00008ac4       ___mblcid                  00434ac4     <common>
 0003:00008ac8       ___sbh_sizeHeaderList      00434ac8     <common>
 0003:00008acc       ___sbh_indGroupDefer       00434acc     <common>
 0003:00008ad0       ___sbh_pHeaderScan         00434ad0     <common>
 0003:00008ad4       ___sbh_pHeaderDefer        00434ad4     <common>
 0003:00008ad8       ___sbh_cntHeaderList       00434ad8     <common>
 0003:00008adc       ___sbh_pHeaderList         00434adc     <common>
 0003:00008ae0       ___sbh_threshold           00434ae0     <common>
 0003:00008ae4       __crtheap                  00434ae4     <common>
 0003:00008ae8       ___active_heap             00434ae8     <common>
 0003:00008aec       ___env_initialized         00434aec     <common>
 0003:00008af0       ___mbctype_initialized     00434af0     <common>
 0003:00008af4       ___onexitend               00434af4     <common>
 0003:00008af8       ___onexitbegin             00434af8     <common>
 0003:00008b00       ___pioinfo                 00434b00     <common>
 0003:00008c00       __nhandle                  00434c00     <common>
 0003:00008c04       __acmdln                   00434c04     <common>
 0003:00008c08       ___piob                    00434c08     <common>
 0003:00008c20       __bufin                    00434c20     <common>
 0003:00009c20       __nstream                  00435c20     <common>

 entry point at        0001:000017e7

 Static symbols

 0001:00000f90       _GT_EnumWindowsProc@8      00401f90 f   gt_gtui_starter.obj
 0001:00000000       _$E5                       00401000 f   gt_main.obj
 0001:00000010       _$E8                       00401010 f   gt_main.obj
 0001:00000330       ?HandlerRoutine@@YGHK@Z    00401330 f   gt_main.obj
 0001:00000380       ?GlobalListFile@@YIXPBDJ@Z 00401380 f   gt_main.obj
 0001:000006b0       ?GlobalScanDirectory@@YIXPBD0@Z 004016b0 f   gt_main.obj
 0001:00000900       ?GlobalShowSyntax@@YIXPBD@Z 00401900 f   gt_main.obj
 0001:00000cb0       ?GlobalCleanUp@@YIXH@Z     00401cb0 f   gt_main.obj
 0001:0001f83e       _findenv                   0042083e f   libc:setenv.obj
 0001:0001f896       _copy_environ              00420896 f   libc:setenv.obj
 0001:0001f68c       _strncnt                   0042068c f   libc:a_cmp.obj
 0001:0001f12f       _cvtdate                   0042012f f   libc:tzset.obj
 0001:0001d5eb       _xtoa                      0041e5eb f   libc:xtoa.obj
 0001:0001f68c       _strncnt                   0042068c f   libc:a_cmp.obj
 0001:00007641       _siglookup                 00408641 f   libc:winsig.obj
 0001:00006ccc       _strtoxl                   00407ccc f   libc:strtol.obj
 0001:000069f0       LeadUp1                    004079f0 f   libc:memcpy.obj
 0001:00006a1c       LeadUp2                    00407a1c f   libc:memcpy.obj
 0001:00006a40       LeadUp3                    00407a40 f   libc:memcpy.obj
 0001:00006abf       UnwindUp0                  00407abf f   libc:memcpy.obj
 0001:00006aac       UnwindUp1                  00407aac f   libc:memcpy.obj
 0001:00006aa4       UnwindUp2                  00407aa4 f   libc:memcpy.obj
 0001:00006a9c       UnwindUp3                  00407a9c f   libc:memcpy.obj
 0001:00006a94       UnwindUp4                  00407a94 f   libc:memcpy.obj
 0001:00006a8c       UnwindUp5                  00407a8c f   libc:memcpy.obj
 0001:00006a84       UnwindUp6                  00407a84 f   libc:memcpy.obj
 0001:00006a7c       UnwindUp7                  00407a7c f   libc:memcpy.obj
 0001:00006ad8       TrailUp0                   00407ad8 f   libc:memcpy.obj
 0001:00006ae0       TrailUp1                   00407ae0 f   libc:memcpy.obj
 0001:00006aec       TrailUp2                   00407aec f   libc:memcpy.obj
 0001:00006b00       TrailUp3                   00407b00 f   libc:memcpy.obj
 0001:00006b78       LeadDown1                  00407b78 f   libc:memcpy.obj
 0001:00006b98       LeadDown2                  00407b98 f   libc:memcpy.obj
 0001:00006bc0       LeadDown3                  00407bc0 f   libc:memcpy.obj
 0001:00006c14       UnwindDown7                00407c14 f   libc:memcpy.obj
 0001:00006c1c       UnwindDown6                00407c1c f   libc:memcpy.obj
 0001:00006c24       UnwindDown5                00407c24 f   libc:memcpy.obj
 0001:00006c2c       UnwindDown4                00407c2c f   libc:memcpy.obj
 0001:00006c34       UnwindDown3                00407c34 f   libc:memcpy.obj
 0001:00006c3c       UnwindDown2                00407c3c f   libc:memcpy.obj
 0001:00006c44       UnwindDown1                00407c44 f   libc:memcpy.obj
 0001:00006c57       UnwindDown0                00407c57 f   libc:memcpy.obj
 0001:00006c70       TrailDown0                 00407c70 f   libc:memcpy.obj
 0001:00006c78       TrailDown1                 00407c78 f   libc:memcpy.obj
 0001:00006c88       TrailDown2                 00407c88 f   libc:memcpy.obj
 0001:00006c9c       TrailDown3                 00407c9c f   libc:memcpy.obj
 0001:00006733       _getSystemCP               00407733 f   libc:mbctype.obj
 0001:0000677d       _CPtoLCID                  0040777d f   libc:mbctype.obj
 0001:000067b0       _setSBCS                   004077b0 f   libc:mbctype.obj
 0001:000067d9       _setSBUpLow                004077d9 f   libc:mbctype.obj
 0001:00005cc7       __abstract_cw              00406cc7 f   libc:ieee87.obj
 0001:00005d59       __hw_cw                    00406d59 f   libc:ieee87.obj
 0001:000059a0       LeadUp1                    004069a0 f   libc:memmove.obj
 0001:000059cc       LeadUp2                    004069cc f   libc:memmove.obj
 0001:000059f0       LeadUp3                    004069f0 f   libc:memmove.obj
 0001:00005a6f       UnwindUp0                  00406a6f f   libc:memmove.obj
 0001:00005a5c       UnwindUp1                  00406a5c f   libc:memmove.obj
 0001:00005a54       UnwindUp2                  00406a54 f   libc:memmove.obj
 0001:00005a4c       UnwindUp3                  00406a4c f   libc:memmove.obj
 0001:00005a44       UnwindUp4                  00406a44 f   libc:memmove.obj
 0001:00005a3c       UnwindUp5                  00406a3c f   libc:memmove.obj
 0001:00005a34       UnwindUp6                  00406a34 f   libc:memmove.obj
 0001:00005a2c       UnwindUp7                  00406a2c f   libc:memmove.obj
 0001:00005a88       TrailUp0                   00406a88 f   libc:memmove.obj
 0001:00005a90       TrailUp1                   00406a90 f   libc:memmove.obj
 0001:00005a9c       TrailUp2                   00406a9c f   libc:memmove.obj
 0001:00005ab0       TrailUp3                   00406ab0 f   libc:memmove.obj
 0001:00005b28       LeadDown1                  00406b28 f   libc:memmove.obj
 0001:00005b48       LeadDown2                  00406b48 f   libc:memmove.obj
 0001:00005b70       LeadDown3                  00406b70 f   libc:memmove.obj
 0001:00005bc4       UnwindDown7                00406bc4 f   libc:memmove.obj
 0001:00005bcc       UnwindDown6                00406bcc f   libc:memmove.obj
 0001:00005bd4       UnwindDown5                00406bd4 f   libc:memmove.obj
 0001:00005bdc       UnwindDown4                00406bdc f   libc:memmove.obj
 0001:00005be4       UnwindDown3                00406be4 f   libc:memmove.obj
 0001:00005bec       UnwindDown2                00406bec f   libc:memmove.obj
 0001:00005bf4       UnwindDown1                00406bf4 f   libc:memmove.obj
 0001:00005c07       UnwindDown0                00406c07 f   libc:memmove.obj
 0001:00005c20       TrailDown0                 00406c20 f   libc:memmove.obj
 0001:00005c28       TrailDown1                 00406c28 f   libc:memmove.obj
 0001:00005c38       TrailDown2                 00406c38 f   libc:memmove.obj
 0001:00005c4c       TrailDown3                 00406c4c f   libc:memmove.obj
 0001:00003809       _parse_cmdline             00404809 f   libc:stdargv.obj
 0001:00003674       _xcptlookup                00404674 f   libc:winxfltr.obj
 0001:00003473       __cftoe_g                  00404473 f   libc:cvt.obj
 0001:0000349a       __cftof_g                  0040449a f   libc:cvt.obj
 0001:0000350e       __shift                    0040450e f   libc:cvt.obj
 0001:00002741       ?FindHandler@@YAXPAUEHExceptionRecord@@PAUEHRegistrationNode@@PAU_CONTEXT@@PAXPBU_s_FuncInfo@@EH1@Z 00403741 f   libc:frame.obj
 0001:000028e8       ?FindHandlerForForeignException@@YAXPAUEHExceptionRecord@@PAUEHRegistrationNode@@PAU_CONTEXT@@PAXPBU_s_FuncInfo@@HH1@Z 004038e8 f   libc:frame.obj
 0001:00002990       ?TypeMatch@@YAHPBU_s_HandlerType@@PBU_s_CatchableType@@PBU_s_ThrowInfo@@@Z 00403990 f   libc:frame.obj
 0001:00002a8b       ?FrameUnwindFilter@@YAHPAU_EXCEPTION_POINTERS@@@Z 00403a8b f   libc:frame.obj
 0001:00002aa1       ?CatchIt@@YAXPAUEHExceptionRecord@@PAUEHRegistrationNode@@PAU_CONTEXT@@PAXPBU_s_FuncInfo@@PBU_s_HandlerType@@PBU_s_CatchableType@@PBU_s_TryBlockMapEntry@@H1E@Z 00403aa1 f   libc:frame.obj
 0001:00002b1c       ?CallCatchBlock@@YAPAXPAUEHExceptionRecord@@PAUEHRegistrationNode@@PAU_CONTEXT@@PBU_s_FuncInfo@@PAXHK@Z 00403b1c f   libc:frame.obj
 0001:00002c28       ?ExFilterRethrow@@YAHPAU_EXCEPTION_POINTERS@@@Z 00403c28 f   libc:frame.obj
 0001:00002c52       ?BuildCatchObject@@YAXPAUEHExceptionRecord@@PAUEHRegistrationNode@@PBU_s_HandlerType@@PBU_s_CatchableType@@@Z 00403c52 f   libc:frame.obj
 0001:00002e7d       ?AdjustPointer@@YAPAXPAXABUPMD@@@Z 00403e7d f   libc:frame.obj
 0001:00002639       _flsall                    00403639 f   libc:fflush.obj
 0001:000024e6       _doexit                    004034e6 f   libc:crt0dat.obj
 0001:0000257f       __initterm                 0040357f f   libc:crt0dat.obj
 0001:0000211a       _write_char                0040311a f   libc:output.obj
 0001:0000214f       _write_multi_char          0040314f f   libc:output.obj
 0001:00002180       _write_string              00403180 f   libc:output.obj
 0001:000021b8       _get_int_arg               004031b8 f   libc:output.obj
 0001:000021c5       _get_int64_arg             004031c5 f   libc:output.obj
 0001:000021d5       _get_short_arg             004031d5 f   libc:output.obj
 0001:000018eb       _fast_error_exit           004028eb f   libc:crt0.obj
 0001:000016d7       __getextendedkeycode       004026d7 f   libc:getch.obj
 0001:000014f4       _gu_return                 004024f4 f   libc:exsup.obj
 0001:000014fc       __unwind_handler           004024fc f   libc:exsup.obj
 0001:00001312       ?CatchGuardHandler@@YA?AW4_EXCEPTION_DISPOSITION@@PAUEHExceptionRecord@@PAUCatchGuardRN@@PAX2@Z 00402312 f   libc:trnsctrl.obj
 0001:000013eb       ?TranslatorGuardHandler@@YA?AW4_EXCEPTION_DISPOSITION@@PAUEHExceptionRecord@@PAUTranslatorGuardRN@@PAX2@Z 004023eb f   libc:trnsctrl.obj
 0001:000091b0       _$E5                       0040a1b0 f   lib_gt:gt_output.obj
 0001:000091d0       _$E3                       0040a1d0 f   lib_gt:gt_output.obj
 0001:000091e0       _$E10                      0040a1e0 f   lib_gt:gt_output.obj
 0001:00009200       _$E8                       0040a200 f   lib_gt:gt_output.obj
 0001:00009230       _$E15                      0040a230 f   lib_gt:gt_output.obj
 0001:00009260       _$E13                      0040a260 f   lib_gt:gt_output.obj
 0001:0000c3a0       ?_PKLite@@YIXPAU_EXEEntry@@PAEPAVGT_FileBuffer@@@Z 0040d3a0 f   lib_exe:gt_exeanalyzer.obj
 0001:0000c500       ?_WWPack300PR@@YIXPAU_EXEEntry@@PAEPAVGT_FileBuffer@@@Z 0040d500 f   lib_exe:gt_exeanalyzer.obj
 0001:0000c530       ?_WWPack30xPR@@YIXPAU_EXEEntry@@PAEPAVGT_FileBuffer@@@Z 0040d530 f   lib_exe:gt_exeanalyzer.obj
 0001:0000c610       ?_WWPack30xP@@YIXPAU_EXEEntry@@PAEPAVGT_FileBuffer@@@Z 0040d610 f   lib_exe:gt_exeanalyzer.obj
 0001:0001b9e0       ?_GetTextString@@YI?AVPString@@W4P_BOOL@@@Z 0041c9e0 f   lib_generic:gt_generic.obj
 0001:0001ba90       ?GetInfo_BMF@@YI?AVPString@@PAVGT_FileBuffer@@@Z 0041ca90 f   lib_generic:gt_generic.obj
 0001:0001bb90       ?GetInfo_ELF@@YI?AVPString@@PAVGT_FileBuffer@@@Z 0041cb90 f   lib_generic:gt_generic.obj
 0001:0001bbe0       ?GetInfo_GIF@@YI?AVPString@@PAVGT_FileBuffer@@@Z 0041cbe0 f   lib_generic:gt_generic.obj
 0001:0001be30       ?GetInfo_GRP@@YI?AVPString@@PAVGT_FileBuffer@@@Z 0041ce30 f   lib_generic:gt_generic.obj
 0001:0001bfa0       ?GetInfo_HeadText@@YI?AVPString@@PAVGT_FileBuffer@@@Z 0041cfa0 f   lib_generic:gt_generic.obj
 0001:0001c0e0       ?GetInfo_HLP@@YI?AVPString@@H@Z 0041d0e0 f   lib_generic:gt_generic.obj
 0001:0001c190       ?GetInfo_ImpulseTracker@@YI?AVPString@@PAVGT_FileBuffer@@@Z 0041d190 f   lib_generic:gt_generic.obj
 0001:0001c300       ?GetInfo_MAC@@YI?AVPString@@PAVGT_FileBuffer@@@Z 0041d300 f   lib_generic:gt_generic.obj
 0001:0001c3a0       ?GetInfo_MPEG@@YI?AVPString@@PAVGT_FileBuffer@@@Z 0041d3a0 f   lib_generic:gt_generic.obj
 0001:0001c490       ?GetInfo_PCX@@YI?AVPString@@PAVGT_FileBuffer@@@Z 0041d490 f   lib_generic:gt_generic.obj
 0001:0001c5c0       ?GetInfo_PGP@@YI?AVPString@@PAVGT_FileBuffer@@@Z 0041d5c0 f   lib_generic:gt_generic.obj
 0001:0001c6a0       ?GetInfo_PIF@@YI?AVPString@@PAVGT_FileBuffer@@@Z 0041d6a0 f   lib_generic:gt_generic.obj
 0001:0001c770       ?GetInfo_PMWLite@@YI?AVPString@@HH@Z 0041d770 f   lib_generic:gt_generic.obj
 0001:0001c820       ?GetInfo_PNG@@YI?AVPString@@PAVGT_FileBuffer@@@Z 0041d820 f   lib_generic:gt_generic.obj
 0001:0001c990       ?GetInfo_PSD@@YI?AVPString@@PAVGT_FileBuffer@@@Z 0041d990 f   lib_generic:gt_generic.obj
 0001:0001ca90       ?GetInfo_WMF@@YI?AVPString@@PAVGT_FileBuffer@@@Z 0041da90 f   lib_generic:gt_generic.obj
 0001:0001cbd0       ?GetInfo_WPC@@YI?AVPString@@PAVGT_FileBuffer@@@Z 0041dbd0 f   lib_generic:gt_generic.obj
 0001:0001d1c0       ?GetInfo_ImageICO@@YI?AVPString@@PAVGT_FileBuffer@@@Z 0041e1c0 f   lib_generic:gt_generic.obj

 135 bytes saved through ICF

